===== RUN START Mon Oct  6 01:33:04 CST 2025 =====
Using env: trl-training
===== TRAINING =====

Device: mps

============================================================
Applying LoRA to Reward Model
============================================================
LoRA config:
  - Rank (r): 8
  - Alpha: 16
  - Dropout: 0.1
  - Target modules: ['c_attn', 'c_proj']

Parameter counts:
  - LoRA adapters:  45,056
  - Embeddings:     521,472
  - V-head:         257
  - Total trainable: 566,785 / 4,243,969 (13.36%)
  - Reduction vs full FT: 86.64%
============================================================

Training data:
  - Samples: 24
  - Reward range: [-0.35, 0.32]
  - Reward mean±std: 0.03 ± 0.18

Optimizer:
  - LoRA LR:       0.0001
  - Embedding LR:  0.0001
  - V-head LR:     0.001

============================================================
Training
============================================================
{'epoch': 0, 'loss': 0.1612328141927719, 'mae': 0.33452317118644714, 'correlation': -0.018186086788773537}
{'epoch': 1, 'loss': 0.15380415320396423, 'mae': 0.30720800161361694, 'correlation': -0.2754986882209778}
{'epoch': 2, 'loss': 0.10102628916501999, 'mae': 0.27288615703582764, 'correlation': 0.042653974145650864}
{'epoch': 3, 'loss': 0.13023744523525238, 'mae': 0.297698974609375, 'correlation': 0.07830292731523514}
{'epoch': 4, 'loss': 0.16736145317554474, 'mae': 0.32514867186546326, 'correlation': -0.07531087845563889}
{'epoch': 5, 'loss': 0.08909758180379868, 'mae': 0.22360394895076752, 'correlation': 0.38950449228286743}
{'epoch': 6, 'loss': 0.12956972420215607, 'mae': 0.297712117433548, 'correlation': 0.14403769373893738}
{'epoch': 7, 'loss': 0.10722970962524414, 'mae': 0.28794482350349426, 'correlation': 0.003288253676146269}
{'epoch': 8, 'loss': 0.10198887437582016, 'mae': 0.2548271715641022, 'correlation': 0.15071994066238403}
{'epoch': 9, 'loss': 0.18000537157058716, 'mae': 0.3535015881061554, 'correlation': 0.048153601586818695}
{'epoch': 10, 'loss': 0.15156398713588715, 'mae': 0.30292215943336487, 'correlation': -0.08757844567298889}
{'epoch': 11, 'loss': 0.1119300052523613, 'mae': 0.2920040190219879, 'correlation': 0.075159452855587}
{'epoch': 12, 'loss': 0.10467007756233215, 'mae': 0.270609587430954, 'correlation': -0.19835802912712097}
{'epoch': 13, 'loss': 0.10503628104925156, 'mae': 0.26024165749549866, 'correlation': -0.14421753585338593}
{'epoch': 14, 'loss': 0.07106879353523254, 'mae': 0.22583001852035522, 'correlation': 0.006302651017904282}
{'epoch': 15, 'loss': 0.1677107810974121, 'mae': 0.3276330232620239, 'correlation': 0.050161201506853104}
{'epoch': 16, 'loss': 0.08331193774938583, 'mae': 0.22116653621196747, 'correlation': 0.1623092144727707}
{'epoch': 17, 'loss': 0.12969999015331268, 'mae': 0.30897021293640137, 'correlation': -0.19171828031539917}
{'epoch': 18, 'loss': 0.09969592839479446, 'mae': 0.28315839171409607, 'correlation': -0.02864046022295952}
{'epoch': 19, 'loss': 0.10733740776777267, 'mae': 0.2787620425224304, 'correlation': 0.018185269087553024}
{'epoch': 20, 'loss': 0.08228302747011185, 'mae': 0.23157958686351776, 'correlation': 0.04817858338356018}
{'epoch': 21, 'loss': 0.15890540182590485, 'mae': 0.35497453808784485, 'correlation': 0.0780220553278923}
{'epoch': 22, 'loss': 0.09729471057653427, 'mae': 0.25578346848487854, 'correlation': -0.04426312446594238}
{'epoch': 23, 'loss': 0.14054210484027863, 'mae': 0.3311249017715454, 'correlation': 0.22755426168441772}
{'epoch': 24, 'loss': 0.0941118597984314, 'mae': 0.2434057742357254, 'correlation': 0.14892005920410156}
{'epoch': 25, 'loss': 0.11263986676931381, 'mae': 0.2773395776748657, 'correlation': -0.10547883063554764}
{'epoch': 26, 'loss': 0.14842885732650757, 'mae': 0.31641313433647156, 'correlation': -0.17295703291893005}
{'epoch': 27, 'loss': 0.05998825654387474, 'mae': 0.19647400081157684, 'correlation': 0.2611545920372009}
{'epoch': 28, 'loss': 0.11834795027971268, 'mae': 0.27812695503234863, 'correlation': -0.04614885523915291}
{'epoch': 29, 'loss': 0.08780085295438766, 'mae': 0.2487436980009079, 'correlation': 0.13522911071777344}
{'epoch': 30, 'loss': 0.10951488465070724, 'mae': 0.2645975649356842, 'correlation': -0.18027660250663757}
{'epoch': 31, 'loss': 0.08999695628881454, 'mae': 0.25405120849609375, 'correlation': 0.06123031675815582}
{'epoch': 32, 'loss': 0.08612343668937683, 'mae': 0.2501152753829956, 'correlation': -0.09292589128017426}
{'epoch': 33, 'loss': 0.1212049350142479, 'mae': 0.2928236722946167, 'correlation': -0.1128552183508873}
{'epoch': 34, 'loss': 0.10297360271215439, 'mae': 0.25050148367881775, 'correlation': -0.282787948846817}
{'epoch': 35, 'loss': 0.07979848235845566, 'mae': 0.22162075340747833, 'correlation': -0.14210186898708344}
{'epoch': 36, 'loss': 0.08219892531633377, 'mae': 0.25801679491996765, 'correlation': 0.013645404018461704}
{'epoch': 37, 'loss': 0.07805995643138885, 'mae': 0.2174016237258911, 'correlation': 0.23619334399700165}
{'epoch': 38, 'loss': 0.08612813800573349, 'mae': 0.23885256052017212, 'correlation': 0.1542995423078537}
{'epoch': 39, 'loss': 0.09302522987127304, 'mae': 0.23517732322216034, 'correlation': -0.138366237282753}
{'epoch': 40, 'loss': 0.1087900772690773, 'mae': 0.2583360970020294, 'correlation': -0.14983661472797394}
{'epoch': 41, 'loss': 0.08134723454713821, 'mae': 0.23378372192382812, 'correlation': 0.3782316744327545}
{'epoch': 42, 'loss': 0.08577246218919754, 'mae': 0.2511400878429413, 'correlation': 0.09884476661682129}
{'epoch': 43, 'loss': 0.06511431187391281, 'mae': 0.2082667350769043, 'correlation': 0.30798354744911194}
{'epoch': 44, 'loss': 0.10672863572835922, 'mae': 0.26257067918777466, 'correlation': 0.056590113788843155}
{'epoch': 45, 'loss': 0.08418945223093033, 'mae': 0.23161454498767853, 'correlation': 0.08714549243450165}
{'epoch': 46, 'loss': 0.06821445375680923, 'mae': 0.20762266218662262, 'correlation': 0.2091805338859558}
{'epoch': 47, 'loss': 0.026839224621653557, 'mae': 0.13183261454105377, 'correlation': 0.6593136787414551}
{'epoch': 48, 'loss': 0.07626385986804962, 'mae': 0.22407209873199463, 'correlation': 0.1772153079509735}
{'epoch': 49, 'loss': 0.05527079105377197, 'mae': 0.18338662385940552, 'correlation': 0.2569688558578491}
{'epoch': 50, 'loss': 0.10489442944526672, 'mae': 0.2886396050453186, 'correlation': -0.20039092004299164}
{'epoch': 51, 'loss': 0.10538394004106522, 'mae': 0.24322490394115448, 'correlation': -0.05746239423751831}
{'epoch': 52, 'loss': 0.04831010475754738, 'mae': 0.16658177971839905, 'correlation': 0.3881477117538452}
{'epoch': 53, 'loss': 0.06091390177607536, 'mae': 0.20276778936386108, 'correlation': 0.07959360629320145}
{'epoch': 54, 'loss': 0.08703865855932236, 'mae': 0.25703489780426025, 'correlation': -0.03294229879975319}
{'epoch': 55, 'loss': 0.08935379981994629, 'mae': 0.2635558545589447, 'correlation': -0.16358278691768646}
{'epoch': 56, 'loss': 0.09524872153997421, 'mae': 0.24627470970153809, 'correlation': -0.1375705748796463}
{'epoch': 57, 'loss': 0.08109092712402344, 'mae': 0.2124876230955124, 'correlation': 0.09576644748449326}
{'epoch': 58, 'loss': 0.028232097625732422, 'mae': 0.1338745653629303, 'correlation': 0.558295488357544}
{'epoch': 59, 'loss': 0.07729139178991318, 'mae': 0.21976284682750702, 'correlation': -0.1371062994003296}
{'epoch': 60, 'loss': 0.10760173201560974, 'mae': 0.2620583474636078, 'correlation': -0.019768737256526947}
{'epoch': 61, 'loss': 0.07040106505155563, 'mae': 0.21911311149597168, 'correlation': -0.10754184424877167}
{'epoch': 62, 'loss': 0.1287955790758133, 'mae': 0.31578952074050903, 'correlation': -0.4786330759525299}
{'epoch': 63, 'loss': 0.0727139338850975, 'mae': 0.22479234635829926, 'correlation': -0.020675627514719963}
{'epoch': 64, 'loss': 0.06914477050304413, 'mae': 0.2135339230298996, 'correlation': 0.2503311336040497}
{'epoch': 65, 'loss': 0.07374943792819977, 'mae': 0.22874464094638824, 'correlation': 0.05664407089352608}
{'epoch': 66, 'loss': 0.04558861255645752, 'mae': 0.1600109189748764, 'correlation': 0.3128772974014282}
{'epoch': 67, 'loss': 0.0861237645149231, 'mae': 0.2350933998823166, 'correlation': -0.18559318780899048}
{'epoch': 68, 'loss': 0.10188809782266617, 'mae': 0.2637687623500824, 'correlation': -0.2511730492115021}
{'epoch': 69, 'loss': 0.07864603400230408, 'mae': 0.24200254678726196, 'correlation': -0.17713820934295654}
{'epoch': 70, 'loss': 0.10769730806350708, 'mae': 0.26090702414512634, 'correlation': -0.04387613758444786}
{'epoch': 71, 'loss': 0.06197896599769592, 'mae': 0.19956719875335693, 'correlation': 0.13765671849250793}
{'epoch': 72, 'loss': 0.08636707067489624, 'mae': 0.2285623997449875, 'correlation': -0.264226496219635}
{'epoch': 73, 'loss': 0.07960586994886398, 'mae': 0.23127613961696625, 'correlation': -0.15392731130123138}
{'epoch': 74, 'loss': 0.07538225501775742, 'mae': 0.21983583271503448, 'correlation': 0.08091219514608383}
{'epoch': 75, 'loss': 0.07531021535396576, 'mae': 0.22652669250965118, 'correlation': 0.21953563392162323}
{'epoch': 76, 'loss': 0.0863453820347786, 'mae': 0.22030919790267944, 'correlation': -0.2632262706756592}
{'epoch': 77, 'loss': 0.08748238533735275, 'mae': 0.24003849923610687, 'correlation': -0.11216031014919281}
{'epoch': 78, 'loss': 0.0755050778388977, 'mae': 0.21752457320690155, 'correlation': -0.06801924854516983}
{'epoch': 79, 'loss': 0.08020257204771042, 'mae': 0.2384684830904007, 'correlation': 0.176405131816864}
{'epoch': 80, 'loss': 0.07178664952516556, 'mae': 0.2112780660390854, 'correlation': -0.17576651275157928}
{'epoch': 81, 'loss': 0.05231883004307747, 'mae': 0.16763877868652344, 'correlation': 0.11732083559036255}
{'epoch': 82, 'loss': 0.062459547072649, 'mae': 0.1936342716217041, 'correlation': -0.2176220417022705}
{'epoch': 83, 'loss': 0.06830551475286484, 'mae': 0.21444712579250336, 'correlation': 0.07517313957214355}
{'epoch': 84, 'loss': 0.05995652452111244, 'mae': 0.180409774184227, 'correlation': 0.25376835465431213}
{'epoch': 85, 'loss': 0.04080886021256447, 'mae': 0.1572786122560501, 'correlation': 0.5031507015228271}
{'epoch': 86, 'loss': 0.035228218883275986, 'mae': 0.15182168781757355, 'correlation': 0.3827822208404541}
{'epoch': 87, 'loss': 0.03925856575369835, 'mae': 0.14341366291046143, 'correlation': 0.4157711863517761}
{'epoch': 88, 'loss': 0.04963674768805504, 'mae': 0.17390108108520508, 'correlation': 0.13610991835594177}
{'epoch': 89, 'loss': 0.05770079419016838, 'mae': 0.2000655084848404, 'correlation': 0.01414191722869873}
{'epoch': 90, 'loss': 0.07345762103796005, 'mae': 0.21117235720157623, 'correlation': -0.01144287921488285}
{'epoch': 91, 'loss': 0.09661125391721725, 'mae': 0.26528212428092957, 'correlation': 0.2983852028846741}
{'epoch': 92, 'loss': 0.07188102602958679, 'mae': 0.21268916130065918, 'correlation': -0.0798066183924675}
{'epoch': 93, 'loss': 0.05429227277636528, 'mae': 0.18238306045532227, 'correlation': 0.19250769913196564}
{'epoch': 94, 'loss': 0.06836879998445511, 'mae': 0.21848039329051971, 'correlation': -0.06328407675027847}
{'epoch': 95, 'loss': 0.06220119819045067, 'mae': 0.2081892341375351, 'correlation': -0.08441942930221558}
{'epoch': 96, 'loss': 0.07280489057302475, 'mae': 0.20528006553649902, 'correlation': 0.10321801155805588}
{'epoch': 97, 'loss': 0.07333589345216751, 'mae': 0.21532531082630157, 'correlation': -0.025378964841365814}
{'epoch': 98, 'loss': 0.08089175820350647, 'mae': 0.25631090998649597, 'correlation': -0.12038016319274902}
{'epoch': 99, 'loss': 0.08153340220451355, 'mae': 0.2352917194366455, 'correlation': -0.31721076369285583}
{'epoch': 100, 'loss': 0.07644122838973999, 'mae': 0.21535907685756683, 'correlation': -0.37923145294189453}
{'epoch': 101, 'loss': 0.0632195845246315, 'mae': 0.21798110008239746, 'correlation': 0.09978915005922318}
{'epoch': 102, 'loss': 0.06424451619386673, 'mae': 0.20865054428577423, 'correlation': 0.265583872795105}
{'epoch': 103, 'loss': 0.0719280019402504, 'mae': 0.23103471100330353, 'correlation': 0.04154042527079582}
{'epoch': 104, 'loss': 0.05452379211783409, 'mae': 0.1995001882314682, 'correlation': -0.06861913949251175}
{'epoch': 105, 'loss': 0.035658497363328934, 'mae': 0.15924465656280518, 'correlation': 0.3459744453430176}
{'epoch': 106, 'loss': 0.06320194154977798, 'mae': 0.2222932130098343, 'correlation': -0.03579511120915413}
{'epoch': 107, 'loss': 0.0992264375090599, 'mae': 0.26363086700439453, 'correlation': -0.14560838043689728}
{'epoch': 108, 'loss': 0.05204586312174797, 'mae': 0.19291551411151886, 'correlation': 0.13491606712341309}
{'epoch': 109, 'loss': 0.09104267507791519, 'mae': 0.24062557518482208, 'correlation': -0.19254474341869354}
{'epoch': 110, 'loss': 0.045592471957206726, 'mae': 0.17017780244350433, 'correlation': 0.1751464158296585}
{'epoch': 111, 'loss': 0.08359424024820328, 'mae': 0.23677249252796173, 'correlation': -0.276019811630249}
{'epoch': 112, 'loss': 0.08258187025785446, 'mae': 0.2223759889602661, 'correlation': -0.36674758791923523}
{'epoch': 113, 'loss': 0.059684235602617264, 'mae': 0.2004445642232895, 'correlation': 0.1213025152683258}
{'epoch': 114, 'loss': 0.04970553517341614, 'mae': 0.16731423139572144, 'correlation': 0.24108931422233582}
{'epoch': 115, 'loss': 0.05510852858424187, 'mae': 0.17844098806381226, 'correlation': 0.0672415941953659}
{'epoch': 116, 'loss': 0.07578641176223755, 'mae': 0.22840924561023712, 'correlation': 0.047540776431560516}
{'epoch': 117, 'loss': 0.087257020175457, 'mae': 0.22967195510864258, 'correlation': -0.26573804020881653}
{'epoch': 118, 'loss': 0.06827185302972794, 'mae': 0.20840267837047577, 'correlation': -0.07204868644475937}
{'epoch': 119, 'loss': 0.05018937587738037, 'mae': 0.1811133474111557, 'correlation': 0.11045875400304794}
{'epoch': 120, 'loss': 0.06303402781486511, 'mae': 0.19278593361377716, 'correlation': -0.20260189473628998}
{'epoch': 121, 'loss': 0.05150844529271126, 'mae': 0.16607527434825897, 'correlation': 0.014492206275463104}
{'epoch': 122, 'loss': 0.06362650543451309, 'mae': 0.20938676595687866, 'correlation': -0.017056385055184364}
{'epoch': 123, 'loss': 0.05504998937249184, 'mae': 0.18300455808639526, 'correlation': 0.25503337383270264}
{'epoch': 124, 'loss': 0.07722142338752747, 'mae': 0.2163240909576416, 'correlation': -0.27572622895240784}
{'epoch': 125, 'loss': 0.055199891328811646, 'mae': 0.1904991865158081, 'correlation': -0.06500211358070374}
{'epoch': 126, 'loss': 0.045621175318956375, 'mae': 0.17707203328609467, 'correlation': 0.13583391904830933}
{'epoch': 127, 'loss': 0.0721442699432373, 'mae': 0.22631597518920898, 'correlation': -0.032601434737443924}
{'epoch': 128, 'loss': 0.0689040794968605, 'mae': 0.2109536975622177, 'correlation': 0.1358080953359604}
{'epoch': 129, 'loss': 0.04732353612780571, 'mae': 0.19834989309310913, 'correlation': 0.2919749915599823}
{'epoch': 130, 'loss': 0.05878360569477081, 'mae': 0.20743589103221893, 'correlation': 0.11204563826322556}
{'epoch': 131, 'loss': 0.051754605025053024, 'mae': 0.18273234367370605, 'correlation': 0.10117991268634796}
{'epoch': 132, 'loss': 0.0811854749917984, 'mae': 0.2243971824645996, 'correlation': -0.1432952731847763}
{'epoch': 133, 'loss': 0.06930628418922424, 'mae': 0.20648737251758575, 'correlation': -0.029401201754808426}
{'epoch': 134, 'loss': 0.04433858394622803, 'mae': 0.16920776665210724, 'correlation': 0.4398079514503479}
{'epoch': 135, 'loss': 0.038365334272384644, 'mae': 0.16011615097522736, 'correlation': 0.33499687910079956}
{'epoch': 136, 'loss': 0.0694507583975792, 'mae': 0.1937696933746338, 'correlation': -0.2965810000896454}
{'epoch': 137, 'loss': 0.04510178044438362, 'mae': 0.17010605335235596, 'correlation': 0.1705210655927658}
{'epoch': 138, 'loss': 0.04825690761208534, 'mae': 0.1744225174188614, 'correlation': 0.11454790830612183}
{'epoch': 139, 'loss': 0.059314172714948654, 'mae': 0.17683112621307373, 'correlation': 0.19859158992767334}
{'epoch': 140, 'loss': 0.06130853295326233, 'mae': 0.20923393964767456, 'correlation': 0.035309623926877975}
{'epoch': 141, 'loss': 0.0616542212665081, 'mae': 0.20980775356292725, 'correlation': -0.24939702451229095}
{'epoch': 142, 'loss': 0.05018270015716553, 'mae': 0.18462155759334564, 'correlation': -0.07755270600318909}
{'epoch': 143, 'loss': 0.057767804712057114, 'mae': 0.19568659365177155, 'correlation': -0.17143894731998444}
{'epoch': 144, 'loss': 0.05316007137298584, 'mae': 0.18649058043956757, 'correlation': 0.22818467020988464}
{'epoch': 145, 'loss': 0.05351526662707329, 'mae': 0.1911536604166031, 'correlation': -0.07690711319446564}
{'epoch': 146, 'loss': 0.06328236311674118, 'mae': 0.19211065769195557, 'correlation': -0.23312529921531677}
{'epoch': 147, 'loss': 0.04887211322784424, 'mae': 0.17401576042175293, 'correlation': -0.025498101487755775}
{'epoch': 148, 'loss': 0.043807122856378555, 'mae': 0.17257682979106903, 'correlation': 0.15009647607803345}
{'epoch': 149, 'loss': 0.04444393143057823, 'mae': 0.15728555619716644, 'correlation': 0.010185251012444496}
{'epoch': 150, 'loss': 0.04841751977801323, 'mae': 0.17353098094463348, 'correlation': 0.08244646340608597}
{'epoch': 151, 'loss': 0.04218388721346855, 'mae': 0.16002905368804932, 'correlation': 0.10779864341020584}
{'epoch': 152, 'loss': 0.0711045190691948, 'mae': 0.20701897144317627, 'correlation': -0.3997068703174591}
{'epoch': 153, 'loss': 0.07579344511032104, 'mae': 0.23750905692577362, 'correlation': -0.3668957054615021}
{'epoch': 154, 'loss': 0.0522359274327755, 'mae': 0.19606269896030426, 'correlation': -0.05642547085881233}
{'epoch': 155, 'loss': 0.07213358581066132, 'mae': 0.2256348878145218, 'correlation': -0.5057371854782104}
{'epoch': 156, 'loss': 0.05594242736697197, 'mae': 0.17142193019390106, 'correlation': -0.04925116151571274}
{'epoch': 157, 'loss': 0.03500697389245033, 'mae': 0.14502142369747162, 'correlation': 0.21136796474456787}
{'epoch': 158, 'loss': 0.0472370982170105, 'mae': 0.1788698434829712, 'correlation': 0.08352282643318176}
{'epoch': 159, 'loss': 0.048609282821416855, 'mae': 0.18766486644744873, 'correlation': -0.20369812846183777}
{'epoch': 160, 'loss': 0.0488789863884449, 'mae': 0.18770353496074677, 'correlation': -0.035242944955825806}
{'epoch': 161, 'loss': 0.03973957523703575, 'mae': 0.17370779812335968, 'correlation': 0.167271226644516}
{'epoch': 162, 'loss': 0.062098849564790726, 'mae': 0.19599801301956177, 'correlation': -0.20327335596084595}
{'epoch': 163, 'loss': 0.05217911675572395, 'mae': 0.17135293781757355, 'correlation': 0.008151205256581306}
{'epoch': 164, 'loss': 0.06418248265981674, 'mae': 0.2107042819261551, 'correlation': -0.37666255235671997}
{'epoch': 165, 'loss': 0.035174205899238586, 'mae': 0.16002003848552704, 'correlation': 0.21889904141426086}
{'epoch': 166, 'loss': 0.04260905459523201, 'mae': 0.16904263198375702, 'correlation': 0.0403246209025383}
{'epoch': 167, 'loss': 0.04128062352538109, 'mae': 0.16424088180065155, 'correlation': 0.02280568704009056}
{'epoch': 168, 'loss': 0.04455454647541046, 'mae': 0.16456003487110138, 'correlation': -0.12057805061340332}
{'epoch': 169, 'loss': 0.041337642818689346, 'mae': 0.16986669600009918, 'correlation': 0.12997958064079285}
{'epoch': 170, 'loss': 0.03861643373966217, 'mae': 0.16513411700725555, 'correlation': 0.11962085217237473}
{'epoch': 171, 'loss': 0.06826021522283554, 'mae': 0.2220718413591385, 'correlation': -0.46065062284469604}
{'epoch': 172, 'loss': 0.036736562848091125, 'mae': 0.15445499122142792, 'correlation': 0.24134260416030884}
{'epoch': 173, 'loss': 0.036147940903902054, 'mae': 0.1566813886165619, 'correlation': 0.23430655896663666}
{'epoch': 174, 'loss': 0.035852786153554916, 'mae': 0.14702099561691284, 'correlation': 0.1842382252216339}
{'epoch': 175, 'loss': 0.04150622710585594, 'mae': 0.17307806015014648, 'correlation': 0.09699230641126633}
{'epoch': 176, 'loss': 0.04206058382987976, 'mae': 0.17214767634868622, 'correlation': 0.156107559800148}
{'epoch': 177, 'loss': 0.055574316531419754, 'mae': 0.17783159017562866, 'correlation': -0.3992180824279785}
{'epoch': 178, 'loss': 0.04389872029423714, 'mae': 0.1853746920824051, 'correlation': 0.08480296283960342}
{'epoch': 179, 'loss': 0.04046804830431938, 'mae': 0.14770984649658203, 'correlation': 0.05359193682670593}
{'epoch': 180, 'loss': 0.039266910403966904, 'mae': 0.15698643028736115, 'correlation': 0.16086144745349884}
{'epoch': 181, 'loss': 0.035291265696287155, 'mae': 0.14610786736011505, 'correlation': 0.32984188199043274}
{'epoch': 182, 'loss': 0.042835742235183716, 'mae': 0.17102128267288208, 'correlation': -0.01901298202574253}
{'epoch': 183, 'loss': 0.05343252420425415, 'mae': 0.17451655864715576, 'correlation': -0.2885958254337311}
{'epoch': 184, 'loss': 0.04514395073056221, 'mae': 0.1776590496301651, 'correlation': -0.031247850507497787}
{'epoch': 185, 'loss': 0.0578589141368866, 'mae': 0.1990034580230713, 'correlation': -0.17734593152999878}
{'epoch': 186, 'loss': 0.051767539232969284, 'mae': 0.18737708032131195, 'correlation': -0.0970335453748703}
{'epoch': 187, 'loss': 0.04231281206011772, 'mae': 0.17030350863933563, 'correlation': 0.06945861130952835}
{'epoch': 188, 'loss': 0.03307163342833519, 'mae': 0.13940827548503876, 'correlation': 0.3384533226490021}
{'epoch': 189, 'loss': 0.047248151153326035, 'mae': 0.17760539054870605, 'correlation': -0.09109973907470703}
{'epoch': 190, 'loss': 0.03771326690912247, 'mae': 0.16555851697921753, 'correlation': 0.06226286292076111}
{'epoch': 191, 'loss': 0.03820192813873291, 'mae': 0.14413399994373322, 'correlation': 0.14275674521923065}
{'epoch': 192, 'loss': 0.030512988567352295, 'mae': 0.14451000094413757, 'correlation': 0.3374006748199463}
{'epoch': 193, 'loss': 0.050345588475465775, 'mae': 0.1921958178281784, 'correlation': -0.30749252438545227}
{'epoch': 194, 'loss': 0.0370604582130909, 'mae': 0.165200337767601, 'correlation': 0.14727452397346497}
{'epoch': 195, 'loss': 0.046471595764160156, 'mae': 0.16991841793060303, 'correlation': -0.20746470987796783}
{'epoch': 196, 'loss': 0.04226791858673096, 'mae': 0.16463309526443481, 'correlation': 0.04239591211080551}
{'epoch': 197, 'loss': 0.04262605682015419, 'mae': 0.15125125646591187, 'correlation': 0.004070267081260681}
{'epoch': 198, 'loss': 0.04182346537709236, 'mae': 0.16128472983837128, 'correlation': 0.05201806128025055}
{'epoch': 199, 'loss': 0.03911520168185234, 'mae': 0.16400331258773804, 'correlation': 0.1292067915201187}

Training completed!
  - Best loss: 0.0268
  - Best correlation: 0.6593

Saved:
  - LoRA adapters: rm_lora_mps_200ep_fix_adapters/
  - Embeddings + V-head: rm_lora_mps_200ep_fix_heads.pt

============================================================
Embedding Quality Analysis
============================================================
Direction token embeddings:
  - Similarity range: [-0.154, 1.000]
  - Mean off-diagonal: -0.002

Interpretation:
  - Random embeddings: ~0.0
  - Learned structure: >0.3 for nearby angles
============================================================

