
Device: mps

============================================================
Applying LoRA to Reward Model
============================================================
LoRA config:
  - Rank (r): 8
  - Alpha: 16
  - Dropout: 0.1
  - Target modules: ['c_attn', 'c_proj']

Parameter counts:
  - LoRA adapters:  45,056
  - Embeddings:     521,472
  - V-head:         257
  - Total trainable: 566,785 / 4,243,969 (13.36%)
  - Reduction vs full FT: 86.64%
============================================================

Training data:
  - Samples: 24
  - Reward range: [-0.43, -0.35]
  - Reward mean±std: -0.39 ± 0.03

Per‑patch IS (diagnostics) — mean over patches per sample: {'min': 0.35258612565088027, 'median': 0.3936149679238395, 'mean': 0.3937684941224864, 'p95': 0.43238719253084895, 'p99': 0.4333290385390271, 'max': 0.4334004663665887}

Numeric diagnostics (first 5 samples):
{'path': 'clip_000.npy', 'F': 346, 'N': 286, 'patch_is_mean': 0.422, 'patch_is_p99': 1.0937}
{'path': 'clip_001.npy', 'F': 346, 'N': 286, 'patch_is_mean': 0.3529, 'patch_is_p99': 0.8695}
{'path': 'clip_002.npy', 'F': 346, 'N': 286, 'patch_is_mean': 0.401, 'patch_is_p99': 1.096}
{'path': 'clip_000.npy', 'F': 346, 'N': 286, 'patch_is_mean': 0.356, 'patch_is_p99': 1.0088}
{'path': 'clip_001.npy', 'F': 346, 'N': 286, 'patch_is_mean': 0.3562, 'patch_is_p99': 0.7836}
Saved numeric diagnostics JSONL: results/rm_lora_K2_is30_100ep_24samples/numeric_diagnostics.jsonl
Optimizer:
  - LoRA LR:       0.0001
  - Embedding LR:  0.0001
  - V-head LR:     0.001

============================================================
Training
============================================================
{'epoch': 0, 'loss': 0.41428935527801514, 'mae': 0.5159792900085449, 'correlation': 0.0042825969867408276}
{'epoch': 1, 'loss': 0.228102907538414, 'mae': 0.37325671315193176, 'correlation': 0.027608562260866165}
{'epoch': 2, 'loss': 0.21709100902080536, 'mae': 0.3768013119697571, 'correlation': 0.022510690614581108}
{'epoch': 3, 'loss': 0.23810118436813354, 'mae': 0.39832282066345215, 'correlation': 0.005776206497102976}
{'epoch': 4, 'loss': 0.2247602343559265, 'mae': 0.3858310282230377, 'correlation': 0.0024837369564920664}
{'epoch': 5, 'loss': 0.2021089345216751, 'mae': 0.36020705103874207, 'correlation': 0.007834428921341896}
{'epoch': 6, 'loss': 0.19430367648601532, 'mae': 0.3479543626308441, 'correlation': 0.041932594031095505}
{'epoch': 7, 'loss': 0.2038327306509018, 'mae': 0.3531208336353302, 'correlation': 0.038121070712804794}
{'epoch': 8, 'loss': 0.197418674826622, 'mae': 0.34748631715774536, 'correlation': 0.05936398357152939}
{'epoch': 9, 'loss': 0.1898231953382492, 'mae': 0.3425629138946533, 'correlation': 0.042470429092645645}
{'epoch': 10, 'loss': 0.17814499139785767, 'mae': 0.3359566628932953, 'correlation': 0.07265069335699081}
{'epoch': 11, 'loss': 0.1761268973350525, 'mae': 0.3364640772342682, 'correlation': 0.08129174262285233}
{'epoch': 12, 'loss': 0.17194314301013947, 'mae': 0.33233004808425903, 'correlation': 0.08207562565803528}
{'epoch': 13, 'loss': 0.1681232452392578, 'mae': 0.32740503549575806, 'correlation': 0.09363670647144318}
{'epoch': 14, 'loss': 0.16785895824432373, 'mae': 0.3235105872154236, 'correlation': 0.09207375347614288}
{'epoch': 15, 'loss': 0.1619042158126831, 'mae': 0.316828191280365, 'correlation': 0.10478071868419647}
{'epoch': 16, 'loss': 0.15707141160964966, 'mae': 0.3130985200405121, 'correlation': 0.12540845572948456}
{'epoch': 17, 'loss': 0.15193387866020203, 'mae': 0.3093658983707428, 'correlation': 0.1445114016532898}
{'epoch': 18, 'loss': 0.1495179682970047, 'mae': 0.30818331241607666, 'correlation': 0.1554621458053589}
{'epoch': 19, 'loss': 0.14588388800621033, 'mae': 0.30340519547462463, 'correlation': 0.14715203642845154}
{'epoch': 20, 'loss': 0.1393330842256546, 'mae': 0.29483509063720703, 'correlation': 0.17352482676506042}
{'epoch': 21, 'loss': 0.14028747379779816, 'mae': 0.2946232855319977, 'correlation': 0.16678781807422638}
{'epoch': 22, 'loss': 0.13082240521907806, 'mae': 0.28516077995300293, 'correlation': 0.2049814611673355}
{'epoch': 23, 'loss': 0.12463678419589996, 'mae': 0.2800785005092621, 'correlation': 0.23134824633598328}
{'epoch': 24, 'loss': 0.12209518998861313, 'mae': 0.2776307463645935, 'correlation': 0.23827071487903595}
{'epoch': 25, 'loss': 0.12053730338811874, 'mae': 0.2746792435646057, 'correlation': 0.2325064092874527}
{'epoch': 26, 'loss': 0.11651474982500076, 'mae': 0.26753732562065125, 'correlation': 0.2594725787639618}
{'epoch': 27, 'loss': 0.11316659301519394, 'mae': 0.26300048828125, 'correlation': 0.2705781161785126}
{'epoch': 28, 'loss': 0.11087913066148758, 'mae': 0.2656807005405426, 'correlation': 0.2799944281578064}
{'epoch': 29, 'loss': 0.10709410160779953, 'mae': 0.2594769597053528, 'correlation': 0.29449790716171265}
{'epoch': 30, 'loss': 0.10395357757806778, 'mae': 0.2532859444618225, 'correlation': 0.30790790915489197}
{'epoch': 31, 'loss': 0.10147597640752792, 'mae': 0.24933280050754547, 'correlation': 0.32465237379074097}
{'epoch': 32, 'loss': 0.1008630245923996, 'mae': 0.24828173220157623, 'correlation': 0.3270303010940552}
{'epoch': 33, 'loss': 0.09627513587474823, 'mae': 0.24653670191764832, 'correlation': 0.34944483637809753}
{'epoch': 34, 'loss': 0.09690114855766296, 'mae': 0.24690693616867065, 'correlation': 0.3432164192199707}
{'epoch': 35, 'loss': 0.09222856163978577, 'mae': 0.23759539425373077, 'correlation': 0.36766746640205383}
{'epoch': 36, 'loss': 0.09176824986934662, 'mae': 0.23556102812290192, 'correlation': 0.3722580671310425}
{'epoch': 37, 'loss': 0.08784931153059006, 'mae': 0.2317732721567154, 'correlation': 0.38952919840812683}
{'epoch': 38, 'loss': 0.08718126267194748, 'mae': 0.23514424264431, 'correlation': 0.4055299162864685}
{'epoch': 39, 'loss': 0.0836668461561203, 'mae': 0.2292822152376175, 'correlation': 0.41681987047195435}
{'epoch': 40, 'loss': 0.08261366188526154, 'mae': 0.22402627766132355, 'correlation': 0.4216148853302002}
{'epoch': 41, 'loss': 0.08264222741127014, 'mae': 0.22286257147789001, 'correlation': 0.4207545816898346}
{'epoch': 42, 'loss': 0.07878600805997849, 'mae': 0.21824225783348083, 'correlation': 0.43792545795440674}
{'epoch': 43, 'loss': 0.07816560566425323, 'mae': 0.21926695108413696, 'correlation': 0.4424763321876526}
{'epoch': 44, 'loss': 0.07529845833778381, 'mae': 0.21421471238136292, 'correlation': 0.4646417796611786}
{'epoch': 45, 'loss': 0.0749259740114212, 'mae': 0.21153438091278076, 'correlation': 0.46583911776542664}
{'epoch': 46, 'loss': 0.07147786021232605, 'mae': 0.20941850543022156, 'correlation': 0.4859514832496643}
{'epoch': 47, 'loss': 0.07226749509572983, 'mae': 0.2105512171983719, 'correlation': 0.47678565979003906}
{'epoch': 48, 'loss': 0.07037224620580673, 'mae': 0.20586076378822327, 'correlation': 0.48950162529945374}
{'epoch': 49, 'loss': 0.06867954879999161, 'mae': 0.20456641912460327, 'correlation': 0.508114755153656}
{'epoch': 50, 'loss': 0.06829003244638443, 'mae': 0.20513756573200226, 'correlation': 0.5032713413238525}
{'epoch': 51, 'loss': 0.06639903783798218, 'mae': 0.2018377184867859, 'correlation': 0.5204982161521912}
{'epoch': 52, 'loss': 0.0655134916305542, 'mae': 0.19973866641521454, 'correlation': 0.5248394012451172}
{'epoch': 53, 'loss': 0.06324200332164764, 'mae': 0.19468222558498383, 'correlation': 0.5425757169723511}
{'epoch': 54, 'loss': 0.061880216002464294, 'mae': 0.19465510547161102, 'correlation': 0.5517320036888123}
{'epoch': 55, 'loss': 0.06181837618350983, 'mae': 0.19379889965057373, 'correlation': 0.5499797463417053}
{'epoch': 56, 'loss': 0.06026632338762283, 'mae': 0.19072195887565613, 'correlation': 0.5615816116333008}
{'epoch': 57, 'loss': 0.058366674929857254, 'mae': 0.1878442019224167, 'correlation': 0.577799916267395}
{'epoch': 58, 'loss': 0.05840110033750534, 'mae': 0.18854458630084991, 'correlation': 0.5766171216964722}
{'epoch': 59, 'loss': 0.05708961561322212, 'mae': 0.18628399074077606, 'correlation': 0.5896797180175781}
{'epoch': 60, 'loss': 0.05659564957022667, 'mae': 0.18495573103427887, 'correlation': 0.5936066508293152}
{'epoch': 61, 'loss': 0.05530328303575516, 'mae': 0.18456321954727173, 'correlation': 0.6027075052261353}
{'epoch': 62, 'loss': 0.05385661870241165, 'mae': 0.18007177114486694, 'correlation': 0.6147261261940002}
{'epoch': 63, 'loss': 0.05334829166531563, 'mae': 0.1800198256969452, 'correlation': 0.6192614436149597}
{'epoch': 64, 'loss': 0.053077079355716705, 'mae': 0.1785936802625656, 'correlation': 0.6198825240135193}
{'epoch': 65, 'loss': 0.052424971014261246, 'mae': 0.17830660939216614, 'correlation': 0.6258296370506287}
{'epoch': 66, 'loss': 0.05105876550078392, 'mae': 0.17521439492702484, 'correlation': 0.6375886797904968}
{'epoch': 67, 'loss': 0.04873233288526535, 'mae': 0.1710689514875412, 'correlation': 0.6544838547706604}
{'epoch': 68, 'loss': 0.049117349088191986, 'mae': 0.17307767271995544, 'correlation': 0.6533703207969666}
{'epoch': 69, 'loss': 0.04851476475596428, 'mae': 0.17148597538471222, 'correlation': 0.6574093103408813}
{'epoch': 70, 'loss': 0.04835548624396324, 'mae': 0.16846247017383575, 'correlation': 0.6626543998718262}
{'epoch': 71, 'loss': 0.04770773649215698, 'mae': 0.16964669525623322, 'correlation': 0.6651064157485962}
{'epoch': 72, 'loss': 0.04613200202584267, 'mae': 0.16895416378974915, 'correlation': 0.6797118782997131}
{'epoch': 73, 'loss': 0.04570451006293297, 'mae': 0.16314899921417236, 'correlation': 0.6869403123855591}
{'epoch': 74, 'loss': 0.0453370064496994, 'mae': 0.1627824455499649, 'correlation': 0.6858590245246887}
{'epoch': 75, 'loss': 0.04678565263748169, 'mae': 0.17276927828788757, 'correlation': 0.6904564499855042}
{'epoch': 76, 'loss': 0.04570065438747406, 'mae': 0.17095929384231567, 'correlation': 0.6982306838035583}
{'epoch': 77, 'loss': 0.043309107422828674, 'mae': 0.16173438727855682, 'correlation': 0.6988572478294373}
{'epoch': 78, 'loss': 0.04553348198533058, 'mae': 0.16013023257255554, 'correlation': 0.7016884088516235}
{'epoch': 79, 'loss': 0.043476808816194534, 'mae': 0.15870389342308044, 'correlation': 0.7069557905197144}
{'epoch': 80, 'loss': 0.04173422232270241, 'mae': 0.16110870242118835, 'correlation': 0.7140668630599976}
{'epoch': 81, 'loss': 0.04313608631491661, 'mae': 0.16305503249168396, 'correlation': 0.7008877992630005}
{'epoch': 82, 'loss': 0.04200885444879532, 'mae': 0.15638743340969086, 'correlation': 0.7136071920394897}
{'epoch': 83, 'loss': 0.04055488482117653, 'mae': 0.15530243515968323, 'correlation': 0.7205343246459961}
{'epoch': 84, 'loss': 0.04056936129927635, 'mae': 0.15873649716377258, 'correlation': 0.7212213277816772}
{'epoch': 85, 'loss': 0.0398704968392849, 'mae': 0.1545713096857071, 'correlation': 0.7243875861167908}
{'epoch': 86, 'loss': 0.03958461061120033, 'mae': 0.15180456638336182, 'correlation': 0.7307796478271484}
{'epoch': 87, 'loss': 0.03922951966524124, 'mae': 0.15391236543655396, 'correlation': 0.7299262285232544}
{'epoch': 88, 'loss': 0.03960706293582916, 'mae': 0.15779916942119598, 'correlation': 0.7315090298652649}
{'epoch': 89, 'loss': 0.0383884571492672, 'mae': 0.1514284312725067, 'correlation': 0.7350785136222839}
{'epoch': 90, 'loss': 0.038132380694150925, 'mae': 0.14990070462226868, 'correlation': 0.7394431233406067}
{'epoch': 91, 'loss': 0.03804545849561691, 'mae': 0.1537071168422699, 'correlation': 0.7419198751449585}
{'epoch': 92, 'loss': 0.03766906261444092, 'mae': 0.1505531221628189, 'correlation': 0.7417967915534973}
{'epoch': 93, 'loss': 0.037584658712148666, 'mae': 0.14971619844436646, 'correlation': 0.7422236800193787}
{'epoch': 94, 'loss': 0.03743499889969826, 'mae': 0.15106336772441864, 'correlation': 0.7449451088905334}
{'epoch': 95, 'loss': 0.03639917075634003, 'mae': 0.14708483219146729, 'correlation': 0.753192126750946}
{'epoch': 96, 'loss': 0.03600644692778587, 'mae': 0.1469377726316452, 'correlation': 0.7543278336524963}
{'epoch': 97, 'loss': 0.03639313578605652, 'mae': 0.148721843957901, 'correlation': 0.7511978149414062}
{'epoch': 98, 'loss': 0.035802096128463745, 'mae': 0.1465192586183548, 'correlation': 0.7563244104385376}
{'epoch': 99, 'loss': 0.03629029914736748, 'mae': 0.14502306282520294, 'correlation': 0.7534201145172119}

Training completed!
  - Best loss: 0.0358
  - Best correlation: 0.7563

Saved:
  - LoRA adapters: rm_lora_K2_is30_100ep_24samples_adapters/
  - Embeddings + V-head: rm_lora_K2_is30_100ep_24samples_heads.pt

============================================================
Embedding Quality Analysis
============================================================
Direction token embeddings:
  - Similarity range: [-0.154, 1.000]
  - Mean off-diagonal: -0.002

Interpretation:
  - Random embeddings: ~0.0
  - Learned structure: >0.3 for nearby angles
============================================================
/opt/anaconda3/envs/trl-training/lib/python3.11/site-packages/peft/tuners/lora/layer.py:2174: UserWarning: fan_in_fan_out is set to False but the target module is `Conv1D`. Setting fan_in_fan_out to True.
  warnings.warn(
/opt/anaconda3/envs/trl-training/lib/python3.11/site-packages/peft/utils/save_and_load.py:286: UserWarning: Could not find a config file in  - will assume that the vocabulary was not modified.
  warnings.warn(


