================================================================================
Offline DT Trajectory Builder (g-teacher)
================================================================================
Output directory: results/dt_traj_guardrail_nfft1024
Loading H matrix from: /Users/sbplab/LDV-data-processed/h_matrix_box_ldv_correct.pth
Loading W matrix from: doa_normalized_config_c_corrected/models/usm.pth
Raw matrices:
  H shape: (346, 37)
  W shape: (346, 50)
  Angles: 37 total -> [0.0, 5.0, 10.0, 15.0, 20.0, 25.0, 30.0, 35.0, 40.0, 45.0, 50.0, 55.0, 60.0, 65.0, 70.0, 75.0, 80.0, 85.0, 90.0, 95.0, 100.0, 105.0, 110.0, 115.0, 120.0, 125.0, 130.0, 135.0, 140.0, 145.0, 150.0, 155.0, 160.0, 165.0, 170.0, 175.0, 180.0]

=== Atom reduction (k-center) ===
Selected indices: [4, 5, 18, 24, 30, 35, 40, 48]
Cluster sizes: [10, 5, 10, 13, 2, 2, 3, 5]

=== Build dictionary D = H ⊙ W ===
Dictionary built:
  D shape: (346, 296) (P = 296)
  Mutual coherence μ_max=0.9977, μ_mean=0.3034

=== Loading dataset (DoADataset) ===
Dataset size: 111; angles covered: [0.0, 5.0, 10.0, 15.0, 20.0, 25.0, 30.0, 35.0, 40.0, 45.0, 50.0, 55.0, 60.0, 65.0, 70.0, 75.0, 80.0, 85.0, 90.0, 95.0, 100.0, 105.0, 110.0, 115.0, 120.0, 125.0, 130.0, 135.0, 140.0, 145.0, 150.0, 155.0, 160.0, 165.0, 170.0, 175.0, 180.0]
Dataset fingerprint (MD5): 713c0635878a04b32f4ee30208904d11 (from 111 .npy files)
Traceback (most recent call last):
  File "/Users/sbplab/jiawei/pg-ltr-frame-byol-worktree/worktrees/mdp-decision-transformer/doa_rl/trajectories/offline_dt_dataset.py", line 466, in <module>
    main()
  File "/Users/sbplab/jiawei/pg-ltr-frame-byol-worktree/worktrees/mdp-decision-transformer/doa_rl/trajectories/offline_dt_dataset.py", line 333, in main
    raise RuntimeError(f"Y.F mismatch at sample {path}: Y.F={Y.shape[0]} vs expected {F_expected}")
RuntimeError: Y.F mismatch at sample /Users/sbplab/LDV-data-processed/white_noise_box_data_no_edge_sync_vad_normalized/angle_0/clip_000.npy: Y.F=173 vs expected 346
