
Device: mps

============================================================
Applying LoRA to Reward Model
============================================================
LoRA config:
  - Rank (r): 8
  - Alpha: 16
  - Dropout: 0.1
  - Target modules: ['c_attn', 'c_proj']
W1021 02:33:37.292000 92540 site-packages/torch/distributed/elastic/multiprocessing/redirects.py:29] NOTE: Redirects are currently not supported in Windows or MacOs.
/opt/anaconda3/lib/python3.12/site-packages/peft/tuners/lora/layer.py:1768: UserWarning: fan_in_fan_out is set to False but the target module is `Conv1D`. Setting fan_in_fan_out to True.
  warnings.warn(
Training data:
  - Samples: 8
  - Directions/sample (avg): 17.0
  - Pairs total: 512 (~64.0/sample)
Saved numeric diagnostics JSONL: results/rm_bt_clean_smoke_e1_n8/numeric_diagnostics.jsonl
Optimizer:
  - LoRA LR:       0.0001
  - Embedding LR:  0.0001
  - V-head LR:     0.001

============================================================
Training
============================================================
{'epoch': 0, 'bt_pair_loss': 0.6782220876775682, 'pairs': 512}
{'epoch': 0, 'eval_top1_acc': 0.375, 'eval_recall_at_K': 0.75, 'eval_samples': 8, 'K': 3}
{'epoch': 0, 'progress_report': {'loss_name': 'bt_pair_loss', 'loss': 0.6782220876775682, 'loss_delta': 0.0, 'top1': 0.375, 'top1_delta': 0.0, 'recall_at_K': 0.75, 'recall_delta': 0.0, 'aligned_loss_vs_metrics': None}}
{'epoch': 0, 'eval_manifest': 'results/rm_bt_clean_smoke_e1_n8/eval_subset_manifest.json', 'eval_records': 8}

Training completed!
/opt/anaconda3/lib/python3.12/site-packages/peft/utils/save_and_load.py:236: UserWarning: Could not find a config file in  - will assume that the vocabulary was not modified.
  warnings.warn(

Saved:
  - LoRA adapters: rm_bt_clean_smoke_e1_n8_adapters/
  - Embeddings + V-head: rm_bt_clean_smoke_e1_n8_heads.pt
