================================================================================
Offline DT Trajectory Builder (g-teacher)
================================================================================
Output directory: results/dt_traj_kmeans_v3
Loading H matrix from: /Users/sbplab/LDV-data-processed/h_matrix_box_ldv_correct.pth
Loading W matrix from: doa_normalized_config_c_corrected/models/usm.pth
Raw matrices:
  H shape: (346, 37)
  W shape: (346, 50)
  Angles: 37 total -> [0.0, 5.0, 10.0, 15.0, 20.0, 25.0, 30.0, 35.0, 40.0, 45.0, 50.0, 55.0, 60.0, 65.0, 70.0, 75.0, 80.0, 85.0, 90.0, 95.0, 100.0, 105.0, 110.0, 115.0, 120.0, 125.0, 130.0, 135.0, 140.0, 145.0, 150.0, 155.0, 160.0, 165.0, 170.0, 175.0, 180.0]

=== Atom reduction (K-means) ===
  impl = numpy (k-means++ init, iters=30)
Cluster sizes: [1, 2, 6, 1, 35, 1, 1, 3]

=== Build dictionary D = H ⊙ W ===
Dictionary built:
  D shape: (346, 296) (P = 296)
  Mutual coherence μ_max=0.9941, μ_mean=0.4640

=== Loading dataset (DoADataset) ===
Dataset size: 111; angles covered: [0.0, 5.0, 10.0, 15.0, 20.0, 25.0, 30.0, 35.0, 40.0, 45.0, 50.0, 55.0, 60.0, 65.0, 70.0, 75.0, 80.0, 85.0, 90.0, 95.0, 100.0, 105.0, 110.0, 115.0, 120.0, 125.0, 130.0, 135.0, 140.0, 145.0, 150.0, 155.0, 160.0, 165.0, 170.0, 175.0, 180.0]
Dataset fingerprint (MD5): 713c0635878a04b32f4ee30208904d11 (from 111 .npy files)

=== Loading QK teacher model ===
[QK teacher] load_state_dict: missing=[], unexpected=[]
QK teacher config:
  routing_mode=qk
  score_norm_mode=std
  score_center_expert=True
  score_center_atoms=True
  no_type_bias=True
  expert_agg=l2

=== Teacher t=0 evaluation on dataset (current D) ===
Teacher accuracy (t=0, current D): 0.946
Expert distribution: [3, 3, 3, 3, 0, 6, 3, 3, 3, 3, 3, 3, 3, 3, 3, 3, 3, 3, 3, 0, 6, 3, 3, 3, 3, 3, 3, 3, 3, 3, 3, 3, 3, 3, 3, 3, 3]
Processed 20 samples...
Processed 40 samples...
Processed 60 samples...
Processed 80 samples...
Processed 100 samples...

================================================================================
DONE: trajectories built
Samples written: 111
Artifacts: results/dt_traj_kmeans_v3/trajectories.jsonl, results/dt_traj_kmeans_v3/numeric_diagnostics.jsonl, results/dt_traj_kmeans_v3/manifest.json
Elapsed: 3.02s
================================================================================
