
Device: mps

============================================================
Applying LoRA to Reward Model
============================================================
LoRA config:
  - Rank (r): 8
  - Alpha: 16
  - Dropout: 0.1
  - Target modules: ['c_attn', 'c_proj']
W1021 22:30:20.613000 20309 site-packages/torch/distributed/elastic/multiprocessing/redirects.py:29] NOTE: Redirects are currently not supported in Windows or MacOs.
/opt/anaconda3/lib/python3.12/site-packages/peft/tuners/lora/layer.py:1768: UserWarning: fan_in_fan_out is set to False but the target module is `Conv1D`. Setting fan_in_fan_out to True.
  warnings.warn(
Training data:
  - Samples: 32
  - Directions/sample (avg): 17.0
  - Pairs total: 4352 (~136.0/sample)
Saved numeric diagnostics JSONL: results/rm_bt_teacher_allpairs_e50_n32_bs32_acc4_lse_t1.0/numeric_diagnostics.jsonl
Optimizer:
  - LoRA LR:       0.0001
  - Embedding LR:  0.0001
  - V-head LR:     0.001

Pooling:
  - Type:          lse
  - Temperature τ: 1.0

============================================================
Training
============================================================
{'training_pairs': 'results/rm_bt_teacher_allpairs_e50_n32_bs32_acc4_lse_t1.0/training_pairs.json', 'base_rows': 4352, 'hn_rows': 0, 'total': 4352}
{'epoch': 0, 'bt_pair_loss': 0.6928684268804157, 'pairs': 4352}
/Users/sbplab/jiawei/pg-ltr-frame-byol-worktree/worktrees/development-workspace/scripts/train_reward_model_lora.py:1141: UserWarning: Converting a tensor with requires_grad=True to a scalar may lead to unexpected behavior.
Consider using tensor.detach() first. (Triggered internally at /Users/runner/work/pytorch/pytorch/pytorch/torch/csrc/autograd/generated/python_variable_methods.cpp:836.)
  cand_scores[cand] = float(_rm_pred_score_train(rm_model, tokenizer, int(cand), patch_ids, device))
{'epoch': 0, 'eval_top1_acc': 0.09375, 'eval_recall_at_K': 0.28125, 'eval_samples': 32, 'K': 3}
{'epoch': 0, 'confusor_coverage': {'wrong_samples': 29, 'covered': 29, 'covered_ratio': 1.0}}
{'epoch': 0, 'gt_rank_stats': {'mean': 7.53125, 'median': 6.0, 'p95': 16.0}, 'margin_target_stats': {'pre': {'mean': 0.0, 'median': 0.0, 'p95': 0.0}, 'post': {'mean': 0.0, 'median': 0.0, 'p95': 0.0}, 'count': 0}, 'hn_target_persistence': 0.0, 'rm_teacher_spearman': {'mean': 0.3425047438330171, 'median': 0.4607843137254903, 'p95': 0.6715686274509804, 'count': 31}}
{'epoch': 0, 'progress_report': {'loss_name': 'bt_pair_loss', 'loss': 0.6928684268804157, 'loss_delta': 0.0, 'top1': 0.09375, 'top1_delta': 0.0, 'recall_at_K': 0.28125, 'recall_delta': 0.0, 'aligned_loss_vs_metrics': None}}
{'epoch': 0, 'eval_manifest': 'results/rm_bt_teacher_allpairs_e50_n32_bs32_acc4_lse_t1.0/eval_subset_manifest.json', 'eval_records': 32}
{'epoch': 1, 'bt_pair_loss': 0.7022426376009688, 'pairs': 4352}
{'epoch': 1, 'eval_top1_acc': 0.09375, 'eval_recall_at_K': 0.28125, 'eval_samples': 32, 'K': 3}
{'epoch': 1, 'confusor_coverage': {'wrong_samples': 29, 'covered': 28, 'covered_ratio': 0.9655172413793104}}
{'epoch': 1, 'gt_rank_stats': {'mean': 7.15625, 'median': 6.0, 'p95': 14.0}, 'margin_target_stats': {'pre': {'mean': 0.0, 'median': 0.0, 'p95': 0.0}, 'post': {'mean': 0.0, 'median': 0.0, 'p95': 0.0}, 'count': 0}, 'hn_target_persistence': 0.0, 'rm_teacher_spearman': {'mean': 0.36922833649588865, 'median': 0.41176470588235303, 'p95': 0.7916666666666667, 'count': 31}}
{'epoch': 1, 'progress_report': {'loss_name': 'bt_pair_loss', 'loss': 0.7022426376009688, 'loss_delta': 0.009374210720553111, 'top1': 0.09375, 'top1_delta': 0.0, 'recall_at_K': 0.28125, 'recall_delta': 0.0, 'aligned_loss_vs_metrics': False}}
{'epoch': 1, 'eval_manifest': 'results/rm_bt_teacher_allpairs_e50_n32_bs32_acc4_lse_t1.0/eval_subset_manifest.json', 'eval_records': 32}
{'epoch': 2, 'bt_pair_loss': 0.6738618807319332, 'pairs': 4352}
{'epoch': 2, 'eval_top1_acc': 0.09375, 'eval_recall_at_K': 0.28125, 'eval_samples': 32, 'K': 3}
{'epoch': 2, 'confusor_coverage': {'wrong_samples': 29, 'covered': 28, 'covered_ratio': 0.9655172413793104}}
{'epoch': 2, 'gt_rank_stats': {'mean': 6.84375, 'median': 6.0, 'p95': 14.0}, 'margin_target_stats': {'pre': {'mean': 0.0, 'median': 0.0, 'p95': 0.0}, 'post': {'mean': 0.0, 'median': 0.0, 'p95': 0.0}, 'count': 0}, 'hn_target_persistence': 0.0, 'rm_teacher_spearman': {'mean': 0.413978494623656, 'median': 0.6397058823529413, 'p95': 0.7965686274509806, 'count': 31}}
{'epoch': 2, 'progress_report': {'loss_name': 'bt_pair_loss', 'loss': 0.6738618807319332, 'loss_delta': -0.028380756869035628, 'top1': 0.09375, 'top1_delta': 0.0, 'recall_at_K': 0.28125, 'recall_delta': 0.0, 'aligned_loss_vs_metrics': False}}
{'epoch': 2, 'eval_manifest': 'results/rm_bt_teacher_allpairs_e50_n32_bs32_acc4_lse_t1.0/eval_subset_manifest.json', 'eval_records': 32}
{'epoch': 3, 'bt_pair_loss': 0.6506289105643245, 'pairs': 4352}
{'epoch': 3, 'eval_top1_acc': 0.09375, 'eval_recall_at_K': 0.28125, 'eval_samples': 32, 'K': 3}
{'epoch': 3, 'confusor_coverage': {'wrong_samples': 29, 'covered': 28, 'covered_ratio': 0.9655172413793104}}
{'epoch': 3, 'gt_rank_stats': {'mean': 6.84375, 'median': 6.0, 'p95': 14.0}, 'margin_target_stats': {'pre': {'mean': 0.0, 'median': 0.0, 'p95': 0.0}, 'post': {'mean': 0.0, 'median': 0.0, 'p95': 0.0}, 'count': 0}, 'hn_target_persistence': 0.0, 'rm_teacher_spearman': {'mean': 0.41674573055028463, 'median': 0.6470588235294119, 'p95': 0.7916666666666667, 'count': 31}}
{'epoch': 3, 'progress_report': {'loss_name': 'bt_pair_loss', 'loss': 0.6506289105643245, 'loss_delta': -0.023232970167608724, 'top1': 0.09375, 'top1_delta': 0.0, 'recall_at_K': 0.28125, 'recall_delta': 0.0, 'aligned_loss_vs_metrics': False}}
{'epoch': 3, 'eval_manifest': 'results/rm_bt_teacher_allpairs_e50_n32_bs32_acc4_lse_t1.0/eval_subset_manifest.json', 'eval_records': 32}
{'epoch': 4, 'bt_pair_loss': 0.6419069124933552, 'pairs': 4352}
{'epoch': 4, 'eval_top1_acc': 0.09375, 'eval_recall_at_K': 0.28125, 'eval_samples': 32, 'K': 3}
{'epoch': 4, 'confusor_coverage': {'wrong_samples': 29, 'covered': 28, 'covered_ratio': 0.9655172413793104}}
{'epoch': 4, 'gt_rank_stats': {'mean': 6.8125, 'median': 6.0, 'p95': 14.0}, 'margin_target_stats': {'pre': {'mean': 0.0, 'median': 0.0, 'p95': 0.0}, 'post': {'mean': 0.0, 'median': 0.0, 'p95': 0.0}, 'count': 0}, 'hn_target_persistence': 0.0, 'rm_teacher_spearman': {'mean': 0.4259962049335863, 'median': 0.7009803921568629, 'p95': 0.8394607843137256, 'count': 31}}
{'epoch': 4, 'progress_report': {'loss_name': 'bt_pair_loss', 'loss': 0.6419069124933552, 'loss_delta': -0.008721998070969295, 'top1': 0.09375, 'top1_delta': 0.0, 'recall_at_K': 0.28125, 'recall_delta': 0.0, 'aligned_loss_vs_metrics': False}}
{'epoch': 4, 'eval_manifest': 'results/rm_bt_teacher_allpairs_e50_n32_bs32_acc4_lse_t1.0/eval_subset_manifest.json', 'eval_records': 32}
{'epoch': 5, 'bt_pair_loss': 0.6410221637171858, 'pairs': 4352}
{'epoch': 5, 'eval_top1_acc': 0.09375, 'eval_recall_at_K': 0.28125, 'eval_samples': 32, 'K': 3}
{'epoch': 5, 'confusor_coverage': {'wrong_samples': 29, 'covered': 28, 'covered_ratio': 0.9655172413793104}}
{'epoch': 5, 'gt_rank_stats': {'mean': 6.59375, 'median': 6.0, 'p95': 13.45}, 'margin_target_stats': {'pre': {'mean': 0.0, 'median': 0.0, 'p95': 0.0}, 'post': {'mean': 0.0, 'median': 0.0, 'p95': 0.0}, 'count': 0}, 'hn_target_persistence': 0.0, 'rm_teacher_spearman': {'mean': 0.4249683744465529, 'median': 0.6985294117647061, 'p95': 0.8590686274509806, 'count': 31}}
{'epoch': 5, 'progress_report': {'loss_name': 'bt_pair_loss', 'loss': 0.6410221637171858, 'loss_delta': -0.0008847487761693973, 'top1': 0.09375, 'top1_delta': 0.0, 'recall_at_K': 0.28125, 'recall_delta': 0.0, 'aligned_loss_vs_metrics': False}}
{'epoch': 5, 'eval_manifest': 'results/rm_bt_teacher_allpairs_e50_n32_bs32_acc4_lse_t1.0/eval_subset_manifest.json', 'eval_records': 32}
{'epoch': 6, 'bt_pair_loss': 0.6449086072252077, 'pairs': 4352}
{'epoch': 6, 'eval_top1_acc': 0.09375, 'eval_recall_at_K': 0.28125, 'eval_samples': 32, 'K': 3}
{'epoch': 6, 'confusor_coverage': {'wrong_samples': 29, 'covered': 28, 'covered_ratio': 0.9655172413793104}}
{'epoch': 6, 'gt_rank_stats': {'mean': 6.75, 'median': 6.0, 'p95': 13.899999999999999}, 'margin_target_stats': {'pre': {'mean': 0.0, 'median': 0.0, 'p95': 0.0}, 'post': {'mean': 0.0, 'median': 0.0, 'p95': 0.0}, 'count': 0}, 'hn_target_persistence': 0.0, 'rm_teacher_spearman': {'mean': 0.4217267552182163, 'median': 0.7230392156862746, 'p95': 0.8529411764705883, 'count': 31}}
{'epoch': 6, 'progress_report': {'loss_name': 'bt_pair_loss', 'loss': 0.6449086072252077, 'loss_delta': 0.0038864435080219195, 'top1': 0.09375, 'top1_delta': 0.0, 'recall_at_K': 0.28125, 'recall_delta': 0.0, 'aligned_loss_vs_metrics': False}}
{'epoch': 6, 'eval_manifest': 'results/rm_bt_teacher_allpairs_e50_n32_bs32_acc4_lse_t1.0/eval_subset_manifest.json', 'eval_records': 32}
{'epoch': 7, 'bt_pair_loss': 0.6450748382245793, 'pairs': 4352}
{'epoch': 7, 'eval_top1_acc': 0.09375, 'eval_recall_at_K': 0.28125, 'eval_samples': 32, 'K': 3}
{'epoch': 7, 'confusor_coverage': {'wrong_samples': 29, 'covered': 29, 'covered_ratio': 1.0}}
{'epoch': 7, 'gt_rank_stats': {'mean': 6.6875, 'median': 6.0, 'p95': 13.45}, 'margin_target_stats': {'pre': {'mean': 0.0, 'median': 0.0, 'p95': 0.0}, 'post': {'mean': 0.0, 'median': 0.0, 'p95': 0.0}, 'count': 0}, 'hn_target_persistence': 0.0, 'rm_teacher_spearman': {'mean': 0.4223592662871601, 'median': 0.7083333333333335, 'p95': 0.8664215686274511, 'count': 31}}
{'epoch': 7, 'progress_report': {'loss_name': 'bt_pair_loss', 'loss': 0.6450748382245793, 'loss_delta': 0.00016623099937163044, 'top1': 0.09375, 'top1_delta': 0.0, 'recall_at_K': 0.28125, 'recall_delta': 0.0, 'aligned_loss_vs_metrics': False}}
{'epoch': 7, 'eval_manifest': 'results/rm_bt_teacher_allpairs_e50_n32_bs32_acc4_lse_t1.0/eval_subset_manifest.json', 'eval_records': 32}
{'epoch': 8, 'bt_pair_loss': 0.6465451187070679, 'pairs': 4352}
{'epoch': 8, 'eval_top1_acc': 0.09375, 'eval_recall_at_K': 0.28125, 'eval_samples': 32, 'K': 3}
{'epoch': 8, 'confusor_coverage': {'wrong_samples': 29, 'covered': 28, 'covered_ratio': 0.9655172413793104}}
{'epoch': 8, 'gt_rank_stats': {'mean': 6.5625, 'median': 6.0, 'p95': 13.899999999999999}, 'margin_target_stats': {'pre': {'mean': 0.0, 'median': 0.0, 'p95': 0.0}, 'post': {'mean': 0.0, 'median': 0.0, 'p95': 0.0}, 'count': 0}, 'hn_target_persistence': 0.0, 'rm_teacher_spearman': {'mean': 0.4247311827956989, 'median': 0.7083333333333335, 'p95': 0.8676470588235295, 'count': 31}}
{'epoch': 8, 'progress_report': {'loss_name': 'bt_pair_loss', 'loss': 0.6465451187070679, 'loss_delta': 0.0014702804824885396, 'top1': 0.09375, 'top1_delta': 0.0, 'recall_at_K': 0.28125, 'recall_delta': 0.0, 'aligned_loss_vs_metrics': False}}
{'epoch': 8, 'eval_manifest': 'results/rm_bt_teacher_allpairs_e50_n32_bs32_acc4_lse_t1.0/eval_subset_manifest.json', 'eval_records': 32}
{'epoch': 9, 'bt_pair_loss': 0.6452333541477427, 'pairs': 4352}
{'epoch': 9, 'eval_top1_acc': 0.09375, 'eval_recall_at_K': 0.28125, 'eval_samples': 32, 'K': 3}
{'epoch': 9, 'confusor_coverage': {'wrong_samples': 29, 'covered': 28, 'covered_ratio': 0.9655172413793104}}
{'epoch': 9, 'gt_rank_stats': {'mean': 6.75, 'median': 6.0, 'p95': 13.899999999999999}, 'margin_target_stats': {'pre': {'mean': 0.0, 'median': 0.0, 'p95': 0.0}, 'post': {'mean': 0.0, 'median': 0.0, 'p95': 0.0}, 'count': 0}, 'hn_target_persistence': 0.0, 'rm_teacher_spearman': {'mean': 0.4222011385199242, 'median': 0.735294117647059, 'p95': 0.849264705882353, 'count': 31}}
{'epoch': 9, 'progress_report': {'loss_name': 'bt_pair_loss', 'loss': 0.6452333541477427, 'loss_delta': -0.0013117645593251348, 'top1': 0.09375, 'top1_delta': 0.0, 'recall_at_K': 0.28125, 'recall_delta': 0.0, 'aligned_loss_vs_metrics': False}}
{'epoch': 9, 'eval_manifest': 'results/rm_bt_teacher_allpairs_e50_n32_bs32_acc4_lse_t1.0/eval_subset_manifest.json', 'eval_records': 32}
{'epoch': 10, 'bt_pair_loss': 0.6451976763851502, 'pairs': 4352}
{'epoch': 10, 'eval_top1_acc': 0.09375, 'eval_recall_at_K': 0.28125, 'eval_samples': 32, 'K': 3}
{'epoch': 10, 'confusor_coverage': {'wrong_samples': 29, 'covered': 29, 'covered_ratio': 1.0}}
{'epoch': 10, 'gt_rank_stats': {'mean': 6.65625, 'median': 6.0, 'p95': 14.45}, 'margin_target_stats': {'pre': {'mean': 0.0, 'median': 0.0, 'p95': 0.0}, 'post': {'mean': 0.0, 'median': 0.0, 'p95': 0.0}, 'count': 0}, 'hn_target_persistence': 0.0, 'rm_teacher_spearman': {'mean': 0.41824794433902596, 'median': 0.7328431372549021, 'p95': 0.8553921568627452, 'count': 31}}
{'epoch': 10, 'progress_report': {'loss_name': 'bt_pair_loss', 'loss': 0.6451976763851502, 'loss_delta': -3.5677762592500883e-05, 'top1': 0.09375, 'top1_delta': 0.0, 'recall_at_K': 0.28125, 'recall_delta': 0.0, 'aligned_loss_vs_metrics': False}}
{'epoch': 10, 'eval_manifest': 'results/rm_bt_teacher_allpairs_e50_n32_bs32_acc4_lse_t1.0/eval_subset_manifest.json', 'eval_records': 32}
{'epoch': 11, 'bt_pair_loss': 0.6451152576243177, 'pairs': 4352}
{'epoch': 11, 'eval_top1_acc': 0.09375, 'eval_recall_at_K': 0.28125, 'eval_samples': 32, 'K': 3}
{'epoch': 11, 'confusor_coverage': {'wrong_samples': 29, 'covered': 28, 'covered_ratio': 0.9655172413793104}}
{'epoch': 11, 'gt_rank_stats': {'mean': 6.75, 'median': 6.0, 'p95': 13.899999999999999}, 'margin_target_stats': {'pre': {'mean': 0.0, 'median': 0.0, 'p95': 0.0}, 'post': {'mean': 0.0, 'median': 0.0, 'p95': 0.0}, 'count': 0}, 'hn_target_persistence': 0.0, 'rm_teacher_spearman': {'mean': 0.4206198608475649, 'median': 0.7181372549019609, 'p95': 0.868872549019608, 'count': 31}}
{'epoch': 11, 'progress_report': {'loss_name': 'bt_pair_loss', 'loss': 0.6451152576243177, 'loss_delta': -8.241876083259214e-05, 'top1': 0.09375, 'top1_delta': 0.0, 'recall_at_K': 0.28125, 'recall_delta': 0.0, 'aligned_loss_vs_metrics': False}}
{'epoch': 11, 'eval_manifest': 'results/rm_bt_teacher_allpairs_e50_n32_bs32_acc4_lse_t1.0/eval_subset_manifest.json', 'eval_records': 32}
{'epoch': 12, 'bt_pair_loss': 0.6470465903334758, 'pairs': 4352}
{'epoch': 12, 'eval_top1_acc': 0.09375, 'eval_recall_at_K': 0.28125, 'eval_samples': 32, 'K': 3}
{'epoch': 12, 'confusor_coverage': {'wrong_samples': 29, 'covered': 28, 'covered_ratio': 0.9655172413793104}}
{'epoch': 12, 'gt_rank_stats': {'mean': 6.75, 'median': 6.0, 'p95': 13.899999999999999}, 'margin_target_stats': {'pre': {'mean': 0.0, 'median': 0.0, 'p95': 0.0}, 'post': {'mean': 0.0, 'median': 0.0, 'p95': 0.0}, 'count': 0}, 'hn_target_persistence': 0.0, 'rm_teacher_spearman': {'mean': 0.4222802024035422, 'median': 0.7107843137254903, 'p95': 0.8664215686274511, 'count': 31}}
{'epoch': 12, 'progress_report': {'loss_name': 'bt_pair_loss', 'loss': 0.6470465903334758, 'loss_delta': 0.001931332709158129, 'top1': 0.09375, 'top1_delta': 0.0, 'recall_at_K': 0.28125, 'recall_delta': 0.0, 'aligned_loss_vs_metrics': False}}
{'epoch': 12, 'eval_manifest': 'results/rm_bt_teacher_allpairs_e50_n32_bs32_acc4_lse_t1.0/eval_subset_manifest.json', 'eval_records': 32}
{'epoch': 13, 'bt_pair_loss': 0.6468448807649753, 'pairs': 4352}
{'epoch': 13, 'eval_top1_acc': 0.09375, 'eval_recall_at_K': 0.28125, 'eval_samples': 32, 'K': 3}
{'epoch': 13, 'confusor_coverage': {'wrong_samples': 29, 'covered': 28, 'covered_ratio': 0.9655172413793104}}
{'epoch': 13, 'gt_rank_stats': {'mean': 6.75, 'median': 6.0, 'p95': 13.899999999999999}, 'margin_target_stats': {'pre': {'mean': 0.0, 'median': 0.0, 'p95': 0.0}, 'post': {'mean': 0.0, 'median': 0.0, 'p95': 0.0}, 'count': 0}, 'hn_target_persistence': 0.0, 'rm_teacher_spearman': {'mean': 0.42109424414927277, 'median': 0.7303921568627453, 'p95': 0.8664215686274511, 'count': 31}}
{'epoch': 13, 'progress_report': {'loss_name': 'bt_pair_loss', 'loss': 0.6468448807649753, 'loss_delta': -0.0002017095685005188, 'top1': 0.09375, 'top1_delta': 0.0, 'recall_at_K': 0.28125, 'recall_delta': 0.0, 'aligned_loss_vs_metrics': False}}
{'epoch': 13, 'eval_manifest': 'results/rm_bt_teacher_allpairs_e50_n32_bs32_acc4_lse_t1.0/eval_subset_manifest.json', 'eval_records': 32}
{'epoch': 14, 'bt_pair_loss': 0.6469023319728234, 'pairs': 4352}
{'epoch': 14, 'eval_top1_acc': 0.09375, 'eval_recall_at_K': 0.28125, 'eval_samples': 32, 'K': 3}
{'epoch': 14, 'confusor_coverage': {'wrong_samples': 29, 'covered': 28, 'covered_ratio': 0.9655172413793104}}
{'epoch': 14, 'gt_rank_stats': {'mean': 6.6875, 'median': 6.0, 'p95': 15.0}, 'margin_target_stats': {'pre': {'mean': 0.0, 'median': 0.0, 'p95': 0.0}, 'post': {'mean': 0.0, 'median': 0.0, 'p95': 0.0}, 'count': 0}, 'hn_target_persistence': 0.0, 'rm_teacher_spearman': {'mean': 0.41801075268817217, 'median': 0.7450980392156864, 'p95': 0.8553921568627452, 'count': 31}}
{'epoch': 14, 'progress_report': {'loss_name': 'bt_pair_loss', 'loss': 0.6469023319728234, 'loss_delta': 5.745120784816926e-05, 'top1': 0.09375, 'top1_delta': 0.0, 'recall_at_K': 0.28125, 'recall_delta': 0.0, 'aligned_loss_vs_metrics': False}}
{'epoch': 14, 'eval_manifest': 'results/rm_bt_teacher_allpairs_e50_n32_bs32_acc4_lse_t1.0/eval_subset_manifest.json', 'eval_records': 32}
{'epoch': 15, 'bt_pair_loss': 0.6457894909031251, 'pairs': 4352}
{'epoch': 15, 'eval_top1_acc': 0.09375, 'eval_recall_at_K': 0.28125, 'eval_samples': 32, 'K': 3}
{'epoch': 15, 'confusor_coverage': {'wrong_samples': 29, 'covered': 28, 'covered_ratio': 0.9655172413793104}}
{'epoch': 15, 'gt_rank_stats': {'mean': 6.5625, 'median': 6.0, 'p95': 13.899999999999999}, 'margin_target_stats': {'pre': {'mean': 0.0, 'median': 0.0, 'p95': 0.0}, 'post': {'mean': 0.0, 'median': 0.0, 'p95': 0.0}, 'count': 0}, 'hn_target_persistence': 0.0, 'rm_teacher_spearman': {'mean': 0.4242567994939912, 'median': 0.6960784313725492, 'p95': 0.8713235294117648, 'count': 31}}
{'epoch': 15, 'progress_report': {'loss_name': 'bt_pair_loss', 'loss': 0.6457894909031251, 'loss_delta': -0.0011128410696983337, 'top1': 0.09375, 'top1_delta': 0.0, 'recall_at_K': 0.28125, 'recall_delta': 0.0, 'aligned_loss_vs_metrics': False}}
{'epoch': 15, 'eval_manifest': 'results/rm_bt_teacher_allpairs_e50_n32_bs32_acc4_lse_t1.0/eval_subset_manifest.json', 'eval_records': 32}
{'epoch': 16, 'bt_pair_loss': 0.6443118799258681, 'pairs': 4352}
{'epoch': 16, 'eval_top1_acc': 0.09375, 'eval_recall_at_K': 0.28125, 'eval_samples': 32, 'K': 3}
{'epoch': 16, 'confusor_coverage': {'wrong_samples': 29, 'covered': 28, 'covered_ratio': 0.9655172413793104}}
{'epoch': 16, 'gt_rank_stats': {'mean': 6.40625, 'median': 6.0, 'p95': 13.45}, 'margin_target_stats': {'pre': {'mean': 0.0, 'median': 0.0, 'p95': 0.0}, 'post': {'mean': 0.0, 'median': 0.0, 'p95': 0.0}, 'count': 0}, 'hn_target_persistence': 0.0, 'rm_teacher_spearman': {'mean': 0.41990828589500334, 'median': 0.7230392156862746, 'p95': 0.8762254901960785, 'count': 31}}
{'epoch': 16, 'progress_report': {'loss_name': 'bt_pair_loss', 'loss': 0.6443118799258681, 'loss_delta': -0.0014776109772569601, 'top1': 0.09375, 'top1_delta': 0.0, 'recall_at_K': 0.28125, 'recall_delta': 0.0, 'aligned_loss_vs_metrics': False}}
{'epoch': 16, 'eval_manifest': 'results/rm_bt_teacher_allpairs_e50_n32_bs32_acc4_lse_t1.0/eval_subset_manifest.json', 'eval_records': 32}
{'epoch': 17, 'bt_pair_loss': 0.6435822079725125, 'pairs': 4352}
{'epoch': 17, 'eval_top1_acc': 0.09375, 'eval_recall_at_K': 0.28125, 'eval_samples': 32, 'K': 3}
{'epoch': 17, 'confusor_coverage': {'wrong_samples': 29, 'covered': 28, 'covered_ratio': 0.9655172413793104}}
{'epoch': 17, 'gt_rank_stats': {'mean': 6.5625, 'median': 6.0, 'p95': 13.899999999999999}, 'margin_target_stats': {'pre': {'mean': 0.0, 'median': 0.0, 'p95': 0.0}, 'post': {'mean': 0.0, 'median': 0.0, 'p95': 0.0}, 'count': 0}, 'hn_target_persistence': 0.0, 'rm_teacher_spearman': {'mean': 0.4242567994939912, 'median': 0.6960784313725492, 'p95': 0.8713235294117648, 'count': 31}}
{'epoch': 17, 'progress_report': {'loss_name': 'bt_pair_loss', 'loss': 0.6435822079725125, 'loss_delta': -0.000729671953355604, 'top1': 0.09375, 'top1_delta': 0.0, 'recall_at_K': 0.28125, 'recall_delta': 0.0, 'aligned_loss_vs_metrics': False}}
{'epoch': 17, 'eval_manifest': 'results/rm_bt_teacher_allpairs_e50_n32_bs32_acc4_lse_t1.0/eval_subset_manifest.json', 'eval_records': 32}
{'epoch': 18, 'bt_pair_loss': 0.64309525993817, 'pairs': 4352}
{'epoch': 18, 'eval_top1_acc': 0.09375, 'eval_recall_at_K': 0.28125, 'eval_samples': 32, 'K': 3}
{'epoch': 18, 'confusor_coverage': {'wrong_samples': 29, 'covered': 28, 'covered_ratio': 0.9655172413793104}}
{'epoch': 18, 'gt_rank_stats': {'mean': 6.4375, 'median': 6.0, 'p95': 14.0}, 'margin_target_stats': {'pre': {'mean': 0.0, 'median': 0.0, 'p95': 0.0}, 'post': {'mean': 0.0, 'median': 0.0, 'p95': 0.0}, 'count': 0}, 'hn_target_persistence': 0.0, 'rm_teacher_spearman': {'mean': 0.4199873497786211, 'median': 0.735294117647059, 'p95': 0.868872549019608, 'count': 31}}
{'epoch': 18, 'progress_report': {'loss_name': 'bt_pair_loss', 'loss': 0.64309525993817, 'loss_delta': -0.0004869480343425714, 'top1': 0.09375, 'top1_delta': 0.0, 'recall_at_K': 0.28125, 'recall_delta': 0.0, 'aligned_loss_vs_metrics': False}}
{'epoch': 18, 'eval_manifest': 'results/rm_bt_teacher_allpairs_e50_n32_bs32_acc4_lse_t1.0/eval_subset_manifest.json', 'eval_records': 32}
{'epoch': 19, 'bt_pair_loss': 0.6413304792607532, 'pairs': 4352}
{'epoch': 19, 'eval_top1_acc': 0.09375, 'eval_recall_at_K': 0.28125, 'eval_samples': 32, 'K': 3}
{'epoch': 19, 'confusor_coverage': {'wrong_samples': 29, 'covered': 28, 'covered_ratio': 0.9655172413793104}}
{'epoch': 19, 'gt_rank_stats': {'mean': 6.5625, 'median': 6.0, 'p95': 13.899999999999999}, 'margin_target_stats': {'pre': {'mean': 0.0, 'median': 0.0, 'p95': 0.0}, 'post': {'mean': 0.0, 'median': 0.0, 'p95': 0.0}, 'count': 0}, 'hn_target_persistence': 0.0, 'rm_teacher_spearman': {'mean': 0.4247311827956989, 'median': 0.7083333333333335, 'p95': 0.8676470588235295, 'count': 31}}
{'epoch': 19, 'progress_report': {'loss_name': 'bt_pair_loss', 'loss': 0.6413304792607532, 'loss_delta': -0.0017647806774168107, 'top1': 0.09375, 'top1_delta': 0.0, 'recall_at_K': 0.28125, 'recall_delta': 0.0, 'aligned_loss_vs_metrics': False}}
{'epoch': 19, 'eval_manifest': 'results/rm_bt_teacher_allpairs_e50_n32_bs32_acc4_lse_t1.0/eval_subset_manifest.json', 'eval_records': 32}
{'epoch': 20, 'bt_pair_loss': 0.6413323022425175, 'pairs': 4352}
{'epoch': 20, 'eval_top1_acc': 0.09375, 'eval_recall_at_K': 0.28125, 'eval_samples': 32, 'K': 3}
{'epoch': 20, 'confusor_coverage': {'wrong_samples': 29, 'covered': 28, 'covered_ratio': 0.9655172413793104}}
{'epoch': 20, 'gt_rank_stats': {'mean': 6.59375, 'median': 6.0, 'p95': 13.45}, 'margin_target_stats': {'pre': {'mean': 0.0, 'median': 0.0, 'p95': 0.0}, 'post': {'mean': 0.0, 'median': 0.0, 'p95': 0.0}, 'count': 0}, 'hn_target_persistence': 0.0, 'rm_teacher_spearman': {'mean': 0.42338709677419356, 'median': 0.735294117647059, 'p95': 0.8676470588235294, 'count': 31}}
{'epoch': 20, 'progress_report': {'loss_name': 'bt_pair_loss', 'loss': 0.6413323022425175, 'loss_delta': 1.8229817643211632e-06, 'top1': 0.09375, 'top1_delta': 0.0, 'recall_at_K': 0.28125, 'recall_delta': 0.0, 'aligned_loss_vs_metrics': False}}
{'epoch': 20, 'eval_manifest': 'results/rm_bt_teacher_allpairs_e50_n32_bs32_acc4_lse_t1.0/eval_subset_manifest.json', 'eval_records': 32}
{'epoch': 21, 'bt_pair_loss': 0.6387824856621378, 'pairs': 4352}
{'epoch': 21, 'eval_top1_acc': 0.09375, 'eval_recall_at_K': 0.28125, 'eval_samples': 32, 'K': 3}
{'epoch': 21, 'confusor_coverage': {'wrong_samples': 29, 'covered': 28, 'covered_ratio': 0.9655172413793104}}
{'epoch': 21, 'gt_rank_stats': {'mean': 6.59375, 'median': 6.0, 'p95': 13.45}, 'margin_target_stats': {'pre': {'mean': 0.0, 'median': 0.0, 'p95': 0.0}, 'post': {'mean': 0.0, 'median': 0.0, 'p95': 0.0}, 'count': 0}, 'hn_target_persistence': 0.0, 'rm_teacher_spearman': {'mean': 0.42338709677419356, 'median': 0.735294117647059, 'p95': 0.8676470588235294, 'count': 31}}
{'epoch': 21, 'progress_report': {'loss_name': 'bt_pair_loss', 'loss': 0.6387824856621378, 'loss_delta': -0.0025498165803796713, 'top1': 0.09375, 'top1_delta': 0.0, 'recall_at_K': 0.28125, 'recall_delta': 0.0, 'aligned_loss_vs_metrics': False}}
{'epoch': 21, 'eval_manifest': 'results/rm_bt_teacher_allpairs_e50_n32_bs32_acc4_lse_t1.0/eval_subset_manifest.json', 'eval_records': 32}
{'epoch': 22, 'bt_pair_loss': 0.6373391344266779, 'pairs': 4352}
{'epoch': 22, 'eval_top1_acc': 0.09375, 'eval_recall_at_K': 0.28125, 'eval_samples': 32, 'K': 3}
{'epoch': 22, 'confusor_coverage': {'wrong_samples': 29, 'covered': 28, 'covered_ratio': 0.9655172413793104}}
{'epoch': 22, 'gt_rank_stats': {'mean': 6.59375, 'median': 6.0, 'p95': 13.45}, 'margin_target_stats': {'pre': {'mean': 0.0, 'median': 0.0, 'p95': 0.0}, 'post': {'mean': 0.0, 'median': 0.0, 'p95': 0.0}, 'count': 0}, 'hn_target_persistence': 0.0, 'rm_teacher_spearman': {'mean': 0.42338709677419356, 'median': 0.735294117647059, 'p95': 0.8676470588235294, 'count': 31}}
{'epoch': 22, 'progress_report': {'loss_name': 'bt_pair_loss', 'loss': 0.6373391344266779, 'loss_delta': -0.001443351235459911, 'top1': 0.09375, 'top1_delta': 0.0, 'recall_at_K': 0.28125, 'recall_delta': 0.0, 'aligned_loss_vs_metrics': False}}
{'epoch': 22, 'eval_manifest': 'results/rm_bt_teacher_allpairs_e50_n32_bs32_acc4_lse_t1.0/eval_subset_manifest.json', 'eval_records': 32}
{'epoch': 23, 'bt_pair_loss': 0.6392262860694352, 'pairs': 4352}
{'epoch': 23, 'eval_top1_acc': 0.09375, 'eval_recall_at_K': 0.28125, 'eval_samples': 32, 'K': 3}
{'epoch': 23, 'confusor_coverage': {'wrong_samples': 29, 'covered': 28, 'covered_ratio': 0.9655172413793104}}
{'epoch': 23, 'gt_rank_stats': {'mean': 6.5, 'median': 6.0, 'p95': 13.45}, 'margin_target_stats': {'pre': {'mean': 0.0, 'median': 0.0, 'p95': 0.0}, 'post': {'mean': 0.0, 'median': 0.0, 'p95': 0.0}, 'count': 0}, 'hn_target_persistence': 0.0, 'rm_teacher_spearman': {'mean': 0.4261543327008223, 'median': 0.6985294117647061, 'p95': 0.8700980392156864, 'count': 31}}
{'epoch': 23, 'progress_report': {'loss_name': 'bt_pair_loss', 'loss': 0.6392262860694352, 'loss_delta': 0.0018871516427573232, 'top1': 0.09375, 'top1_delta': 0.0, 'recall_at_K': 0.28125, 'recall_delta': 0.0, 'aligned_loss_vs_metrics': False}}
{'epoch': 23, 'eval_manifest': 'results/rm_bt_teacher_allpairs_e50_n32_bs32_acc4_lse_t1.0/eval_subset_manifest.json', 'eval_records': 32}
{'epoch': 24, 'bt_pair_loss': 0.6348499541773516, 'pairs': 4352}
{'epoch': 24, 'eval_top1_acc': 0.09375, 'eval_recall_at_K': 0.28125, 'eval_samples': 32, 'K': 3}
{'epoch': 24, 'confusor_coverage': {'wrong_samples': 29, 'covered': 28, 'covered_ratio': 0.9655172413793104}}
{'epoch': 24, 'gt_rank_stats': {'mean': 6.5, 'median': 6.0, 'p95': 13.45}, 'margin_target_stats': {'pre': {'mean': 0.0, 'median': 0.0, 'p95': 0.0}, 'post': {'mean': 0.0, 'median': 0.0, 'p95': 0.0}, 'count': 0}, 'hn_target_persistence': 0.0, 'rm_teacher_spearman': {'mean': 0.424968374446553, 'median': 0.7181372549019609, 'p95': 0.8700980392156864, 'count': 31}}
{'epoch': 24, 'progress_report': {'loss_name': 'bt_pair_loss', 'loss': 0.6348499541773516, 'loss_delta': -0.00437633189208364, 'top1': 0.09375, 'top1_delta': 0.0, 'recall_at_K': 0.28125, 'recall_delta': 0.0, 'aligned_loss_vs_metrics': False}}
{'epoch': 24, 'eval_manifest': 'results/rm_bt_teacher_allpairs_e50_n32_bs32_acc4_lse_t1.0/eval_subset_manifest.json', 'eval_records': 32}
{'epoch': 25, 'bt_pair_loss': 0.6327230014345225, 'pairs': 4352}
{'epoch': 25, 'eval_top1_acc': 0.09375, 'eval_recall_at_K': 0.28125, 'eval_samples': 32, 'K': 3}
{'epoch': 25, 'confusor_coverage': {'wrong_samples': 29, 'covered': 28, 'covered_ratio': 0.9655172413793104}}
{'epoch': 25, 'gt_rank_stats': {'mean': 6.5, 'median': 6.0, 'p95': 13.45}, 'margin_target_stats': {'pre': {'mean': 0.0, 'median': 0.0, 'p95': 0.0}, 'post': {'mean': 0.0, 'median': 0.0, 'p95': 0.0}, 'count': 0}, 'hn_target_persistence': 0.0, 'rm_teacher_spearman': {'mean': 0.4261543327008223, 'median': 0.6985294117647061, 'p95': 0.8700980392156864, 'count': 31}}
{'epoch': 25, 'progress_report': {'loss_name': 'bt_pair_loss', 'loss': 0.6327230014345225, 'loss_delta': -0.002126952742829036, 'top1': 0.09375, 'top1_delta': 0.0, 'recall_at_K': 0.28125, 'recall_delta': 0.0, 'aligned_loss_vs_metrics': False}}
{'epoch': 25, 'eval_manifest': 'results/rm_bt_teacher_allpairs_e50_n32_bs32_acc4_lse_t1.0/eval_subset_manifest.json', 'eval_records': 32}
{'epoch': 26, 'bt_pair_loss': 0.6322227657279548, 'pairs': 4352}
{'epoch': 26, 'eval_top1_acc': 0.09375, 'eval_recall_at_K': 0.28125, 'eval_samples': 32, 'K': 3}
{'epoch': 26, 'confusor_coverage': {'wrong_samples': 29, 'covered': 28, 'covered_ratio': 0.9655172413793104}}
{'epoch': 26, 'gt_rank_stats': {'mean': 6.59375, 'median': 6.0, 'p95': 13.45}, 'margin_target_stats': {'pre': {'mean': 0.0, 'median': 0.0, 'p95': 0.0}, 'post': {'mean': 0.0, 'median': 0.0, 'p95': 0.0}, 'count': 0}, 'hn_target_persistence': 0.0, 'rm_teacher_spearman': {'mean': 0.42868437697659706, 'median': 0.6960784313725492, 'p95': 0.8639705882352942, 'count': 31}}
{'epoch': 26, 'progress_report': {'loss_name': 'bt_pair_loss', 'loss': 0.6322227657279548, 'loss_delta': -0.0005002357065677643, 'top1': 0.09375, 'top1_delta': 0.0, 'recall_at_K': 0.28125, 'recall_delta': 0.0, 'aligned_loss_vs_metrics': False}}
{'epoch': 26, 'eval_manifest': 'results/rm_bt_teacher_allpairs_e50_n32_bs32_acc4_lse_t1.0/eval_subset_manifest.json', 'eval_records': 32}
{'epoch': 27, 'bt_pair_loss': 0.6288748760433758, 'pairs': 4352}
{'epoch': 27, 'eval_top1_acc': 0.09375, 'eval_recall_at_K': 0.28125, 'eval_samples': 32, 'K': 3}
{'epoch': 27, 'confusor_coverage': {'wrong_samples': 29, 'covered': 28, 'covered_ratio': 0.9655172413793104}}
{'epoch': 27, 'gt_rank_stats': {'mean': 6.59375, 'median': 6.0, 'p95': 13.45}, 'margin_target_stats': {'pre': {'mean': 0.0, 'median': 0.0, 'p95': 0.0}, 'post': {'mean': 0.0, 'median': 0.0, 'p95': 0.0}, 'count': 0}, 'hn_target_persistence': 0.0, 'rm_teacher_spearman': {'mean': 0.4294750158127768, 'median': 0.7009803921568629, 'p95': 0.8529411764705883, 'count': 31}}
{'epoch': 27, 'progress_report': {'loss_name': 'bt_pair_loss', 'loss': 0.6288748760433758, 'loss_delta': -0.0033478896845789974, 'top1': 0.09375, 'top1_delta': 0.0, 'recall_at_K': 0.28125, 'recall_delta': 0.0, 'aligned_loss_vs_metrics': False}}
{'epoch': 27, 'eval_manifest': 'results/rm_bt_teacher_allpairs_e50_n32_bs32_acc4_lse_t1.0/eval_subset_manifest.json', 'eval_records': 32}
{'epoch': 28, 'bt_pair_loss': 0.6310807462124264, 'pairs': 4352}
{'epoch': 28, 'eval_top1_acc': 0.09375, 'eval_recall_at_K': 0.28125, 'eval_samples': 32, 'K': 3}
{'epoch': 28, 'confusor_coverage': {'wrong_samples': 29, 'covered': 28, 'covered_ratio': 0.9655172413793104}}
{'epoch': 28, 'gt_rank_stats': {'mean': 6.59375, 'median': 6.0, 'p95': 13.45}, 'margin_target_stats': {'pre': {'mean': 0.0, 'median': 0.0, 'p95': 0.0}, 'post': {'mean': 0.0, 'median': 0.0, 'p95': 0.0}, 'count': 0}, 'hn_target_persistence': 0.0, 'rm_teacher_spearman': {'mean': 0.4294750158127768, 'median': 0.7009803921568629, 'p95': 0.8529411764705883, 'count': 31}}
{'epoch': 28, 'progress_report': {'loss_name': 'bt_pair_loss', 'loss': 0.6310807462124264, 'loss_delta': 0.0022058701690506055, 'top1': 0.09375, 'top1_delta': 0.0, 'recall_at_K': 0.28125, 'recall_delta': 0.0, 'aligned_loss_vs_metrics': False}}
{'epoch': 28, 'eval_manifest': 'results/rm_bt_teacher_allpairs_e50_n32_bs32_acc4_lse_t1.0/eval_subset_manifest.json', 'eval_records': 32}
{'epoch': 29, 'bt_pair_loss': 0.632864069631871, 'pairs': 4352}
{'epoch': 29, 'eval_top1_acc': 0.09375, 'eval_recall_at_K': 0.28125, 'eval_samples': 32, 'K': 3}
{'epoch': 29, 'confusor_coverage': {'wrong_samples': 29, 'covered': 28, 'covered_ratio': 0.9655172413793104}}
{'epoch': 29, 'gt_rank_stats': {'mean': 6.59375, 'median': 6.0, 'p95': 13.45}, 'margin_target_stats': {'pre': {'mean': 0.0, 'median': 0.0, 'p95': 0.0}, 'post': {'mean': 0.0, 'median': 0.0, 'p95': 0.0}, 'count': 0}, 'hn_target_persistence': 0.0, 'rm_teacher_spearman': {'mean': 0.4294750158127768, 'median': 0.7009803921568629, 'p95': 0.8529411764705883, 'count': 31}}
{'epoch': 29, 'progress_report': {'loss_name': 'bt_pair_loss', 'loss': 0.632864069631871, 'loss_delta': 0.001783323419444649, 'top1': 0.09375, 'top1_delta': 0.0, 'recall_at_K': 0.28125, 'recall_delta': 0.0, 'aligned_loss_vs_metrics': False}}
{'epoch': 29, 'eval_manifest': 'results/rm_bt_teacher_allpairs_e50_n32_bs32_acc4_lse_t1.0/eval_subset_manifest.json', 'eval_records': 32}
{'epoch': 30, 'bt_pair_loss': 0.6276342860039543, 'pairs': 4352}
{'epoch': 30, 'eval_top1_acc': 0.09375, 'eval_recall_at_K': 0.28125, 'eval_samples': 32, 'K': 3}
{'epoch': 30, 'confusor_coverage': {'wrong_samples': 29, 'covered': 28, 'covered_ratio': 0.9655172413793104}}
{'epoch': 30, 'gt_rank_stats': {'mean': 6.625, 'median': 6.0, 'p95': 14.0}, 'margin_target_stats': {'pre': {'mean': 0.0, 'median': 0.0, 'p95': 0.0}, 'post': {'mean': 0.0, 'median': 0.0, 'p95': 0.0}, 'count': 0}, 'hn_target_persistence': 0.0, 'rm_teacher_spearman': {'mean': 0.43074003795066423, 'median': 0.6936274509803924, 'p95': 0.8455882352941178, 'count': 31}}
{'epoch': 30, 'progress_report': {'loss_name': 'bt_pair_loss', 'loss': 0.6276342860039543, 'loss_delta': -0.0052297836279167065, 'top1': 0.09375, 'top1_delta': 0.0, 'recall_at_K': 0.28125, 'recall_delta': 0.0, 'aligned_loss_vs_metrics': False}}
{'epoch': 30, 'eval_manifest': 'results/rm_bt_teacher_allpairs_e50_n32_bs32_acc4_lse_t1.0/eval_subset_manifest.json', 'eval_records': 32}
{'epoch': 31, 'bt_pair_loss': 0.6240680960609633, 'pairs': 4352}
{'epoch': 31, 'eval_top1_acc': 0.09375, 'eval_recall_at_K': 0.28125, 'eval_samples': 32, 'K': 3}
{'epoch': 31, 'confusor_coverage': {'wrong_samples': 29, 'covered': 28, 'covered_ratio': 0.9655172413793104}}
{'epoch': 31, 'gt_rank_stats': {'mean': 6.59375, 'median': 6.0, 'p95': 13.45}, 'margin_target_stats': {'pre': {'mean': 0.0, 'median': 0.0, 'p95': 0.0}, 'post': {'mean': 0.0, 'median': 0.0, 'p95': 0.0}, 'count': 0}, 'hn_target_persistence': 0.0, 'rm_teacher_spearman': {'mean': 0.4306609740670463, 'median': 0.6813725490196079, 'p95': 0.8529411764705883, 'count': 31}}
{'epoch': 31, 'progress_report': {'loss_name': 'bt_pair_loss', 'loss': 0.6240680960609633, 'loss_delta': -0.0035661899429910715, 'top1': 0.09375, 'top1_delta': 0.0, 'recall_at_K': 0.28125, 'recall_delta': 0.0, 'aligned_loss_vs_metrics': False}}
{'epoch': 31, 'eval_manifest': 'results/rm_bt_teacher_allpairs_e50_n32_bs32_acc4_lse_t1.0/eval_subset_manifest.json', 'eval_records': 32}
{'epoch': 32, 'bt_pair_loss': 0.6234490845133277, 'pairs': 4352}
{'epoch': 32, 'eval_top1_acc': 0.09375, 'eval_recall_at_K': 0.28125, 'eval_samples': 32, 'K': 3}
{'epoch': 32, 'confusor_coverage': {'wrong_samples': 29, 'covered': 28, 'covered_ratio': 0.9655172413793104}}
{'epoch': 32, 'gt_rank_stats': {'mean': 6.59375, 'median': 6.0, 'p95': 13.45}, 'margin_target_stats': {'pre': {'mean': 0.0, 'median': 0.0, 'p95': 0.0}, 'post': {'mean': 0.0, 'median': 0.0, 'p95': 0.0}, 'count': 0}, 'hn_target_persistence': 0.0, 'rm_teacher_spearman': {'mean': 0.4306609740670463, 'median': 0.6813725490196079, 'p95': 0.8529411764705883, 'count': 31}}
{'epoch': 32, 'progress_report': {'loss_name': 'bt_pair_loss', 'loss': 0.6234490845133277, 'loss_delta': -0.0006190115476355507, 'top1': 0.09375, 'top1_delta': 0.0, 'recall_at_K': 0.28125, 'recall_delta': 0.0, 'aligned_loss_vs_metrics': False}}
{'epoch': 32, 'eval_manifest': 'results/rm_bt_teacher_allpairs_e50_n32_bs32_acc4_lse_t1.0/eval_subset_manifest.json', 'eval_records': 32}
{'epoch': 33, 'bt_pair_loss': 0.6208283515537486, 'pairs': 4352}
{'epoch': 33, 'eval_top1_acc': 0.09375, 'eval_recall_at_K': 0.28125, 'eval_samples': 32, 'K': 3}
{'epoch': 33, 'confusor_coverage': {'wrong_samples': 29, 'covered': 28, 'covered_ratio': 0.9655172413793104}}
{'epoch': 33, 'gt_rank_stats': {'mean': 6.59375, 'median': 6.0, 'p95': 13.45}, 'margin_target_stats': {'pre': {'mean': 0.0, 'median': 0.0, 'p95': 0.0}, 'post': {'mean': 0.0, 'median': 0.0, 'p95': 0.0}, 'count': 0}, 'hn_target_persistence': 0.0, 'rm_teacher_spearman': {'mean': 0.4306609740670463, 'median': 0.6813725490196079, 'p95': 0.8529411764705883, 'count': 31}}
{'epoch': 33, 'progress_report': {'loss_name': 'bt_pair_loss', 'loss': 0.6208283515537486, 'loss_delta': -0.0026207329595790974, 'top1': 0.09375, 'top1_delta': 0.0, 'recall_at_K': 0.28125, 'recall_delta': 0.0, 'aligned_loss_vs_metrics': False}}
{'epoch': 33, 'eval_manifest': 'results/rm_bt_teacher_allpairs_e50_n32_bs32_acc4_lse_t1.0/eval_subset_manifest.json', 'eval_records': 32}
{'epoch': 34, 'bt_pair_loss': 0.6242060689803433, 'pairs': 4352}
{'epoch': 34, 'eval_top1_acc': 0.09375, 'eval_recall_at_K': 0.28125, 'eval_samples': 32, 'K': 3}
{'epoch': 34, 'confusor_coverage': {'wrong_samples': 29, 'covered': 28, 'covered_ratio': 0.9655172413793104}}
{'epoch': 34, 'gt_rank_stats': {'mean': 6.59375, 'median': 6.0, 'p95': 13.45}, 'margin_target_stats': {'pre': {'mean': 0.0, 'median': 0.0, 'p95': 0.0}, 'post': {'mean': 0.0, 'median': 0.0, 'p95': 0.0}, 'count': 0}, 'hn_target_persistence': 0.0, 'rm_teacher_spearman': {'mean': 0.4306609740670463, 'median': 0.6813725490196079, 'p95': 0.8529411764705883, 'count': 31}}
{'epoch': 34, 'progress_report': {'loss_name': 'bt_pair_loss', 'loss': 0.6242060689803433, 'loss_delta': 0.003377717426594651, 'top1': 0.09375, 'top1_delta': 0.0, 'recall_at_K': 0.28125, 'recall_delta': 0.0, 'aligned_loss_vs_metrics': False}}
{'epoch': 34, 'eval_manifest': 'results/rm_bt_teacher_allpairs_e50_n32_bs32_acc4_lse_t1.0/eval_subset_manifest.json', 'eval_records': 32}
{'epoch': 35, 'bt_pair_loss': 0.6196475552723688, 'pairs': 4352}
{'epoch': 35, 'eval_top1_acc': 0.09375, 'eval_recall_at_K': 0.28125, 'eval_samples': 32, 'K': 3}
{'epoch': 35, 'confusor_coverage': {'wrong_samples': 29, 'covered': 28, 'covered_ratio': 0.9655172413793104}}
{'epoch': 35, 'gt_rank_stats': {'mean': 6.59375, 'median': 6.0, 'p95': 13.45}, 'margin_target_stats': {'pre': {'mean': 0.0, 'median': 0.0, 'p95': 0.0}, 'post': {'mean': 0.0, 'median': 0.0, 'p95': 0.0}, 'count': 0}, 'hn_target_persistence': 0.0, 'rm_teacher_spearman': {'mean': 0.4330328905755852, 'median': 0.6691176470588236, 'p95': 0.8296568627450982, 'count': 31}}
{'epoch': 35, 'progress_report': {'loss_name': 'bt_pair_loss', 'loss': 0.6196475552723688, 'loss_delta': -0.004558513707974443, 'top1': 0.09375, 'top1_delta': 0.0, 'recall_at_K': 0.28125, 'recall_delta': 0.0, 'aligned_loss_vs_metrics': False}}
{'epoch': 35, 'eval_manifest': 'results/rm_bt_teacher_allpairs_e50_n32_bs32_acc4_lse_t1.0/eval_subset_manifest.json', 'eval_records': 32}
{'epoch': 36, 'bt_pair_loss': 0.620763370219399, 'pairs': 4352}
{'epoch': 36, 'eval_top1_acc': 0.09375, 'eval_recall_at_K': 0.28125, 'eval_samples': 32, 'K': 3}
{'epoch': 36, 'confusor_coverage': {'wrong_samples': 29, 'covered': 28, 'covered_ratio': 0.9655172413793104}}
{'epoch': 36, 'gt_rank_stats': {'mean': 6.59375, 'median': 6.0, 'p95': 13.45}, 'margin_target_stats': {'pre': {'mean': 0.0, 'median': 0.0, 'p95': 0.0}, 'post': {'mean': 0.0, 'median': 0.0, 'p95': 0.0}, 'count': 0}, 'hn_target_persistence': 0.0, 'rm_teacher_spearman': {'mean': 0.4312144212523719, 'median': 0.6838235294117647, 'p95': 0.8443627450980393, 'count': 31}}
{'epoch': 36, 'progress_report': {'loss_name': 'bt_pair_loss', 'loss': 0.620763370219399, 'loss_delta': 0.0011158149470301693, 'top1': 0.09375, 'top1_delta': 0.0, 'recall_at_K': 0.28125, 'recall_delta': 0.0, 'aligned_loss_vs_metrics': False}}
{'epoch': 36, 'eval_manifest': 'results/rm_bt_teacher_allpairs_e50_n32_bs32_acc4_lse_t1.0/eval_subset_manifest.json', 'eval_records': 32}
{'epoch': 37, 'bt_pair_loss': 0.6214683857910773, 'pairs': 4352}
{'epoch': 37, 'eval_top1_acc': 0.09375, 'eval_recall_at_K': 0.28125, 'eval_samples': 32, 'K': 3}
{'epoch': 37, 'confusor_coverage': {'wrong_samples': 29, 'covered': 28, 'covered_ratio': 0.9655172413793104}}
{'epoch': 37, 'gt_rank_stats': {'mean': 6.625, 'median': 6.0, 'p95': 14.0}, 'margin_target_stats': {'pre': {'mean': 0.0, 'median': 0.0, 'p95': 0.0}, 'post': {'mean': 0.0, 'median': 0.0, 'p95': 0.0}, 'count': 0}, 'hn_target_persistence': 0.0, 'rm_teacher_spearman': {'mean': 0.43311195445920314, 'median': 0.6813725490196079, 'p95': 0.8223039215686276, 'count': 31}}
{'epoch': 37, 'progress_report': {'loss_name': 'bt_pair_loss', 'loss': 0.6214683857910773, 'loss_delta': 0.0007050155716783468, 'top1': 0.09375, 'top1_delta': 0.0, 'recall_at_K': 0.28125, 'recall_delta': 0.0, 'aligned_loss_vs_metrics': False}}
{'epoch': 37, 'eval_manifest': 'results/rm_bt_teacher_allpairs_e50_n32_bs32_acc4_lse_t1.0/eval_subset_manifest.json', 'eval_records': 32}
{'epoch': 38, 'bt_pair_loss': 0.6167536590467481, 'pairs': 4352}
{'epoch': 38, 'eval_top1_acc': 0.09375, 'eval_recall_at_K': 0.28125, 'eval_samples': 32, 'K': 3}
{'epoch': 38, 'confusor_coverage': {'wrong_samples': 29, 'covered': 28, 'covered_ratio': 0.9655172413793104}}
{'epoch': 38, 'gt_rank_stats': {'mean': 6.71875, 'median': 6.0, 'p95': 14.0}, 'margin_target_stats': {'pre': {'mean': 0.0, 'median': 0.0, 'p95': 0.0}, 'post': {'mean': 0.0, 'median': 0.0, 'p95': 0.0}, 'count': 0}, 'hn_target_persistence': 0.0, 'rm_teacher_spearman': {'mean': 0.4333491461100569, 'median': 0.6838235294117647, 'p95': 0.8051470588235295, 'count': 31}}
{'epoch': 38, 'progress_report': {'loss_name': 'bt_pair_loss', 'loss': 0.6167536590467481, 'loss_delta': -0.004714726744329267, 'top1': 0.09375, 'top1_delta': 0.0, 'recall_at_K': 0.28125, 'recall_delta': 0.0, 'aligned_loss_vs_metrics': False}}
{'epoch': 38, 'eval_manifest': 'results/rm_bt_teacher_allpairs_e50_n32_bs32_acc4_lse_t1.0/eval_subset_manifest.json', 'eval_records': 32}
{'epoch': 39, 'bt_pair_loss': 0.6175568167339353, 'pairs': 4352}
{'epoch': 39, 'eval_top1_acc': 0.09375, 'eval_recall_at_K': 0.28125, 'eval_samples': 32, 'K': 3}
{'epoch': 39, 'confusor_coverage': {'wrong_samples': 29, 'covered': 28, 'covered_ratio': 0.9655172413793104}}
{'epoch': 39, 'gt_rank_stats': {'mean': 6.625, 'median': 6.0, 'p95': 14.0}, 'margin_target_stats': {'pre': {'mean': 0.0, 'median': 0.0, 'p95': 0.0}, 'post': {'mean': 0.0, 'median': 0.0, 'p95': 0.0}, 'count': 0}, 'hn_target_persistence': 0.0, 'rm_teacher_spearman': {'mean': 0.43311195445920314, 'median': 0.6813725490196079, 'p95': 0.8223039215686276, 'count': 31}}
{'epoch': 39, 'progress_report': {'loss_name': 'bt_pair_loss', 'loss': 0.6175568167339353, 'loss_delta': 0.0008031576871871948, 'top1': 0.09375, 'top1_delta': 0.0, 'recall_at_K': 0.28125, 'recall_delta': 0.0, 'aligned_loss_vs_metrics': False}}
{'epoch': 39, 'eval_manifest': 'results/rm_bt_teacher_allpairs_e50_n32_bs32_acc4_lse_t1.0/eval_subset_manifest.json', 'eval_records': 32}
{'epoch': 40, 'bt_pair_loss': 0.616928401238778, 'pairs': 4352}
{'epoch': 40, 'eval_top1_acc': 0.09375, 'eval_recall_at_K': 0.28125, 'eval_samples': 32, 'K': 3}
{'epoch': 40, 'confusor_coverage': {'wrong_samples': 29, 'covered': 28, 'covered_ratio': 0.9655172413793104}}
{'epoch': 40, 'gt_rank_stats': {'mean': 6.71875, 'median': 6.0, 'p95': 14.0}, 'margin_target_stats': {'pre': {'mean': 0.0, 'median': 0.0, 'p95': 0.0}, 'post': {'mean': 0.0, 'median': 0.0, 'p95': 0.0}, 'count': 0}, 'hn_target_persistence': 0.0, 'rm_teacher_spearman': {'mean': 0.4333491461100569, 'median': 0.6838235294117647, 'p95': 0.8051470588235295, 'count': 31}}
{'epoch': 40, 'progress_report': {'loss_name': 'bt_pair_loss', 'loss': 0.616928401238778, 'loss_delta': -0.0006284154951572418, 'top1': 0.09375, 'top1_delta': 0.0, 'recall_at_K': 0.28125, 'recall_delta': 0.0, 'aligned_loss_vs_metrics': False}}
{'epoch': 40, 'eval_manifest': 'results/rm_bt_teacher_allpairs_e50_n32_bs32_acc4_lse_t1.0/eval_subset_manifest.json', 'eval_records': 32}
{'epoch': 41, 'bt_pair_loss': 0.6146667838534888, 'pairs': 4352}
{'epoch': 41, 'eval_top1_acc': 0.09375, 'eval_recall_at_K': 0.28125, 'eval_samples': 32, 'K': 3}
{'epoch': 41, 'confusor_coverage': {'wrong_samples': 29, 'covered': 28, 'covered_ratio': 0.9655172413793104}}
{'epoch': 41, 'gt_rank_stats': {'mean': 6.71875, 'median': 6.0, 'p95': 14.0}, 'margin_target_stats': {'pre': {'mean': 0.0, 'median': 0.0, 'p95': 0.0}, 'post': {'mean': 0.0, 'median': 0.0, 'p95': 0.0}, 'count': 0}, 'hn_target_persistence': 0.0, 'rm_teacher_spearman': {'mean': 0.4333491461100569, 'median': 0.6838235294117647, 'p95': 0.8051470588235295, 'count': 31}}
{'epoch': 41, 'progress_report': {'loss_name': 'bt_pair_loss', 'loss': 0.6146667838534888, 'loss_delta': -0.002261617385289183, 'top1': 0.09375, 'top1_delta': 0.0, 'recall_at_K': 0.28125, 'recall_delta': 0.0, 'aligned_loss_vs_metrics': False}}
{'epoch': 41, 'eval_manifest': 'results/rm_bt_teacher_allpairs_e50_n32_bs32_acc4_lse_t1.0/eval_subset_manifest.json', 'eval_records': 32}
{'epoch': 42, 'bt_pair_loss': 0.6168561308261227, 'pairs': 4352}
{'epoch': 42, 'eval_top1_acc': 0.09375, 'eval_recall_at_K': 0.28125, 'eval_samples': 32, 'K': 3}
{'epoch': 42, 'confusor_coverage': {'wrong_samples': 29, 'covered': 28, 'covered_ratio': 0.9655172413793104}}
{'epoch': 42, 'gt_rank_stats': {'mean': 6.8125, 'median': 6.0, 'p95': 14.0}, 'margin_target_stats': {'pre': {'mean': 0.0, 'median': 0.0, 'p95': 0.0}, 'post': {'mean': 0.0, 'median': 0.0, 'p95': 0.0}, 'count': 0}, 'hn_target_persistence': 0.0, 'rm_teacher_spearman': {'mean': 0.43311195445920303, 'median': 0.6740196078431373, 'p95': 0.7892156862745099, 'count': 31}}
{'epoch': 42, 'progress_report': {'loss_name': 'bt_pair_loss', 'loss': 0.6168561308261227, 'loss_delta': 0.0021893469726338433, 'top1': 0.09375, 'top1_delta': 0.0, 'recall_at_K': 0.28125, 'recall_delta': 0.0, 'aligned_loss_vs_metrics': False}}
{'epoch': 42, 'eval_manifest': 'results/rm_bt_teacher_allpairs_e50_n32_bs32_acc4_lse_t1.0/eval_subset_manifest.json', 'eval_records': 32}
{'epoch': 43, 'bt_pair_loss': 0.6161408943726736, 'pairs': 4352}
{'epoch': 43, 'eval_top1_acc': 0.09375, 'eval_recall_at_K': 0.28125, 'eval_samples': 32, 'K': 3}
{'epoch': 43, 'confusor_coverage': {'wrong_samples': 29, 'covered': 28, 'covered_ratio': 0.9655172413793104}}
{'epoch': 43, 'gt_rank_stats': {'mean': 6.8125, 'median': 6.0, 'p95': 14.0}, 'margin_target_stats': {'pre': {'mean': 0.0, 'median': 0.0, 'p95': 0.0}, 'post': {'mean': 0.0, 'median': 0.0, 'p95': 0.0}, 'count': 0}, 'hn_target_persistence': 0.0, 'rm_teacher_spearman': {'mean': 0.43240037950664134, 'median': 0.644607843137255, 'p95': 0.7720588235294119, 'count': 31}}
{'epoch': 43, 'progress_report': {'loss_name': 'bt_pair_loss', 'loss': 0.6161408943726736, 'loss_delta': -0.0007152364534490641, 'top1': 0.09375, 'top1_delta': 0.0, 'recall_at_K': 0.28125, 'recall_delta': 0.0, 'aligned_loss_vs_metrics': False}}
{'epoch': 43, 'eval_manifest': 'results/rm_bt_teacher_allpairs_e50_n32_bs32_acc4_lse_t1.0/eval_subset_manifest.json', 'eval_records': 32}
{'epoch': 44, 'bt_pair_loss': 0.6134756588760544, 'pairs': 4352}
{'epoch': 44, 'eval_top1_acc': 0.09375, 'eval_recall_at_K': 0.28125, 'eval_samples': 32, 'K': 3}
{'epoch': 44, 'confusor_coverage': {'wrong_samples': 29, 'covered': 28, 'covered_ratio': 0.9655172413793104}}
{'epoch': 44, 'gt_rank_stats': {'mean': 6.8125, 'median': 6.0, 'p95': 14.0}, 'margin_target_stats': {'pre': {'mean': 0.0, 'median': 0.0, 'p95': 0.0}, 'post': {'mean': 0.0, 'median': 0.0, 'p95': 0.0}, 'count': 0}, 'hn_target_persistence': 0.0, 'rm_teacher_spearman': {'mean': 0.43287476280834913, 'median': 0.6397058823529413, 'p95': 0.7561274509803922, 'count': 31}}
{'epoch': 44, 'progress_report': {'loss_name': 'bt_pair_loss', 'loss': 0.6134756588760544, 'loss_delta': -0.0026652354966192338, 'top1': 0.09375, 'top1_delta': 0.0, 'recall_at_K': 0.28125, 'recall_delta': 0.0, 'aligned_loss_vs_metrics': False}}
{'epoch': 44, 'eval_manifest': 'results/rm_bt_teacher_allpairs_e50_n32_bs32_acc4_lse_t1.0/eval_subset_manifest.json', 'eval_records': 32}
{'epoch': 45, 'bt_pair_loss': 0.6162253423210453, 'pairs': 4352}
{'epoch': 45, 'eval_top1_acc': 0.09375, 'eval_recall_at_K': 0.28125, 'eval_samples': 32, 'K': 3}
{'epoch': 45, 'confusor_coverage': {'wrong_samples': 29, 'covered': 28, 'covered_ratio': 0.9655172413793104}}
{'epoch': 45, 'gt_rank_stats': {'mean': 6.8125, 'median': 6.0, 'p95': 14.0}, 'margin_target_stats': {'pre': {'mean': 0.0, 'median': 0.0, 'p95': 0.0}, 'post': {'mean': 0.0, 'median': 0.0, 'p95': 0.0}, 'count': 0}, 'hn_target_persistence': 0.0, 'rm_teacher_spearman': {'mean': 0.43287476280834913, 'median': 0.6397058823529413, 'p95': 0.7561274509803922, 'count': 31}}
{'epoch': 45, 'progress_report': {'loss_name': 'bt_pair_loss', 'loss': 0.6162253423210453, 'loss_delta': 0.0027496834449909358, 'top1': 0.09375, 'top1_delta': 0.0, 'recall_at_K': 0.28125, 'recall_delta': 0.0, 'aligned_loss_vs_metrics': False}}
{'epoch': 45, 'eval_manifest': 'results/rm_bt_teacher_allpairs_e50_n32_bs32_acc4_lse_t1.0/eval_subset_manifest.json', 'eval_records': 32}
{'epoch': 46, 'bt_pair_loss': 0.6133092834669001, 'pairs': 4352}
{'epoch': 46, 'eval_top1_acc': 0.09375, 'eval_recall_at_K': 0.28125, 'eval_samples': 32, 'K': 3}
{'epoch': 46, 'confusor_coverage': {'wrong_samples': 29, 'covered': 28, 'covered_ratio': 0.9655172413793104}}
{'epoch': 46, 'gt_rank_stats': {'mean': 6.8125, 'median': 6.0, 'p95': 14.0}, 'margin_target_stats': {'pre': {'mean': 0.0, 'median': 0.0, 'p95': 0.0}, 'post': {'mean': 0.0, 'median': 0.0, 'p95': 0.0}, 'count': 0}, 'hn_target_persistence': 0.0, 'rm_teacher_spearman': {'mean': 0.43287476280834913, 'median': 0.6397058823529413, 'p95': 0.7561274509803922, 'count': 31}}
{'epoch': 46, 'progress_report': {'loss_name': 'bt_pair_loss', 'loss': 0.6133092834669001, 'loss_delta': -0.0029160588541452537, 'top1': 0.09375, 'top1_delta': 0.0, 'recall_at_K': 0.28125, 'recall_delta': 0.0, 'aligned_loss_vs_metrics': False}}
{'epoch': 46, 'eval_manifest': 'results/rm_bt_teacher_allpairs_e50_n32_bs32_acc4_lse_t1.0/eval_subset_manifest.json', 'eval_records': 32}
{'epoch': 47, 'bt_pair_loss': 0.6138395561891443, 'pairs': 4352}
{'epoch': 47, 'eval_top1_acc': 0.09375, 'eval_recall_at_K': 0.28125, 'eval_samples': 32, 'K': 3}
{'epoch': 47, 'confusor_coverage': {'wrong_samples': 29, 'covered': 28, 'covered_ratio': 0.9655172413793104}}
{'epoch': 47, 'gt_rank_stats': {'mean': 6.8125, 'median': 6.0, 'p95': 14.0}, 'margin_target_stats': {'pre': {'mean': 0.0, 'median': 0.0, 'p95': 0.0}, 'post': {'mean': 0.0, 'median': 0.0, 'p95': 0.0}, 'count': 0}, 'hn_target_persistence': 0.0, 'rm_teacher_spearman': {'mean': 0.43287476280834913, 'median': 0.6397058823529413, 'p95': 0.7561274509803922, 'count': 31}}
{'epoch': 47, 'progress_report': {'loss_name': 'bt_pair_loss', 'loss': 0.6138395561891443, 'loss_delta': 0.0005302727222442627, 'top1': 0.09375, 'top1_delta': 0.0, 'recall_at_K': 0.28125, 'recall_delta': 0.0, 'aligned_loss_vs_metrics': False}}
{'epoch': 47, 'eval_manifest': 'results/rm_bt_teacher_allpairs_e50_n32_bs32_acc4_lse_t1.0/eval_subset_manifest.json', 'eval_records': 32}
{'epoch': 48, 'bt_pair_loss': 0.6128082766252405, 'pairs': 4352}
{'epoch': 48, 'eval_top1_acc': 0.09375, 'eval_recall_at_K': 0.28125, 'eval_samples': 32, 'K': 3}
{'epoch': 48, 'confusor_coverage': {'wrong_samples': 29, 'covered': 28, 'covered_ratio': 0.9655172413793104}}
{'epoch': 48, 'gt_rank_stats': {'mean': 6.8125, 'median': 6.0, 'p95': 14.0}, 'margin_target_stats': {'pre': {'mean': 0.0, 'median': 0.0, 'p95': 0.0}, 'post': {'mean': 0.0, 'median': 0.0, 'p95': 0.0}, 'count': 0}, 'hn_target_persistence': 0.0, 'rm_teacher_spearman': {'mean': 0.43287476280834913, 'median': 0.6397058823529413, 'p95': 0.7561274509803922, 'count': 31}}
{'epoch': 48, 'progress_report': {'loss_name': 'bt_pair_loss', 'loss': 0.6128082766252405, 'loss_delta': -0.0010312795639038086, 'top1': 0.09375, 'top1_delta': 0.0, 'recall_at_K': 0.28125, 'recall_delta': 0.0, 'aligned_loss_vs_metrics': False}}
{'epoch': 48, 'eval_manifest': 'results/rm_bt_teacher_allpairs_e50_n32_bs32_acc4_lse_t1.0/eval_subset_manifest.json', 'eval_records': 32}
{'epoch': 49, 'bt_pair_loss': 0.6132717415252152, 'pairs': 4352}
{'epoch': 49, 'eval_top1_acc': 0.09375, 'eval_recall_at_K': 0.28125, 'eval_samples': 32, 'K': 3}
{'epoch': 49, 'confusor_coverage': {'wrong_samples': 29, 'covered': 28, 'covered_ratio': 0.9655172413793104}}
{'epoch': 49, 'gt_rank_stats': {'mean': 6.8125, 'median': 6.0, 'p95': 14.0}, 'margin_target_stats': {'pre': {'mean': 0.0, 'median': 0.0, 'p95': 0.0}, 'post': {'mean': 0.0, 'median': 0.0, 'p95': 0.0}, 'count': 0}, 'hn_target_persistence': 0.0, 'rm_teacher_spearman': {'mean': 0.43287476280834913, 'median': 0.6397058823529413, 'p95': 0.7561274509803922, 'count': 31}}
{'epoch': 49, 'progress_report': {'loss_name': 'bt_pair_loss', 'loss': 0.6132717415252152, 'loss_delta': 0.0004634648999747304, 'top1': 0.09375, 'top1_delta': 0.0, 'recall_at_K': 0.28125, 'recall_delta': 0.0, 'aligned_loss_vs_metrics': False}}
{'epoch': 49, 'eval_manifest': 'results/rm_bt_teacher_allpairs_e50_n32_bs32_acc4_lse_t1.0/eval_subset_manifest.json', 'eval_records': 32}

Training completed!
/opt/anaconda3/lib/python3.12/site-packages/peft/utils/save_and_load.py:236: UserWarning: Could not find a config file in  - will assume that the vocabulary was not modified.
  {f"{name}.{k}": v for k, v in module.adapter_state_dict(adapter_name, module_state_dict).items()}

Saved:
  - LoRA adapters: results/rm_bt_teacher_allpairs_e50_n32_bs32_acc4_lse_t1.0/adapters/
  - Embeddings + V-head: results/rm_bt_teacher_allpairs_e50_n32_bs32_acc4_lse_t1.0/heads.pt
