================================================================================
Transformer Routed Soft-OMP with Real LDV Data
================================================================================
Output directory: results/omp_transformer_speech260_train_20251114_185318

================================================================================
STEP 1: Data Loading and Preprocessing
================================================================================
Loading H matrix from: /Users/sbplab/LDV-data-processed/h_matrix_box_ldv_correct.pth
Loading W matrix from: doa_speech260_config_c_16k_smoke_mps_20251114_184322/models/usm.pth
Raw data loaded:
  H shape: torch.Size([346, 37]), range: [0.000677, 0.148538]
  W shape: torch.Size([346, 50]), range: [0.000000, 1.312674]
  Angles: 37 total, [0.0, 5.0, 10.0, 15.0, 20.0, 25.0, 30.0, 35.0, 40.0, 45.0, 50.0, 55.0, 60.0, 65.0, 70.0, 75.0, 80.0, 85.0, 90.0, 95.0, 100.0, 105.0, 110.0, 115.0, 120.0, 125.0, 130.0, 135.0, 140.0, 145.0, 150.0, 155.0, 160.0, 165.0, 170.0, 175.0, 180.0]

=== Atom Reduction via K-means ===
Input: W shape torch.Size([346, 50]) (346 freq bins × 50 atoms)
Target: 8 clusters
K-means completed:
  Centroids shape: torch.Size([346, 8])
  Cluster sizes: [2, 7, 1, 2, 1, 2, 34, 1]
  Reconstruction error: 1.0791 (107.91%)

=== Using Full Frequency Resolution (NO PCA) ===
H shape: torch.Size([346, 37])
W shape: torch.Size([346, 8])
Rationale: PCA may discard low-variance but high-discriminability features
           Greedy achieves 83.8% with F=346; test if Transformer needs full info too

=== Building Dictionary ===
Dictionary built:
  Shape: torch.Size([346, 296]) (F=346, P=296)
  Mutual coherence μ_max: 1.0000
  Mutual coherence μ_mean: 0.1534
  Index mapping: 296 entries

=== Loading LDV Samples with DoADataset ===
Dataset root: /Users/sbplab/LDV-data-processed/speech260_box_16k_no_edge_sync_vad_normalized
DoADataset created:
  Total samples: 9620
  Angles: [0.0, 5.0, 10.0, 15.0, 20.0, 25.0, 30.0, 35.0, 40.0, 45.0, 50.0, 55.0, 60.0, 65.0, 70.0, 75.0, 80.0, 85.0, 90.0, 95.0, 100.0, 105.0, 110.0, 115.0, 120.0, 125.0, 130.0, 135.0, 140.0, 145.0, 150.0, 155.0, 160.0, 165.0, 170.0, 175.0, 180.0]
  STFT: fs=16000, n_fft=2048, freq_band=[300, 3000]Hz
  Using scipy.signal.stft with DC offset removal

Loaded samples:
  Y_samples: torch.Size([9620, 346])
  Labels: torch.Size([9620]), unique angles: 37
  Metadata: 9620 entries
Dataset fingerprint (MD5): f563984848ae49b4443378c4ef720a51
  Computed from 9620 .npy files

================================================================================
STEP 2: Model Initialization
================================================================================

=== Parameter Reduction Strategy ===
  Input frequency dimension F: 346
  Transformer embedding dimension d: 128
  Ratio d/F: 0.370
  Token projection size: 2 × (346 × 128) = 88,576 parameters
  (vs naive F×F: 2 × (346 × 346) = 239,432 parameters)
  Parameter reduction: 63.0%

Model architecture:
  F (input freq dim): 346
  d_model (embedding dim): 128
  E (experts/angles): 37
  M (atoms/expert): 8
  P (total atoms): 296
  nhead: 2
  nlayers: 1
  routing_mode: qk (hybrid_alpha=n/a)
  Total parameters: 319,875
  Trainable parameters: 319,875

================================================================================
STEP 3: Training
================================================================================
Epoch   1/20: loss=2.1200 rec=0.0023 mono=0.0000 class=2.4519 acc=0.360 teach=0.016 align=0.288 tau_e=0.748 tau_a=0.754 eta=0.654
Epoch   2/20: loss=1.6627 rec=0.0023 mono=0.0000 class=1.7116
Epoch   3/20: loss=1.5329 rec=0.0023 mono=0.0000 class=1.4915
Epoch   4/20: loss=1.4602 rec=0.0023 mono=0.0000 class=1.3940
Epoch   5/20: loss=1.4174 rec=0.0023 mono=0.0000 class=1.3300
Epoch   6/20: loss=1.3831 rec=0.0023 mono=0.0000 class=1.2799
Epoch   7/20: loss=1.3597 rec=0.0024 mono=0.0000 class=1.2523
Epoch   8/20: loss=1.3332 rec=0.0023 mono=0.0000 class=1.2285
Epoch   9/20: loss=1.3213 rec=0.0024 mono=0.0000 class=1.2064
Epoch  10/20: loss=1.3033 rec=0.0024 mono=0.0000 class=1.1846 acc=0.454 teach=0.016 align=0.264 tau_e=0.586 tau_a=0.644 eta=0.699
Epoch  11/20: loss=0.1506 rec=0.0023 mono=0.0000 class=0.2966
Epoch  12/20: loss=0.1111 rec=0.0023 mono=0.0000 class=0.2177
Epoch  13/20: loss=0.1074 rec=0.0023 mono=0.0000 class=0.2102
Epoch  14/20: loss=0.0962 rec=0.0023 mono=0.0000 class=0.1878
Epoch  15/20: loss=0.0961 rec=0.0023 mono=0.0000 class=0.1875
Epoch  16/20: loss=0.0932 rec=0.0023 mono=0.0000 class=0.1818
Epoch  17/20: loss=0.0881 rec=0.0023 mono=0.0000 class=0.1716
Epoch  18/20: loss=0.0905 rec=0.0023 mono=0.0000 class=0.1764
Epoch  19/20: loss=0.0828 rec=0.0023 mono=0.0000 class=0.1609
Epoch  20/20: loss=0.0889 rec=0.0023 mono=0.0000 class=0.1731 acc=0.975 teach=0.016 align=-0.035 tau_e=0.612 tau_a=0.720 eta=0.851

================================================================================
STEP 4: Final Evaluation
================================================================================

Final Results (Best model from epoch 20):
  Overall accuracy: 0.975 (97.5%)
  Baseline (commit b573aa6): 0.838 (83.8%)

Per-angle accuracy:
  Angle   0°: 0.996 ( 99.6%) - 260 samples
  Angle   5°: 1.000 (100.0%) - 260 samples
  Angle  10°: 1.000 (100.0%) - 260 samples
  Angle  15°: 1.000 (100.0%) - 260 samples
  Angle  20°: 1.000 (100.0%) - 260 samples
  Angle  25°: 1.000 (100.0%) - 260 samples
  Angle  30°: 1.000 (100.0%) - 260 samples
  Angle  35°: 1.000 (100.0%) - 260 samples
  Angle  40°: 1.000 (100.0%) - 260 samples
  Angle  45°: 1.000 (100.0%) - 260 samples
  Angle  50°: 0.773 ( 77.3%) - 260 samples
  Angle  55°: 1.000 (100.0%) - 260 samples
  Angle  60°: 0.996 ( 99.6%) - 260 samples
  Angle  65°: 1.000 (100.0%) - 260 samples
  Angle  70°: 0.881 ( 88.1%) - 260 samples
  Angle  75°: 0.935 ( 93.5%) - 260 samples
  Angle  80°: 1.000 (100.0%) - 260 samples
  Angle  85°: 0.969 ( 96.9%) - 260 samples
  Angle  90°: 1.000 (100.0%) - 260 samples
  Angle  95°: 0.969 ( 96.9%) - 260 samples
  Angle 100°: 1.000 (100.0%) - 260 samples
  Angle 105°: 1.000 (100.0%) - 260 samples
  Angle 110°: 0.988 ( 98.8%) - 260 samples
  Angle 115°: 1.000 (100.0%) - 260 samples
  Angle 120°: 1.000 (100.0%) - 260 samples
  Angle 125°: 0.996 ( 99.6%) - 260 samples
  Angle 130°: 0.923 ( 92.3%) - 260 samples
  Angle 135°: 0.912 ( 91.2%) - 260 samples
  Angle 140°: 1.000 (100.0%) - 260 samples
  Angle 145°: 0.985 ( 98.5%) - 260 samples
  Angle 150°: 1.000 (100.0%) - 260 samples
  Angle 155°: 1.000 (100.0%) - 260 samples
  Angle 160°: 1.000 (100.0%) - 260 samples
  Angle 165°: 0.985 ( 98.5%) - 260 samples
  Angle 170°: 0.977 ( 97.7%) - 260 samples
  Angle 175°: 1.000 (100.0%) - 260 samples
  Angle 180°: 0.788 ( 78.8%) - 260 samples

Problematic angles from baseline:
   15°: 1.000 (IMPROVED)
   35°: 1.000 (IMPROVED)
   50°: 0.773 (IMPROVED)
   70°: 0.881 (IMPROVED)
  105°: 1.000 (IMPROVED)
  120°: 1.000 (IMPROVED)

================================================================================
STEP 5: Visualization
================================================================================
2025-11-15 03:15:43.221 python[69792:613388] +[NSXPCSharedListener endpointForReply:withListenerName:replyErrorCode:]: an error occurred while attempting to obtain endpoint for listener 'ClientCallsAuxiliary': Connection interrupted
Saved figure: results/omp_transformer_speech260_train_20251114_185318/results.png

================================================================================
STEP 6: Saving Results
================================================================================
All results saved to: results/omp_transformer_speech260_train_20251114_185318

================================================================================
DONE
================================================================================
