RUN=rtgomp_lambda_cost_E4c_stopstatefix_ratio3_20260121_030820
SRC=results/rtgomp_lambda_cost_E4b_ratio3_20260121_020725
MIC_ROOT=/Users/jnrle/Documents/LDVReorientation/data/SpeechData/boy1/MIC
LDV_ROOT=/Users/jnrle/Documents/LDVReorientation/data/SpeechData/boy1/LDV
LAMBDAS=1e-4,3e-4,1e-3,3e-3,1e-2
DATE=Wed Jan 21 03:08:20 CST 2026
GIT_HEAD=ef44d93ba2a8276e76c470fca9ddc6c084672840
GIT_STATUS_PORCELAIN:
A  docs/rtgomp_complexity_cost_E4b_acceptance_report_template.md
A  docs/rtgomp_complexity_cost_E4b_engineer_prompt.md
A  docs/rtgomp_complexity_cost_E4b_plan.md
A  docs/rtgomp_complexity_cost_E4b_spec.md
M  scripts/h_exploration/run_dagger_collect.py
 M scripts/h_exploration/train_dt_lag_seq_rtg.py
?? docs/COMPILATION_SUMMARY.md
?? docs/E4_RESULTS_ANALYSIS.md
?? docs/LATEX_README.md
?? docs/LATEX_USAGE_GUIDE.md
?? docs/compile.sh
?? docs/latex_example_document.aux
?? docs/latex_example_document.tex
?? docs/latex_tables_figures.tex
?? docs/latex_tables_simple.tex
?? docs/rtg_derived.,md
?? docs/rtg_omp_physics_derived_zh_tw.md
?? docs/rtgomp_complexity_cost_E4c_stop_state_fix_acceptance_report_template.md
?? docs/rtgomp_complexity_cost_E4c_stop_state_fix_plan.md
?? docs/rtgomp_complexity_cost_E4c_stop_state_fix_spec.md
?? docs/rtgomp_complexity_cost_implementation_plan_zh_tw.md
?? docs/rtgomp_lambda_cost_followup_plan.md
?? docs/test_simple_tables.aux
?? docs/test_simple_tables.tex
[1/3] train_dt_lag_seq_rtg (STOP-state aligned)
INFO:__main__:Using device: mps
INFO:__main__:Loading sequence data with RTG from results/rtgomp_lambda_cost_E4c_stopstatefix_ratio3_20260121_030820/data/merged_trajectories.pt...
INFO:__main__:Loaded 107625 variable-length sequences. Feature dim: 101
INFO:__main__:Epoch 1: Train Loss=4.2128, Val Loss=3.9613, Acc=0.1480
INFO:__main__:Epoch 2: Train Loss=3.8265, Val Loss=3.6895, Acc=0.1763
INFO:__main__:Epoch 3: Train Loss=3.5680, Val Loss=3.4670, Acc=0.2044
INFO:__main__:Epoch 4: Train Loss=3.3243, Val Loss=3.2466, Acc=0.2336
INFO:__main__:Epoch 5: Train Loss=3.0880, Val Loss=3.0304, Acc=0.2702
INFO:__main__:Epoch 6: Train Loss=2.8741, Val Loss=2.8472, Acc=0.3043
INFO:__main__:Epoch 7: Train Loss=2.6961, Val Loss=2.6780, Acc=0.3375
INFO:__main__:Epoch 8: Train Loss=2.5505, Val Loss=2.5327, Acc=0.3683
INFO:__main__:Epoch 9: Train Loss=2.4270, Val Loss=2.4006, Acc=0.3961
INFO:__main__:Epoch 10: Train Loss=2.3291, Val Loss=2.3031, Acc=0.4176
INFO:__main__:Epoch 11: Train Loss=2.2447, Val Loss=2.2177, Acc=0.4402
INFO:__main__:Epoch 12: Train Loss=2.1717, Val Loss=2.1393, Acc=0.4617
INFO:__main__:Epoch 13: Train Loss=2.1116, Val Loss=2.0811, Acc=0.4768
INFO:__main__:Epoch 14: Train Loss=2.0572, Val Loss=2.0181, Acc=0.4939
INFO:__main__:Epoch 15: Train Loss=2.0098, Val Loss=1.9575, Acc=0.5083
[2/3] run_lambda_override_grid_eval (free)
INFO:__main__:Using device: mps
INFO:scripts.h_exploration.dataset_lag:Found 416 total WAV/NPY pairs across all angles
INFO:scripts.h_exploration.dataset_lag:Total clips avail: 416
lambda_c sweep:   0%|          | 0/5 [00:00<?, ?it/s]lambda_c sweep:  20%|██        | 1/5 [05:39<22:36, 339.14s/it]lambda_c sweep:  40%|████      | 2/5 [11:01<16:27, 329.01s/it]lambda_c sweep:  60%|██████    | 3/5 [16:44<11:11, 335.63s/it]lambda_c sweep:  80%|████████  | 4/5 [21:45<05:21, 321.84s/it]lambda_c sweep: 100%|██████████| 5/5 [27:03<00:00, 320.46s/it]lambda_c sweep: 100%|██████████| 5/5 [27:03<00:00, 324.65s/it]
INFO:__main__:Wrote results/rtgomp_lambda_cost_E4c_stopstatefix_ratio3_20260121_030820/eval/lambda_grid.json
[3/3] check_rtgomp_acceptance
{
  "overall_pass": true,
  "lambda_grid_path": "results/rtgomp_lambda_cost_E4c_stopstatefix_ratio3_20260121_030820/eval/lambda_grid.json",
  "checks": {
    "teacher_monotonicity": {
      "value": -0.9,
      "threshold": -0.6,
      "pass": true
    },
    "teacher_non_degenerate_steps": {
      "value": {
        "min": 15.415024390243902,
        "max": 15.934569105691057
      },
      "pass": true
    },
    "student_action_change": {
      "value": 0.3829742109742109,
      "threshold": 0.05,
      "pass": true
    },
    "student_logits_kl": {
      "value": 3.742625133356422,
      "threshold": 0.0,
      "pass": true
    },
    "tradeoff_non_degenerate": {
      "value": {
        "steps_range": 0.5195447154471555,
        "capture_range": 0.007347841402379429
      },
      "pass": true
    }
  },
  "per_entry_summary": [
    {
      "lambda_c": 0.0001,
      "rtg0": 0.0,
      "steps_used_mean": 15.927609756097562,
      "final_capture_mean": 0.9964071584949649,
      "action_change_rate_vs_ref": 0.0,
      "logits_kl_mean_vs_ref": 0.0
    },
    {
      "lambda_c": 0.0003,
      "rtg0": 0.2385606273598313,
      "steps_used_mean": 15.934569105691057,
      "final_capture_mean": 0.9967261862095779,
      "action_change_rate_vs_ref": 0.09701811846689895,
      "logits_kl_mean_vs_ref": 0.9364268379941019
    },
    {
      "lambda_c": 0.001,
      "rtg0": 0.5,
      "steps_used_mean": 15.924162601626016,
      "final_capture_mean": 0.9969970216479728,
      "action_change_rate_vs_ref": 0.19627535075583855,
      "logits_kl_mean_vs_ref": 1.8994163123521204
    },
    {
      "lambda_c": 0.003,
      "rtg0": 0.7385606273598313,
      "steps_used_mean": 15.820682926829269,
      "final_capture_mean": 0.9961497509227536,
      "action_change_rate_vs_ref": 0.28662823743555454,
      "logits_kl_mean_vs_ref": 2.765440802059635
    },
    {
      "lambda_c": 0.01,
      "rtg0": 1.0,
      "steps_used_mean": 15.415024390243902,
      "final_capture_mean": 0.9896491802455933,
      "action_change_rate_vs_ref": 0.3829742109742109,
      "logits_kl_mean_vs_ref": 3.742625133356422
    }
  ],
  "notes": [
    "This checker only validates the eval JSON structure and summary statistics; full reproducibility requires rerunning commands with the same manifest and seeds.",
    "If only stopping changes but early actions do not, action_change_rate may be small; consider adding STOP token, variable-horizon eval, or lookahead teacher to induce action-level differences."
  ]
}
DONE RUN=rtgomp_lambda_cost_E4c_stopstatefix_ratio3_20260121_030820
