
  0%|          | 0/3 [00:00<?, ?it/s]
 33%|███▎      | 1/3 [00:36<01:13, 36.75s/it]
 67%|██████▋   | 2/3 [01:13<00:36, 36.85s/it]
100%|██████████| 3/3 [01:50<00:00, 36.74s/it]
100%|██████████| 3/3 [01:50<00:00, 36.76s/it]

Using device: mps
Dataset Size: 416
Model Loaded.
Wrote results/rtgomp_stop_action_diagnostic_20260122_010415/summary/stop_diagnostics.json
STOP diagnostic summary:
total_freq_windows=15375
no_stop_rate=0.4353
stop_rate<=K=1: 0.0492
stop_rate<=K=2: 0.1379
stop_rate<=K=4: 0.2740
stop_rate<=K=8: 0.4637
stop_rate<=K=16: 0.5647
stop_step_mean=10.39
stop_step_median=10.00
stop_step_p90=17.00

zsh:264: MIC_ROOT: parameter not set
