================================================================================
DT-Min Trainer (hierarchical pointer)
================================================================================
Traj dir: results/dt_traj_qk_v1
Out dir: results/dt_min_qk_full
D: F=346, E=37, M=8, P=296
Epoch 1/8: loss=1.0626
Epoch 2/8: loss=0.0052
Epoch 3/8: loss=0.0011
Epoch 4/8: loss=0.0007
Epoch 5/8: loss=0.0006
Epoch 6/8: loss=0.0006
Epoch 7/8: loss=0.0006
Epoch 8/8: loss=0.0005
Final train step-acc: expert=1.000, atom=1.000
Angle accuracy via unroll (default RTG): 0.027

================================================================================
DT-Min training DONE
Metrics: results/dt_min_qk_full/metrics.npz; code_state: results/dt_min_qk_full/code_state.json
================================================================================
================================================================================
DT-Min Trainer (hierarchical pointer)
================================================================================
Traj dir: results/dt_traj_qk_v1
Out dir: results/dt_min_qk_full
D: F=346, E=37, M=8, P=296
Epoch 1/1: loss=1.0771
Final train step-acc: expert=1.000, atom=1.000
Teacher-forced step match: 1.000; angle accuracy: 0.027
Traceback (most recent call last):
  File "/Users/sbplab/jiawei/pg-ltr-frame-byol-worktree/worktrees/mdp-decision-transformer/scripts/dt_pointer_ldv.py", line 431, in <module>
    main()
  File "/Users/sbplab/jiawei/pg-ltr-frame-byol-worktree/worktrees/mdp-decision-transformer/scripts/dt_pointer_ldv.py", line 405, in main
    np.savez(out_dir / 'metrics.npz', history=np.array(hist, dtype=object), acc_e=acc_e, acc_a=acc_a, acc_angle=acc_angle)
                                                                                                                ^^^^^^^^^
NameError: name 'acc_angle' is not defined
================================================================================
DT-Min Trainer (hierarchical pointer)
================================================================================
Traj dir: results/dt_traj_qk_v1
Out dir: results/dt_min_qk_full
D: F=346, E=37, M=8, P=296
Epoch 1/1: loss=1.1570
Final train step-acc: expert=1.000, atom=1.000
Teacher-forced step match: 1.000; angle accuracy: 0.027

================================================================================
DT-Min training DONE
Metrics: results/dt_min_qk_full/metrics.npz; code_state: results/dt_min_qk_full/code_state.json
================================================================================
================================================================================
DT-Min Trainer (hierarchical pointer)
================================================================================
Traj dir: results/dt_traj_qk_v1
Out dir: results/dt_min_qk_full
D: F=346, E=37, M=8, P=296
Epoch 1/1: loss=0.8897
Final train step-acc: expert=1.000, atom=1.000
Teacher-forced step match: 1.000; angle accuracy: 0.027

================================================================================
DT-Min training DONE
Metrics: results/dt_min_qk_full/metrics.npz; code_state: results/dt_min_qk_full/code_state.json
================================================================================
