===== RUN START Mon Oct  6 04:35:44 CST 2025 =====

Device: mps

============================================================
Applying LoRA to Reward Model
============================================================
LoRA config:
  - Rank (r): 8
  - Alpha: 16
  - Dropout: 0.1
  - Target modules: ['c_attn', 'c_proj']

Parameter counts:
  - LoRA adapters:  45,056
  - Embeddings:     521,472
  - V-head:         257
  - Total trainable: 566,785 / 4,243,969 (13.36%)
  - Reduction vs full FT: 86.64%
============================================================

Training data:
  - Samples: 24
  - Reward range: [-0.30, -0.11]
  - Reward mean±std: -0.20 ± 0.05

Per‑patch IS (diagnostics) — mean over patches per sample: {'min': 0.10977415849461036, 'median': 0.20676097284596995, 'mean': 0.19637223694403816, 'p95': 0.2599803623021105, 'p99': 0.28896881668378605, 'max': 0.2973591222041318}

Numeric diagnostics (first 5 samples):
{'path': 'clip_000.npy', 'F': 346, 'N': 286, 'patch_is_mean': 0.1936, 'patch_is_p99': 0.3336}
{'path': 'clip_001.npy', 'F': 346, 'N': 286, 'patch_is_mean': 0.2352, 'patch_is_p99': 0.5249}
{'path': 'clip_002.npy', 'F': 346, 'N': 286, 'patch_is_mean': 0.2549, 'patch_is_p99': 0.4415}
{'path': 'clip_000.npy', 'F': 346, 'N': 286, 'patch_is_mean': 0.1139, 'patch_is_p99': 0.1856}
{'path': 'clip_001.npy', 'F': 346, 'N': 286, 'patch_is_mean': 0.2167, 'patch_is_p99': 0.4108}
Saved numeric diagnostics JSONL: results/rm_lora_mps_localizer_patchloss_100ep_24/numeric_diagnostics.jsonl
Optimizer:
  - LoRA LR:       0.0001
  - Embedding LR:  0.0001
  - V-head LR:     0.001

============================================================
Training
============================================================
{'epoch': 0, 'loss': 0.20119677484035492, 'mae': 0.3610329031944275, 'correlation': 0.012320440262556076}
{'epoch': 1, 'loss': 0.1368417739868164, 'mae': 0.29416191577911377, 'correlation': -0.015512053854763508}
{'epoch': 2, 'loss': 0.12904998660087585, 'mae': 0.2863185405731201, 'correlation': -0.00205209874548018}
{'epoch': 3, 'loss': 0.1263704001903534, 'mae': 0.28347331285476685, 'correlation': 0.005705215036869049}
{'epoch': 4, 'loss': 0.12385321408510208, 'mae': 0.279666930437088, 'correlation': -0.009659565053880215}
{'epoch': 5, 'loss': 0.1183382049202919, 'mae': 0.2741304636001587, 'correlation': -0.007892491295933723}
{'epoch': 6, 'loss': 0.11448285728693008, 'mae': 0.26969754695892334, 'correlation': 0.005976043175905943}
{'epoch': 7, 'loss': 0.10954580456018448, 'mae': 0.26368364691734314, 'correlation': -0.004386259708553553}
{'epoch': 8, 'loss': 0.10869195312261581, 'mae': 0.2625059485435486, 'correlation': -0.010054612532258034}
{'epoch': 9, 'loss': 0.10281924158334732, 'mae': 0.25595957040786743, 'correlation': -0.0028887162916362286}
{'epoch': 10, 'loss': 0.09603063762187958, 'mae': 0.24749046564102173, 'correlation': -0.0008973968797363341}
{'epoch': 11, 'loss': 0.09239523857831955, 'mae': 0.2430163323879242, 'correlation': -0.006521488539874554}
{'epoch': 12, 'loss': 0.08812606334686279, 'mae': 0.2368256151676178, 'correlation': 0.00011421387898735702}
{'epoch': 13, 'loss': 0.0829278826713562, 'mae': 0.22986645996570587, 'correlation': 0.01697220839560032}
{'epoch': 14, 'loss': 0.08173783123493195, 'mae': 0.22759146988391876, 'correlation': 0.002154572634026408}
{'epoch': 15, 'loss': 0.07675740122795105, 'mae': 0.22003431618213654, 'correlation': -0.00024923973251134157}
{'epoch': 16, 'loss': 0.07319601625204086, 'mae': 0.21518297493457794, 'correlation': -0.0003789544862229377}
{'epoch': 17, 'loss': 0.069576196372509, 'mae': 0.20938155055046082, 'correlation': -0.0059315236285328865}
{'epoch': 18, 'loss': 0.06675504893064499, 'mae': 0.20584994554519653, 'correlation': 0.006468111649155617}
{'epoch': 19, 'loss': 0.06287830322980881, 'mae': 0.19989684224128723, 'correlation': -0.004637840203940868}
{'epoch': 20, 'loss': 0.06075061485171318, 'mae': 0.19528114795684814, 'correlation': -0.011307056993246078}
{'epoch': 21, 'loss': 0.058139536529779434, 'mae': 0.19183020293712616, 'correlation': -0.0056021627970039845}
{'epoch': 22, 'loss': 0.053133171051740646, 'mae': 0.18280434608459473, 'correlation': 0.008223307318985462}
{'epoch': 23, 'loss': 0.0512491874396801, 'mae': 0.17931874096393585, 'correlation': 0.0013864552602171898}
{'epoch': 24, 'loss': 0.04829023405909538, 'mae': 0.174512580037117, 'correlation': 0.0025249971076846123}
{'epoch': 25, 'loss': 0.04651539400219917, 'mae': 0.1711471527814865, 'correlation': -0.010007879696786404}
{'epoch': 26, 'loss': 0.04425806552171707, 'mae': 0.16679716110229492, 'correlation': 0.006719544064253569}
{'epoch': 27, 'loss': 0.04263521358370781, 'mae': 0.16455800831317902, 'correlation': 0.0015858194092288613}
{'epoch': 28, 'loss': 0.03992821276187897, 'mae': 0.15781846642494202, 'correlation': 0.01900869607925415}
{'epoch': 29, 'loss': 0.037771888077259064, 'mae': 0.15439102053642273, 'correlation': 0.012451988644897938}
{'epoch': 30, 'loss': 0.03663315996527672, 'mae': 0.1507198065519333, 'correlation': -0.004342155065387487}
{'epoch': 31, 'loss': 0.03509318083524704, 'mae': 0.14786690473556519, 'correlation': 0.006456354632973671}
{'epoch': 32, 'loss': 0.03455360233783722, 'mae': 0.1476546674966812, 'correlation': -0.00399039126932621}
{'epoch': 33, 'loss': 0.03215795382857323, 'mae': 0.14216536283493042, 'correlation': -0.0027604931965470314}
{'epoch': 34, 'loss': 0.03115987963974476, 'mae': 0.13945312798023224, 'correlation': -0.001304904348216951}
{'epoch': 35, 'loss': 0.02943355031311512, 'mae': 0.13509318232536316, 'correlation': 0.013730600476264954}
{'epoch': 36, 'loss': 0.028895556926727295, 'mae': 0.13379453122615814, 'correlation': 0.0020588848274201155}
{'epoch': 37, 'loss': 0.027614308521151543, 'mae': 0.13043203949928284, 'correlation': 0.008813129737973213}
{'epoch': 38, 'loss': 0.026128876954317093, 'mae': 0.1267598420381546, 'correlation': 0.022005891427397728}
{'epoch': 39, 'loss': 0.025773586705327034, 'mae': 0.1273266226053238, 'correlation': -0.0027521606534719467}
{'epoch': 40, 'loss': 0.025164861232042313, 'mae': 0.12486132234334946, 'correlation': -0.004140753298997879}
{'epoch': 41, 'loss': 0.02348804660141468, 'mae': 0.12007784843444824, 'correlation': 0.01762496866285801}
{'epoch': 42, 'loss': 0.022294742986559868, 'mae': 0.11711912602186203, 'correlation': 0.021166088059544563}
{'epoch': 43, 'loss': 0.022351287305355072, 'mae': 0.11705735325813293, 'correlation': -0.0026021345984190702}
{'epoch': 44, 'loss': 0.021682459861040115, 'mae': 0.11507969349622726, 'correlation': 0.004051072522997856}
{'epoch': 45, 'loss': 0.020928675308823586, 'mae': 0.11308448016643524, 'correlation': 0.009675328619778156}
{'epoch': 46, 'loss': 0.02036704495549202, 'mae': 0.11186511814594269, 'correlation': 0.004702959209680557}
{'epoch': 47, 'loss': 0.019635505974292755, 'mae': 0.1093621701002121, 'correlation': 0.0018911606166511774}
{'epoch': 48, 'loss': 0.019160334020853043, 'mae': 0.10707573592662811, 'correlation': 0.012911850586533546}
{'epoch': 49, 'loss': 0.01871645264327526, 'mae': 0.1064557209610939, 'correlation': 0.006160808727145195}
{'epoch': 50, 'loss': 0.018614407628774643, 'mae': 0.10714861005544662, 'correlation': -0.005502598825842142}
{'epoch': 51, 'loss': 0.017716407775878906, 'mae': 0.10288501530885696, 'correlation': 0.01338968425989151}
{'epoch': 52, 'loss': 0.01726708561182022, 'mae': 0.10140151530504227, 'correlation': 0.007656540255993605}
{'epoch': 53, 'loss': 0.016842415556311607, 'mae': 0.10129440575838089, 'correlation': 0.009802646934986115}
{'epoch': 54, 'loss': 0.01664864644408226, 'mae': 0.10091737657785416, 'correlation': -0.0016876006266102195}
{'epoch': 55, 'loss': 0.016265183687210083, 'mae': 0.09732475876808167, 'correlation': 0.007309830281883478}
{'epoch': 56, 'loss': 0.01572224870324135, 'mae': 0.09688974916934967, 'correlation': 0.014469906687736511}
{'epoch': 57, 'loss': 0.015636475756764412, 'mae': 0.09774990379810333, 'correlation': 0.009698169305920601}
{'epoch': 58, 'loss': 0.01520661823451519, 'mae': 0.09494943916797638, 'correlation': 0.005421603098511696}
{'epoch': 59, 'loss': 0.015102914534509182, 'mae': 0.09250941872596741, 'correlation': 0.02362842857837677}
{'epoch': 60, 'loss': 0.014696747995913029, 'mae': 0.09422921389341354, 'correlation': 0.015092197805643082}
{'epoch': 61, 'loss': 0.014737446792423725, 'mae': 0.09429065883159637, 'correlation': 0.004567763302475214}
{'epoch': 62, 'loss': 0.014295952394604683, 'mae': 0.09021107107400894, 'correlation': 0.022344818338751793}
{'epoch': 63, 'loss': 0.01408986747264862, 'mae': 0.09060201793909073, 'correlation': 0.009000726044178009}
{'epoch': 64, 'loss': 0.013831127434968948, 'mae': 0.09141546487808228, 'correlation': 0.020588913932442665}
{'epoch': 65, 'loss': 0.013534202240407467, 'mae': 0.08905825018882751, 'correlation': 0.02247215062379837}
{'epoch': 66, 'loss': 0.013373994268476963, 'mae': 0.0871490016579628, 'correlation': 0.02955881506204605}
{'epoch': 67, 'loss': 0.013476694002747536, 'mae': 0.08870555460453033, 'correlation': -0.003540253732353449}
{'epoch': 68, 'loss': 0.01312625128775835, 'mae': 0.08823218196630478, 'correlation': 0.02263823337852955}
{'epoch': 69, 'loss': 0.013261399231851101, 'mae': 0.08694693446159363, 'correlation': -0.0012270029401406646}
{'epoch': 70, 'loss': 0.012827830389142036, 'mae': 0.08578254282474518, 'correlation': 0.01824953965842724}
{'epoch': 71, 'loss': 0.012785554863512516, 'mae': 0.08614528924226761, 'correlation': 0.01159387081861496}
{'epoch': 72, 'loss': 0.012457149103283882, 'mae': 0.08526840060949326, 'correlation': 0.030731668695807457}
{'epoch': 73, 'loss': 0.01235970202833414, 'mae': 0.08368761837482452, 'correlation': 0.028454206883907318}
{'epoch': 74, 'loss': 0.012272561900317669, 'mae': 0.08438673615455627, 'correlation': 0.019864192232489586}
{'epoch': 75, 'loss': 0.012142814695835114, 'mae': 0.08422336727380753, 'correlation': 0.02606675587594509}
{'epoch': 76, 'loss': 0.012225630693137646, 'mae': 0.0834667906165123, 'correlation': 0.013041091151535511}
{'epoch': 77, 'loss': 0.01186678558588028, 'mae': 0.08217380195856094, 'correlation': 0.03504173085093498}
{'epoch': 78, 'loss': 0.01189976092427969, 'mae': 0.08286061882972717, 'correlation': 0.021327007561922073}
{'epoch': 79, 'loss': 0.011646930128335953, 'mae': 0.08164983242750168, 'correlation': 0.03826363384723663}
{'epoch': 80, 'loss': 0.01159604825079441, 'mae': 0.08147840201854706, 'correlation': 0.03422733023762703}
{'epoch': 81, 'loss': 0.011761070229113102, 'mae': 0.08180340379476547, 'correlation': 0.011420437134802341}
{'epoch': 82, 'loss': 0.011618471704423428, 'mae': 0.08181773871183395, 'correlation': 0.01847960241138935}
{'epoch': 83, 'loss': 0.011373876594007015, 'mae': 0.08079089224338531, 'correlation': 0.037702228873968124}
{'epoch': 84, 'loss': 0.011557194404304028, 'mae': 0.0808887928724289, 'correlation': 0.016929462552070618}
{'epoch': 85, 'loss': 0.011431451886892319, 'mae': 0.08037596195936203, 'correlation': 0.021422185003757477}
{'epoch': 86, 'loss': 0.011394945904612541, 'mae': 0.08116359263658524, 'correlation': 0.021067922934889793}
{'epoch': 87, 'loss': 0.011305715888738632, 'mae': 0.07932684570550919, 'correlation': 0.021143237128853798}
{'epoch': 88, 'loss': 0.011253667995333672, 'mae': 0.08011651784181595, 'correlation': 0.02151370607316494}
{'epoch': 89, 'loss': 0.011366937309503555, 'mae': 0.08106410503387451, 'correlation': 0.00758881913498044}
{'epoch': 90, 'loss': 0.01119420025497675, 'mae': 0.07927478849887848, 'correlation': 0.016906486824154854}
{'epoch': 91, 'loss': 0.011094934307038784, 'mae': 0.07915475219488144, 'correlation': 0.020186543464660645}
{'epoch': 92, 'loss': 0.010947602801024914, 'mae': 0.0790831446647644, 'correlation': 0.03193684667348862}
{'epoch': 93, 'loss': 0.01092130970209837, 'mae': 0.0785379409790039, 'correlation': 0.03253277391195297}
{'epoch': 94, 'loss': 0.010911403223872185, 'mae': 0.07832049578428268, 'correlation': 0.032417237758636475}
{'epoch': 95, 'loss': 0.010842342860996723, 'mae': 0.07855954766273499, 'correlation': 0.034110888838768005}
{'epoch': 96, 'loss': 0.010774815455079079, 'mae': 0.07781677693128586, 'correlation': 0.03321252763271332}
{'epoch': 97, 'loss': 0.010736022144556046, 'mae': 0.07845242321491241, 'correlation': 0.03724641725420952}
{'epoch': 98, 'loss': 0.010664823465049267, 'mae': 0.07737662643194199, 'correlation': 0.03903304412961006}
{'epoch': 99, 'loss': 0.010747842490673065, 'mae': 0.07704323530197144, 'correlation': 0.02590436115860939}

Training completed!
  - Best loss: 0.0107
  - Best correlation: 0.0390

Saved:
  - LoRA adapters: rm_lora_mps_localizer_patchloss_100ep_24_adapters/
  - Embeddings + V-head: rm_lora_mps_localizer_patchloss_100ep_24_heads.pt

============================================================
Embedding Quality Analysis
============================================================
Direction token embeddings:
  - Similarity range: [-0.154, 1.000]
  - Mean off-diagonal: -0.002

Interpretation:
  - Random embeddings: ~0.0
  - Learned structure: >0.3 for nearby angles
============================================================

