CMD: PYTHONPATH=$PWD:$PYTHONPATH python scripts/train_reward_model_lora.py \
  --data-root /Users/sbplab/jiawei/datasets/test_nmf_output_no_edge_with_original/white_noise_box_data_no_edge_sync_vad_normalized \
  --s-root    /Users/sbplab/jiawei/datasets/test_nmf_output_no_edge_with_original/white_noise_original_data_no_edge_sync_vad_normalized \
  --tf-path   h_matrix_normalized_original_to_box.pth \
  --w-path    rm_ckpt.pt \
  --teacher fit --bt-beta 1.0 \
  --directions-per-sample 0 --pairs-per-sample 16 \
  --K 3 --rm-epochs 1 --batch-size 2 \
  --sample-rate 16000 --n-fft 2048 --freq-min 300 --freq-max 3000 \
  --patch-fp 16 --patch-np 10 --max-samples 4 \
  --device mps \
  --out rm_bt_smoke_run

Device: mps

============================================================
Applying LoRA to Reward Model
============================================================
LoRA config:
  - Rank (r): 8
  - Alpha: 16
  - Dropout: 0.1
  - Target modules: ['c_attn', 'c_proj']

Parameter counts:
  - LoRA adapters:  45,056
  - Embeddings:     521,472
  - V-head:         257
  - Total trainable: 566,785 / 4,243,969 (13.36%)
  - Reduction vs full FT: 86.64%
============================================================

Training data (pairwise BT):
  - Samples: 4
  - Directions/sample (avg): 17.0
  - Pairs total: 64 (~16.0/sample)

Saved numeric diagnostics JSONL: results/rm_bt_smoke_run/numeric_diagnostics.jsonl
Optimizer:
  - LoRA LR:       0.0001
  - Embedding LR:  0.0001
  - V-head LR:     0.001

============================================================
Training
============================================================
{'epoch': 0, 'bt_pair_loss': 0.6888397764414549, 'pairs': 64}
{'epoch': 0, 'eval_top1_acc': 0.0, 'eval_recall_at_K': 0.25, 'eval_samples': 4, 'K': 3}

Training completed!

Saved:
  - LoRA adapters: rm_bt_smoke_run_adapters/
  - Embeddings + V-head: rm_bt_smoke_run_heads.pt

============================================================
Embedding Quality Analysis
============================================================
Direction token embeddings:
  - Similarity range: [-0.152, 1.000]
  - Mean off-diagonal: -0.003

Interpretation:
  - Random embeddings: ~0.0
  - Learned structure: >0.3 for nearby angles
============================================================
