
Device: mps

============================================================
Applying LoRA to Reward Model
============================================================
LoRA config:
  - Rank (r): 8
  - Alpha: 16
  - Dropout: 0.1
  - Target modules: ['c_attn', 'c_proj']

Parameter counts:
  - LoRA adapters:  45,056
  - Embeddings:     521,472
  - V-head:         257
  - Total trainable: 566,785 / 4,243,969 (13.36%)
  - Reduction vs full FT: 86.64%
============================================================

Training data:
  - Samples: 51
  - Reward range: [-0.30, -0.11]
  - Reward mean±std: -0.20 ± 0.05

Per‑patch IS (diagnostics) — mean over patches per sample: {'min': 0.1091379262760383, 'median': 0.20670033487028816, 'mean': 0.19834619869558917, 'p95': 0.27210899823199525, 'p99': 0.2959183469782172, 'max': 0.2973591221281055}

Numeric diagnostics (first 5 samples):
{'path': 'clip_000.npy', 'F': 346, 'N': 286, 'patch_is_mean': 0.1936, 'patch_is_p99': 0.3336}
{'path': 'clip_001.npy', 'F': 346, 'N': 286, 'patch_is_mean': 0.2352, 'patch_is_p99': 0.5249}
{'path': 'clip_002.npy', 'F': 346, 'N': 286, 'patch_is_mean': 0.2549, 'patch_is_p99': 0.4415}
{'path': 'clip_000.npy', 'F': 346, 'N': 286, 'patch_is_mean': 0.1139, 'patch_is_p99': 0.1856}
{'path': 'clip_001.npy', 'F': 346, 'N': 286, 'patch_is_mean': 0.2167, 'patch_is_p99': 0.4108}
Saved numeric diagnostics JSONL: results/results/rm_full_200ep_mps_20251007_123812/rm_lora_full/numeric_diagnostics.jsonl
Optimizer:
  - LoRA LR:       0.0001
  - Embedding LR:  0.0001
  - V-head LR:     0.001

============================================================
Training
============================================================
{'epoch': 0, 'loss': 0.20363236963748932, 'mae': 0.36268699169158936, 'correlation': 0.0003546151565387845}
{'epoch': 1, 'loss': 0.13566681742668152, 'mae': 0.2938712537288666, 'correlation': -0.005037739872932434}
{'epoch': 2, 'loss': 0.12965869903564453, 'mae': 0.2866971790790558, 'correlation': 0.001248178188689053}
{'epoch': 3, 'loss': 0.12773652374744415, 'mae': 0.2848842740058899, 'correlation': 0.002281582448631525}
{'epoch': 4, 'loss': 0.12269316613674164, 'mae': 0.27855318784713745, 'correlation': -0.009276831522583961}
{'epoch': 4, 'eval_top1_acc': 0.058823529411764705, 'eval_recall_at_K': 0.17647058823529413, 'eval_samples': 51, 'K': 3}
{'epoch': 5, 'loss': 0.11869029700756073, 'mae': 0.2747921943664551, 'correlation': -0.009571102447807789}
{'epoch': 6, 'loss': 0.11435180902481079, 'mae': 0.26946547627449036, 'correlation': -0.0020932506304234266}
{'epoch': 7, 'loss': 0.10853211581707001, 'mae': 0.26308488845825195, 'correlation': -0.008702821098268032}
{'epoch': 8, 'loss': 0.10636435449123383, 'mae': 0.2591480314731598, 'correlation': -0.0006973215495236218}
{'epoch': 9, 'loss': 0.10143721848726273, 'mae': 0.25379857420921326, 'correlation': -0.0007955496548675001}
{'epoch': 9, 'eval_top1_acc': 0.058823529411764705, 'eval_recall_at_K': 0.17647058823529413, 'eval_samples': 51, 'K': 3}
{'epoch': 10, 'loss': 0.0966154932975769, 'mae': 0.24802899360656738, 'correlation': -0.005891552660614252}
{'epoch': 11, 'loss': 0.09225058555603027, 'mae': 0.24206571280956268, 'correlation': -0.000162751050083898}
{'epoch': 12, 'loss': 0.08818387240171432, 'mae': 0.23642891645431519, 'correlation': -0.011253785341978073}
{'epoch': 13, 'loss': 0.08404012769460678, 'mae': 0.23088228702545166, 'correlation': 0.0020793203730136156}
{'epoch': 14, 'loss': 0.08125105500221252, 'mae': 0.22661994397640228, 'correlation': -0.005075470078736544}
{'epoch': 14, 'eval_top1_acc': 0.058823529411764705, 'eval_recall_at_K': 0.17647058823529413, 'eval_samples': 51, 'K': 3}
{'epoch': 15, 'loss': 0.07717856764793396, 'mae': 0.2209714949131012, 'correlation': -0.0025675881188362837}
{'epoch': 16, 'loss': 0.07292059063911438, 'mae': 0.21462011337280273, 'correlation': -0.004041948821395636}
{'epoch': 17, 'loss': 0.07011780887842178, 'mae': 0.2097008228302002, 'correlation': -0.013925675302743912}
{'epoch': 18, 'loss': 0.06636427342891693, 'mae': 0.20517517626285553, 'correlation': 0.00591853866353631}
{'epoch': 19, 'loss': 0.06333189457654953, 'mae': 0.20086032152175903, 'correlation': -0.005784402135759592}
{'epoch': 19, 'eval_top1_acc': 0.058823529411764705, 'eval_recall_at_K': 0.17647058823529413, 'eval_samples': 51, 'K': 3}
{'epoch': 20, 'loss': 0.060644812881946564, 'mae': 0.19562704861164093, 'correlation': -0.005203460343182087}
{'epoch': 21, 'loss': 0.057429008185863495, 'mae': 0.19012343883514404, 'correlation': -0.0044558909721672535}
{'epoch': 22, 'loss': 0.053718287497758865, 'mae': 0.18366672098636627, 'correlation': 0.009246891364455223}
{'epoch': 23, 'loss': 0.051771994680166245, 'mae': 0.18024411797523499, 'correlation': -0.0007553249597549438}
{'epoch': 24, 'loss': 0.04915802553296089, 'mae': 0.1766853779554367, 'correlation': 0.0003602506185416132}
{'epoch': 24, 'eval_top1_acc': 0.058823529411764705, 'eval_recall_at_K': 0.17647058823529413, 'eval_samples': 51, 'K': 3}
{'epoch': 25, 'loss': 0.04681243374943733, 'mae': 0.17170551419258118, 'correlation': -0.003753777826204896}
{'epoch': 26, 'loss': 0.045504018664360046, 'mae': 0.16940340399742126, 'correlation': 0.009167052805423737}
{'epoch': 27, 'loss': 0.04290628060698509, 'mae': 0.16397204995155334, 'correlation': -0.002902264939621091}
{'epoch': 28, 'loss': 0.04063968360424042, 'mae': 0.1592966616153717, 'correlation': 0.007948312908411026}
{'epoch': 29, 'loss': 0.03862567991018295, 'mae': 0.15611426532268524, 'correlation': 0.005069112870842218}
{'epoch': 29, 'eval_top1_acc': 0.058823529411764705, 'eval_recall_at_K': 0.17647058823529413, 'eval_samples': 51, 'K': 3}
{'epoch': 30, 'loss': 0.03735043480992317, 'mae': 0.1521599143743515, 'correlation': -0.0025446030776947737}
{'epoch': 31, 'loss': 0.03568990156054497, 'mae': 0.14871163666248322, 'correlation': 0.009105948731303215}
{'epoch': 32, 'loss': 0.03484836220741272, 'mae': 0.14788512885570526, 'correlation': -0.004936884623020887}
{'epoch': 33, 'loss': 0.03291285037994385, 'mae': 0.14386406540870667, 'correlation': -0.006131695583462715}
{'epoch': 34, 'loss': 0.03201982006430626, 'mae': 0.14121219515800476, 'correlation': -0.010503558441996574}
{'epoch': 34, 'eval_top1_acc': 0.058823529411764705, 'eval_recall_at_K': 0.17647058823529413, 'eval_samples': 51, 'K': 3}
{'epoch': 35, 'loss': 0.03063044510781765, 'mae': 0.1372510939836502, 'correlation': 0.003835691837593913}
{'epoch': 36, 'loss': 0.029506757855415344, 'mae': 0.1352592408657074, 'correlation': -0.005379472393542528}
{'epoch': 37, 'loss': 0.02847996912896633, 'mae': 0.13323646783828735, 'correlation': -0.002163148019462824}
{'epoch': 38, 'loss': 0.02679765783250332, 'mae': 0.12848111987113953, 'correlation': 0.017177628353238106}
{'epoch': 39, 'loss': 0.02650795504450798, 'mae': 0.1277294009923935, 'correlation': -0.0031522854696959257}
{'epoch': 39, 'eval_top1_acc': 0.058823529411764705, 'eval_recall_at_K': 0.17647058823529413, 'eval_samples': 51, 'K': 3}
{'epoch': 40, 'loss': 0.025610793381929398, 'mae': 0.12563373148441315, 'correlation': 0.0016194958006963134}
{'epoch': 41, 'loss': 0.024481581524014473, 'mae': 0.12341900914907455, 'correlation': 0.005332858767360449}
{'epoch': 42, 'loss': 0.023320090025663376, 'mae': 0.11975755542516708, 'correlation': 0.008113618940114975}
{'epoch': 43, 'loss': 0.023012973368167877, 'mae': 0.11806278675794601, 'correlation': -0.0012206322280690074}
{'epoch': 44, 'loss': 0.022279463708400726, 'mae': 0.11672765016555786, 'correlation': 0.0010597180807963014}
{'epoch': 44, 'eval_top1_acc': 0.058823529411764705, 'eval_recall_at_K': 0.17647058823529413, 'eval_samples': 51, 'K': 3}
{'epoch': 45, 'loss': 0.0217389278113842, 'mae': 0.11534971743822098, 'correlation': -0.000592549389693886}
{'epoch': 46, 'loss': 0.020892271772027016, 'mae': 0.11255937814712524, 'correlation': 0.0033285885583609343}
{'epoch': 47, 'loss': 0.02026759274303913, 'mae': 0.11092198640108109, 'correlation': 0.0038208947516977787}
{'epoch': 48, 'loss': 0.019834956154227257, 'mae': 0.1093207448720932, 'correlation': 0.0021869142074137926}
{'epoch': 49, 'loss': 0.019415199756622314, 'mae': 0.10831145942211151, 'correlation': 0.0006669788272120059}
{'epoch': 49, 'eval_top1_acc': 0.058823529411764705, 'eval_recall_at_K': 0.17647058823529413, 'eval_samples': 51, 'K': 3}
{'epoch': 50, 'loss': 0.019172299653291702, 'mae': 0.10758248716592789, 'correlation': -0.008410193957388401}
{'epoch': 51, 'loss': 0.01828790456056595, 'mae': 0.10458509624004364, 'correlation': 0.01024714857339859}
{'epoch': 52, 'loss': 0.017834916710853577, 'mae': 0.1033574789762497, 'correlation': 0.0018372018821537495}
{'epoch': 53, 'loss': 0.017495645210146904, 'mae': 0.1023603156208992, 'correlation': 0.0020785394590348005}
{'epoch': 54, 'loss': 0.01706469990313053, 'mae': 0.10125154256820679, 'correlation': 0.0009847200708463788}
{'epoch': 54, 'eval_top1_acc': 0.058823529411764705, 'eval_recall_at_K': 0.17647058823529413, 'eval_samples': 51, 'K': 3}
{'epoch': 55, 'loss': 0.016734536737203598, 'mae': 0.09985523670911789, 'correlation': 0.0003023739845957607}
{'epoch': 56, 'loss': 0.01631600223481655, 'mae': 0.09867967665195465, 'correlation': 0.004565095063298941}
{'epoch': 57, 'loss': 0.015934281051158905, 'mae': 0.09781543165445328, 'correlation': 0.008573205210268497}
{'epoch': 58, 'loss': 0.015864664688706398, 'mae': 0.09733325242996216, 'correlation': -0.004609129391610622}
{'epoch': 59, 'loss': 0.015401216223835945, 'mae': 0.09430316835641861, 'correlation': 0.008298810571432114}
{'epoch': 59, 'eval_top1_acc': 0.058823529411764705, 'eval_recall_at_K': 0.17647058823529413, 'eval_samples': 51, 'K': 3}
{'epoch': 60, 'loss': 0.015053586103022099, 'mae': 0.09428327530622482, 'correlation': 0.008922051638364792}
{'epoch': 61, 'loss': 0.014837090857326984, 'mae': 0.09400674700737, 'correlation': 0.006115489639341831}
{'epoch': 62, 'loss': 0.01454049814492464, 'mae': 0.09178519994020462, 'correlation': 0.01548478938639164}
{'epoch': 63, 'loss': 0.014292571693658829, 'mae': 0.09138127416372299, 'correlation': 0.01291310228407383}
{'epoch': 64, 'loss': 0.014050204306840897, 'mae': 0.09112504124641418, 'correlation': 0.01428168173879385}
{'epoch': 64, 'eval_top1_acc': 0.058823529411764705, 'eval_recall_at_K': 0.17647058823529413, 'eval_samples': 51, 'K': 3}
{'epoch': 65, 'loss': 0.013873600400984287, 'mae': 0.08998150378465652, 'correlation': 0.0058895377442240715}
{'epoch': 66, 'loss': 0.013689103536307812, 'mae': 0.08874382823705673, 'correlation': 0.010486491024494171}
{'epoch': 67, 'loss': 0.013522861525416374, 'mae': 0.08845682442188263, 'correlation': 0.006406360771507025}
{'epoch': 68, 'loss': 0.01333523914217949, 'mae': 0.08809888362884521, 'correlation': 0.007674803491681814}
{'epoch': 69, 'loss': 0.013350744731724262, 'mae': 0.08754374831914902, 'correlation': -0.0013251658529043198}
{'epoch': 69, 'eval_top1_acc': 0.058823529411764705, 'eval_recall_at_K': 0.17647058823529413, 'eval_samples': 51, 'K': 3}
{'epoch': 70, 'loss': 0.013025223277509212, 'mae': 0.08669644594192505, 'correlation': 0.007571069058030844}
{'epoch': 71, 'loss': 0.012852211482822895, 'mae': 0.08633287250995636, 'correlation': 0.010427002795040607}
{'epoch': 72, 'loss': 0.012709924019873142, 'mae': 0.08525887876749039, 'correlation': 0.01216600090265274}
{'epoch': 73, 'loss': 0.012491291388869286, 'mae': 0.08466537296772003, 'correlation': 0.01680070161819458}
{'epoch': 74, 'loss': 0.01240801252424717, 'mae': 0.08492645621299744, 'correlation': 0.011493652127683163}
{'epoch': 74, 'eval_top1_acc': 0.058823529411764705, 'eval_recall_at_K': 0.17647058823529413, 'eval_samples': 51, 'K': 3}
{'epoch': 75, 'loss': 0.012294678017497063, 'mae': 0.08372248709201813, 'correlation': 0.010661857202649117}
{'epoch': 76, 'loss': 0.01226035226136446, 'mae': 0.08338955789804459, 'correlation': 0.0033969103824347258}
{'epoch': 77, 'loss': 0.01210189238190651, 'mae': 0.08357012271881104, 'correlation': 0.013375276699662209}
{'epoch': 78, 'loss': 0.011951491236686707, 'mae': 0.08204516023397446, 'correlation': 0.01145218312740326}
{'epoch': 79, 'loss': 0.011667393147945404, 'mae': 0.08086986094713211, 'correlation': 0.03104143962264061}
{'epoch': 79, 'eval_top1_acc': 0.058823529411764705, 'eval_recall_at_K': 0.17647058823529413, 'eval_samples': 51, 'K': 3}
{'epoch': 80, 'loss': 0.011758169159293175, 'mae': 0.0822872593998909, 'correlation': 0.014353465288877487}
{'epoch': 81, 'loss': 0.011744541116058826, 'mae': 0.0814196988940239, 'correlation': 0.0040537468157708645}
{'epoch': 82, 'loss': 0.011600479483604431, 'mae': 0.08076829463243484, 'correlation': 0.012844637967646122}
{'epoch': 83, 'loss': 0.011447889730334282, 'mae': 0.08095701038837433, 'correlation': 0.019683942198753357}
{'epoch': 84, 'loss': 0.011526507325470448, 'mae': 0.0808224231004715, 'correlation': 0.006168384570628405}
{'epoch': 84, 'eval_top1_acc': 0.058823529411764705, 'eval_recall_at_K': 0.17647058823529413, 'eval_samples': 51, 'K': 3}
{'epoch': 85, 'loss': 0.011446946300566196, 'mae': 0.07991105318069458, 'correlation': 0.008256204426288605}
{'epoch': 86, 'loss': 0.011403968557715416, 'mae': 0.08057244122028351, 'correlation': 0.005091795232146978}
{'epoch': 87, 'loss': 0.011249486356973648, 'mae': 0.07944685965776443, 'correlation': 0.012625832110643387}
{'epoch': 88, 'loss': 0.011246448382735252, 'mae': 0.07929869741201401, 'correlation': 0.008575850166380405}
{'epoch': 89, 'loss': 0.011192125268280506, 'mae': 0.08000794798135757, 'correlation': 0.01034970860928297}
{'epoch': 89, 'eval_top1_acc': 0.058823529411764705, 'eval_recall_at_K': 0.17647058823529413, 'eval_samples': 51, 'K': 3}
{'epoch': 90, 'loss': 0.011110053397715092, 'mae': 0.07921542972326279, 'correlation': 0.011535818688571453}
{'epoch': 91, 'loss': 0.011047658510506153, 'mae': 0.0783652737736702, 'correlation': 0.011379200965166092}
{'epoch': 92, 'loss': 0.010960572399199009, 'mae': 0.07866056263446808, 'correlation': 0.014884129166603088}
{'epoch': 93, 'loss': 0.010836753062903881, 'mae': 0.07834955304861069, 'correlation': 0.023644087836146355}
{'epoch': 94, 'loss': 0.01086342241615057, 'mae': 0.07761908322572708, 'correlation': 0.016346024349331856}
{'epoch': 94, 'eval_top1_acc': 0.058823529411764705, 'eval_recall_at_K': 0.17647058823529413, 'eval_samples': 51, 'K': 3}
{'epoch': 95, 'loss': 0.010737469419836998, 'mae': 0.07794027775526047, 'correlation': 0.025804759934544563}
{'epoch': 96, 'loss': 0.010784279555082321, 'mae': 0.0776657909154892, 'correlation': 0.01348183210939169}
{'epoch': 97, 'loss': 0.010739950463175774, 'mae': 0.07774757593870163, 'correlation': 0.01442490704357624}
{'epoch': 98, 'loss': 0.01066074799746275, 'mae': 0.07690843194723129, 'correlation': 0.02114756964147091}
{'epoch': 99, 'loss': 0.010649867355823517, 'mae': 0.07699086517095566, 'correlation': 0.015277151949703693}
{'epoch': 99, 'eval_top1_acc': 0.058823529411764705, 'eval_recall_at_K': 0.17647058823529413, 'eval_samples': 51, 'K': 3}
{'epoch': 100, 'loss': 0.010667541064321995, 'mae': 0.07749579846858978, 'correlation': 0.012378111481666565}
{'epoch': 101, 'loss': 0.010556232184171677, 'mae': 0.07636573165655136, 'correlation': 0.020423289388418198}
{'epoch': 102, 'loss': 0.010554551146924496, 'mae': 0.07685945928096771, 'correlation': 0.019408563151955605}
{'epoch': 103, 'loss': 0.01050871517509222, 'mae': 0.07703235745429993, 'correlation': 0.01813982054591179}
{'epoch': 104, 'loss': 0.01050394494086504, 'mae': 0.07565106451511383, 'correlation': 0.015432734042406082}
{'epoch': 104, 'eval_top1_acc': 0.058823529411764705, 'eval_recall_at_K': 0.17647058823529413, 'eval_samples': 51, 'K': 3}
{'epoch': 105, 'loss': 0.010533074848353863, 'mae': 0.07685428857803345, 'correlation': 0.007122286129742861}
{'epoch': 106, 'loss': 0.010390924289822578, 'mae': 0.07630211859941483, 'correlation': 0.026010634377598763}
{'epoch': 107, 'loss': 0.010406183078885078, 'mae': 0.07561877369880676, 'correlation': 0.02022627927362919}
{'epoch': 108, 'loss': 0.010342747904360294, 'mae': 0.0758640393614769, 'correlation': 0.02067120559513569}
{'epoch': 109, 'loss': 0.010386448353528976, 'mae': 0.07647321373224258, 'correlation': 0.013669070787727833}
{'epoch': 109, 'eval_top1_acc': 0.058823529411764705, 'eval_recall_at_K': 0.17647058823529413, 'eval_samples': 51, 'K': 3}
{'epoch': 110, 'loss': 0.010328665375709534, 'mae': 0.07503560185432434, 'correlation': 0.020005710422992706}
{'epoch': 111, 'loss': 0.010261405259370804, 'mae': 0.07582850009202957, 'correlation': 0.023129699751734734}
{'epoch': 112, 'loss': 0.010217725299298763, 'mae': 0.0759161189198494, 'correlation': 0.02816823497414589}
{'epoch': 113, 'loss': 0.010322468355298042, 'mae': 0.07481999695301056, 'correlation': 0.011894643306732178}
{'epoch': 114, 'loss': 0.010253090411424637, 'mae': 0.07610863447189331, 'correlation': 0.01575080119073391}
{'epoch': 114, 'eval_top1_acc': 0.058823529411764705, 'eval_recall_at_K': 0.17647058823529413, 'eval_samples': 51, 'K': 3}
{'epoch': 115, 'loss': 0.010185196064412594, 'mae': 0.07528236508369446, 'correlation': 0.021988099440932274}
{'epoch': 116, 'loss': 0.010168233886361122, 'mae': 0.07416283339262009, 'correlation': 0.02699689194560051}
{'epoch': 117, 'loss': 0.010175283066928387, 'mae': 0.07603196054697037, 'correlation': 0.023745689541101456}
{'epoch': 118, 'loss': 0.01013368833810091, 'mae': 0.07479886710643768, 'correlation': 0.02224385179579258}
{'epoch': 119, 'loss': 0.01007898896932602, 'mae': 0.07380746304988861, 'correlation': 0.029940247535705566}
{'epoch': 119, 'eval_top1_acc': 0.058823529411764705, 'eval_recall_at_K': 0.17647058823529413, 'eval_samples': 51, 'K': 3}
{'epoch': 120, 'loss': 0.010143604129552841, 'mae': 0.07618920505046844, 'correlation': 0.023113606497645378}
{'epoch': 121, 'loss': 0.010115842334926128, 'mae': 0.07452286034822464, 'correlation': 0.017891155555844307}
{'epoch': 122, 'loss': 0.010055228136479855, 'mae': 0.07412847876548767, 'correlation': 0.026827305555343628}
{'epoch': 123, 'loss': 0.010088817216455936, 'mae': 0.07618550211191177, 'correlation': 0.023935073986649513}
{'epoch': 124, 'loss': 0.010002892464399338, 'mae': 0.0734536275267601, 'correlation': 0.031169559806585312}
{'epoch': 124, 'eval_top1_acc': 0.058823529411764705, 'eval_recall_at_K': 0.17647058823529413, 'eval_samples': 51, 'K': 3}
{'epoch': 125, 'loss': 0.010047223418951035, 'mae': 0.074862040579319, 'correlation': 0.02024082839488983}
{'epoch': 126, 'loss': 0.009982453659176826, 'mae': 0.07549474388360977, 'correlation': 0.032493699342012405}
{'epoch': 127, 'loss': 0.010109512135386467, 'mae': 0.07311940938234329, 'correlation': 0.016981221735477448}
{'epoch': 128, 'loss': 0.009986352175474167, 'mae': 0.07548052072525024, 'correlation': 0.02675783634185791}
{'epoch': 129, 'loss': 0.009961353614926338, 'mae': 0.07447362691164017, 'correlation': 0.023770036175847054}
{'epoch': 129, 'eval_top1_acc': 0.058823529411764705, 'eval_recall_at_K': 0.17647058823529413, 'eval_samples': 51, 'K': 3}
{'epoch': 130, 'loss': 0.010050307959318161, 'mae': 0.07308351248502731, 'correlation': 0.015164903365075588}
{'epoch': 131, 'loss': 0.01000627689063549, 'mae': 0.07591628283262253, 'correlation': 0.02376941591501236}
{'epoch': 132, 'loss': 0.009936077520251274, 'mae': 0.07364898920059204, 'correlation': 0.024895871058106422}
{'epoch': 133, 'loss': 0.009888071566820145, 'mae': 0.072942815721035, 'correlation': 0.03378923982381821}
{'epoch': 134, 'loss': 0.009946637786924839, 'mae': 0.07577139139175415, 'correlation': 0.02753087505698204}
{'epoch': 134, 'eval_top1_acc': 0.058823529411764705, 'eval_recall_at_K': 0.17647058823529413, 'eval_samples': 51, 'K': 3}
{'epoch': 135, 'loss': 0.009896201081573963, 'mae': 0.07297874987125397, 'correlation': 0.031071022152900696}
{'epoch': 136, 'loss': 0.009862042963504791, 'mae': 0.07370982319116592, 'correlation': 0.02949439361691475}
{'epoch': 137, 'loss': 0.009920486249029636, 'mae': 0.07551635801792145, 'correlation': 0.025729579851031303}
{'epoch': 138, 'loss': 0.009888092055916786, 'mae': 0.07255870848894119, 'correlation': 0.030345456674695015}
{'epoch': 139, 'loss': 0.009810499846935272, 'mae': 0.07376796752214432, 'correlation': 0.03538048639893532}
{'epoch': 139, 'eval_top1_acc': 0.058823529411764705, 'eval_recall_at_K': 0.17647058823529413, 'eval_samples': 51, 'K': 3}
{'epoch': 140, 'loss': 0.009878331795334816, 'mae': 0.07521817088127136, 'correlation': 0.02519753761589527}
{'epoch': 141, 'loss': 0.009876703843474388, 'mae': 0.07220658659934998, 'correlation': 0.030452365055680275}
{'epoch': 142, 'loss': 0.009817760437726974, 'mae': 0.07453107833862305, 'correlation': 0.03179197758436203}
{'epoch': 143, 'loss': 0.009841958060860634, 'mae': 0.07432962954044342, 'correlation': 0.022154144942760468}
{'epoch': 144, 'loss': 0.009810632094740868, 'mae': 0.07244240492582321, 'correlation': 0.032734427601099014}
{'epoch': 144, 'eval_top1_acc': 0.058823529411764705, 'eval_recall_at_K': 0.17647058823529413, 'eval_samples': 51, 'K': 3}
{'epoch': 145, 'loss': 0.009813127107918262, 'mae': 0.07451992481946945, 'correlation': 0.02618522010743618}
{'epoch': 146, 'loss': 0.009803451597690582, 'mae': 0.07366450130939484, 'correlation': 0.025352146476507187}
{'epoch': 147, 'loss': 0.00975712388753891, 'mae': 0.07221238315105438, 'correlation': 0.038028888404369354}
{'epoch': 148, 'loss': 0.009780414402484894, 'mae': 0.0747649222612381, 'correlation': 0.031200146302580833}
{'epoch': 149, 'loss': 0.009752927348017693, 'mae': 0.07290177792310715, 'correlation': 0.03121470846235752}
{'epoch': 149, 'eval_top1_acc': 0.058823529411764705, 'eval_recall_at_K': 0.17647058823529413, 'eval_samples': 51, 'K': 3}
{'epoch': 150, 'loss': 0.009721403941512108, 'mae': 0.07265915721654892, 'correlation': 0.037079330533742905}
{'epoch': 151, 'loss': 0.009762981906533241, 'mae': 0.0744476169347763, 'correlation': 0.028689993545413017}
{'epoch': 152, 'loss': 0.009695864282548428, 'mae': 0.07263822108507156, 'correlation': 0.03959040343761444}
{'epoch': 153, 'loss': 0.009789870120584965, 'mae': 0.07326573133468628, 'correlation': 0.017389385029673576}
{'epoch': 154, 'loss': 0.009735062718391418, 'mae': 0.07426530122756958, 'correlation': 0.03095029480755329}
{'epoch': 154, 'eval_top1_acc': 0.058823529411764705, 'eval_recall_at_K': 0.17647058823529413, 'eval_samples': 51, 'K': 3}
{'epoch': 155, 'loss': 0.009708593599498272, 'mae': 0.0722893550992012, 'correlation': 0.03509903326630592}
{'epoch': 156, 'loss': 0.009689023718237877, 'mae': 0.07345148921012878, 'correlation': 0.03330472111701965}
{'epoch': 157, 'loss': 0.009696277789771557, 'mae': 0.07333521544933319, 'correlation': 0.03207831829786301}
{'epoch': 158, 'loss': 0.009690415114164352, 'mae': 0.07262977957725525, 'correlation': 0.03311945125460625}
{'epoch': 159, 'loss': 0.009702921845018864, 'mae': 0.07362043112516403, 'correlation': 0.02742122858762741}
{'epoch': 159, 'eval_top1_acc': 0.058823529411764705, 'eval_recall_at_K': 0.17647058823529413, 'eval_samples': 51, 'K': 3}
{'epoch': 160, 'loss': 0.009695284068584442, 'mae': 0.07311473041772842, 'correlation': 0.028223393484950066}
{'epoch': 161, 'loss': 0.00963303167372942, 'mae': 0.07244092226028442, 'correlation': 0.04335925728082657}
{'epoch': 162, 'loss': 0.009662292897701263, 'mae': 0.07359952479600906, 'correlation': 0.035137202590703964}
{'epoch': 163, 'loss': 0.0096322325989604, 'mae': 0.07263153791427612, 'correlation': 0.038129813969135284}
{'epoch': 164, 'loss': 0.009637505747377872, 'mae': 0.07259023934602737, 'correlation': 0.036629002541303635}
{'epoch': 164, 'eval_top1_acc': 0.058823529411764705, 'eval_recall_at_K': 0.17647058823529413, 'eval_samples': 51, 'K': 3}
{'epoch': 165, 'loss': 0.009672415442764759, 'mae': 0.07366256415843964, 'correlation': 0.0295916348695755}
{'epoch': 166, 'loss': 0.009633160196244717, 'mae': 0.07250116765499115, 'correlation': 0.03665038198232651}
{'epoch': 167, 'loss': 0.009646249003708363, 'mae': 0.07284664362668991, 'correlation': 0.031227270141243935}
{'epoch': 168, 'loss': 0.009652851149439812, 'mae': 0.07343260943889618, 'correlation': 0.03141102194786072}
{'epoch': 169, 'loss': 0.009672182612121105, 'mae': 0.07239434123039246, 'correlation': 0.024395950138568878}
{'epoch': 169, 'eval_top1_acc': 0.058823529411764705, 'eval_recall_at_K': 0.17647058823529413, 'eval_samples': 51, 'K': 3}
{'epoch': 170, 'loss': 0.009607982821762562, 'mae': 0.0730431005358696, 'correlation': 0.0368921235203743}
{'epoch': 171, 'loss': 0.00965831708163023, 'mae': 0.07334685325622559, 'correlation': 0.024271396920084953}
{'epoch': 172, 'loss': 0.009626762010157108, 'mae': 0.07207891345024109, 'correlation': 0.03303080424666405}
{'epoch': 173, 'loss': 0.009619375690817833, 'mae': 0.07360681891441345, 'correlation': 0.03479291498661041}
{'epoch': 174, 'loss': 0.009602942503988743, 'mae': 0.07243677228689194, 'correlation': 0.03492584824562073}
{'epoch': 174, 'eval_top1_acc': 0.058823529411764705, 'eval_recall_at_K': 0.17647058823529413, 'eval_samples': 51, 'K': 3}
{'epoch': 175, 'loss': 0.009619312360882759, 'mae': 0.07256776094436646, 'correlation': 0.029956459999084473}
{'epoch': 176, 'loss': 0.009617287665605545, 'mae': 0.07342837750911713, 'correlation': 0.03108513168990612}
{'epoch': 177, 'loss': 0.009583868086338043, 'mae': 0.072038434445858, 'correlation': 0.03810228034853935}
{'epoch': 178, 'loss': 0.009587351232767105, 'mae': 0.07278168946504593, 'correlation': 0.0347026064991951}
{'epoch': 179, 'loss': 0.0096017736941576, 'mae': 0.07297592610120773, 'correlation': 0.030862854793667793}
{'epoch': 179, 'eval_top1_acc': 0.058823529411764705, 'eval_recall_at_K': 0.17647058823529413, 'eval_samples': 51, 'K': 3}
{'epoch': 180, 'loss': 0.009597147814929485, 'mae': 0.07238193601369858, 'correlation': 0.030664946883916855}
{'epoch': 181, 'loss': 0.00957004725933075, 'mae': 0.07271841913461685, 'correlation': 0.03715033456683159}
{'epoch': 182, 'loss': 0.009608225896954536, 'mae': 0.0730370283126831, 'correlation': 0.023781271651387215}
{'epoch': 183, 'loss': 0.009580814279615879, 'mae': 0.07234811782836914, 'correlation': 0.032740071415901184}
{'epoch': 184, 'loss': 0.009583594277501106, 'mae': 0.07284481078386307, 'correlation': 0.029594460502266884}
{'epoch': 184, 'eval_top1_acc': 0.058823529411764705, 'eval_recall_at_K': 0.17647058823529413, 'eval_samples': 51, 'K': 3}
{'epoch': 185, 'loss': 0.009578377939760685, 'mae': 0.07285977900028229, 'correlation': 0.031197773292660713}
{'epoch': 186, 'loss': 0.009598690085113049, 'mae': 0.07204480469226837, 'correlation': 0.027218768373131752}
{'epoch': 187, 'loss': 0.009563825093209743, 'mae': 0.07337448000907898, 'correlation': 0.03488239273428917}
{'epoch': 188, 'loss': 0.00955135840922594, 'mae': 0.07208956032991409, 'correlation': 0.03717249631881714}
{'epoch': 189, 'loss': 0.009579350240528584, 'mae': 0.07252558320760727, 'correlation': 0.027857085689902306}
{'epoch': 189, 'eval_top1_acc': 0.058823529411764705, 'eval_recall_at_K': 0.17647058823529413, 'eval_samples': 51, 'K': 3}
{'epoch': 190, 'loss': 0.00951454322785139, 'mae': 0.07284865528345108, 'correlation': 0.04361444339156151}
{'epoch': 191, 'loss': 0.009591448120772839, 'mae': 0.07203483581542969, 'correlation': 0.024973735213279724}
{'epoch': 192, 'loss': 0.00954198744148016, 'mae': 0.07318010181188583, 'correlation': 0.03701862320303917}
{'epoch': 193, 'loss': 0.009561857208609581, 'mae': 0.07223662734031677, 'correlation': 0.028057757765054703}
{'epoch': 194, 'loss': 0.009510574862360954, 'mae': 0.07209201902151108, 'correlation': 0.04103429615497589}
{'epoch': 194, 'eval_top1_acc': 0.058823529411764705, 'eval_recall_at_K': 0.17647058823529413, 'eval_samples': 51, 'K': 3}
{'epoch': 195, 'loss': 0.009491431526839733, 'mae': 0.07293572276830673, 'correlation': 0.047288037836551666}
{'epoch': 196, 'loss': 0.00957254134118557, 'mae': 0.07183325290679932, 'correlation': 0.027868155390024185}
{'epoch': 197, 'loss': 0.009538405574858189, 'mae': 0.07300525903701782, 'correlation': 0.03554403781890869}
{'epoch': 198, 'loss': 0.009515301324427128, 'mae': 0.072201669216156, 'correlation': 0.03881091997027397}
{'epoch': 199, 'loss': 0.009515516459941864, 'mae': 0.0720285028219223, 'correlation': 0.036372411996126175}
{'epoch': 199, 'eval_top1_acc': 0.058823529411764705, 'eval_recall_at_K': 0.17647058823529413, 'eval_samples': 51, 'K': 3}

Training completed!
  - Best loss: 0.0095
  - Best correlation: 0.0473

Saved:
  - LoRA adapters: results/rm_full_200ep_mps_20251007_123812/rm_lora_full_adapters/
  - Embeddings + V-head: results/rm_full_200ep_mps_20251007_123812/rm_lora_full_heads.pt

============================================================
Embedding Quality Analysis
============================================================
Direction token embeddings:
  - Similarity range: [-0.154, 1.000]
  - Mean off-diagonal: -0.002

Interpretation:
  - Random embeddings: ~0.0
  - Learned structure: >0.3 for nearby angles
============================================================
