
Device: mps

============================================================
Applying LoRA to Reward Model
============================================================
LoRA config:
  - Rank (r): 8
  - Alpha: 16
  - Dropout: 0.1
  - Target modules: ['c_attn', 'c_proj']
W1020 20:42:34.826000 79823 site-packages/torch/distributed/elastic/multiprocessing/redirects.py:29] NOTE: Redirects are currently not supported in Windows or MacOs.
/opt/anaconda3/lib/python3.12/site-packages/peft/tuners/lora/layer.py:1768: UserWarning: fan_in_fan_out is set to False but the target module is `Conv1D`. Setting fan_in_fan_out to True.
  warnings.warn(

Parameter counts:
  - LoRA adapters:  45,056
  - Embeddings:     521,472
  - V-head:         257
  - Total trainable: 566,785 / 4,243,969 (13.36%)
  - Reduction vs full FT: 86.64%
============================================================

Training data:
  - Samples: 32
  - Directions/sample (avg): 17.0
  - Points total: 0 (~0.0/sample)
Saved numeric diagnostics JSONL: results/rm_omp_listwise_e10_n32_run/numeric_diagnostics.jsonl
Optimizer:
  - LoRA LR:       0.0001
  - Embedding LR:  0.0001
  - V-head LR:     0.001

============================================================
Training
============================================================
{'epoch': 0, 'listwise_ce': 2.8375489190220833, 'samples': 32}
{'epoch': 0, 'eval_top1_acc': 0.09375, 'eval_recall_at_K': 0.28125, 'eval_samples': 32, 'K': 3}
{'epoch': 1, 'listwise_ce': 2.8305359333753586, 'samples': 32}
{'epoch': 1, 'eval_top1_acc': 0.09375, 'eval_recall_at_K': 0.28125, 'eval_samples': 32, 'K': 3}
{'epoch': 2, 'listwise_ce': 2.8256309926509857, 'samples': 32}
{'epoch': 2, 'eval_top1_acc': 0.09375, 'eval_recall_at_K': 0.28125, 'eval_samples': 32, 'K': 3}
{'epoch': 3, 'listwise_ce': 2.8193638920783997, 'samples': 32}
{'epoch': 3, 'eval_top1_acc': 0.09375, 'eval_recall_at_K': 0.28125, 'eval_samples': 32, 'K': 3}
{'epoch': 4, 'listwise_ce': 2.7932411804795265, 'samples': 32}
{'epoch': 4, 'eval_top1_acc': 0.09375, 'eval_recall_at_K': 0.28125, 'eval_samples': 32, 'K': 3}
{'epoch': 5, 'listwise_ce': 2.7022747695446014, 'samples': 32}
{'epoch': 5, 'eval_top1_acc': 0.09375, 'eval_recall_at_K': 0.28125, 'eval_samples': 32, 'K': 3}
{'epoch': 6, 'listwise_ce': 2.6331032812595367, 'samples': 32}
{'epoch': 6, 'eval_top1_acc': 0.09375, 'eval_recall_at_K': 0.28125, 'eval_samples': 32, 'K': 3}
{'epoch': 7, 'listwise_ce': 2.5011492371559143, 'samples': 32}
{'epoch': 7, 'eval_top1_acc': 0.09375, 'eval_recall_at_K': 0.28125, 'eval_samples': 32, 'K': 3}
{'epoch': 8, 'listwise_ce': 2.4617729112505913, 'samples': 32}
{'epoch': 8, 'eval_top1_acc': 0.09375, 'eval_recall_at_K': 0.28125, 'eval_samples': 32, 'K': 3}
{'epoch': 9, 'listwise_ce': 2.5894832387566566, 'samples': 32}
{'epoch': 9, 'eval_top1_acc': 0.09375, 'eval_recall_at_K': 0.28125, 'eval_samples': 32, 'K': 3}

Training completed!
/opt/anaconda3/lib/python3.12/site-packages/peft/utils/save_and_load.py:236: UserWarning: Could not find a config file in  - will assume that the vocabulary was not modified.
  warnings.warn(

Saved:
  - LoRA adapters: rm_omp_listwise_e10_n32_run_adapters/
  - Embeddings + V-head: rm_omp_listwise_e10_n32_run_heads.pt

============================================================
Embedding Quality Analysis
============================================================
Direction token embeddings:
  - Similarity range: [-0.161, 1.000]
  - Mean off-diagonal: 0.043

Interpretation:
  - Random embeddings: ~0.0
  - Learned structure: >0.3 for nearby angles
============================================================
real 378.10
user 278.37
sys 49.18
