W1022 01:19:23.489000 99463 site-packages/torch/distributed/elastic/multiprocessing/redirects.py:29] NOTE: Redirects are currently not supported in Windows or MacOs.

Device: mps

============================================================
Applying LoRA to Reward Model
============================================================
LoRA config:
  - Rank (r): 8
  - Alpha: 16
  - Dropout: 0.1
  - Target modules: ['c_attn', 'c_proj']
/opt/anaconda3/lib/python3.12/site-packages/peft/tuners/lora/layer.py:2174: UserWarning: fan_in_fan_out is set to False but the target module is `Conv1D`. Setting fan_in_fan_out to True.
  warnings.warn(
Training data:
  - Samples: 8
  - Directions/sample (avg): 17.0
  - Pairs total: 1632 (~204.0/sample)
Saved numeric diagnostics JSONL: results/rm_bt_teacher_allpairs_simplify2_smoke_e1_n8_lse/numeric_diagnostics.jsonl
Optimizer:
  - LoRA LR:       0.0001
  - Embedding LR:  0.0001
  - V-head LR:     0.001

Pooling:
  - Type:          lse
  - Temperature τ: 1.0

============================================================
Training
============================================================
{'training_pairs': 'results/rm_bt_teacher_allpairs_simplify2_smoke_e1_n8_lse/training_pairs.json', 'base_rows': 1632, 'hn_rows': 0, 'total': 1632}
{'epoch': 0, 'bt_pair_loss': 0.6907921164643531, 'pairs': 1632}
/Users/sbplab/jiawei/pg-ltr-frame-byol-worktree/worktrees/development-workspace/scripts/train_reward_model_lora.py:827: UserWarning: Converting a tensor with requires_grad=True to a scalar may lead to unexpected behavior.
Consider using tensor.detach() first. (Triggered internally at /Users/runner/work/pytorch/pytorch/pytorch/torch/csrc/autograd/generated/python_variable_methods.cpp:836.)
  cand_scores[cand] = float(_rm_pred_score_train(rm_model, tokenizer, int(cand), patch_ids, device))
{'epoch': 0, 'eval_top1_acc': 0.25, 'eval_recall_at_K': 0.25, 'eval_samples': 8, 'K': 3}
{'epoch': 0, 'progress_report': {'loss_name': 'bt_pair_loss', 'loss': 0.6907921164643531, 'loss_delta': 0.0, 'top1': 0.25, 'top1_delta': 0.0, 'recall_at_K': 0.25, 'recall_delta': 0.0, 'aligned_loss_vs_metrics': None}}
{'epoch': 0, 'eval_manifest': 'results/rm_bt_teacher_allpairs_simplify2_smoke_e1_n8_lse/eval_subset_manifest.json', 'eval_records': 8}

Training completed!
/opt/anaconda3/lib/python3.12/site-packages/peft/utils/save_and_load.py:286: UserWarning: Could not find a config file in  - will assume that the vocabulary was not modified.
  warnings.warn(

Saved:
  - LoRA adapters: results/rm_bt_teacher_allpairs_simplify2_smoke_e1_n8_lse/adapters/
  - Embeddings + V-head: results/rm_bt_teacher_allpairs_simplify2_smoke_e1_n8_lse/heads.pt
