===== RUN START Mon Oct  6 03:25:39 CST 2025 =====

Device: mps

============================================================
Applying LoRA to Reward Model
============================================================
LoRA config:
  - Rank (r): 8
  - Alpha: 16
  - Dropout: 0.1
  - Target modules: ['c_attn', 'c_proj']

Parameter counts:
  - LoRA adapters:  45,056
  - Embeddings:     521,472
  - V-head:         257
  - Total trainable: 566,785 / 4,243,969 (13.36%)
  - Reduction vs full FT: 86.64%
============================================================

Training data:
  - Samples: 24
  - Reward range: [-30233.10, -11118.80]
  - Reward mean±std: -19601.34 ± 5005.78

IS divergence (final) stats:
  - final (after K selections): {'min': 11118.80078125, 'median': 20502.876953125, 'mean': 19601.33524576823, 'p95': 25541.0125, 'p99': 29170.2640625, 'max': 30233.09765625}

Numeric diagnostics (first 5 samples):
{'path': 'clip_000.npy', 'F': 346, 'N': 286, 'is_final': 19272.56, 'ratio_final_p99': 2.72}
{'path': 'clip_001.npy', 'F': 346, 'N': 286, 'is_final': 23218.67, 'ratio_final_p99': 3.22}
{'path': 'clip_002.npy', 'F': 346, 'N': 286, 'is_final': 25138.29, 'ratio_final_p99': 3.18}
{'path': 'clip_000.npy', 'F': 346, 'N': 286, 'is_final': 11631.24, 'ratio_final_p99': 2.03}
{'path': 'clip_001.npy', 'F': 346, 'N': 286, 'is_final': 21264.02, 'ratio_final_p99': 3.01}
Saved numeric diagnostics JSONL: results/rm_lora_mps_localizer_100ep_iter100/numeric_diagnostics.jsonl
Optimizer:
  - LoRA LR:       0.0001
  - Embedding LR:  0.0001
  - V-head LR:     0.001

============================================================
Training
============================================================
{'epoch': 0, 'loss': 409263584.0, 'mae': 19601.181640625, 'correlation': 0.19359546899795532}
{'epoch': 1, 'loss': 409257856.0, 'mae': 19600.998046875, 'correlation': -0.37241217494010925}
{'epoch': 2, 'loss': 409242208.0, 'mae': 19600.595703125, 'correlation': -0.4002947509288788}
{'epoch': 3, 'loss': 409228800.0, 'mae': 19600.3046875, 'correlation': 0.2858629822731018}
{'epoch': 4, 'loss': 409216608.0, 'mae': 19599.974609375, 'correlation': 0.06856571137905121}
{'epoch': 5, 'loss': 409205888.0, 'mae': 19599.705078125, 'correlation': 0.12844574451446533}
{'epoch': 6, 'loss': 409193248.0, 'mae': 19599.392578125, 'correlation': 0.19955986738204956}
{'epoch': 7, 'loss': 409181440.0, 'mae': 19599.080078125, 'correlation': 0.1188739538192749}
{'epoch': 8, 'loss': 409170400.0, 'mae': 19598.7890625, 'correlation': 0.0012106442591175437}
{'epoch': 9, 'loss': 409150368.0, 'mae': 19598.259765625, 'correlation': -0.20867523550987244}
{'epoch': 10, 'loss': 409135712.0, 'mae': 19597.892578125, 'correlation': -0.15527494251728058}
{'epoch': 11, 'loss': 409122816.0, 'mae': 19597.580078125, 'correlation': 0.0536661297082901}
{'epoch': 12, 'loss': 409107488.0, 'mae': 19597.1953125, 'correlation': 0.16273687779903412}
{'epoch': 13, 'loss': 409092000.0, 'mae': 19596.78125, 'correlation': -0.11495748907327652}
{'epoch': 14, 'loss': 409074688.0, 'mae': 19596.326171875, 'correlation': -0.3454247713088989}
{'epoch': 15, 'loss': 409065696.0, 'mae': 19596.123046875, 'correlation': 0.040901560336351395}
{'epoch': 16, 'loss': 409044448.0, 'mae': 19595.59375, 'correlation': 0.2616593539714813}
{'epoch': 17, 'loss': 409032352.0, 'mae': 19595.263671875, 'correlation': -0.08842986822128296}
{'epoch': 18, 'loss': 409014784.0, 'mae': 19594.8125, 'correlation': -0.10542361438274384}
{'epoch': 19, 'loss': 409001344.0, 'mae': 19594.470703125, 'correlation': -0.06387089192867279}
{'epoch': 20, 'loss': 408984992.0, 'mae': 19594.041015625, 'correlation': -0.29372021555900574}
{'epoch': 21, 'loss': 408970336.0, 'mae': 19593.677734375, 'correlation': -0.06455418467521667}
{'epoch': 22, 'loss': 408958048.0, 'mae': 19593.361328125, 'correlation': -0.1354256570339203}
{'epoch': 23, 'loss': 408940128.0, 'mae': 19592.923828125, 'correlation': 0.09298769384622574}
{'epoch': 24, 'loss': 408931488.0, 'mae': 19592.669921875, 'correlation': -0.26179662346839905}
{'epoch': 25, 'loss': 408915200.0, 'mae': 19592.255859375, 'correlation': -0.31778380274772644}
{'epoch': 26, 'loss': 408901088.0, 'mae': 19591.9296875, 'correlation': 0.11146675050258636}
{'epoch': 27, 'loss': 408885472.0, 'mae': 19591.552734375, 'correlation': 0.3473532497882843}
{'epoch': 28, 'loss': 408878752.0, 'mae': 19591.359375, 'correlation': 0.09353847801685333}
{'epoch': 29, 'loss': 408862208.0, 'mae': 19590.908203125, 'correlation': -0.21332186460494995}
{'epoch': 30, 'loss': 408845184.0, 'mae': 19590.498046875, 'correlation': 0.0636172816157341}
{'epoch': 31, 'loss': 408830688.0, 'mae': 19590.08203125, 'correlation': -0.36810240149497986}
{'epoch': 32, 'loss': 408823296.0, 'mae': 19589.955078125, 'correlation': 0.1983509510755539}
{'epoch': 33, 'loss': 408812448.0, 'mae': 19589.6484375, 'correlation': -0.07267945259809494}
{'epoch': 34, 'loss': 408790880.0, 'mae': 19589.099609375, 'correlation': -0.06452928483486176}
{'epoch': 35, 'loss': 408790912.0, 'mae': 19589.111328125, 'correlation': 0.03571508824825287}
{'epoch': 36, 'loss': 408766560.0, 'mae': 19588.4921875, 'correlation': 0.0661378875374794}
{'epoch': 37, 'loss': 408762528.0, 'mae': 19588.36328125, 'correlation': -0.14392757415771484}
{'epoch': 38, 'loss': 408745216.0, 'mae': 19587.935546875, 'correlation': -0.03670225292444229}
{'epoch': 39, 'loss': 408734560.0, 'mae': 19587.673828125, 'correlation': 0.0771220400929451}
{'epoch': 40, 'loss': 408720480.0, 'mae': 19587.310546875, 'correlation': 0.03378564491868019}
{'epoch': 41, 'loss': 408715520.0, 'mae': 19587.1796875, 'correlation': -0.017552893608808517}
{'epoch': 42, 'loss': 408699936.0, 'mae': 19586.767578125, 'correlation': -0.13689081370830536}
{'epoch': 43, 'loss': 408686240.0, 'mae': 19586.46875, 'correlation': 0.3777098059654236}
{'epoch': 44, 'loss': 408686304.0, 'mae': 19586.375, 'correlation': -0.3960409164428711}
{'epoch': 45, 'loss': 408668768.0, 'mae': 19585.986328125, 'correlation': 0.0014633075334131718}
{'epoch': 46, 'loss': 408648032.0, 'mae': 19585.482421875, 'correlation': 0.15921762585639954}
{'epoch': 47, 'loss': 408633344.0, 'mae': 19585.0859375, 'correlation': 0.019879469648003578}
{'epoch': 48, 'loss': 408633344.0, 'mae': 19585.095703125, 'correlation': 0.1155768483877182}
{'epoch': 49, 'loss': 408621984.0, 'mae': 19584.798828125, 'correlation': 0.031318970024585724}
{'epoch': 50, 'loss': 408610912.0, 'mae': 19584.5390625, 'correlation': 0.275429904460907}
{'epoch': 51, 'loss': 408594656.0, 'mae': 19584.138671875, 'correlation': 0.2711997330188751}
{'epoch': 52, 'loss': 408582144.0, 'mae': 19583.798828125, 'correlation': 0.1892765313386917}
{'epoch': 53, 'loss': 408573824.0, 'mae': 19583.537109375, 'correlation': -0.23762768507003784}
{'epoch': 54, 'loss': 408562592.0, 'mae': 19583.3203125, 'correlation': 0.25835105776786804}
{'epoch': 55, 'loss': 408548384.0, 'mae': 19582.884765625, 'correlation': -0.2507069706916809}
{'epoch': 56, 'loss': 408534880.0, 'mae': 19582.615234375, 'correlation': 0.38652917742729187}
{'epoch': 57, 'loss': 408528736.0, 'mae': 19582.435546875, 'correlation': 0.17692916095256805}
{'epoch': 58, 'loss': 408514432.0, 'mae': 19582.0546875, 'correlation': 0.042116615921258926}
{'epoch': 59, 'loss': 408506080.0, 'mae': 19581.8671875, 'correlation': 0.2259698212146759}
{'epoch': 60, 'loss': 408497184.0, 'mae': 19581.576171875, 'correlation': -0.22643965482711792}
{'epoch': 61, 'loss': 408480480.0, 'mae': 19581.208984375, 'correlation': 0.25502094626426697}
{'epoch': 62, 'loss': 408465920.0, 'mae': 19580.810546875, 'correlation': 0.0028455532155930996}
{'epoch': 63, 'loss': 408460640.0, 'mae': 19580.646484375, 'correlation': -0.17326635122299194}
{'epoch': 64, 'loss': 408449664.0, 'mae': 19580.376953125, 'correlation': -0.11973527073860168}
{'epoch': 65, 'loss': 408441184.0, 'mae': 19580.193359375, 'correlation': 0.12164883315563202}
{'epoch': 66, 'loss': 408425984.0, 'mae': 19579.8125, 'correlation': 0.13811682164669037}
{'epoch': 67, 'loss': 408407296.0, 'mae': 19579.294921875, 'correlation': -0.13672862946987152}
{'epoch': 68, 'loss': 408404896.0, 'mae': 19579.259765625, 'correlation': 0.04509948566555977}
{'epoch': 69, 'loss': 408390912.0, 'mae': 19578.923828125, 'correlation': 0.16283674538135529}
{'epoch': 70, 'loss': 408381056.0, 'mae': 19578.634765625, 'correlation': -0.049514491111040115}
{'epoch': 71, 'loss': 408365312.0, 'mae': 19578.2421875, 'correlation': 0.015948323532938957}
{'epoch': 72, 'loss': 408360352.0, 'mae': 19578.060546875, 'correlation': -0.35094961524009705}
{'epoch': 73, 'loss': 408345248.0, 'mae': 19577.7265625, 'correlation': -0.007909104228019714}
{'epoch': 74, 'loss': 408336768.0, 'mae': 19577.517578125, 'correlation': 0.03807814419269562}
{'epoch': 75, 'loss': 408319840.0, 'mae': 19577.107421875, 'correlation': 0.19494518637657166}
{'epoch': 76, 'loss': 408315680.0, 'mae': 19577.021484375, 'correlation': 0.3170661926269531}
{'epoch': 77, 'loss': 408297344.0, 'mae': 19576.533203125, 'correlation': 0.2591436207294464}
{'epoch': 78, 'loss': 408291680.0, 'mae': 19576.365234375, 'correlation': 0.042444709688425064}
{'epoch': 79, 'loss': 408283136.0, 'mae': 19576.125, 'correlation': -0.07290761917829514}
{'epoch': 80, 'loss': 408264992.0, 'mae': 19575.671875, 'correlation': -0.037795305252075195}
{'epoch': 81, 'loss': 408268960.0, 'mae': 19575.748046875, 'correlation': -0.13322646915912628}
{'epoch': 82, 'loss': 408242336.0, 'mae': 19575.14453125, 'correlation': 0.27595412731170654}
{'epoch': 83, 'loss': 408245024.0, 'mae': 19575.146484375, 'correlation': -0.1212887093424797}
{'epoch': 84, 'loss': 408215712.0, 'mae': 19574.451171875, 'correlation': 0.27913185954093933}
{'epoch': 85, 'loss': 408202592.0, 'mae': 19574.123046875, 'correlation': 0.20366628468036652}
{'epoch': 86, 'loss': 408187136.0, 'mae': 19573.7734375, 'correlation': 0.438930869102478}
{'epoch': 87, 'loss': 408200288.0, 'mae': 19574.0, 'correlation': -0.11250785738229752}
{'epoch': 88, 'loss': 408173600.0, 'mae': 19573.384765625, 'correlation': 0.2615317404270172}
{'epoch': 89, 'loss': 408163968.0, 'mae': 19573.11328125, 'correlation': 0.09859997034072876}
{'epoch': 90, 'loss': 408142592.0, 'mae': 19572.619140625, 'correlation': 0.3428329527378082}
{'epoch': 91, 'loss': 408135552.0, 'mae': 19572.361328125, 'correlation': -0.0640740916132927}
{'epoch': 92, 'loss': 408137056.0, 'mae': 19572.3828125, 'correlation': -0.14720745384693146}
{'epoch': 93, 'loss': 408116736.0, 'mae': 19571.9140625, 'correlation': 0.14540396630764008}
{'epoch': 94, 'loss': 408117760.0, 'mae': 19571.8671875, 'correlation': -0.2882058918476105}
{'epoch': 95, 'loss': 408097280.0, 'mae': 19571.455078125, 'correlation': 0.4719284176826477}
{'epoch': 96, 'loss': 408096224.0, 'mae': 19571.3046875, 'correlation': -0.26614996790885925}
{'epoch': 97, 'loss': 408082176.0, 'mae': 19570.99609375, 'correlation': -0.058974675834178925}
{'epoch': 98, 'loss': 408065024.0, 'mae': 19570.541015625, 'correlation': -0.1628936529159546}
{'epoch': 99, 'loss': 408061856.0, 'mae': 19570.455078125, 'correlation': -0.1886652559041977}

Training completed!
  - Best loss: 408061856.0000
  - Best correlation: 0.4719

Saved:
  - LoRA adapters: rm_lora_mps_localizer_100ep_iter100_adapters/
  - Embeddings + V-head: rm_lora_mps_localizer_100ep_iter100_heads.pt

============================================================
Embedding Quality Analysis
============================================================
Direction token embeddings:
  - Similarity range: [-0.154, 1.000]
  - Mean off-diagonal: -0.002

Interpretation:
  - Random embeddings: ~0.0
  - Learned structure: >0.3 for nearby angles
============================================================

