[Smoke] Training on speech dataset (CPU, 1 epoch) ...
DATA_ROOT=/Users/sbplab/LDV-data-processed/speech_box_data_no_edge_sync_vad_normalized
H_PATH=/Users/sbplab/LDV-data-processed/h_matrix_box_ldv_correct.pth
W_PATH=/Users/sbplab/LDV-data-processed/usm_box_ldv.pth
================================================================================
Transformer Routed Soft-OMP with Real LDV Data
================================================================================
Output directory: results/omp_transformer_speech_smoke_20251111_165408

================================================================================
STEP 1: Data Loading and Preprocessing
================================================================================
Loading H matrix from: /Users/sbplab/LDV-data-processed/h_matrix_box_ldv_correct.pth
Loading W matrix from: /Users/sbplab/LDV-data-processed/usm_box_ldv.pth
Raw data loaded:
  H shape: torch.Size([346, 37]), range: [0.000677, 0.148538]
  W shape: torch.Size([346, 5550]), range: [0.000000, 1.228055]
  Angles: 37 total, [0.0, 5.0, 10.0, 15.0, 20.0, 25.0, 30.0, 35.0, 40.0, 45.0, 50.0, 55.0, 60.0, 65.0, 70.0, 75.0, 80.0, 85.0, 90.0, 95.0, 100.0, 105.0, 110.0, 115.0, 120.0, 125.0, 130.0, 135.0, 140.0, 145.0, 150.0, 155.0, 160.0, 165.0, 170.0, 175.0, 180.0]

=== Atom Reduction via K-means ===
Input: W shape torch.Size([346, 5550]) (346 freq bins × 50 atoms)
Target: 8 clusters
K-means completed:
  Centroids shape: torch.Size([346, 8])
  Cluster sizes: [279, 4041, 102, 184, 261, 203, 387, 93]
  Reconstruction error: 2.8282 (282.82%)

=== Using Full Frequency Resolution (NO PCA) ===
H shape: torch.Size([346, 37])
W shape: torch.Size([346, 8])
Rationale: PCA may discard low-variance but high-discriminability features
           Greedy achieves 83.8% with F=346; test if Transformer needs full info too

=== Building Dictionary ===
Dictionary built:
  Shape: torch.Size([346, 296]) (F=346, P=296)
  Mutual coherence μ_max: 1.0000
  Mutual coherence μ_mean: 0.1924
  Index mapping: 296 entries

=== Loading LDV Samples with DoADataset ===
Dataset root: /Users/sbplab/LDV-data-processed/speech_box_data_no_edge_sync_vad_normalized
DoADataset created:
  Total samples: 111
  Angles: [0.0, 5.0, 10.0, 15.0, 20.0, 25.0, 30.0, 35.0, 40.0, 45.0, 50.0, 55.0, 60.0, 65.0, 70.0, 75.0, 80.0, 85.0, 90.0, 95.0, 100.0, 105.0, 110.0, 115.0, 120.0, 125.0, 130.0, 135.0, 140.0, 145.0, 150.0, 155.0, 160.0, 165.0, 170.0, 175.0, 180.0]
  STFT: fs=16000, n_fft=2048, freq_band=[300, 3000]Hz
  Using scipy.signal.stft with DC offset removal

Loaded samples:
  Y_samples: torch.Size([111, 346])
  Labels: torch.Size([111]), unique angles: 37
  Metadata: 111 entries
Dataset fingerprint (MD5): e72bf1f7e6a4a53ee4466a5ffeaefc10
  Computed from 111 .npy files

================================================================================
STEP 2: Model Initialization
================================================================================

=== Parameter Reduction Strategy ===
  Input frequency dimension F: 346
  Transformer embedding dimension d: 64
  Ratio d/F: 0.185
  Token projection size: 2 × (346 × 64) = 44,288 parameters
  (vs naive F×F: 2 × (346 × 346) = 239,432 parameters)
  Parameter reduction: 81.5%

Model architecture:
  F (input freq dim): 346
  d_model (embedding dim): 64
  E (experts/angles): 37
  M (atoms/expert): 8
  P (total atoms): 296
  nhead: 2
  nlayers: 1
  routing_mode: g (hybrid_alpha=n/a)
  Total parameters: 102,595
  Trainable parameters: 102,595

================================================================================
STEP 3: Training
================================================================================
Epoch   1/1: loss=3.4028 rec=0.0021 mono=0.0000 class=3.4684 acc=0.153 teach=0.153 align=0.956 tau_e=0.961 tau_a=0.958 eta=0.542

================================================================================
STEP 4: Final Evaluation
================================================================================

Final Results (Best model from epoch 1):
  Overall accuracy: 0.153 (15.3%)
  Baseline (commit b573aa6): 0.838 (83.8%)

Per-angle accuracy:
  Angle   0°: 0.000 (  0.0%) - 3 samples
  Angle   5°: 0.333 ( 33.3%) - 3 samples
  Angle  10°: 0.000 (  0.0%) - 3 samples
  Angle  15°: 0.000 (  0.0%) - 3 samples
  Angle  20°: 0.000 (  0.0%) - 3 samples
  Angle  25°: 0.000 (  0.0%) - 3 samples
  Angle  30°: 0.000 (  0.0%) - 3 samples
  Angle  35°: 0.000 (  0.0%) - 3 samples
  Angle  40°: 0.000 (  0.0%) - 3 samples
  Angle  45°: 0.000 (  0.0%) - 3 samples
  Angle  50°: 0.000 (  0.0%) - 3 samples
  Angle  55°: 0.667 ( 66.7%) - 3 samples
  Angle  60°: 1.000 (100.0%) - 3 samples
  Angle  65°: 0.000 (  0.0%) - 3 samples
  Angle  70°: 0.000 (  0.0%) - 3 samples
  Angle  75°: 0.000 (  0.0%) - 3 samples
  Angle  80°: 0.000 (  0.0%) - 3 samples
  Angle  85°: 0.000 (  0.0%) - 3 samples
  Angle  90°: 0.000 (  0.0%) - 3 samples
  Angle  95°: 0.000 (  0.0%) - 3 samples
  Angle 100°: 0.000 (  0.0%) - 3 samples
  Angle 105°: 0.000 (  0.0%) - 3 samples
  Angle 110°: 0.000 (  0.0%) - 3 samples
  Angle 115°: 1.000 (100.0%) - 3 samples
  Angle 120°: 1.000 (100.0%) - 3 samples
  Angle 125°: 0.000 (  0.0%) - 3 samples
  Angle 130°: 0.000 (  0.0%) - 3 samples
  Angle 135°: 0.000 (  0.0%) - 3 samples
  Angle 140°: 0.000 (  0.0%) - 3 samples
  Angle 145°: 0.000 (  0.0%) - 3 samples
  Angle 150°: 0.000 (  0.0%) - 3 samples
  Angle 155°: 0.000 (  0.0%) - 3 samples
  Angle 160°: 0.333 ( 33.3%) - 3 samples
  Angle 165°: 0.000 (  0.0%) - 3 samples
  Angle 170°: 0.000 (  0.0%) - 3 samples
  Angle 175°: 0.667 ( 66.7%) - 3 samples
  Angle 180°: 0.667 ( 66.7%) - 3 samples

Problematic angles from baseline:
   15°: 0.000 (STILL PROBLEMATIC)
   35°: 0.000 (STILL PROBLEMATIC)
   50°: 0.000 (STILL PROBLEMATIC)
   70°: 0.000 (STILL PROBLEMATIC)
  105°: 0.000 (STILL PROBLEMATIC)
  120°: 1.000 (IMPROVED)

================================================================================
STEP 5: Visualization
================================================================================
Saved figure: results/omp_transformer_speech_smoke_20251111_165408/results.png

================================================================================
STEP 6: Saving Results
================================================================================
All results saved to: results/omp_transformer_speech_smoke_20251111_165408

================================================================================
DONE
================================================================================

