/opt/anaconda3/envs/trl-training/lib/python3.11/site-packages/peft/tuners/lora/layer.py:2174: UserWarning: fan_in_fan_out is set to False but the target module is `Conv1D`. Setting fan_in_fan_out to True.
  warnings.warn(
/opt/anaconda3/envs/trl-training/lib/python3.11/site-packages/peft/utils/save_and_load.py:286: UserWarning: Could not find a config file in  - will assume that the vocabulary was not modified.
  warnings.warn(


Device: mps

============================================================
Applying LoRA to Reward Model
============================================================
LoRA config:
  - Rank (r): 8
  - Alpha: 16
  - Dropout: 0.1
  - Target modules: ['c_attn', 'c_proj']

Parameter counts:
  - LoRA adapters:  45,056
  - Embeddings:     521,472
  - V-head:         257
  - Total trainable: 566,785 / 4,243,969 (13.36%)
  - Reduction vs full FT: 86.64%
============================================================

Debug — batch tensors:
  input_ids: (2, 1770)  attention: (2, 1770)  per-sample scalar tgt (logging): (2,)
  tgt (scalar, log) stats: min=-0.4762 max=-0.4036 mean=-0.4399
Training data:
  - Samples: 2
  - Reward range: [-0.48, -0.40]
  - Reward mean±std: -0.44 ± 0.04

Per‑patch IS (diagnostics) — mean over patches per sample: {'min': 0.40357046396959395, 'median': 0.4399067222007683, 'mean': 0.4399067222007683, 'p95': 0.47260935460882525, 'p99': 0.4755162552673192, 'max': 0.4762429804319427}

Numeric diagnostics (first 5 samples):
{'path': 'clip_000.npy', 'F': 346, 'N': 286, 'patch_is_mean': 0.4762, 'patch_is_p99': 1.2401}
{'path': 'clip_001.npy', 'F': 346, 'N': 286, 'patch_is_mean': 0.4036, 'patch_is_p99': 1.0453}
Saved numeric diagnostics JSONL: results/rm_lora_smoke_K2/numeric_diagnostics.jsonl
Optimizer:
  - LoRA LR:       0.0001
  - Embedding LR:  0.0001
  - V-head LR:     0.001

============================================================
Training
============================================================
  sample pred_patch[:k] vs tgt_patch[:k] (per-patch IS target):
  pred: [0.3186818063259125, -0.7296795845031738, -0.19351980090141296, -0.38658878207206726, -0.32056739926338196]
  tgt : [-1.0070170164108276, -1.0336344242095947, -0.9923418164253235, -1.038438081741333, -1.0375736951828003]
{'epoch': 0, 'loss': 0.44893017411231995, 'mae': 0.5442389249801636, 'correlation': 0.06307905167341232}

Training completed!
  - Best loss: 0.4489
  - Best correlation: 0.0631

Saved:
  - LoRA adapters: rm_lora_smoke_K2_adapters/
  - Embeddings + V-head: rm_lora_smoke_K2_heads.pt

============================================================
Embedding Quality Analysis
============================================================
Direction token embeddings:
  - Similarity range: [-0.154, 1.000]
  - Mean off-diagonal: -0.002

Interpretation:
  - Random embeddings: ~0.0
  - Learned structure: >0.3 for nearby angles
============================================================

