W1014 19:48:37.856000 45455 site-packages/torch/distributed/elastic/multiprocessing/redirects.py:29] NOTE: Redirects are currently not supported in Windows or MacOs.
/opt/anaconda3/lib/python3.12/site-packages/peft/tuners/lora/layer.py:1768: UserWarning: fan_in_fan_out is set to False but the target module is `Conv1D`. Setting fan_in_fan_out to True.
  warnings.warn(
/opt/anaconda3/lib/python3.12/site-packages/peft/utils/save_and_load.py:236: UserWarning: Could not find a config file in  - will assume that the vocabulary was not modified.
  warnings.warn(

Device: mps

[Preflight] Running: /opt/anaconda3/bin/python scripts/eval/eval_physics_teacher_alignment.py --data-root /Users/sbplab/jiawei/datasets/test_nmf_output_no_edge_with_original/white_noise_box_data_no_edge_sync_vad_normalized --content-root /Users/sbplab/jiawei/datasets/test_nmf_output_no_edge_with_original/white_noise_original_data_no_edge_sync_vad_normalized --tf-path h_matrix_normalized_original_to_box.pth --w-path doa_normalized_config_c_corrected/models/usm.pth --teacher fit --K 3 --max-samples 64 --directions-per-sample 0 --eps 1e-08 --strict-teacher-top1 0.7 --strict-recallK 0.9 --strict-h-top1 0.7 --out rm_lora_mps_with_preflight_smoke_preflight
Teacher alignment summary:
{
  "samples": 51,
  "teacher": "fit",
  "K": 3,
  "teacher_top1_acc": 0.803921568627451,
  "teacher_recall_at_K": 1.0,
  "teacher_median_rank": 1.0,
  "teacher_margin_mean": 4981.9282322303925,
  "H_similarity": {
    "offdiag_max": 0.98870849609375,
    "offdiag_p95": 0.9597812265157699,
    "offdiag_mean": 0.852271556854248
  },
  "H_validity_top1": {
    "fit": 0.803921568627451,
    "fit_cn": 0.803921568627451,
    "fit_cn_mean": 0.803921568627451
  }
}

[Preflight] Teacher alignment: top1=0.804 recall@K=1.000 median_rank=1.0

============================================================
Applying LoRA to Reward Model
============================================================
LoRA config:
  - Rank (r): 8
  - Alpha: 16
  - Dropout: 0.1
  - Target modules: ['c_attn', 'c_proj']

Parameter counts:
  - LoRA adapters:  45,056
  - Embeddings:     521,472
  - V-head:         257
  - Total trainable: 566,785 / 4,243,969 (13.36%)
  - Reduction vs full FT: 86.64%
============================================================

Training data:
  - Samples: 4
  - Directions/sample (avg): 16.0
  - Pairs total: 32 (~8.0/sample)
Saved numeric diagnostics JSONL: results/rm_lora_mps_with_preflight_smoke/numeric_diagnostics.jsonl
Optimizer:
  - LoRA LR:       0.0001
  - Embedding LR:  0.0001
  - V-head LR:     0.001

============================================================
Training
============================================================
{'epoch': 0, 'bt_pair_loss': 0.6942595094442368, 'pairs': 32}
{'epoch': 0, 'eval_top1_acc': 0.0, 'eval_recall_at_K': 0.75, 'eval_samples': 4, 'K': 3}

Training completed!

Saved:
  - LoRA adapters: rm_lora_mps_with_preflight_smoke_adapters/
  - Embeddings + V-head: rm_lora_mps_with_preflight_smoke_heads.pt

============================================================
Embedding Quality Analysis
============================================================
Direction token embeddings:
  - Similarity range: [-0.154, 1.000]
  - Mean off-diagonal: -0.002

Interpretation:
  - Random embeddings: ~0.0
  - Learned structure: >0.3 for nearby angles
============================================================
