INFO:scripts.h_exploration.dataset_lag:Found 416 total WAV/NPY pairs across all angles
INFO:scripts.h_exploration.dataset_lag:Total clips avail: 416
INFO:__main__:Wrote subset manifest: results/rtgomp_phase_eq_E4n_speech_fit_scale_check_subset_paired_20260126_123656/subset_manifest.json
INFO:__main__:Processed clip 10 / 48
INFO:__main__:Processed clip 20 / 48
INFO:__main__:Processed clip 30 / 48
INFO:__main__:Processed clip 40 / 48
INFO:__main__:Processed clip 48 / 48
INFO:__main__:Wrote phase_eq: results/rtgomp_phase_eq_E4n_speech_fit_scale_check_subset_paired_20260126_123656/phase_eq/phase_eq.npz
INFO:__main__:Done. phase_eq=results/rtgomp_phase_eq_E4n_speech_fit_scale_check_subset_paired_20260126_123656/phase_eq/phase_eq.npz
INFO:__main__:Fit stats: {
  "num_windows_total": 234,
  "num_windows_used": 234,
  "num_segment_oob": 0,
  "fraction_defined_tau": 1.0,
  "boundary_hit_rate": 0.0,
  "gcc_psr_p50": 58.188516531167274,
  "gcc_psr_p90": 82.20055777380426,
  "inband_defined_fraction_stft": 1.0,
  "phase_eq_unit_mag_max_err": 4.183134805213484e-08,
  "any_nan_or_inf": false
}
