W1022 15:53:07.211000 60498 site-packages/torch/distributed/elastic/multiprocessing/redirects.py:29] NOTE: Redirects are currently not supported in Windows or MacOs.

Device: mps

============================================================
Applying LoRA to Reward Model
============================================================
LoRA config:
  - Rank (r): 8
  - Alpha: 16
  - Dropout: 0.1
  - Target modules: ['c_attn', 'c_proj', 'c_fc']
/opt/anaconda3/lib/python3.12/site-packages/peft/tuners/lora/layer.py:2174: UserWarning: fan_in_fan_out is set to False but the target module is `Conv1D`. Setting fan_in_fan_out to True.
  warnings.warn(
Training data:
  - Samples: 32
  - Directions/sample (avg): 17.0
  - Pairs total: 4352 (~136.0/sample)
Saved numeric diagnostics JSONL: results/rm_bt_allpairs_e50_n32_bs32_acc4_lse_r8_attn_mlp/numeric_diagnostics.jsonl
Optimizer:
  - LoRA LR:       0.0001
  - Embedding LR:  0.0001
  - V-head LR:     0.001

Pooling:
  - Type:          lse
  - Temperature τ: 1.0

============================================================
Training
============================================================
{'training_pairs': 'results/rm_bt_allpairs_e50_n32_bs32_acc4_lse_r8_attn_mlp/training_pairs.json', 'base_rows': 4352, 'hn_rows': 0, 'total': 4352}
{'epoch': 0, 'bt_pair_loss': 0.6931284780011457, 'pairs': 0}
{'epoch': 0, 'eval_top1_acc': 0.09375, 'eval_recall_at_K': 1.0, 'eval_samples': 32, 'K': 3}
{'epoch': 0, 'progress_report': {'loss_name': 'bt_pair_loss', 'loss': 0.6931284780011457, 'loss_delta': 0.0, 'top1': 0.09375, 'top1_delta': 0.0, 'recall_at_K': 1.0, 'recall_delta': 0.0, 'aligned_loss_vs_metrics': None}}
{'epoch': 0, 'eval_manifest': 'results/rm_bt_allpairs_e50_n32_bs32_acc4_lse_r8_attn_mlp/eval_subset_manifest.json', 'eval_records': 32}
{'epoch': 1, 'bt_pair_loss': 0.7072552286965006, 'pairs': 0}
{'epoch': 1, 'eval_top1_acc': 0.09375, 'eval_recall_at_K': 1.0, 'eval_samples': 32, 'K': 3}
{'epoch': 1, 'progress_report': {'loss_name': 'bt_pair_loss', 'loss': 0.7072552286965006, 'loss_delta': 0.01412675069535485, 'top1': 0.09375, 'top1_delta': 0.0, 'recall_at_K': 1.0, 'recall_delta': 0.0, 'aligned_loss_vs_metrics': False}}
{'epoch': 1, 'eval_manifest': 'results/rm_bt_allpairs_e50_n32_bs32_acc4_lse_r8_attn_mlp/eval_subset_manifest.json', 'eval_records': 32}
{'epoch': 2, 'bt_pair_loss': 0.6797169847961735, 'pairs': 0}
{'epoch': 2, 'eval_top1_acc': 0.09375, 'eval_recall_at_K': 1.0, 'eval_samples': 32, 'K': 3}
{'epoch': 2, 'progress_report': {'loss_name': 'bt_pair_loss', 'loss': 0.6797169847961735, 'loss_delta': -0.02753824390032711, 'top1': 0.09375, 'top1_delta': 0.0, 'recall_at_K': 1.0, 'recall_delta': 0.0, 'aligned_loss_vs_metrics': False}}
{'epoch': 2, 'eval_manifest': 'results/rm_bt_allpairs_e50_n32_bs32_acc4_lse_r8_attn_mlp/eval_subset_manifest.json', 'eval_records': 32}
{'epoch': 3, 'bt_pair_loss': 0.6596585244816893, 'pairs': 0}
{'epoch': 3, 'eval_top1_acc': 0.09375, 'eval_recall_at_K': 1.0, 'eval_samples': 32, 'K': 3}
{'epoch': 3, 'progress_report': {'loss_name': 'bt_pair_loss', 'loss': 0.6596585244816893, 'loss_delta': -0.020058460314484217, 'top1': 0.09375, 'top1_delta': 0.0, 'recall_at_K': 1.0, 'recall_delta': 0.0, 'aligned_loss_vs_metrics': False}}
{'epoch': 3, 'eval_manifest': 'results/rm_bt_allpairs_e50_n32_bs32_acc4_lse_r8_attn_mlp/eval_subset_manifest.json', 'eval_records': 32}
{'epoch': 4, 'bt_pair_loss': 0.6505986502503648, 'pairs': 0}
{'epoch': 4, 'eval_top1_acc': 0.09375, 'eval_recall_at_K': 1.0, 'eval_samples': 32, 'K': 3}
{'epoch': 4, 'progress_report': {'loss_name': 'bt_pair_loss', 'loss': 0.6505986502503648, 'loss_delta': -0.009059874231324483, 'top1': 0.09375, 'top1_delta': 0.0, 'recall_at_K': 1.0, 'recall_delta': 0.0, 'aligned_loss_vs_metrics': False}}
{'epoch': 4, 'eval_manifest': 'results/rm_bt_allpairs_e50_n32_bs32_acc4_lse_r8_attn_mlp/eval_subset_manifest.json', 'eval_records': 32}
{'epoch': 5, 'bt_pair_loss': 0.6517936416408595, 'pairs': 0}
{'epoch': 5, 'eval_top1_acc': 0.09375, 'eval_recall_at_K': 1.0, 'eval_samples': 32, 'K': 3}
{'epoch': 5, 'progress_report': {'loss_name': 'bt_pair_loss', 'loss': 0.6517936416408595, 'loss_delta': 0.0011949913904947262, 'top1': 0.09375, 'top1_delta': 0.0, 'recall_at_K': 1.0, 'recall_delta': 0.0, 'aligned_loss_vs_metrics': False}}
{'epoch': 5, 'eval_manifest': 'results/rm_bt_allpairs_e50_n32_bs32_acc4_lse_r8_attn_mlp/eval_subset_manifest.json', 'eval_records': 32}
{'epoch': 6, 'bt_pair_loss': 0.6507269058595685, 'pairs': 0}
{'epoch': 6, 'eval_top1_acc': 0.09375, 'eval_recall_at_K': 1.0, 'eval_samples': 32, 'K': 3}
{'epoch': 6, 'progress_report': {'loss_name': 'bt_pair_loss', 'loss': 0.6507269058595685, 'loss_delta': -0.0010667357812910172, 'top1': 0.09375, 'top1_delta': 0.0, 'recall_at_K': 1.0, 'recall_delta': 0.0, 'aligned_loss_vs_metrics': False}}
{'epoch': 6, 'eval_manifest': 'results/rm_bt_allpairs_e50_n32_bs32_acc4_lse_r8_attn_mlp/eval_subset_manifest.json', 'eval_records': 32}
{'epoch': 7, 'bt_pair_loss': 0.6468396714943296, 'pairs': 0}
{'epoch': 7, 'eval_top1_acc': 0.09375, 'eval_recall_at_K': 1.0, 'eval_samples': 32, 'K': 3}
{'epoch': 7, 'progress_report': {'loss_name': 'bt_pair_loss', 'loss': 0.6468396714943296, 'loss_delta': -0.0038872343652388563, 'top1': 0.09375, 'top1_delta': 0.0, 'recall_at_K': 1.0, 'recall_delta': 0.0, 'aligned_loss_vs_metrics': False}}
{'epoch': 7, 'eval_manifest': 'results/rm_bt_allpairs_e50_n32_bs32_acc4_lse_r8_attn_mlp/eval_subset_manifest.json', 'eval_records': 32}
{'epoch': 8, 'bt_pair_loss': 0.6449152939021587, 'pairs': 0}
{'epoch': 8, 'eval_top1_acc': 0.09375, 'eval_recall_at_K': 1.0, 'eval_samples': 32, 'K': 3}
{'epoch': 8, 'progress_report': {'loss_name': 'bt_pair_loss', 'loss': 0.6449152939021587, 'loss_delta': -0.0019243775921709005, 'top1': 0.09375, 'top1_delta': 0.0, 'recall_at_K': 1.0, 'recall_delta': 0.0, 'aligned_loss_vs_metrics': False}}
{'epoch': 8, 'eval_manifest': 'results/rm_bt_allpairs_e50_n32_bs32_acc4_lse_r8_attn_mlp/eval_subset_manifest.json', 'eval_records': 32}
{'epoch': 9, 'bt_pair_loss': 0.6486158285509137, 'pairs': 0}
{'epoch': 9, 'eval_top1_acc': 0.09375, 'eval_recall_at_K': 1.0, 'eval_samples': 32, 'K': 3}
{'epoch': 9, 'progress_report': {'loss_name': 'bt_pair_loss', 'loss': 0.6486158285509137, 'loss_delta': 0.0037005346487549717, 'top1': 0.09375, 'top1_delta': 0.0, 'recall_at_K': 1.0, 'recall_delta': 0.0, 'aligned_loss_vs_metrics': False}}
{'epoch': 9, 'eval_manifest': 'results/rm_bt_allpairs_e50_n32_bs32_acc4_lse_r8_attn_mlp/eval_subset_manifest.json', 'eval_records': 32}
{'epoch': 10, 'bt_pair_loss': 0.6446913741528988, 'pairs': 0}
{'epoch': 10, 'eval_top1_acc': 0.09375, 'eval_recall_at_K': 1.0, 'eval_samples': 32, 'K': 3}
{'epoch': 10, 'progress_report': {'loss_name': 'bt_pair_loss', 'loss': 0.6446913741528988, 'loss_delta': -0.0039244543980149205, 'top1': 0.09375, 'top1_delta': 0.0, 'recall_at_K': 1.0, 'recall_delta': 0.0, 'aligned_loss_vs_metrics': False}}
{'epoch': 10, 'eval_manifest': 'results/rm_bt_allpairs_e50_n32_bs32_acc4_lse_r8_attn_mlp/eval_subset_manifest.json', 'eval_records': 32}
{'epoch': 11, 'bt_pair_loss': 0.6485742749098469, 'pairs': 0}
{'epoch': 11, 'eval_top1_acc': 0.09375, 'eval_recall_at_K': 1.0, 'eval_samples': 32, 'K': 3}
{'epoch': 11, 'progress_report': {'loss_name': 'bt_pair_loss', 'loss': 0.6485742749098469, 'loss_delta': 0.0038829007569480822, 'top1': 0.09375, 'top1_delta': 0.0, 'recall_at_K': 1.0, 'recall_delta': 0.0, 'aligned_loss_vs_metrics': False}}
{'epoch': 11, 'eval_manifest': 'results/rm_bt_allpairs_e50_n32_bs32_acc4_lse_r8_attn_mlp/eval_subset_manifest.json', 'eval_records': 32}
{'epoch': 12, 'bt_pair_loss': 0.6471074006574995, 'pairs': 0}
{'epoch': 12, 'eval_top1_acc': 0.09375, 'eval_recall_at_K': 1.0, 'eval_samples': 32, 'K': 3}
{'epoch': 12, 'progress_report': {'loss_name': 'bt_pair_loss', 'loss': 0.6471074006574995, 'loss_delta': -0.0014668742523473721, 'top1': 0.09375, 'top1_delta': 0.0, 'recall_at_K': 1.0, 'recall_delta': 0.0, 'aligned_loss_vs_metrics': False}}
{'epoch': 12, 'eval_manifest': 'results/rm_bt_allpairs_e50_n32_bs32_acc4_lse_r8_attn_mlp/eval_subset_manifest.json', 'eval_records': 32}
{'epoch': 13, 'bt_pair_loss': 0.647897340795573, 'pairs': 0}
{'epoch': 13, 'eval_top1_acc': 0.09375, 'eval_recall_at_K': 1.0, 'eval_samples': 32, 'K': 3}
{'epoch': 13, 'progress_report': {'loss_name': 'bt_pair_loss', 'loss': 0.647897340795573, 'loss_delta': 0.0007899401380735416, 'top1': 0.09375, 'top1_delta': 0.0, 'recall_at_K': 1.0, 'recall_delta': 0.0, 'aligned_loss_vs_metrics': False}}
{'epoch': 13, 'eval_manifest': 'results/rm_bt_allpairs_e50_n32_bs32_acc4_lse_r8_attn_mlp/eval_subset_manifest.json', 'eval_records': 32}
{'epoch': 14, 'bt_pair_loss': 0.6443297131096616, 'pairs': 0}
{'epoch': 14, 'eval_top1_acc': 0.09375, 'eval_recall_at_K': 1.0, 'eval_samples': 32, 'K': 3}
{'epoch': 14, 'progress_report': {'loss_name': 'bt_pair_loss', 'loss': 0.6443297131096616, 'loss_delta': -0.0035676276859114564, 'top1': 0.09375, 'top1_delta': 0.0, 'recall_at_K': 1.0, 'recall_delta': 0.0, 'aligned_loss_vs_metrics': False}}
{'epoch': 14, 'eval_manifest': 'results/rm_bt_allpairs_e50_n32_bs32_acc4_lse_r8_attn_mlp/eval_subset_manifest.json', 'eval_records': 32}
{'epoch': 15, 'bt_pair_loss': 0.6474620524574729, 'pairs': 0}
{'epoch': 15, 'eval_top1_acc': 0.09375, 'eval_recall_at_K': 1.0, 'eval_samples': 32, 'K': 3}
{'epoch': 15, 'progress_report': {'loss_name': 'bt_pair_loss', 'loss': 0.6474620524574729, 'loss_delta': 0.0031323393478113193, 'top1': 0.09375, 'top1_delta': 0.0, 'recall_at_K': 1.0, 'recall_delta': 0.0, 'aligned_loss_vs_metrics': False}}
{'epoch': 15, 'eval_manifest': 'results/rm_bt_allpairs_e50_n32_bs32_acc4_lse_r8_attn_mlp/eval_subset_manifest.json', 'eval_records': 32}
{'epoch': 16, 'bt_pair_loss': 0.6468406834584826, 'pairs': 0}
{'epoch': 16, 'eval_top1_acc': 0.09375, 'eval_recall_at_K': 1.0, 'eval_samples': 32, 'K': 3}
{'epoch': 16, 'progress_report': {'loss_name': 'bt_pair_loss', 'loss': 0.6468406834584826, 'loss_delta': -0.0006213689989903459, 'top1': 0.09375, 'top1_delta': 0.0, 'recall_at_K': 1.0, 'recall_delta': 0.0, 'aligned_loss_vs_metrics': False}}
{'epoch': 16, 'eval_manifest': 'results/rm_bt_allpairs_e50_n32_bs32_acc4_lse_r8_attn_mlp/eval_subset_manifest.json', 'eval_records': 32}
{'epoch': 17, 'bt_pair_loss': 0.6462892605101361, 'pairs': 0}
{'epoch': 17, 'eval_top1_acc': 0.09375, 'eval_recall_at_K': 1.0, 'eval_samples': 32, 'K': 3}
{'epoch': 17, 'progress_report': {'loss_name': 'bt_pair_loss', 'loss': 0.6462892605101361, 'loss_delta': -0.000551422948346425, 'top1': 0.09375, 'top1_delta': 0.0, 'recall_at_K': 1.0, 'recall_delta': 0.0, 'aligned_loss_vs_metrics': False}}
{'epoch': 17, 'eval_manifest': 'results/rm_bt_allpairs_e50_n32_bs32_acc4_lse_r8_attn_mlp/eval_subset_manifest.json', 'eval_records': 32}
{'epoch': 18, 'bt_pair_loss': 0.6455626741928213, 'pairs': 0}
{'epoch': 18, 'eval_top1_acc': 0.09375, 'eval_recall_at_K': 1.0, 'eval_samples': 32, 'K': 3}
{'epoch': 18, 'progress_report': {'loss_name': 'bt_pair_loss', 'loss': 0.6455626741928213, 'loss_delta': -0.0007265863173148146, 'top1': 0.09375, 'top1_delta': 0.0, 'recall_at_K': 1.0, 'recall_delta': 0.0, 'aligned_loss_vs_metrics': False}}
{'epoch': 18, 'eval_manifest': 'results/rm_bt_allpairs_e50_n32_bs32_acc4_lse_r8_attn_mlp/eval_subset_manifest.json', 'eval_records': 32}
{'epoch': 19, 'bt_pair_loss': 0.6454411019735476, 'pairs': 0}
{'epoch': 19, 'eval_top1_acc': 0.09375, 'eval_recall_at_K': 1.0, 'eval_samples': 32, 'K': 3}
{'epoch': 19, 'progress_report': {'loss_name': 'bt_pair_loss', 'loss': 0.6454411019735476, 'loss_delta': -0.00012157221927366901, 'top1': 0.09375, 'top1_delta': 0.0, 'recall_at_K': 1.0, 'recall_delta': 0.0, 'aligned_loss_vs_metrics': False}}
{'epoch': 19, 'eval_manifest': 'results/rm_bt_allpairs_e50_n32_bs32_acc4_lse_r8_attn_mlp/eval_subset_manifest.json', 'eval_records': 32}
{'epoch': 20, 'bt_pair_loss': 0.6407836524440962, 'pairs': 0}
{'epoch': 20, 'eval_top1_acc': 0.09375, 'eval_recall_at_K': 1.0, 'eval_samples': 32, 'K': 3}
{'epoch': 20, 'progress_report': {'loss_name': 'bt_pair_loss', 'loss': 0.6407836524440962, 'loss_delta': -0.004657449529451463, 'top1': 0.09375, 'top1_delta': 0.0, 'recall_at_K': 1.0, 'recall_delta': 0.0, 'aligned_loss_vs_metrics': False}}
{'epoch': 20, 'eval_manifest': 'results/rm_bt_allpairs_e50_n32_bs32_acc4_lse_r8_attn_mlp/eval_subset_manifest.json', 'eval_records': 32}
{'epoch': 21, 'bt_pair_loss': 0.6450117699363652, 'pairs': 0}
{'epoch': 21, 'eval_top1_acc': 0.09375, 'eval_recall_at_K': 1.0, 'eval_samples': 32, 'K': 3}
{'epoch': 21, 'progress_report': {'loss_name': 'bt_pair_loss', 'loss': 0.6450117699363652, 'loss_delta': 0.0042281174922690345, 'top1': 0.09375, 'top1_delta': 0.0, 'recall_at_K': 1.0, 'recall_delta': 0.0, 'aligned_loss_vs_metrics': False}}
{'epoch': 21, 'eval_manifest': 'results/rm_bt_allpairs_e50_n32_bs32_acc4_lse_r8_attn_mlp/eval_subset_manifest.json', 'eval_records': 32}
{'epoch': 22, 'bt_pair_loss': 0.6412890034125132, 'pairs': 0}
{'epoch': 22, 'eval_top1_acc': 0.09375, 'eval_recall_at_K': 1.0, 'eval_samples': 32, 'K': 3}
{'epoch': 22, 'progress_report': {'loss_name': 'bt_pair_loss', 'loss': 0.6412890034125132, 'loss_delta': -0.0037227665238520613, 'top1': 0.09375, 'top1_delta': 0.0, 'recall_at_K': 1.0, 'recall_delta': 0.0, 'aligned_loss_vs_metrics': False}}
{'epoch': 22, 'eval_manifest': 'results/rm_bt_allpairs_e50_n32_bs32_acc4_lse_r8_attn_mlp/eval_subset_manifest.json', 'eval_records': 32}
{'epoch': 23, 'bt_pair_loss': 0.6375071483061594, 'pairs': 0}
{'epoch': 23, 'eval_top1_acc': 0.09375, 'eval_recall_at_K': 1.0, 'eval_samples': 32, 'K': 3}
{'epoch': 23, 'progress_report': {'loss_name': 'bt_pair_loss', 'loss': 0.6375071483061594, 'loss_delta': -0.0037818551063537598, 'top1': 0.09375, 'top1_delta': 0.0, 'recall_at_K': 1.0, 'recall_delta': 0.0, 'aligned_loss_vs_metrics': False}}
{'epoch': 23, 'eval_manifest': 'results/rm_bt_allpairs_e50_n32_bs32_acc4_lse_r8_attn_mlp/eval_subset_manifest.json', 'eval_records': 32}
{'epoch': 24, 'bt_pair_loss': 0.6383072392028921, 'pairs': 0}
{'epoch': 24, 'eval_top1_acc': 0.09375, 'eval_recall_at_K': 1.0, 'eval_samples': 32, 'K': 3}
{'epoch': 24, 'progress_report': {'loss_name': 'bt_pair_loss', 'loss': 0.6383072392028921, 'loss_delta': 0.0008000908967327192, 'top1': 0.09375, 'top1_delta': 0.0, 'recall_at_K': 1.0, 'recall_delta': 0.0, 'aligned_loss_vs_metrics': False}}
{'epoch': 24, 'eval_manifest': 'results/rm_bt_allpairs_e50_n32_bs32_acc4_lse_r8_attn_mlp/eval_subset_manifest.json', 'eval_records': 32}
{'epoch': 25, 'bt_pair_loss': 0.6375536616234219, 'pairs': 0}
{'epoch': 25, 'eval_top1_acc': 0.09375, 'eval_recall_at_K': 1.0, 'eval_samples': 32, 'K': 3}
{'epoch': 25, 'progress_report': {'loss_name': 'bt_pair_loss', 'loss': 0.6375536616234219, 'loss_delta': -0.0007535775794702548, 'top1': 0.09375, 'top1_delta': 0.0, 'recall_at_K': 1.0, 'recall_delta': 0.0, 'aligned_loss_vs_metrics': False}}
{'epoch': 25, 'eval_manifest': 'results/rm_bt_allpairs_e50_n32_bs32_acc4_lse_r8_attn_mlp/eval_subset_manifest.json', 'eval_records': 32}
{'epoch': 26, 'bt_pair_loss': 0.6327974877375013, 'pairs': 0}
{'epoch': 26, 'eval_top1_acc': 0.09375, 'eval_recall_at_K': 1.0, 'eval_samples': 32, 'K': 3}
{'epoch': 26, 'progress_report': {'loss_name': 'bt_pair_loss', 'loss': 0.6327974877375013, 'loss_delta': -0.004756173885920534, 'top1': 0.09375, 'top1_delta': 0.0, 'recall_at_K': 1.0, 'recall_delta': 0.0, 'aligned_loss_vs_metrics': False}}
{'epoch': 26, 'eval_manifest': 'results/rm_bt_allpairs_e50_n32_bs32_acc4_lse_r8_attn_mlp/eval_subset_manifest.json', 'eval_records': 32}
{'epoch': 27, 'bt_pair_loss': 0.6348292807884076, 'pairs': 0}
{'epoch': 27, 'eval_top1_acc': 0.09375, 'eval_recall_at_K': 1.0, 'eval_samples': 32, 'K': 3}
{'epoch': 27, 'progress_report': {'loss_name': 'bt_pair_loss', 'loss': 0.6348292807884076, 'loss_delta': 0.002031793050906283, 'top1': 0.09375, 'top1_delta': 0.0, 'recall_at_K': 1.0, 'recall_delta': 0.0, 'aligned_loss_vs_metrics': False}}
{'epoch': 27, 'eval_manifest': 'results/rm_bt_allpairs_e50_n32_bs32_acc4_lse_r8_attn_mlp/eval_subset_manifest.json', 'eval_records': 32}
{'epoch': 28, 'bt_pair_loss': 0.6328619146610007, 'pairs': 0}
{'epoch': 28, 'eval_top1_acc': 0.09375, 'eval_recall_at_K': 1.0, 'eval_samples': 32, 'K': 3}
{'epoch': 28, 'progress_report': {'loss_name': 'bt_pair_loss', 'loss': 0.6328619146610007, 'loss_delta': -0.0019673661274068888, 'top1': 0.09375, 'top1_delta': 0.0, 'recall_at_K': 1.0, 'recall_delta': 0.0, 'aligned_loss_vs_metrics': False}}
{'epoch': 28, 'eval_manifest': 'results/rm_bt_allpairs_e50_n32_bs32_acc4_lse_r8_attn_mlp/eval_subset_manifest.json', 'eval_records': 32}
{'epoch': 29, 'bt_pair_loss': 0.6313533622990636, 'pairs': 0}
{'epoch': 29, 'eval_top1_acc': 0.09375, 'eval_recall_at_K': 1.0, 'eval_samples': 32, 'K': 3}
{'epoch': 29, 'progress_report': {'loss_name': 'bt_pair_loss', 'loss': 0.6313533622990636, 'loss_delta': -0.0015085523619371433, 'top1': 0.09375, 'top1_delta': 0.0, 'recall_at_K': 1.0, 'recall_delta': 0.0, 'aligned_loss_vs_metrics': False}}
{'epoch': 29, 'eval_manifest': 'results/rm_bt_allpairs_e50_n32_bs32_acc4_lse_r8_attn_mlp/eval_subset_manifest.json', 'eval_records': 32}
{'epoch': 30, 'bt_pair_loss': 0.6318784395561499, 'pairs': 0}
{'epoch': 30, 'eval_top1_acc': 0.09375, 'eval_recall_at_K': 1.0, 'eval_samples': 32, 'K': 3}
{'epoch': 30, 'progress_report': {'loss_name': 'bt_pair_loss', 'loss': 0.6318784395561499, 'loss_delta': 0.0005250772570862816, 'top1': 0.09375, 'top1_delta': 0.0, 'recall_at_K': 1.0, 'recall_delta': 0.0, 'aligned_loss_vs_metrics': False}}
{'epoch': 30, 'eval_manifest': 'results/rm_bt_allpairs_e50_n32_bs32_acc4_lse_r8_attn_mlp/eval_subset_manifest.json', 'eval_records': 32}
{'epoch': 31, 'bt_pair_loss': 0.629760120940559, 'pairs': 0}
{'epoch': 31, 'eval_top1_acc': 0.09375, 'eval_recall_at_K': 1.0, 'eval_samples': 32, 'K': 3}
{'epoch': 31, 'progress_report': {'loss_name': 'bt_pair_loss', 'loss': 0.629760120940559, 'loss_delta': -0.002118318615590864, 'top1': 0.09375, 'top1_delta': 0.0, 'recall_at_K': 1.0, 'recall_delta': 0.0, 'aligned_loss_vs_metrics': False}}
{'epoch': 31, 'eval_manifest': 'results/rm_bt_allpairs_e50_n32_bs32_acc4_lse_r8_attn_mlp/eval_subset_manifest.json', 'eval_records': 32}
{'epoch': 32, 'bt_pair_loss': 0.6283876043470467, 'pairs': 0}
{'epoch': 32, 'eval_top1_acc': 0.09375, 'eval_recall_at_K': 1.0, 'eval_samples': 32, 'K': 3}
{'epoch': 32, 'progress_report': {'loss_name': 'bt_pair_loss', 'loss': 0.6283876043470467, 'loss_delta': -0.0013725165935123407, 'top1': 0.09375, 'top1_delta': 0.0, 'recall_at_K': 1.0, 'recall_delta': 0.0, 'aligned_loss_vs_metrics': False}}
{'epoch': 32, 'eval_manifest': 'results/rm_bt_allpairs_e50_n32_bs32_acc4_lse_r8_attn_mlp/eval_subset_manifest.json', 'eval_records': 32}
{'epoch': 33, 'bt_pair_loss': 0.6247436963021755, 'pairs': 0}
{'epoch': 33, 'eval_top1_acc': 0.09375, 'eval_recall_at_K': 1.0, 'eval_samples': 32, 'K': 3}
{'epoch': 33, 'progress_report': {'loss_name': 'bt_pair_loss', 'loss': 0.6247436963021755, 'loss_delta': -0.003643908044871136, 'top1': 0.09375, 'top1_delta': 0.0, 'recall_at_K': 1.0, 'recall_delta': 0.0, 'aligned_loss_vs_metrics': False}}
{'epoch': 33, 'eval_manifest': 'results/rm_bt_allpairs_e50_n32_bs32_acc4_lse_r8_attn_mlp/eval_subset_manifest.json', 'eval_records': 32}
{'epoch': 34, 'bt_pair_loss': 0.6262954701395596, 'pairs': 0}
{'epoch': 34, 'eval_top1_acc': 0.09375, 'eval_recall_at_K': 1.0, 'eval_samples': 32, 'K': 3}
{'epoch': 34, 'progress_report': {'loss_name': 'bt_pair_loss', 'loss': 0.6262954701395596, 'loss_delta': 0.0015517738373840295, 'top1': 0.09375, 'top1_delta': 0.0, 'recall_at_K': 1.0, 'recall_delta': 0.0, 'aligned_loss_vs_metrics': False}}
{'epoch': 34, 'eval_manifest': 'results/rm_bt_allpairs_e50_n32_bs32_acc4_lse_r8_attn_mlp/eval_subset_manifest.json', 'eval_records': 32}
{'epoch': 35, 'bt_pair_loss': 0.6232013042797061, 'pairs': 0}
{'epoch': 35, 'eval_top1_acc': 0.09375, 'eval_recall_at_K': 1.0, 'eval_samples': 32, 'K': 3}
{'epoch': 35, 'progress_report': {'loss_name': 'bt_pair_loss', 'loss': 0.6232013042797061, 'loss_delta': -0.0030941658598534483, 'top1': 0.09375, 'top1_delta': 0.0, 'recall_at_K': 1.0, 'recall_delta': 0.0, 'aligned_loss_vs_metrics': False}}
{'epoch': 35, 'eval_manifest': 'results/rm_bt_allpairs_e50_n32_bs32_acc4_lse_r8_attn_mlp/eval_subset_manifest.json', 'eval_records': 32}
{'epoch': 36, 'bt_pair_loss': 0.624027369215208, 'pairs': 0}
{'epoch': 36, 'eval_top1_acc': 0.09375, 'eval_recall_at_K': 1.0, 'eval_samples': 32, 'K': 3}
{'epoch': 36, 'progress_report': {'loss_name': 'bt_pair_loss', 'loss': 0.624027369215208, 'loss_delta': 0.0008260649355018579, 'top1': 0.09375, 'top1_delta': 0.0, 'recall_at_K': 1.0, 'recall_delta': 0.0, 'aligned_loss_vs_metrics': False}}
{'epoch': 36, 'eval_manifest': 'results/rm_bt_allpairs_e50_n32_bs32_acc4_lse_r8_attn_mlp/eval_subset_manifest.json', 'eval_records': 32}
{'epoch': 37, 'bt_pair_loss': 0.6203118935227394, 'pairs': 0}
{'epoch': 37, 'eval_top1_acc': 0.09375, 'eval_recall_at_K': 1.0, 'eval_samples': 32, 'K': 3}
{'epoch': 37, 'progress_report': {'loss_name': 'bt_pair_loss', 'loss': 0.6203118935227394, 'loss_delta': -0.0037154756924685506, 'top1': 0.09375, 'top1_delta': 0.0, 'recall_at_K': 1.0, 'recall_delta': 0.0, 'aligned_loss_vs_metrics': False}}
{'epoch': 37, 'eval_manifest': 'results/rm_bt_allpairs_e50_n32_bs32_acc4_lse_r8_attn_mlp/eval_subset_manifest.json', 'eval_records': 32}
{'epoch': 38, 'bt_pair_loss': 0.619620706228649, 'pairs': 0}
{'epoch': 38, 'eval_top1_acc': 0.09375, 'eval_recall_at_K': 1.0, 'eval_samples': 32, 'K': 3}
{'epoch': 38, 'progress_report': {'loss_name': 'bt_pair_loss', 'loss': 0.619620706228649, 'loss_delta': -0.0006911872940904562, 'top1': 0.09375, 'top1_delta': 0.0, 'recall_at_K': 1.0, 'recall_delta': 0.0, 'aligned_loss_vs_metrics': False}}
{'epoch': 38, 'eval_manifest': 'results/rm_bt_allpairs_e50_n32_bs32_acc4_lse_r8_attn_mlp/eval_subset_manifest.json', 'eval_records': 32}
{'epoch': 39, 'bt_pair_loss': 0.6169295313165468, 'pairs': 0}
{'epoch': 39, 'eval_top1_acc': 0.09375, 'eval_recall_at_K': 1.0, 'eval_samples': 32, 'K': 3}
{'epoch': 39, 'progress_report': {'loss_name': 'bt_pair_loss', 'loss': 0.6169295313165468, 'loss_delta': -0.0026911749121021344, 'top1': 0.09375, 'top1_delta': 0.0, 'recall_at_K': 1.0, 'recall_delta': 0.0, 'aligned_loss_vs_metrics': False}}
{'epoch': 39, 'eval_manifest': 'results/rm_bt_allpairs_e50_n32_bs32_acc4_lse_r8_attn_mlp/eval_subset_manifest.json', 'eval_records': 32}
{'epoch': 40, 'bt_pair_loss': 0.6211374487508746, 'pairs': 0}
{'epoch': 40, 'eval_top1_acc': 0.09375, 'eval_recall_at_K': 1.0, 'eval_samples': 32, 'K': 3}
{'epoch': 40, 'progress_report': {'loss_name': 'bt_pair_loss', 'loss': 0.6211374487508746, 'loss_delta': 0.004207917434327801, 'top1': 0.09375, 'top1_delta': 0.0, 'recall_at_K': 1.0, 'recall_delta': 0.0, 'aligned_loss_vs_metrics': False}}
{'epoch': 40, 'eval_manifest': 'results/rm_bt_allpairs_e50_n32_bs32_acc4_lse_r8_attn_mlp/eval_subset_manifest.json', 'eval_records': 32}
{'epoch': 41, 'bt_pair_loss': 0.6161411284085583, 'pairs': 0}
{'epoch': 41, 'eval_top1_acc': 0.09375, 'eval_recall_at_K': 1.0, 'eval_samples': 32, 'K': 3}
{'epoch': 41, 'progress_report': {'loss_name': 'bt_pair_loss', 'loss': 0.6161411284085583, 'loss_delta': -0.0049963203423163405, 'top1': 0.09375, 'top1_delta': 0.0, 'recall_at_K': 1.0, 'recall_delta': 0.0, 'aligned_loss_vs_metrics': False}}
{'epoch': 41, 'eval_manifest': 'results/rm_bt_allpairs_e50_n32_bs32_acc4_lse_r8_attn_mlp/eval_subset_manifest.json', 'eval_records': 32}
{'epoch': 42, 'bt_pair_loss': 0.6179350040414754, 'pairs': 0}
{'epoch': 42, 'eval_top1_acc': 0.09375, 'eval_recall_at_K': 1.0, 'eval_samples': 32, 'K': 3}
{'epoch': 42, 'progress_report': {'loss_name': 'bt_pair_loss', 'loss': 0.6179350040414754, 'loss_delta': 0.001793875632917108, 'top1': 0.09375, 'top1_delta': 0.0, 'recall_at_K': 1.0, 'recall_delta': 0.0, 'aligned_loss_vs_metrics': False}}
{'epoch': 42, 'eval_manifest': 'results/rm_bt_allpairs_e50_n32_bs32_acc4_lse_r8_attn_mlp/eval_subset_manifest.json', 'eval_records': 32}
{'epoch': 43, 'bt_pair_loss': 0.6147832806934329, 'pairs': 0}
{'epoch': 43, 'eval_top1_acc': 0.09375, 'eval_recall_at_K': 1.0, 'eval_samples': 32, 'K': 3}
{'epoch': 43, 'progress_report': {'loss_name': 'bt_pair_loss', 'loss': 0.6147832806934329, 'loss_delta': -0.003151723348042479, 'top1': 0.09375, 'top1_delta': 0.0, 'recall_at_K': 1.0, 'recall_delta': 0.0, 'aligned_loss_vs_metrics': False}}
{'epoch': 43, 'eval_manifest': 'results/rm_bt_allpairs_e50_n32_bs32_acc4_lse_r8_attn_mlp/eval_subset_manifest.json', 'eval_records': 32}
{'epoch': 44, 'bt_pair_loss': 0.6158838684068006, 'pairs': 0}
{'epoch': 44, 'eval_top1_acc': 0.09375, 'eval_recall_at_K': 1.0, 'eval_samples': 32, 'K': 3}
{'epoch': 44, 'progress_report': {'loss_name': 'bt_pair_loss', 'loss': 0.6158838684068006, 'loss_delta': 0.00110058771336774, 'top1': 0.09375, 'top1_delta': 0.0, 'recall_at_K': 1.0, 'recall_delta': 0.0, 'aligned_loss_vs_metrics': False}}
{'epoch': 44, 'eval_manifest': 'results/rm_bt_allpairs_e50_n32_bs32_acc4_lse_r8_attn_mlp/eval_subset_manifest.json', 'eval_records': 32}
{'epoch': 45, 'bt_pair_loss': 0.6154683206011268, 'pairs': 0}
{'epoch': 45, 'eval_top1_acc': 0.09375, 'eval_recall_at_K': 1.0, 'eval_samples': 32, 'K': 3}
{'epoch': 45, 'progress_report': {'loss_name': 'bt_pair_loss', 'loss': 0.6154683206011268, 'loss_delta': -0.00041554780567387706, 'top1': 0.09375, 'top1_delta': 0.0, 'recall_at_K': 1.0, 'recall_delta': 0.0, 'aligned_loss_vs_metrics': False}}
{'epoch': 45, 'eval_manifest': 'results/rm_bt_allpairs_e50_n32_bs32_acc4_lse_r8_attn_mlp/eval_subset_manifest.json', 'eval_records': 32}
{'epoch': 46, 'bt_pair_loss': 0.6136277105440112, 'pairs': 0}
{'epoch': 46, 'eval_top1_acc': 0.09375, 'eval_recall_at_K': 1.0, 'eval_samples': 32, 'K': 3}
{'epoch': 46, 'progress_report': {'loss_name': 'bt_pair_loss', 'loss': 0.6136277105440112, 'loss_delta': -0.0018406100571155548, 'top1': 0.09375, 'top1_delta': 0.0, 'recall_at_K': 1.0, 'recall_delta': 0.0, 'aligned_loss_vs_metrics': False}}
{'epoch': 46, 'eval_manifest': 'results/rm_bt_allpairs_e50_n32_bs32_acc4_lse_r8_attn_mlp/eval_subset_manifest.json', 'eval_records': 32}
{'epoch': 47, 'bt_pair_loss': 0.6164346422780963, 'pairs': 0}
{'epoch': 47, 'eval_top1_acc': 0.09375, 'eval_recall_at_K': 1.0, 'eval_samples': 32, 'K': 3}
{'epoch': 47, 'progress_report': {'loss_name': 'bt_pair_loss', 'loss': 0.6164346422780963, 'loss_delta': 0.002806931734085083, 'top1': 0.09375, 'top1_delta': 0.0, 'recall_at_K': 1.0, 'recall_delta': 0.0, 'aligned_loss_vs_metrics': False}}
{'epoch': 47, 'eval_manifest': 'results/rm_bt_allpairs_e50_n32_bs32_acc4_lse_r8_attn_mlp/eval_subset_manifest.json', 'eval_records': 32}
{'epoch': 48, 'bt_pair_loss': 0.6142819990568301, 'pairs': 0}
{'epoch': 48, 'eval_top1_acc': 0.09375, 'eval_recall_at_K': 1.0, 'eval_samples': 32, 'K': 3}
{'epoch': 48, 'progress_report': {'loss_name': 'bt_pair_loss', 'loss': 0.6142819990568301, 'loss_delta': -0.0021526432212661817, 'top1': 0.09375, 'top1_delta': 0.0, 'recall_at_K': 1.0, 'recall_delta': 0.0, 'aligned_loss_vs_metrics': False}}
{'epoch': 48, 'eval_manifest': 'results/rm_bt_allpairs_e50_n32_bs32_acc4_lse_r8_attn_mlp/eval_subset_manifest.json', 'eval_records': 32}
{'epoch': 49, 'bt_pair_loss': 0.6116746302474948, 'pairs': 0}
{'epoch': 49, 'eval_top1_acc': 0.09375, 'eval_recall_at_K': 1.0, 'eval_samples': 32, 'K': 3}
{'epoch': 49, 'progress_report': {'loss_name': 'bt_pair_loss', 'loss': 0.6116746302474948, 'loss_delta': -0.0026073688093353198, 'top1': 0.09375, 'top1_delta': 0.0, 'recall_at_K': 1.0, 'recall_delta': 0.0, 'aligned_loss_vs_metrics': False}}
{'epoch': 49, 'eval_manifest': 'results/rm_bt_allpairs_e50_n32_bs32_acc4_lse_r8_attn_mlp/eval_subset_manifest.json', 'eval_records': 32}

Training completed!
/opt/anaconda3/lib/python3.12/site-packages/peft/utils/save_and_load.py:286: UserWarning: Could not find a config file in  - will assume that the vocabulary was not modified.
  warnings.warn(

Saved:
  - LoRA adapters: results/rm_bt_allpairs_e50_n32_bs32_acc4_lse_r8_attn_mlp/adapters/
  - Embeddings + V-head: results/rm_bt_allpairs_e50_n32_bs32_acc4_lse_r8_attn_mlp/heads.pt
