===== RUN START Mon Oct  6 03:51:46 CST 2025 =====

Device: mps

============================================================
Applying LoRA to Reward Model
============================================================
LoRA config:
  - Rank (r): 8
  - Alpha: 16
  - Dropout: 0.1
  - Target modules: ['c_attn', 'c_proj']

Parameter counts:
  - LoRA adapters:  45,056
  - Embeddings:     521,472
  - V-head:         257
  - Total trainable: 566,785 / 4,243,969 (13.36%)
  - Reduction vs full FT: 86.64%
============================================================

Training data:
  - Samples: 24
  - Reward range: [-0.31, -0.11]
  - Reward mean±std: -0.20 ± 0.05

IS divergence (final) stats:
  - final (after K selections): {'min': 11118.80078125, 'median': 20502.876953125, 'mean': 19601.33524576823, 'p95': 25541.0125, 'p99': 29170.2640625, 'max': 30233.09765625}
  - per-bin IS (mean per F×N bin): {'min': 0.112361057250192, 'median': 0.20719185247104774, 'mean': 0.1980813214536585, 'p95': 0.2581047384696229, 'p99': 0.29478014534237434, 'max': 0.30552061174916123}

Numeric diagnostics (first 5 samples):
{'path': 'clip_000.npy', 'F': 346, 'N': 286, 'is_final': 19272.56, 'ratio_final_p99': 2.72}
{'path': 'clip_001.npy', 'F': 346, 'N': 286, 'is_final': 23218.67, 'ratio_final_p99': 3.22}
{'path': 'clip_002.npy', 'F': 346, 'N': 286, 'is_final': 25138.29, 'ratio_final_p99': 3.18}
{'path': 'clip_000.npy', 'F': 346, 'N': 286, 'is_final': 11631.24, 'ratio_final_p99': 2.03}
{'path': 'clip_001.npy', 'F': 346, 'N': 286, 'is_final': 21264.02, 'ratio_final_p99': 3.01}
Saved numeric diagnostics JSONL: results/rm_lora_mps_localizer_200ep_perbin/numeric_diagnostics.jsonl
Optimizer:
  - LoRA LR:       0.0001
  - Embedding LR:  0.0001
  - V-head LR:     0.001

============================================================
Training
============================================================
{'epoch': 0, 'loss': 0.09176015853881836, 'mae': 0.24714350700378418, 'correlation': 0.19359548389911652}
{'epoch': 1, 'loss': 0.06540382653474808, 'mae': 0.206450417637825, 'correlation': -0.37037110328674316}
{'epoch': 2, 'loss': 0.08640874177217484, 'mae': 0.2426375150680542, 'correlation': -0.39885005354881287}
{'epoch': 3, 'loss': 0.09379241615533829, 'mae': 0.24511325359344482, 'correlation': 0.3077299892902374}
{'epoch': 4, 'loss': 0.12490717321634293, 'mae': 0.28763437271118164, 'correlation': 0.05188082903623581}
{'epoch': 5, 'loss': 0.11589116603136063, 'mae': 0.231065571308136, 'correlation': 0.08853118121623993}
{'epoch': 6, 'loss': 0.11255862563848495, 'mae': 0.27121472358703613, 'correlation': 0.16194279491901398}
{'epoch': 7, 'loss': 0.07119844108819962, 'mae': 0.2038792371749878, 'correlation': 0.1484595686197281}
{'epoch': 8, 'loss': 0.08190654218196869, 'mae': 0.24050457775592804, 'correlation': -0.12128248810768127}
{'epoch': 9, 'loss': 0.1952599287033081, 'mae': 0.3517265319824219, 'correlation': -0.11329840868711472}
{'epoch': 10, 'loss': 0.1495840698480606, 'mae': 0.3252560794353485, 'correlation': -0.022421402856707573}
{'epoch': 11, 'loss': 0.1159973070025444, 'mae': 0.2859305441379547, 'correlation': 0.08696284890174866}
{'epoch': 12, 'loss': 0.06596683710813522, 'mae': 0.193803608417511, 'correlation': 0.13200628757476807}
{'epoch': 13, 'loss': 0.06645449995994568, 'mae': 0.19634591042995453, 'correlation': -0.10627484321594238}
{'epoch': 14, 'loss': 0.0515948049724102, 'mae': 0.17606379091739655, 'correlation': -0.36022454500198364}
{'epoch': 15, 'loss': 0.14226152002811432, 'mae': 0.30233874917030334, 'correlation': -0.02467302419245243}
{'epoch': 16, 'loss': 0.07139736413955688, 'mae': 0.2267448455095291, 'correlation': 0.157596156001091}
{'epoch': 17, 'loss': 0.11810619384050369, 'mae': 0.2901855409145355, 'correlation': -0.016124194487929344}
{'epoch': 18, 'loss': 0.11058995872735977, 'mae': 0.2819388806819916, 'correlation': -0.25780943036079407}
{'epoch': 19, 'loss': 0.11913839727640152, 'mae': 0.2795088291168213, 'correlation': 0.15791599452495575}
{'epoch': 20, 'loss': 0.0583454854786396, 'mae': 0.1805930733680725, 'correlation': 0.0016379806911572814}
{'epoch': 21, 'loss': 0.10843265056610107, 'mae': 0.2705192267894745, 'correlation': 0.37676212191581726}
{'epoch': 22, 'loss': 0.054925959557294846, 'mae': 0.17876119911670685, 'correlation': -0.10157345980405807}
{'epoch': 23, 'loss': 0.1296066790819168, 'mae': 0.2633933424949646, 'correlation': 0.041720274835824966}
{'epoch': 24, 'loss': 0.08757663518190384, 'mae': 0.24080389738082886, 'correlation': -0.005759775638580322}
{'epoch': 25, 'loss': 0.070420041680336, 'mae': 0.2212824821472168, 'correlation': -0.2683943212032318}
{'epoch': 26, 'loss': 0.09143362194299698, 'mae': 0.2539733350276947, 'correlation': 0.023165244609117508}
{'epoch': 27, 'loss': 0.053214240819215775, 'mae': 0.19192732870578766, 'correlation': 0.1772937774658203}
{'epoch': 28, 'loss': 0.07791154086589813, 'mae': 0.23957675695419312, 'correlation': -0.16950219869613647}
{'epoch': 29, 'loss': 0.06349077820777893, 'mae': 0.21302056312561035, 'correlation': 0.04690324142575264}
{'epoch': 30, 'loss': 0.06091697886586189, 'mae': 0.18941469490528107, 'correlation': -0.0035937842912971973}
{'epoch': 31, 'loss': 0.05326337739825249, 'mae': 0.19541890919208527, 'correlation': 0.22985105216503143}
{'epoch': 32, 'loss': 0.04822762683033943, 'mae': 0.18528275191783905, 'correlation': -0.12459748983383179}
{'epoch': 33, 'loss': 0.0859735831618309, 'mae': 0.230948805809021, 'correlation': -0.22208227217197418}
{'epoch': 34, 'loss': 0.04460601881146431, 'mae': 0.17409904301166534, 'correlation': -0.06333926320075989}
{'epoch': 35, 'loss': 0.04059050604701042, 'mae': 0.16150252521038055, 'correlation': 0.06148168817162514}
{'epoch': 36, 'loss': 0.05315069481730461, 'mae': 0.17556782066822052, 'correlation': 0.02390477806329727}
{'epoch': 37, 'loss': 0.057868536561727524, 'mae': 0.17713820934295654, 'correlation': 0.07249754667282104}
{'epoch': 38, 'loss': 0.059598539024591446, 'mae': 0.20043915510177612, 'correlation': 0.37123730778694153}
{'epoch': 39, 'loss': 0.04651917144656181, 'mae': 0.1518200784921646, 'correlation': 0.05174758657813072}
{'epoch': 40, 'loss': 0.05987496301531792, 'mae': 0.18023794889450073, 'correlation': 0.1849495768547058}
{'epoch': 41, 'loss': 0.08861058950424194, 'mae': 0.23098336160182953, 'correlation': 0.20792719721794128}
{'epoch': 42, 'loss': 0.07125481218099594, 'mae': 0.21881990134716034, 'correlation': -0.17355501651763916}
{'epoch': 43, 'loss': 0.05569787323474884, 'mae': 0.19948871433734894, 'correlation': 0.03486377000808716}
{'epoch': 44, 'loss': 0.0894184485077858, 'mae': 0.2312086671590805, 'correlation': -0.36606884002685547}
{'epoch': 45, 'loss': 0.062182214111089706, 'mae': 0.20233531296253204, 'correlation': 0.10162127763032913}
{'epoch': 46, 'loss': 0.04814064875245094, 'mae': 0.1705600619316101, 'correlation': 0.2758006751537323}
{'epoch': 47, 'loss': 0.04114289954304695, 'mae': 0.16624201834201813, 'correlation': -0.04528568312525749}
{'epoch': 48, 'loss': 0.048464179039001465, 'mae': 0.16054551303386688, 'correlation': 0.25501903891563416}
{'epoch': 49, 'loss': 0.03688668832182884, 'mae': 0.17021699249744415, 'correlation': 0.15239597856998444}
{'epoch': 50, 'loss': 0.0508519671857357, 'mae': 0.18975768983364105, 'correlation': -0.0628131851553917}
{'epoch': 51, 'loss': 0.07358460873365402, 'mae': 0.22605903446674347, 'correlation': -0.19205951690673828}
{'epoch': 52, 'loss': 0.039064425975084305, 'mae': 0.16810663044452667, 'correlation': 0.1313617080450058}
{'epoch': 53, 'loss': 0.0312647707760334, 'mae': 0.14553312957286835, 'correlation': -0.06332658976316452}
{'epoch': 54, 'loss': 0.052242010831832886, 'mae': 0.19454330205917358, 'correlation': -0.013300499878823757}
{'epoch': 55, 'loss': 0.043200355023145676, 'mae': 0.15788550674915314, 'correlation': -0.1538948267698288}
{'epoch': 56, 'loss': 0.04788191244006157, 'mae': 0.18184985220432281, 'correlation': 0.06473641842603683}
{'epoch': 57, 'loss': 0.032113637775182724, 'mae': 0.13812877237796783, 'correlation': 0.438894659280777}
{'epoch': 58, 'loss': 0.025435427203774452, 'mae': 0.13435925543308258, 'correlation': 0.32718077301979065}
{'epoch': 59, 'loss': 0.02596222795546055, 'mae': 0.12815256416797638, 'correlation': 0.45814967155456543}
{'epoch': 60, 'loss': 0.06784015893936157, 'mae': 0.22146113216876984, 'correlation': -0.3585248291492462}
{'epoch': 61, 'loss': 0.026186173781752586, 'mae': 0.12814077734947205, 'correlation': -0.045955028384923935}
{'epoch': 62, 'loss': 0.04669928550720215, 'mae': 0.17128419876098633, 'correlation': 0.09155068546533585}
{'epoch': 63, 'loss': 0.035706985741853714, 'mae': 0.15473541617393494, 'correlation': -0.028777437284588814}
{'epoch': 64, 'loss': 0.04531639814376831, 'mae': 0.16951735317707062, 'correlation': -0.05776496231555939}
{'epoch': 65, 'loss': 0.041047707200050354, 'mae': 0.17301487922668457, 'correlation': 0.04460017755627632}
{'epoch': 66, 'loss': 0.03315301239490509, 'mae': 0.1470169723033905, 'correlation': -0.2820162773132324}
{'epoch': 67, 'loss': 0.03682394325733185, 'mae': 0.1683986335992813, 'correlation': 0.0006738340016454458}
{'epoch': 68, 'loss': 0.04025643318891525, 'mae': 0.15031540393829346, 'correlation': 0.07876951992511749}
{'epoch': 69, 'loss': 0.025884849950671196, 'mae': 0.12952013313770294, 'correlation': -0.023768750950694084}
{'epoch': 70, 'loss': 0.05654466152191162, 'mae': 0.20350857079029083, 'correlation': -0.1558758020401001}
{'epoch': 71, 'loss': 0.05062635615468025, 'mae': 0.18117888271808624, 'correlation': -0.018636954948306084}
{'epoch': 72, 'loss': 0.03412379324436188, 'mae': 0.16251803934574127, 'correlation': 0.07060889899730682}
{'epoch': 73, 'loss': 0.03080795705318451, 'mae': 0.14805705845355988, 'correlation': 0.2665761113166809}
{'epoch': 74, 'loss': 0.0410323329269886, 'mae': 0.150797501206398, 'correlation': -0.3913643956184387}
{'epoch': 75, 'loss': 0.027784528210759163, 'mae': 0.14679652452468872, 'correlation': 0.05661320686340332}
{'epoch': 76, 'loss': 0.04128390923142433, 'mae': 0.15858544409275055, 'correlation': -0.08084704726934433}
{'epoch': 77, 'loss': 0.054976508021354675, 'mae': 0.19858063757419586, 'correlation': 0.1990722268819809}
{'epoch': 78, 'loss': 0.06265517324209213, 'mae': 0.21221984922885895, 'correlation': -0.11721640825271606}
{'epoch': 79, 'loss': 0.06533077359199524, 'mae': 0.21213169395923615, 'correlation': -0.0710931196808815}
{'epoch': 80, 'loss': 0.02386343665421009, 'mae': 0.11014015227556229, 'correlation': 0.1185704693198204}
{'epoch': 81, 'loss': 0.029047831892967224, 'mae': 0.1406511813402176, 'correlation': -0.4324014484882355}
{'epoch': 82, 'loss': 0.017527876421809196, 'mae': 0.11435578018426895, 'correlation': 0.5641902089118958}
{'epoch': 83, 'loss': 0.046593014150857925, 'mae': 0.17857424914836884, 'correlation': 0.08408291637897491}
{'epoch': 84, 'loss': 0.04097577556967735, 'mae': 0.15863196551799774, 'correlation': 0.13207195699214935}
{'epoch': 85, 'loss': 0.03383399173617363, 'mae': 0.1471146196126938, 'correlation': 0.4229156970977783}
{'epoch': 86, 'loss': 0.013064921833574772, 'mae': 0.08386731892824173, 'correlation': 0.3868650197982788}
{'epoch': 87, 'loss': 0.029728835448622704, 'mae': 0.14865723252296448, 'correlation': 0.02087940275669098}
{'epoch': 88, 'loss': 0.023204104974865913, 'mae': 0.1326172947883606, 'correlation': 0.009484789334237576}
{'epoch': 89, 'loss': 0.021179044619202614, 'mae': 0.10703810304403305, 'correlation': -0.0429016537964344}
{'epoch': 90, 'loss': 0.03315464034676552, 'mae': 0.1425495594739914, 'correlation': 0.17817288637161255}
{'epoch': 91, 'loss': 0.0677865594625473, 'mae': 0.21633760631084442, 'correlation': -0.05131137743592262}
{'epoch': 92, 'loss': 0.04093199223279953, 'mae': 0.17634816467761993, 'correlation': -0.33558937907218933}
{'epoch': 93, 'loss': 0.027291269972920418, 'mae': 0.13868795335292816, 'correlation': 0.28151750564575195}
{'epoch': 94, 'loss': 0.02725224196910858, 'mae': 0.1385219693183899, 'correlation': -0.12393292784690857}
{'epoch': 95, 'loss': 0.02592870034277439, 'mae': 0.12795569002628326, 'correlation': -0.4310134947299957}
{'epoch': 96, 'loss': 0.03067564032971859, 'mae': 0.14027275145053864, 'correlation': -0.1268114447593689}
{'epoch': 97, 'loss': 0.03292764723300934, 'mae': 0.15362630784511566, 'correlation': -0.1341969221830368}
{'epoch': 98, 'loss': 0.03927556052803993, 'mae': 0.16886065900325775, 'correlation': -0.006900376174598932}
{'epoch': 99, 'loss': 0.02963334321975708, 'mae': 0.15162992477416992, 'correlation': -0.1311868578195572}
{'epoch': 100, 'loss': 0.02857338637113571, 'mae': 0.13243724405765533, 'correlation': 0.08982386440038681}
{'epoch': 101, 'loss': 0.017447015270590782, 'mae': 0.11426210403442383, 'correlation': 0.04655841737985611}
{'epoch': 102, 'loss': 0.027147194370627403, 'mae': 0.13319754600524902, 'correlation': 0.08374933153390884}
{'epoch': 103, 'loss': 0.03860299289226532, 'mae': 0.1694016009569168, 'correlation': -0.3278917670249939}
{'epoch': 104, 'loss': 0.018104521557688713, 'mae': 0.11567085981369019, 'correlation': -0.21781206130981445}
{'epoch': 105, 'loss': 0.01796896569430828, 'mae': 0.11094603687524796, 'correlation': -0.13523779809474945}
{'epoch': 106, 'loss': 0.022288886830210686, 'mae': 0.11617589741945267, 'correlation': 0.029087431728839874}
{'epoch': 107, 'loss': 0.038102924823760986, 'mae': 0.1632564663887024, 'correlation': 0.04196447879076004}
{'epoch': 108, 'loss': 0.021965915337204933, 'mae': 0.1223486065864563, 'correlation': -0.08466459065675735}
{'epoch': 109, 'loss': 0.027707740664482117, 'mae': 0.13622091710567474, 'correlation': -0.29127636551856995}
{'epoch': 110, 'loss': 0.024626977741718292, 'mae': 0.12383802980184555, 'correlation': 0.1286461353302002}
{'epoch': 111, 'loss': 0.03520709276199341, 'mae': 0.14937283098697662, 'correlation': -0.04425804689526558}
{'epoch': 112, 'loss': 0.025117196142673492, 'mae': 0.12825922667980194, 'correlation': -0.022837864235043526}
{'epoch': 113, 'loss': 0.024661511182785034, 'mae': 0.11246836185455322, 'correlation': -0.25748103857040405}
{'epoch': 114, 'loss': 0.012428020127117634, 'mae': 0.0943986177444458, 'correlation': 0.2275342047214508}
{'epoch': 115, 'loss': 0.023335544392466545, 'mae': 0.12304046005010605, 'correlation': -0.05385057255625725}
{'epoch': 116, 'loss': 0.049559082835912704, 'mae': 0.1843080073595047, 'correlation': 0.44950050115585327}
{'epoch': 117, 'loss': 0.04360058903694153, 'mae': 0.1690969616174698, 'correlation': -0.28464117646217346}
{'epoch': 118, 'loss': 0.023490382358431816, 'mae': 0.11748811602592468, 'correlation': 0.11623556911945343}
{'epoch': 119, 'loss': 0.018787806853652, 'mae': 0.11286459118127823, 'correlation': -0.027446400374174118}
{'epoch': 120, 'loss': 0.021087059751152992, 'mae': 0.12038254737854004, 'correlation': -0.2207721769809723}
{'epoch': 121, 'loss': 0.017237162217497826, 'mae': 0.10800261050462723, 'correlation': -0.06389685720205307}
{'epoch': 122, 'loss': 0.02002675272524357, 'mae': 0.11710121482610703, 'correlation': 0.2985793352127075}
{'epoch': 123, 'loss': 0.02271166630089283, 'mae': 0.12031128257513046, 'correlation': -0.004395018797367811}
{'epoch': 124, 'loss': 0.01992754451930523, 'mae': 0.1198793426156044, 'correlation': -0.26126569509506226}
{'epoch': 125, 'loss': 0.024658778682351112, 'mae': 0.1335631161928177, 'correlation': -0.06478966027498245}
{'epoch': 126, 'loss': 0.014930710196495056, 'mae': 0.1007445678114891, 'correlation': -0.17107319831848145}
{'epoch': 127, 'loss': 0.0352134071290493, 'mae': 0.1501779705286026, 'correlation': -0.20084428787231445}
{'epoch': 128, 'loss': 0.02281242050230503, 'mae': 0.11862850189208984, 'correlation': 0.06663865596055984}
{'epoch': 129, 'loss': 0.021056363359093666, 'mae': 0.10768773406744003, 'correlation': -0.33356067538261414}
{'epoch': 130, 'loss': 0.0127159608528018, 'mae': 0.09147229045629501, 'correlation': 0.26951947808265686}
{'epoch': 131, 'loss': 0.017007851973176003, 'mae': 0.10072380304336548, 'correlation': 0.2387138456106186}
{'epoch': 132, 'loss': 0.02520816959440708, 'mae': 0.13166195154190063, 'correlation': 0.07015803456306458}
{'epoch': 133, 'loss': 0.020317889750003815, 'mae': 0.10799077898263931, 'correlation': -0.128829225897789}
{'epoch': 134, 'loss': 0.011957094073295593, 'mae': 0.09284160286188126, 'correlation': -0.2442697286605835}
{'epoch': 135, 'loss': 0.011209177784621716, 'mae': 0.08773557096719742, 'correlation': 0.24759988486766815}
{'epoch': 136, 'loss': 0.014186934567987919, 'mae': 0.0893319621682167, 'correlation': 0.10107062757015228}
{'epoch': 137, 'loss': 0.011753973551094532, 'mae': 0.08568360656499863, 'correlation': 0.12867999076843262}
{'epoch': 138, 'loss': 0.014681064523756504, 'mae': 0.09271945804357529, 'correlation': 0.00677175959572196}
{'epoch': 139, 'loss': 0.020514128729701042, 'mae': 0.11677968502044678, 'correlation': -0.24182873964309692}
{'epoch': 140, 'loss': 0.014673265628516674, 'mae': 0.09472473710775375, 'correlation': 0.1671920269727707}
{'epoch': 141, 'loss': 0.010972638614475727, 'mae': 0.08193647116422653, 'correlation': 0.0757746547460556}
{'epoch': 142, 'loss': 0.014106865040957928, 'mae': 0.09913476556539536, 'correlation': -0.2295336276292801}
{'epoch': 143, 'loss': 0.012509952299296856, 'mae': 0.08978315442800522, 'correlation': 0.15702565014362335}
{'epoch': 144, 'loss': 0.02885701321065426, 'mae': 0.15106946229934692, 'correlation': -0.41507962346076965}
{'epoch': 145, 'loss': 0.009399686008691788, 'mae': 0.07797249406576157, 'correlation': 0.2678205370903015}
{'epoch': 146, 'loss': 0.016236186027526855, 'mae': 0.10552603751420975, 'correlation': -0.43054983019828796}
{'epoch': 147, 'loss': 0.020323961973190308, 'mae': 0.11600402742624283, 'correlation': -0.27681198716163635}
{'epoch': 148, 'loss': 0.01845637522637844, 'mae': 0.11370262503623962, 'correlation': 0.38961052894592285}
{'epoch': 149, 'loss': 0.016961118206381798, 'mae': 0.10421580076217651, 'correlation': 0.13605447113513947}
{'epoch': 150, 'loss': 0.016177518293261528, 'mae': 0.09796487540006638, 'correlation': 0.13742952048778534}
{'epoch': 151, 'loss': 0.008241991512477398, 'mae': 0.06623687595129013, 'correlation': 0.11017534136772156}
{'epoch': 152, 'loss': 0.014481626451015472, 'mae': 0.09456020593643188, 'correlation': -0.04931240528821945}
{'epoch': 153, 'loss': 0.019140813499689102, 'mae': 0.11194494366645813, 'correlation': 0.004376159515231848}
{'epoch': 154, 'loss': 0.012797129340469837, 'mae': 0.09556583315134048, 'correlation': -0.014199748635292053}
{'epoch': 155, 'loss': 0.0070554655976593494, 'mae': 0.06694743037223816, 'correlation': 0.457271933555603}
{'epoch': 156, 'loss': 0.01671646535396576, 'mae': 0.10568075627088547, 'correlation': -0.19510996341705322}
{'epoch': 157, 'loss': 0.008268759585916996, 'mae': 0.07612799853086472, 'correlation': 0.16115574538707733}
{'epoch': 158, 'loss': 0.014328420162200928, 'mae': 0.09096800535917282, 'correlation': -0.2668565511703491}
{'epoch': 159, 'loss': 0.011232782155275345, 'mae': 0.08670065551996231, 'correlation': -0.2708432674407959}
{'epoch': 160, 'loss': 0.010337317362427711, 'mae': 0.08487948775291443, 'correlation': 0.1049836054444313}
{'epoch': 161, 'loss': 0.00803291890770197, 'mae': 0.07102129608392715, 'correlation': 0.27084141969680786}
{'epoch': 162, 'loss': 0.011013355106115341, 'mae': 0.08995616436004639, 'correlation': -0.26803886890411377}
{'epoch': 163, 'loss': 0.008634880185127258, 'mae': 0.07330089062452316, 'correlation': 0.07841593772172928}
{'epoch': 164, 'loss': 0.009573771618306637, 'mae': 0.07482681423425674, 'correlation': 0.0015815084334462881}
{'epoch': 165, 'loss': 0.01119797583669424, 'mae': 0.08147003501653671, 'correlation': -0.28808650374412537}
{'epoch': 166, 'loss': 0.005631357431411743, 'mae': 0.057539697736501694, 'correlation': 0.46814867854118347}
{'epoch': 167, 'loss': 0.00790092721581459, 'mae': 0.07076834887266159, 'correlation': 0.11917352676391602}
{'epoch': 168, 'loss': 0.008397103287279606, 'mae': 0.0755176767706871, 'correlation': -0.2171095460653305}
{'epoch': 169, 'loss': 0.012252512387931347, 'mae': 0.08857446908950806, 'correlation': 0.11012474447488785}
{'epoch': 170, 'loss': 0.012285507284104824, 'mae': 0.0926569327712059, 'correlation': -0.19852715730667114}
{'epoch': 171, 'loss': 0.014217902906239033, 'mae': 0.0939151719212532, 'correlation': 0.07875819504261017}
{'epoch': 172, 'loss': 0.005431745201349258, 'mae': 0.05833006277680397, 'correlation': 0.25717487931251526}
{'epoch': 173, 'loss': 0.00985590647906065, 'mae': 0.07990071177482605, 'correlation': -0.3182497024536133}
{'epoch': 174, 'loss': 0.010880425572395325, 'mae': 0.08637955039739609, 'correlation': -0.27498266100883484}
{'epoch': 175, 'loss': 0.009338025003671646, 'mae': 0.07616129517555237, 'correlation': -0.04231175780296326}
{'epoch': 176, 'loss': 0.013318061828613281, 'mae': 0.08923741430044174, 'correlation': -0.15514634549617767}
{'epoch': 177, 'loss': 0.0066834078170359135, 'mae': 0.059139151126146317, 'correlation': 0.1074846163392067}
{'epoch': 178, 'loss': 0.009366865269839764, 'mae': 0.07787922024726868, 'correlation': -0.12318990379571915}
{'epoch': 179, 'loss': 0.007376504596322775, 'mae': 0.06974932551383972, 'correlation': -0.1060284674167633}
{'epoch': 180, 'loss': 0.007443851325660944, 'mae': 0.07037626951932907, 'correlation': 0.14392714202404022}
{'epoch': 181, 'loss': 0.005026161205023527, 'mae': 0.05872141197323799, 'correlation': 0.2600632309913635}
{'epoch': 182, 'loss': 0.007162970956414938, 'mae': 0.06680165976285934, 'correlation': -0.06855236738920212}
{'epoch': 183, 'loss': 0.011346793733537197, 'mae': 0.08858310431241989, 'correlation': -0.04953576624393463}
{'epoch': 184, 'loss': 0.0066763111390173435, 'mae': 0.0658310055732727, 'correlation': 0.28177720308303833}
{'epoch': 185, 'loss': 0.006701990962028503, 'mae': 0.05974099040031433, 'correlation': 0.09495054185390472}
{'epoch': 186, 'loss': 0.007856731303036213, 'mae': 0.07997163385152817, 'correlation': 0.30687424540519714}
{'epoch': 187, 'loss': 0.014020751230418682, 'mae': 0.0972045287489891, 'correlation': -0.14637473225593567}
{'epoch': 188, 'loss': 0.009493899531662464, 'mae': 0.0883994922041893, 'correlation': 0.19385036826133728}
{'epoch': 189, 'loss': 0.008680005557835102, 'mae': 0.08194287866353989, 'correlation': -0.17957641184329987}
{'epoch': 190, 'loss': 0.009595240466296673, 'mae': 0.07186628133058548, 'correlation': 0.05878543481230736}
{'epoch': 191, 'loss': 0.012969073839485645, 'mae': 0.09910997003316879, 'correlation': -0.13513509929180145}
{'epoch': 192, 'loss': 0.009669508785009384, 'mae': 0.0756312683224678, 'correlation': -0.31536728143692017}
{'epoch': 193, 'loss': 0.005969213787466288, 'mae': 0.05912262573838234, 'correlation': -0.10546352714300156}
{'epoch': 194, 'loss': 0.0061842710711061954, 'mae': 0.06500959396362305, 'correlation': 0.08100444823503494}
{'epoch': 195, 'loss': 0.0038638683035969734, 'mae': 0.05082583427429199, 'correlation': 0.44663602113723755}
{'epoch': 196, 'loss': 0.008103717118501663, 'mae': 0.07039927691221237, 'correlation': -0.3483372926712036}
{'epoch': 197, 'loss': 0.010228794999420643, 'mae': 0.08352897316217422, 'correlation': 0.0005944679141975939}
{'epoch': 198, 'loss': 0.00797785073518753, 'mae': 0.07214998453855515, 'correlation': 0.07845616340637207}
{'epoch': 199, 'loss': 0.006500108167529106, 'mae': 0.064310722053051, 'correlation': 0.41958311200141907}

Training completed!
  - Best loss: 0.0039
  - Best correlation: 0.5642

Saved:
  - LoRA adapters: rm_lora_mps_localizer_200ep_perbin_adapters/
  - Embeddings + V-head: rm_lora_mps_localizer_200ep_perbin_heads.pt

============================================================
Embedding Quality Analysis
============================================================
Direction token embeddings:
  - Similarity range: [-0.154, 1.000]
  - Mean off-diagonal: -0.002

Interpretation:
  - Random embeddings: ~0.0
  - Learned structure: >0.3 for nearby angles
============================================================

