================================================================================
Transformer Routed Soft-OMP with Real LDV Data
================================================================================
Output directory: results/merge_smoke_20251112_111956/omp_transformer_ldv

================================================================================
STEP 1: Data Loading and Preprocessing
================================================================================
Loading H matrix from: /Users/sbplab/LDV-data-processed/h_matrix_box_ldv_correct.pth
Loading W matrix from: doa_normalized_config_c_corrected/models/usm.pth
Raw data loaded:
  H shape: torch.Size([346, 37]), range: [0.000677, 0.148538]
  W shape: torch.Size([346, 50]), range: [0.000000, 0.210976]
  Angles: 37 total, [0.0, 5.0, 10.0, 15.0, 20.0, 25.0, 30.0, 35.0, 40.0, 45.0, 50.0, 55.0, 60.0, 65.0, 70.0, 75.0, 80.0, 85.0, 90.0, 95.0, 100.0, 105.0, 110.0, 115.0, 120.0, 125.0, 130.0, 135.0, 140.0, 145.0, 150.0, 155.0, 160.0, 165.0, 170.0, 175.0, 180.0]
K-center completed:
  Selected indices: [4, 5, 30, 35]
  Cluster sizes: [22, 15, 2, 11]
  Reconstruction (NN) error: 1.9342 (193.42%)

=== Using Full Frequency Resolution (NO PCA) ===
H shape: torch.Size([346, 37])
W shape: torch.Size([346, 4])
Rationale: PCA may discard low-variance but high-discriminability features
           Greedy achieves 83.8% with F=346; test if Transformer needs full info too

=== Building Dictionary ===
Dictionary built:
  Shape: torch.Size([346, 148]) (F=346, P=148)
  Mutual coherence μ_max: 0.9977
  Mutual coherence μ_mean: 0.3462
  Index mapping: 148 entries

=== Loading LDV Samples with DoADataset ===
Dataset root: /Users/sbplab/jiawei/datasets/test_nmf_output_no_edge_with_original/white_noise_box_data_no_edge_sync_vad_normalized
DoADataset created:
  Total samples: 51
  Angles: [0.0, 5.0, 10.0, 15.0, 20.0, 25.0, 30.0, 35.0, 40.0, 45.0, 50.0, 55.0, 60.0, 65.0, 70.0, 75.0, 80.0, 85.0, 90.0, 95.0, 100.0, 105.0, 110.0, 115.0, 120.0, 125.0, 130.0, 135.0, 140.0, 145.0, 150.0, 155.0, 160.0, 165.0, 170.0, 175.0, 180.0]
  STFT: fs=16000, n_fft=2048, freq_band=[300, 3000]Hz
  Using scipy.signal.stft with DC offset removal

Loaded samples:
  Y_samples: torch.Size([51, 346])
  Labels: torch.Size([51]), unique angles: 17
  Metadata: 51 entries
Dataset fingerprint (MD5): 0bcbbef078336c999a76effda64eb841
  Computed from 51 .npy files

================================================================================
STEP 2: Model Initialization
================================================================================

=== Parameter Reduction Strategy ===
  Input frequency dimension F: 346
  Transformer embedding dimension d: 32
  Ratio d/F: 0.092
  Token projection size: 2 × (346 × 32) = 22,144 parameters
  (vs naive F×F: 2 × (346 × 346) = 239,432 parameters)
  Parameter reduction: 90.8%

Model architecture:
  F (input freq dim): 346
  d_model (embedding dim): 32
  E (experts/angles): 37
  M (atoms/expert): 4
  P (total atoms): 148
  nhead: 1
  nlayers: 1
  routing_mode: qk (hybrid_alpha=n/a)
  Total parameters: 36,963
  Trainable parameters: 36,963

================================================================================
STEP 3: Training
================================================================================
Epoch   1/1: loss=4.1444 rec=0.0024 mono=0.0000 class=4.1376 acc=0.059 teach=0.941 align=0.000 tau_e=0.987 tau_a=0.987 eta=0.509

================================================================================
STEP 4: Final Evaluation
================================================================================

Final Results (Best model from epoch 1):
  Overall accuracy: 0.059 (5.9%)
  Baseline (commit b573aa6): 0.838 (83.8%)

Per-angle accuracy:
  Angle   0°: 0.000 (  0.0%) - 0 samples
  Angle   5°: 0.000 (  0.0%) - 0 samples
  Angle  10°: 0.000 (  0.0%) - 0 samples
  Angle  15°: 0.000 (  0.0%) - 0 samples
  Angle  20°: 0.000 (  0.0%) - 0 samples
  Angle  25°: 0.000 (  0.0%) - 0 samples
  Angle  30°: 0.000 (  0.0%) - 3 samples
  Angle  35°: 0.000 (  0.0%) - 0 samples
  Angle  40°: 0.000 (  0.0%) - 0 samples
  Angle  45°: 0.000 (  0.0%) - 3 samples
  Angle  50°: 0.000 (  0.0%) - 0 samples
  Angle  55°: 0.000 (  0.0%) - 0 samples
  Angle  60°: 0.000 (  0.0%) - 0 samples
  Angle  65°: 0.000 (  0.0%) - 0 samples
  Angle  70°: 0.000 (  0.0%) - 0 samples
  Angle  75°: 0.000 (  0.0%) - 0 samples
  Angle  80°: 0.000 (  0.0%) - 3 samples
  Angle  85°: 0.000 (  0.0%) - 3 samples
  Angle  90°: 0.000 (  0.0%) - 3 samples
  Angle  95°: 0.000 (  0.0%) - 3 samples
  Angle 100°: 0.000 (  0.0%) - 3 samples
  Angle 105°: 0.000 (  0.0%) - 3 samples
  Angle 110°: 0.000 (  0.0%) - 3 samples
  Angle 115°: 0.000 (  0.0%) - 3 samples
  Angle 120°: 0.000 (  0.0%) - 3 samples
  Angle 125°: 0.000 (  0.0%) - 3 samples
  Angle 130°: 0.000 (  0.0%) - 3 samples
  Angle 135°: 1.000 (100.0%) - 3 samples
  Angle 140°: 0.000 (  0.0%) - 3 samples
  Angle 145°: 0.000 (  0.0%) - 3 samples
  Angle 150°: 0.000 (  0.0%) - 3 samples
  Angle 155°: 0.000 (  0.0%) - 0 samples
  Angle 160°: 0.000 (  0.0%) - 0 samples
  Angle 165°: 0.000 (  0.0%) - 0 samples
  Angle 170°: 0.000 (  0.0%) - 0 samples
  Angle 175°: 0.000 (  0.0%) - 0 samples
  Angle 180°: 0.000 (  0.0%) - 0 samples

Problematic angles from baseline:
   15°: 0.000 (STILL PROBLEMATIC)
   35°: 0.000 (STILL PROBLEMATIC)
   50°: 0.000 (STILL PROBLEMATIC)
   70°: 0.000 (STILL PROBLEMATIC)
  105°: 0.000 (STILL PROBLEMATIC)
  120°: 0.000 (STILL PROBLEMATIC)

================================================================================
STEP 5: Visualization
================================================================================
Saved figure: results/merge_smoke_20251112_111956/omp_transformer_ldv/results.png

================================================================================
STEP 6: Saving Results
================================================================================
All results saved to: results/merge_smoke_20251112_111956/omp_transformer_ldv

================================================================================
DONE
================================================================================

/opt/anaconda3/envs/trl-training/lib/python3.11/site-packages/torch/nn/modules/transformer.py:392: UserWarning: enable_nested_tensor is True, but self.use_nested_tensor is False because encoder_layer.self_attn.num_heads is odd
  warnings.warn(

