
Device: mps

============================================================
Applying LoRA to Reward Model
============================================================
LoRA config:
  - Rank (r): 8
  - Alpha: 16
  - Dropout: 0.1
  - Target modules: ['c_attn', 'c_proj']
W1021 13:01:04.471000 86102 site-packages/torch/distributed/elastic/multiprocessing/redirects.py:29] NOTE: Redirects are currently not supported in Windows or MacOs.
/opt/anaconda3/lib/python3.12/site-packages/peft/tuners/lora/layer.py:1768: UserWarning: fan_in_fan_out is set to False but the target module is `Conv1D`. Setting fan_in_fan_out to True.
  warnings.warn(
Training data:
  - Samples: 8
  - Directions/sample (avg): 17.0
  - Pairs total: 128 (~16.0/sample)
Saved numeric diagnostics JSONL: results/rm_bt_sanity_e50_n8_baseonly/numeric_diagnostics.jsonl
Optimizer:
  - LoRA LR:       0.0001
  - Embedding LR:  0.0001
  - V-head LR:     0.001

============================================================
Training
============================================================
/Users/sbplab/jiawei/pg-ltr-frame-byol-worktree/worktrees/development-workspace/scripts/train_reward_model_lora.py:631: UserWarning: Converting a tensor with requires_grad=True to a scalar may lead to unexpected behavior.
Consider using tensor.detach() first. (Triggered internally at /Users/runner/work/pytorch/pytorch/pytorch/torch/csrc/autograd/generated/python_variable_methods.cpp:836.)
  cand_scores[int(cand)] = float(_rm_pred_score_train(rm_model, tokenizer, int(cand), patch_ids, device))
{'epoch': 0, 'hard_negative_stats': {'hn_rows': 0, 'targeted_samples': 8, 'avg_hn_per_targeted': 0.0, 'pairs_epoch_total': 128}}
{'epoch': 0, 'bt_pair_loss': 0.7014613747596741, 'pairs': 128}
{'epoch': 0, 'eval_top1_acc': 0.0, 'eval_recall_at_K': 0.0, 'eval_samples': 8, 'K': 3}
{'epoch': 0, 'confusor_coverage': {'wrong_samples': 8, 'covered': 0, 'covered_ratio': 0.0}}
{'epoch': 0, 'progress_report': {'loss_name': 'bt_pair_loss', 'loss': 0.7014613747596741, 'loss_delta': 0.0, 'top1': 0.0, 'top1_delta': 0.0, 'recall_at_K': 0.0, 'recall_delta': 0.0, 'aligned_loss_vs_metrics': None}}
{'epoch': 0, 'eval_manifest': 'results/rm_bt_sanity_e50_n8_baseonly/eval_subset_manifest.json', 'eval_records': 8}
{'epoch': 1, 'hard_negative_stats': {'hn_rows': 0, 'targeted_samples': 8, 'avg_hn_per_targeted': 0.0, 'pairs_epoch_total': 128}}
{'epoch': 1, 'bt_pair_loss': 0.6984257400035858, 'pairs': 128}
{'epoch': 1, 'eval_top1_acc': 0.0, 'eval_recall_at_K': 0.0, 'eval_samples': 8, 'K': 3}
{'epoch': 1, 'confusor_coverage': {'wrong_samples': 8, 'covered': 0, 'covered_ratio': 0.0}}
{'epoch': 1, 'progress_report': {'loss_name': 'bt_pair_loss', 'loss': 0.6984257400035858, 'loss_delta': -0.003035634756088257, 'top1': 0.0, 'top1_delta': 0.0, 'recall_at_K': 0.0, 'recall_delta': 0.0, 'aligned_loss_vs_metrics': False}}
{'epoch': 1, 'eval_manifest': 'results/rm_bt_sanity_e50_n8_baseonly/eval_subset_manifest.json', 'eval_records': 8}
{'epoch': 2, 'hard_negative_stats': {'hn_rows': 0, 'targeted_samples': 8, 'avg_hn_per_targeted': 0.0, 'pairs_epoch_total': 128}}
{'epoch': 2, 'bt_pair_loss': 0.6938915699720383, 'pairs': 128}
{'epoch': 2, 'eval_top1_acc': 0.0, 'eval_recall_at_K': 0.375, 'eval_samples': 8, 'K': 3}
{'epoch': 2, 'confusor_coverage': {'wrong_samples': 8, 'covered': 0, 'covered_ratio': 0.0}}
{'epoch': 2, 'progress_report': {'loss_name': 'bt_pair_loss', 'loss': 0.6938915699720383, 'loss_delta': -0.004534170031547546, 'top1': 0.0, 'top1_delta': 0.0, 'recall_at_K': 0.375, 'recall_delta': 0.375, 'aligned_loss_vs_metrics': True}}
{'epoch': 2, 'eval_manifest': 'results/rm_bt_sanity_e50_n8_baseonly/eval_subset_manifest.json', 'eval_records': 8}
{'epoch': 3, 'hard_negative_stats': {'hn_rows': 0, 'targeted_samples': 8, 'avg_hn_per_targeted': 0.0, 'pairs_epoch_total': 128}}
{'epoch': 3, 'bt_pair_loss': 0.6971556544303894, 'pairs': 128}
{'epoch': 3, 'eval_top1_acc': 0.0, 'eval_recall_at_K': 0.375, 'eval_samples': 8, 'K': 3}
{'epoch': 3, 'confusor_coverage': {'wrong_samples': 8, 'covered': 0, 'covered_ratio': 0.0}}
{'epoch': 3, 'progress_report': {'loss_name': 'bt_pair_loss', 'loss': 0.6971556544303894, 'loss_delta': 0.0032640844583511353, 'top1': 0.0, 'top1_delta': 0.0, 'recall_at_K': 0.375, 'recall_delta': 0.0, 'aligned_loss_vs_metrics': False}}
{'epoch': 3, 'eval_manifest': 'results/rm_bt_sanity_e50_n8_baseonly/eval_subset_manifest.json', 'eval_records': 8}
{'epoch': 4, 'hard_negative_stats': {'hn_rows': 0, 'targeted_samples': 8, 'avg_hn_per_targeted': 0.0, 'pairs_epoch_total': 128}}
{'epoch': 4, 'bt_pair_loss': 0.6844574064016342, 'pairs': 128}
{'epoch': 4, 'eval_top1_acc': 0.0, 'eval_recall_at_K': 0.375, 'eval_samples': 8, 'K': 3}
{'epoch': 4, 'confusor_coverage': {'wrong_samples': 8, 'covered': 0, 'covered_ratio': 0.0}}
{'epoch': 4, 'progress_report': {'loss_name': 'bt_pair_loss', 'loss': 0.6844574064016342, 'loss_delta': -0.012698248028755188, 'top1': 0.0, 'top1_delta': 0.0, 'recall_at_K': 0.375, 'recall_delta': 0.0, 'aligned_loss_vs_metrics': False}}
{'epoch': 4, 'eval_manifest': 'results/rm_bt_sanity_e50_n8_baseonly/eval_subset_manifest.json', 'eval_records': 8}
{'epoch': 5, 'hard_negative_stats': {'hn_rows': 0, 'targeted_samples': 8, 'avg_hn_per_targeted': 0.0, 'pairs_epoch_total': 128}}
{'epoch': 5, 'bt_pair_loss': 0.6957493126392365, 'pairs': 128}
{'epoch': 5, 'eval_top1_acc': 0.0, 'eval_recall_at_K': 0.375, 'eval_samples': 8, 'K': 3}
{'epoch': 5, 'confusor_coverage': {'wrong_samples': 8, 'covered': 0, 'covered_ratio': 0.0}}
{'epoch': 5, 'progress_report': {'loss_name': 'bt_pair_loss', 'loss': 0.6957493126392365, 'loss_delta': 0.011291906237602234, 'top1': 0.0, 'top1_delta': 0.0, 'recall_at_K': 0.375, 'recall_delta': 0.0, 'aligned_loss_vs_metrics': False}}
{'epoch': 5, 'eval_manifest': 'results/rm_bt_sanity_e50_n8_baseonly/eval_subset_manifest.json', 'eval_records': 8}
{'epoch': 6, 'hard_negative_stats': {'hn_rows': 0, 'targeted_samples': 8, 'avg_hn_per_targeted': 0.0, 'pairs_epoch_total': 128}}
{'epoch': 6, 'bt_pair_loss': 0.685475304722786, 'pairs': 128}
{'epoch': 6, 'eval_top1_acc': 0.0, 'eval_recall_at_K': 0.375, 'eval_samples': 8, 'K': 3}
{'epoch': 6, 'confusor_coverage': {'wrong_samples': 8, 'covered': 0, 'covered_ratio': 0.0}}
{'epoch': 6, 'progress_report': {'loss_name': 'bt_pair_loss', 'loss': 0.685475304722786, 'loss_delta': -0.0102740079164505, 'top1': 0.0, 'top1_delta': 0.0, 'recall_at_K': 0.375, 'recall_delta': 0.0, 'aligned_loss_vs_metrics': False}}
{'epoch': 6, 'eval_manifest': 'results/rm_bt_sanity_e50_n8_baseonly/eval_subset_manifest.json', 'eval_records': 8}
{'epoch': 7, 'hard_negative_stats': {'hn_rows': 0, 'targeted_samples': 8, 'avg_hn_per_targeted': 0.0, 'pairs_epoch_total': 128}}
{'epoch': 7, 'bt_pair_loss': 0.6983482241630554, 'pairs': 128}
{'epoch': 7, 'eval_top1_acc': 0.0, 'eval_recall_at_K': 0.375, 'eval_samples': 8, 'K': 3}
{'epoch': 7, 'confusor_coverage': {'wrong_samples': 8, 'covered': 0, 'covered_ratio': 0.0}}
{'epoch': 7, 'progress_report': {'loss_name': 'bt_pair_loss', 'loss': 0.6983482241630554, 'loss_delta': 0.01287291944026947, 'top1': 0.0, 'top1_delta': 0.0, 'recall_at_K': 0.375, 'recall_delta': 0.0, 'aligned_loss_vs_metrics': False}}
{'epoch': 7, 'eval_manifest': 'results/rm_bt_sanity_e50_n8_baseonly/eval_subset_manifest.json', 'eval_records': 8}
{'epoch': 8, 'hard_negative_stats': {'hn_rows': 0, 'targeted_samples': 8, 'avg_hn_per_targeted': 0.0, 'pairs_epoch_total': 128}}
{'epoch': 8, 'bt_pair_loss': 0.6862675547599792, 'pairs': 128}
{'epoch': 8, 'eval_top1_acc': 0.0, 'eval_recall_at_K': 0.375, 'eval_samples': 8, 'K': 3}
{'epoch': 8, 'confusor_coverage': {'wrong_samples': 8, 'covered': 0, 'covered_ratio': 0.0}}
{'epoch': 8, 'progress_report': {'loss_name': 'bt_pair_loss', 'loss': 0.6862675547599792, 'loss_delta': -0.012080669403076172, 'top1': 0.0, 'top1_delta': 0.0, 'recall_at_K': 0.375, 'recall_delta': 0.0, 'aligned_loss_vs_metrics': False}}
{'epoch': 8, 'eval_manifest': 'results/rm_bt_sanity_e50_n8_baseonly/eval_subset_manifest.json', 'eval_records': 8}
{'epoch': 9, 'hard_negative_stats': {'hn_rows': 0, 'targeted_samples': 8, 'avg_hn_per_targeted': 0.0, 'pairs_epoch_total': 128}}
{'epoch': 9, 'bt_pair_loss': 0.6951612234115601, 'pairs': 128}
{'epoch': 9, 'eval_top1_acc': 0.0, 'eval_recall_at_K': 0.375, 'eval_samples': 8, 'K': 3}
{'epoch': 9, 'confusor_coverage': {'wrong_samples': 8, 'covered': 0, 'covered_ratio': 0.0}}
{'epoch': 9, 'progress_report': {'loss_name': 'bt_pair_loss', 'loss': 0.6951612234115601, 'loss_delta': 0.00889366865158081, 'top1': 0.0, 'top1_delta': 0.0, 'recall_at_K': 0.375, 'recall_delta': 0.0, 'aligned_loss_vs_metrics': False}}
{'epoch': 9, 'eval_manifest': 'results/rm_bt_sanity_e50_n8_baseonly/eval_subset_manifest.json', 'eval_records': 8}
{'epoch': 10, 'hard_negative_stats': {'hn_rows': 0, 'targeted_samples': 8, 'avg_hn_per_targeted': 0.0, 'pairs_epoch_total': 128}}
{'epoch': 10, 'bt_pair_loss': 0.6972421258687973, 'pairs': 128}
{'epoch': 10, 'eval_top1_acc': 0.375, 'eval_recall_at_K': 0.375, 'eval_samples': 8, 'K': 3}
{'epoch': 10, 'confusor_coverage': {'wrong_samples': 5, 'covered': 0, 'covered_ratio': 0.0}}
{'epoch': 10, 'progress_report': {'loss_name': 'bt_pair_loss', 'loss': 0.6972421258687973, 'loss_delta': 0.0020809024572372437, 'top1': 0.375, 'top1_delta': 0.375, 'recall_at_K': 0.375, 'recall_delta': 0.0, 'aligned_loss_vs_metrics': False}}
{'epoch': 10, 'eval_manifest': 'results/rm_bt_sanity_e50_n8_baseonly/eval_subset_manifest.json', 'eval_records': 8}
{'epoch': 11, 'hard_negative_stats': {'hn_rows': 0, 'targeted_samples': 8, 'avg_hn_per_targeted': 0.0, 'pairs_epoch_total': 128}}
{'epoch': 11, 'bt_pair_loss': 0.6957262605428696, 'pairs': 128}
{'epoch': 11, 'eval_top1_acc': 0.375, 'eval_recall_at_K': 0.375, 'eval_samples': 8, 'K': 3}
{'epoch': 11, 'confusor_coverage': {'wrong_samples': 5, 'covered': 0, 'covered_ratio': 0.0}}
{'epoch': 11, 'progress_report': {'loss_name': 'bt_pair_loss', 'loss': 0.6957262605428696, 'loss_delta': -0.0015158653259277344, 'top1': 0.375, 'top1_delta': 0.0, 'recall_at_K': 0.375, 'recall_delta': 0.0, 'aligned_loss_vs_metrics': False}}
{'epoch': 11, 'eval_manifest': 'results/rm_bt_sanity_e50_n8_baseonly/eval_subset_manifest.json', 'eval_records': 8}
{'epoch': 12, 'hard_negative_stats': {'hn_rows': 0, 'targeted_samples': 8, 'avg_hn_per_targeted': 0.0, 'pairs_epoch_total': 128}}
{'epoch': 12, 'bt_pair_loss': 0.6872834116220474, 'pairs': 128}
{'epoch': 12, 'eval_top1_acc': 0.375, 'eval_recall_at_K': 0.375, 'eval_samples': 8, 'K': 3}
{'epoch': 12, 'confusor_coverage': {'wrong_samples': 5, 'covered': 0, 'covered_ratio': 0.0}}
{'epoch': 12, 'progress_report': {'loss_name': 'bt_pair_loss', 'loss': 0.6872834116220474, 'loss_delta': -0.008442848920822144, 'top1': 0.375, 'top1_delta': 0.0, 'recall_at_K': 0.375, 'recall_delta': 0.0, 'aligned_loss_vs_metrics': False}}
{'epoch': 12, 'eval_manifest': 'results/rm_bt_sanity_e50_n8_baseonly/eval_subset_manifest.json', 'eval_records': 8}
{'epoch': 13, 'hard_negative_stats': {'hn_rows': 0, 'targeted_samples': 8, 'avg_hn_per_targeted': 0.0, 'pairs_epoch_total': 128}}
{'epoch': 13, 'bt_pair_loss': 0.6574687510728836, 'pairs': 128}
{'epoch': 13, 'eval_top1_acc': 0.375, 'eval_recall_at_K': 0.375, 'eval_samples': 8, 'K': 3}
{'epoch': 13, 'confusor_coverage': {'wrong_samples': 5, 'covered': 0, 'covered_ratio': 0.0}}
{'epoch': 13, 'progress_report': {'loss_name': 'bt_pair_loss', 'loss': 0.6574687510728836, 'loss_delta': -0.02981466054916382, 'top1': 0.375, 'top1_delta': 0.0, 'recall_at_K': 0.375, 'recall_delta': 0.0, 'aligned_loss_vs_metrics': False}}
{'epoch': 13, 'eval_manifest': 'results/rm_bt_sanity_e50_n8_baseonly/eval_subset_manifest.json', 'eval_records': 8}
{'epoch': 14, 'hard_negative_stats': {'hn_rows': 0, 'targeted_samples': 8, 'avg_hn_per_targeted': 0.0, 'pairs_epoch_total': 128}}
{'epoch': 14, 'bt_pair_loss': 0.5728346258401871, 'pairs': 128}
{'epoch': 14, 'eval_top1_acc': 0.375, 'eval_recall_at_K': 0.375, 'eval_samples': 8, 'K': 3}
{'epoch': 14, 'confusor_coverage': {'wrong_samples': 5, 'covered': 0, 'covered_ratio': 0.0}}
{'epoch': 14, 'progress_report': {'loss_name': 'bt_pair_loss', 'loss': 0.5728346258401871, 'loss_delta': -0.08463412523269653, 'top1': 0.375, 'top1_delta': 0.0, 'recall_at_K': 0.375, 'recall_delta': 0.0, 'aligned_loss_vs_metrics': False}}
{'epoch': 14, 'eval_manifest': 'results/rm_bt_sanity_e50_n8_baseonly/eval_subset_manifest.json', 'eval_records': 8}
{'epoch': 15, 'hard_negative_stats': {'hn_rows': 0, 'targeted_samples': 8, 'avg_hn_per_targeted': 0.0, 'pairs_epoch_total': 128}}
{'epoch': 15, 'bt_pair_loss': 0.47525200992822647, 'pairs': 128}
{'epoch': 15, 'eval_top1_acc': 0.375, 'eval_recall_at_K': 0.375, 'eval_samples': 8, 'K': 3}
{'epoch': 15, 'confusor_coverage': {'wrong_samples': 5, 'covered': 0, 'covered_ratio': 0.0}}
{'epoch': 15, 'progress_report': {'loss_name': 'bt_pair_loss', 'loss': 0.47525200992822647, 'loss_delta': -0.0975826159119606, 'top1': 0.375, 'top1_delta': 0.0, 'recall_at_K': 0.375, 'recall_delta': 0.0, 'aligned_loss_vs_metrics': False}}
{'epoch': 15, 'eval_manifest': 'results/rm_bt_sanity_e50_n8_baseonly/eval_subset_manifest.json', 'eval_records': 8}
{'epoch': 16, 'hard_negative_stats': {'hn_rows': 0, 'targeted_samples': 8, 'avg_hn_per_targeted': 0.0, 'pairs_epoch_total': 128}}
{'epoch': 16, 'bt_pair_loss': 0.3810128793120384, 'pairs': 128}
{'epoch': 16, 'eval_top1_acc': 0.0, 'eval_recall_at_K': 0.375, 'eval_samples': 8, 'K': 3}
{'epoch': 16, 'confusor_coverage': {'wrong_samples': 8, 'covered': 0, 'covered_ratio': 0.0}}
{'epoch': 16, 'progress_report': {'loss_name': 'bt_pair_loss', 'loss': 0.3810128793120384, 'loss_delta': -0.09423913061618805, 'top1': 0.0, 'top1_delta': -0.375, 'recall_at_K': 0.375, 'recall_delta': 0.0, 'aligned_loss_vs_metrics': False}}
{'epoch': 16, 'eval_manifest': 'results/rm_bt_sanity_e50_n8_baseonly/eval_subset_manifest.json', 'eval_records': 8}
{'epoch': 17, 'hard_negative_stats': {'hn_rows': 0, 'targeted_samples': 8, 'avg_hn_per_targeted': 0.0, 'pairs_epoch_total': 128}}
{'epoch': 17, 'bt_pair_loss': 0.24861589074134827, 'pairs': 128}
{'epoch': 17, 'eval_top1_acc': 0.0, 'eval_recall_at_K': 0.375, 'eval_samples': 8, 'K': 3}
{'epoch': 17, 'confusor_coverage': {'wrong_samples': 8, 'covered': 0, 'covered_ratio': 0.0}}
{'epoch': 17, 'progress_report': {'loss_name': 'bt_pair_loss', 'loss': 0.24861589074134827, 'loss_delta': -0.13239698857069016, 'top1': 0.0, 'top1_delta': 0.0, 'recall_at_K': 0.375, 'recall_delta': 0.0, 'aligned_loss_vs_metrics': False}}
{'epoch': 17, 'eval_manifest': 'results/rm_bt_sanity_e50_n8_baseonly/eval_subset_manifest.json', 'eval_records': 8}
{'epoch': 18, 'hard_negative_stats': {'hn_rows': 0, 'targeted_samples': 8, 'avg_hn_per_targeted': 0.0, 'pairs_epoch_total': 128}}
{'epoch': 18, 'bt_pair_loss': 0.19600166380405426, 'pairs': 128}
{'epoch': 18, 'eval_top1_acc': 0.0, 'eval_recall_at_K': 0.375, 'eval_samples': 8, 'K': 3}
{'epoch': 18, 'confusor_coverage': {'wrong_samples': 8, 'covered': 0, 'covered_ratio': 0.0}}
{'epoch': 18, 'progress_report': {'loss_name': 'bt_pair_loss', 'loss': 0.19600166380405426, 'loss_delta': -0.052614226937294006, 'top1': 0.0, 'top1_delta': 0.0, 'recall_at_K': 0.375, 'recall_delta': 0.0, 'aligned_loss_vs_metrics': False}}
{'epoch': 18, 'eval_manifest': 'results/rm_bt_sanity_e50_n8_baseonly/eval_subset_manifest.json', 'eval_records': 8}
{'epoch': 19, 'hard_negative_stats': {'hn_rows': 0, 'targeted_samples': 8, 'avg_hn_per_targeted': 0.0, 'pairs_epoch_total': 128}}
{'epoch': 19, 'bt_pair_loss': 0.13335194438695908, 'pairs': 128}
{'epoch': 19, 'eval_top1_acc': 0.0, 'eval_recall_at_K': 0.375, 'eval_samples': 8, 'K': 3}
{'epoch': 19, 'confusor_coverage': {'wrong_samples': 8, 'covered': 0, 'covered_ratio': 0.0}}
{'epoch': 19, 'progress_report': {'loss_name': 'bt_pair_loss', 'loss': 0.13335194438695908, 'loss_delta': -0.06264971941709518, 'top1': 0.0, 'top1_delta': 0.0, 'recall_at_K': 0.375, 'recall_delta': 0.0, 'aligned_loss_vs_metrics': False}}
{'epoch': 19, 'eval_manifest': 'results/rm_bt_sanity_e50_n8_baseonly/eval_subset_manifest.json', 'eval_records': 8}
{'epoch': 20, 'hard_negative_stats': {'hn_rows': 0, 'targeted_samples': 8, 'avg_hn_per_targeted': 0.0, 'pairs_epoch_total': 128}}
{'epoch': 20, 'bt_pair_loss': 0.08415114227682352, 'pairs': 128}
{'epoch': 20, 'eval_top1_acc': 0.0, 'eval_recall_at_K': 0.375, 'eval_samples': 8, 'K': 3}
{'epoch': 20, 'confusor_coverage': {'wrong_samples': 8, 'covered': 0, 'covered_ratio': 0.0}}
{'epoch': 20, 'progress_report': {'loss_name': 'bt_pair_loss', 'loss': 0.08415114227682352, 'loss_delta': -0.049200802110135555, 'top1': 0.0, 'top1_delta': 0.0, 'recall_at_K': 0.375, 'recall_delta': 0.0, 'aligned_loss_vs_metrics': False}}
{'epoch': 20, 'eval_manifest': 'results/rm_bt_sanity_e50_n8_baseonly/eval_subset_manifest.json', 'eval_records': 8}
{'epoch': 21, 'hard_negative_stats': {'hn_rows': 0, 'targeted_samples': 8, 'avg_hn_per_targeted': 0.0, 'pairs_epoch_total': 128}}
{'epoch': 21, 'bt_pair_loss': 0.054026400903239846, 'pairs': 128}
{'epoch': 21, 'eval_top1_acc': 0.0, 'eval_recall_at_K': 0.375, 'eval_samples': 8, 'K': 3}
{'epoch': 21, 'confusor_coverage': {'wrong_samples': 8, 'covered': 0, 'covered_ratio': 0.0}}
{'epoch': 21, 'progress_report': {'loss_name': 'bt_pair_loss', 'loss': 0.054026400903239846, 'loss_delta': -0.030124741373583674, 'top1': 0.0, 'top1_delta': 0.0, 'recall_at_K': 0.375, 'recall_delta': 0.0, 'aligned_loss_vs_metrics': False}}
{'epoch': 21, 'eval_manifest': 'results/rm_bt_sanity_e50_n8_baseonly/eval_subset_manifest.json', 'eval_records': 8}
{'epoch': 22, 'hard_negative_stats': {'hn_rows': 0, 'targeted_samples': 8, 'avg_hn_per_targeted': 0.0, 'pairs_epoch_total': 128}}
{'epoch': 22, 'bt_pair_loss': 0.04677791544236243, 'pairs': 128}
{'epoch': 22, 'eval_top1_acc': 0.0, 'eval_recall_at_K': 0.375, 'eval_samples': 8, 'K': 3}
{'epoch': 22, 'confusor_coverage': {'wrong_samples': 8, 'covered': 0, 'covered_ratio': 0.0}}
{'epoch': 22, 'progress_report': {'loss_name': 'bt_pair_loss', 'loss': 0.04677791544236243, 'loss_delta': -0.0072484854608774185, 'top1': 0.0, 'top1_delta': 0.0, 'recall_at_K': 0.375, 'recall_delta': 0.0, 'aligned_loss_vs_metrics': False}}
{'epoch': 22, 'eval_manifest': 'results/rm_bt_sanity_e50_n8_baseonly/eval_subset_manifest.json', 'eval_records': 8}
{'epoch': 23, 'hard_negative_stats': {'hn_rows': 0, 'targeted_samples': 8, 'avg_hn_per_targeted': 0.0, 'pairs_epoch_total': 128}}
{'epoch': 23, 'bt_pair_loss': 0.0318160165916197, 'pairs': 128}
{'epoch': 23, 'eval_top1_acc': 0.0, 'eval_recall_at_K': 0.375, 'eval_samples': 8, 'K': 3}
{'epoch': 23, 'confusor_coverage': {'wrong_samples': 8, 'covered': 0, 'covered_ratio': 0.0}}
{'epoch': 23, 'progress_report': {'loss_name': 'bt_pair_loss', 'loss': 0.0318160165916197, 'loss_delta': -0.014961898850742728, 'top1': 0.0, 'top1_delta': 0.0, 'recall_at_K': 0.375, 'recall_delta': 0.0, 'aligned_loss_vs_metrics': False}}
{'epoch': 23, 'eval_manifest': 'results/rm_bt_sanity_e50_n8_baseonly/eval_subset_manifest.json', 'eval_records': 8}
{'epoch': 24, 'hard_negative_stats': {'hn_rows': 0, 'targeted_samples': 8, 'avg_hn_per_targeted': 0.0, 'pairs_epoch_total': 128}}
{'epoch': 24, 'bt_pair_loss': 0.028555166791193187, 'pairs': 128}
{'epoch': 24, 'eval_top1_acc': 0.0, 'eval_recall_at_K': 0.375, 'eval_samples': 8, 'K': 3}
{'epoch': 24, 'confusor_coverage': {'wrong_samples': 8, 'covered': 0, 'covered_ratio': 0.0}}
{'epoch': 24, 'progress_report': {'loss_name': 'bt_pair_loss', 'loss': 0.028555166791193187, 'loss_delta': -0.003260849800426513, 'top1': 0.0, 'top1_delta': 0.0, 'recall_at_K': 0.375, 'recall_delta': 0.0, 'aligned_loss_vs_metrics': False}}
{'epoch': 24, 'eval_manifest': 'results/rm_bt_sanity_e50_n8_baseonly/eval_subset_manifest.json', 'eval_records': 8}
{'epoch': 25, 'hard_negative_stats': {'hn_rows': 0, 'targeted_samples': 8, 'avg_hn_per_targeted': 0.0, 'pairs_epoch_total': 128}}
{'epoch': 25, 'bt_pair_loss': 0.020525611093034968, 'pairs': 128}
{'epoch': 25, 'eval_top1_acc': 0.0, 'eval_recall_at_K': 0.375, 'eval_samples': 8, 'K': 3}
{'epoch': 25, 'confusor_coverage': {'wrong_samples': 8, 'covered': 0, 'covered_ratio': 0.0}}
{'epoch': 25, 'progress_report': {'loss_name': 'bt_pair_loss', 'loss': 0.020525611093034968, 'loss_delta': -0.00802955569815822, 'top1': 0.0, 'top1_delta': 0.0, 'recall_at_K': 0.375, 'recall_delta': 0.0, 'aligned_loss_vs_metrics': False}}
{'epoch': 25, 'eval_manifest': 'results/rm_bt_sanity_e50_n8_baseonly/eval_subset_manifest.json', 'eval_records': 8}
{'epoch': 26, 'hard_negative_stats': {'hn_rows': 0, 'targeted_samples': 8, 'avg_hn_per_targeted': 0.0, 'pairs_epoch_total': 128}}
{'epoch': 26, 'bt_pair_loss': 0.012313613464357331, 'pairs': 128}
{'epoch': 26, 'eval_top1_acc': 0.0, 'eval_recall_at_K': 0.375, 'eval_samples': 8, 'K': 3}
{'epoch': 26, 'confusor_coverage': {'wrong_samples': 8, 'covered': 0, 'covered_ratio': 0.0}}
{'epoch': 26, 'progress_report': {'loss_name': 'bt_pair_loss', 'loss': 0.012313613464357331, 'loss_delta': -0.008211997628677636, 'top1': 0.0, 'top1_delta': 0.0, 'recall_at_K': 0.375, 'recall_delta': 0.0, 'aligned_loss_vs_metrics': False}}
{'epoch': 26, 'eval_manifest': 'results/rm_bt_sanity_e50_n8_baseonly/eval_subset_manifest.json', 'eval_records': 8}
{'epoch': 27, 'hard_negative_stats': {'hn_rows': 0, 'targeted_samples': 8, 'avg_hn_per_targeted': 0.0, 'pairs_epoch_total': 128}}
{'epoch': 27, 'bt_pair_loss': 0.011377229180652648, 'pairs': 128}
{'epoch': 27, 'eval_top1_acc': 0.0, 'eval_recall_at_K': 0.375, 'eval_samples': 8, 'K': 3}
{'epoch': 27, 'confusor_coverage': {'wrong_samples': 8, 'covered': 0, 'covered_ratio': 0.0}}
{'epoch': 27, 'progress_report': {'loss_name': 'bt_pair_loss', 'loss': 0.011377229180652648, 'loss_delta': -0.0009363842837046832, 'top1': 0.0, 'top1_delta': 0.0, 'recall_at_K': 0.375, 'recall_delta': 0.0, 'aligned_loss_vs_metrics': False}}
{'epoch': 27, 'eval_manifest': 'results/rm_bt_sanity_e50_n8_baseonly/eval_subset_manifest.json', 'eval_records': 8}
{'epoch': 28, 'hard_negative_stats': {'hn_rows': 0, 'targeted_samples': 8, 'avg_hn_per_targeted': 0.0, 'pairs_epoch_total': 128}}
{'epoch': 28, 'bt_pair_loss': 0.0029253172542667016, 'pairs': 128}
{'epoch': 28, 'eval_top1_acc': 0.0, 'eval_recall_at_K': 0.375, 'eval_samples': 8, 'K': 3}
{'epoch': 28, 'confusor_coverage': {'wrong_samples': 8, 'covered': 0, 'covered_ratio': 0.0}}
{'epoch': 28, 'progress_report': {'loss_name': 'bt_pair_loss', 'loss': 0.0029253172542667016, 'loss_delta': -0.008451911926385947, 'top1': 0.0, 'top1_delta': 0.0, 'recall_at_K': 0.375, 'recall_delta': 0.0, 'aligned_loss_vs_metrics': False}}
{'epoch': 28, 'eval_manifest': 'results/rm_bt_sanity_e50_n8_baseonly/eval_subset_manifest.json', 'eval_records': 8}
{'epoch': 29, 'hard_negative_stats': {'hn_rows': 0, 'targeted_samples': 8, 'avg_hn_per_targeted': 0.0, 'pairs_epoch_total': 128}}
{'epoch': 29, 'bt_pair_loss': 0.0038002161527401768, 'pairs': 128}
{'epoch': 29, 'eval_top1_acc': 0.0, 'eval_recall_at_K': 0.75, 'eval_samples': 8, 'K': 3}
{'epoch': 29, 'confusor_coverage': {'wrong_samples': 8, 'covered': 0, 'covered_ratio': 0.0}}
{'epoch': 29, 'progress_report': {'loss_name': 'bt_pair_loss', 'loss': 0.0038002161527401768, 'loss_delta': 0.0008748988984734751, 'top1': 0.0, 'top1_delta': 0.0, 'recall_at_K': 0.75, 'recall_delta': 0.375, 'aligned_loss_vs_metrics': False}}
{'epoch': 29, 'eval_manifest': 'results/rm_bt_sanity_e50_n8_baseonly/eval_subset_manifest.json', 'eval_records': 8}
{'epoch': 30, 'hard_negative_stats': {'hn_rows': 0, 'targeted_samples': 8, 'avg_hn_per_targeted': 0.0, 'pairs_epoch_total': 128}}
{'epoch': 30, 'bt_pair_loss': 0.0027943646273342893, 'pairs': 128}
{'epoch': 30, 'eval_top1_acc': 0.375, 'eval_recall_at_K': 0.75, 'eval_samples': 8, 'K': 3}
{'epoch': 30, 'confusor_coverage': {'wrong_samples': 5, 'covered': 0, 'covered_ratio': 0.0}}
{'epoch': 30, 'progress_report': {'loss_name': 'bt_pair_loss', 'loss': 0.0027943646273342893, 'loss_delta': -0.0010058515254058875, 'top1': 0.375, 'top1_delta': 0.375, 'recall_at_K': 0.75, 'recall_delta': 0.0, 'aligned_loss_vs_metrics': True}}
{'epoch': 30, 'eval_manifest': 'results/rm_bt_sanity_e50_n8_baseonly/eval_subset_manifest.json', 'eval_records': 8}
{'epoch': 31, 'hard_negative_stats': {'hn_rows': 0, 'targeted_samples': 8, 'avg_hn_per_targeted': 0.0, 'pairs_epoch_total': 128}}
{'epoch': 31, 'bt_pair_loss': 0.003197313955752179, 'pairs': 128}
{'epoch': 31, 'eval_top1_acc': 0.375, 'eval_recall_at_K': 0.75, 'eval_samples': 8, 'K': 3}
{'epoch': 31, 'confusor_coverage': {'wrong_samples': 5, 'covered': 0, 'covered_ratio': 0.0}}
{'epoch': 31, 'progress_report': {'loss_name': 'bt_pair_loss', 'loss': 0.003197313955752179, 'loss_delta': 0.0004029493284178898, 'top1': 0.375, 'top1_delta': 0.0, 'recall_at_K': 0.75, 'recall_delta': 0.0, 'aligned_loss_vs_metrics': False}}
{'epoch': 31, 'eval_manifest': 'results/rm_bt_sanity_e50_n8_baseonly/eval_subset_manifest.json', 'eval_records': 8}
{'epoch': 32, 'hard_negative_stats': {'hn_rows': 0, 'targeted_samples': 8, 'avg_hn_per_targeted': 0.0, 'pairs_epoch_total': 128}}
{'epoch': 32, 'bt_pair_loss': 0.001166735622973647, 'pairs': 128}
{'epoch': 32, 'eval_top1_acc': 0.375, 'eval_recall_at_K': 0.75, 'eval_samples': 8, 'K': 3}
{'epoch': 32, 'confusor_coverage': {'wrong_samples': 5, 'covered': 0, 'covered_ratio': 0.0}}
{'epoch': 32, 'progress_report': {'loss_name': 'bt_pair_loss', 'loss': 0.001166735622973647, 'loss_delta': -0.002030578332778532, 'top1': 0.375, 'top1_delta': 0.0, 'recall_at_K': 0.75, 'recall_delta': 0.0, 'aligned_loss_vs_metrics': False}}
{'epoch': 32, 'eval_manifest': 'results/rm_bt_sanity_e50_n8_baseonly/eval_subset_manifest.json', 'eval_records': 8}
{'epoch': 33, 'hard_negative_stats': {'hn_rows': 0, 'targeted_samples': 8, 'avg_hn_per_targeted': 0.0, 'pairs_epoch_total': 128}}
{'epoch': 33, 'bt_pair_loss': 0.0019897196762030944, 'pairs': 128}
{'epoch': 33, 'eval_top1_acc': 0.375, 'eval_recall_at_K': 0.75, 'eval_samples': 8, 'K': 3}
{'epoch': 33, 'confusor_coverage': {'wrong_samples': 5, 'covered': 0, 'covered_ratio': 0.0}}
{'epoch': 33, 'progress_report': {'loss_name': 'bt_pair_loss', 'loss': 0.0019897196762030944, 'loss_delta': 0.0008229840532294475, 'top1': 0.375, 'top1_delta': 0.0, 'recall_at_K': 0.75, 'recall_delta': 0.0, 'aligned_loss_vs_metrics': False}}
{'epoch': 33, 'eval_manifest': 'results/rm_bt_sanity_e50_n8_baseonly/eval_subset_manifest.json', 'eval_records': 8}
{'epoch': 34, 'hard_negative_stats': {'hn_rows': 0, 'targeted_samples': 8, 'avg_hn_per_targeted': 0.0, 'pairs_epoch_total': 128}}
{'epoch': 34, 'bt_pair_loss': 0.0018951057572849095, 'pairs': 128}
{'epoch': 34, 'eval_top1_acc': 0.375, 'eval_recall_at_K': 0.75, 'eval_samples': 8, 'K': 3}
{'epoch': 34, 'confusor_coverage': {'wrong_samples': 5, 'covered': 0, 'covered_ratio': 0.0}}
{'epoch': 34, 'progress_report': {'loss_name': 'bt_pair_loss', 'loss': 0.0018951057572849095, 'loss_delta': -9.461391891818494e-05, 'top1': 0.375, 'top1_delta': 0.0, 'recall_at_K': 0.75, 'recall_delta': 0.0, 'aligned_loss_vs_metrics': False}}
{'epoch': 34, 'eval_manifest': 'results/rm_bt_sanity_e50_n8_baseonly/eval_subset_manifest.json', 'eval_records': 8}
{'epoch': 35, 'hard_negative_stats': {'hn_rows': 0, 'targeted_samples': 8, 'avg_hn_per_targeted': 0.0, 'pairs_epoch_total': 128}}
{'epoch': 35, 'bt_pair_loss': 0.0015776736981933936, 'pairs': 128}
{'epoch': 35, 'eval_top1_acc': 0.375, 'eval_recall_at_K': 0.75, 'eval_samples': 8, 'K': 3}
{'epoch': 35, 'confusor_coverage': {'wrong_samples': 5, 'covered': 0, 'covered_ratio': 0.0}}
{'epoch': 35, 'progress_report': {'loss_name': 'bt_pair_loss', 'loss': 0.0015776736981933936, 'loss_delta': -0.00031743205909151584, 'top1': 0.375, 'top1_delta': 0.0, 'recall_at_K': 0.75, 'recall_delta': 0.0, 'aligned_loss_vs_metrics': False}}
{'epoch': 35, 'eval_manifest': 'results/rm_bt_sanity_e50_n8_baseonly/eval_subset_manifest.json', 'eval_records': 8}
{'epoch': 36, 'hard_negative_stats': {'hn_rows': 0, 'targeted_samples': 8, 'avg_hn_per_targeted': 0.0, 'pairs_epoch_total': 128}}
{'epoch': 36, 'bt_pair_loss': 0.0010088664057548158, 'pairs': 128}
{'epoch': 36, 'eval_top1_acc': 0.375, 'eval_recall_at_K': 0.75, 'eval_samples': 8, 'K': 3}
{'epoch': 36, 'confusor_coverage': {'wrong_samples': 5, 'covered': 0, 'covered_ratio': 0.0}}
{'epoch': 36, 'progress_report': {'loss_name': 'bt_pair_loss', 'loss': 0.0010088664057548158, 'loss_delta': -0.0005688072924385779, 'top1': 0.375, 'top1_delta': 0.0, 'recall_at_K': 0.75, 'recall_delta': 0.0, 'aligned_loss_vs_metrics': False}}
{'epoch': 36, 'eval_manifest': 'results/rm_bt_sanity_e50_n8_baseonly/eval_subset_manifest.json', 'eval_records': 8}
{'epoch': 37, 'hard_negative_stats': {'hn_rows': 0, 'targeted_samples': 8, 'avg_hn_per_targeted': 0.0, 'pairs_epoch_total': 128}}
{'epoch': 37, 'bt_pair_loss': 0.0037834779650438577, 'pairs': 128}
{'epoch': 37, 'eval_top1_acc': 0.375, 'eval_recall_at_K': 0.75, 'eval_samples': 8, 'K': 3}
{'epoch': 37, 'confusor_coverage': {'wrong_samples': 5, 'covered': 0, 'covered_ratio': 0.0}}
{'epoch': 37, 'progress_report': {'loss_name': 'bt_pair_loss', 'loss': 0.0037834779650438577, 'loss_delta': 0.002774611559289042, 'top1': 0.375, 'top1_delta': 0.0, 'recall_at_K': 0.75, 'recall_delta': 0.0, 'aligned_loss_vs_metrics': False}}
{'epoch': 37, 'eval_manifest': 'results/rm_bt_sanity_e50_n8_baseonly/eval_subset_manifest.json', 'eval_records': 8}
{'epoch': 38, 'hard_negative_stats': {'hn_rows': 0, 'targeted_samples': 8, 'avg_hn_per_targeted': 0.0, 'pairs_epoch_total': 128}}
{'epoch': 38, 'bt_pair_loss': 0.000907914185518166, 'pairs': 128}
{'epoch': 38, 'eval_top1_acc': 0.375, 'eval_recall_at_K': 0.75, 'eval_samples': 8, 'K': 3}
{'epoch': 38, 'confusor_coverage': {'wrong_samples': 5, 'covered': 0, 'covered_ratio': 0.0}}
{'epoch': 38, 'progress_report': {'loss_name': 'bt_pair_loss', 'loss': 0.000907914185518166, 'loss_delta': -0.0028755637795256916, 'top1': 0.375, 'top1_delta': 0.0, 'recall_at_K': 0.75, 'recall_delta': 0.0, 'aligned_loss_vs_metrics': False}}
{'epoch': 38, 'eval_manifest': 'results/rm_bt_sanity_e50_n8_baseonly/eval_subset_manifest.json', 'eval_records': 8}
{'epoch': 39, 'hard_negative_stats': {'hn_rows': 0, 'targeted_samples': 8, 'avg_hn_per_targeted': 0.0, 'pairs_epoch_total': 128}}
{'epoch': 39, 'bt_pair_loss': 0.0013176170905353501, 'pairs': 128}
{'epoch': 39, 'eval_top1_acc': 0.375, 'eval_recall_at_K': 0.75, 'eval_samples': 8, 'K': 3}
{'epoch': 39, 'confusor_coverage': {'wrong_samples': 5, 'covered': 0, 'covered_ratio': 0.0}}
{'epoch': 39, 'progress_report': {'loss_name': 'bt_pair_loss', 'loss': 0.0013176170905353501, 'loss_delta': 0.0004097029050171841, 'top1': 0.375, 'top1_delta': 0.0, 'recall_at_K': 0.75, 'recall_delta': 0.0, 'aligned_loss_vs_metrics': False}}
{'epoch': 39, 'eval_manifest': 'results/rm_bt_sanity_e50_n8_baseonly/eval_subset_manifest.json', 'eval_records': 8}
{'epoch': 40, 'hard_negative_stats': {'hn_rows': 0, 'targeted_samples': 8, 'avg_hn_per_targeted': 0.0, 'pairs_epoch_total': 128}}
{'epoch': 40, 'bt_pair_loss': 0.002100843055814039, 'pairs': 128}
{'epoch': 40, 'eval_top1_acc': 0.375, 'eval_recall_at_K': 0.75, 'eval_samples': 8, 'K': 3}
{'epoch': 40, 'confusor_coverage': {'wrong_samples': 5, 'covered': 0, 'covered_ratio': 0.0}}
{'epoch': 40, 'progress_report': {'loss_name': 'bt_pair_loss', 'loss': 0.002100843055814039, 'loss_delta': 0.0007832259652786888, 'top1': 0.375, 'top1_delta': 0.0, 'recall_at_K': 0.75, 'recall_delta': 0.0, 'aligned_loss_vs_metrics': False}}
{'epoch': 40, 'eval_manifest': 'results/rm_bt_sanity_e50_n8_baseonly/eval_subset_manifest.json', 'eval_records': 8}
{'epoch': 41, 'hard_negative_stats': {'hn_rows': 0, 'targeted_samples': 8, 'avg_hn_per_targeted': 0.0, 'pairs_epoch_total': 128}}
{'epoch': 41, 'bt_pair_loss': 0.0011035934876417741, 'pairs': 128}
{'epoch': 41, 'eval_top1_acc': 0.375, 'eval_recall_at_K': 0.75, 'eval_samples': 8, 'K': 3}
{'epoch': 41, 'confusor_coverage': {'wrong_samples': 5, 'covered': 0, 'covered_ratio': 0.0}}
{'epoch': 41, 'progress_report': {'loss_name': 'bt_pair_loss', 'loss': 0.0011035934876417741, 'loss_delta': -0.0009972495681722648, 'top1': 0.375, 'top1_delta': 0.0, 'recall_at_K': 0.75, 'recall_delta': 0.0, 'aligned_loss_vs_metrics': False}}
{'epoch': 41, 'eval_manifest': 'results/rm_bt_sanity_e50_n8_baseonly/eval_subset_manifest.json', 'eval_records': 8}
{'epoch': 42, 'hard_negative_stats': {'hn_rows': 0, 'targeted_samples': 8, 'avg_hn_per_targeted': 0.0, 'pairs_epoch_total': 128}}
{'epoch': 42, 'bt_pair_loss': 0.0014497258998744655, 'pairs': 128}
{'epoch': 42, 'eval_top1_acc': 0.375, 'eval_recall_at_K': 0.75, 'eval_samples': 8, 'K': 3}
{'epoch': 42, 'confusor_coverage': {'wrong_samples': 5, 'covered': 0, 'covered_ratio': 0.0}}
{'epoch': 42, 'progress_report': {'loss_name': 'bt_pair_loss', 'loss': 0.0014497258998744655, 'loss_delta': 0.0003461324122326914, 'top1': 0.375, 'top1_delta': 0.0, 'recall_at_K': 0.75, 'recall_delta': 0.0, 'aligned_loss_vs_metrics': False}}
{'epoch': 42, 'eval_manifest': 'results/rm_bt_sanity_e50_n8_baseonly/eval_subset_manifest.json', 'eval_records': 8}
{'epoch': 43, 'hard_negative_stats': {'hn_rows': 0, 'targeted_samples': 8, 'avg_hn_per_targeted': 0.0, 'pairs_epoch_total': 128}}
{'epoch': 43, 'bt_pair_loss': 0.0016025126533349976, 'pairs': 128}
{'epoch': 43, 'eval_top1_acc': 0.375, 'eval_recall_at_K': 0.75, 'eval_samples': 8, 'K': 3}
{'epoch': 43, 'confusor_coverage': {'wrong_samples': 5, 'covered': 0, 'covered_ratio': 0.0}}
{'epoch': 43, 'progress_report': {'loss_name': 'bt_pair_loss', 'loss': 0.0016025126533349976, 'loss_delta': 0.00015278675346053205, 'top1': 0.375, 'top1_delta': 0.0, 'recall_at_K': 0.75, 'recall_delta': 0.0, 'aligned_loss_vs_metrics': False}}
{'epoch': 43, 'eval_manifest': 'results/rm_bt_sanity_e50_n8_baseonly/eval_subset_manifest.json', 'eval_records': 8}
{'epoch': 44, 'hard_negative_stats': {'hn_rows': 0, 'targeted_samples': 8, 'avg_hn_per_targeted': 0.0, 'pairs_epoch_total': 128}}
{'epoch': 44, 'bt_pair_loss': 0.0013757968481513672, 'pairs': 128}
{'epoch': 44, 'eval_top1_acc': 0.375, 'eval_recall_at_K': 0.75, 'eval_samples': 8, 'K': 3}
{'epoch': 44, 'confusor_coverage': {'wrong_samples': 5, 'covered': 0, 'covered_ratio': 0.0}}
{'epoch': 44, 'progress_report': {'loss_name': 'bt_pair_loss', 'loss': 0.0013757968481513672, 'loss_delta': -0.00022671580518363044, 'top1': 0.375, 'top1_delta': 0.0, 'recall_at_K': 0.75, 'recall_delta': 0.0, 'aligned_loss_vs_metrics': False}}
{'epoch': 44, 'eval_manifest': 'results/rm_bt_sanity_e50_n8_baseonly/eval_subset_manifest.json', 'eval_records': 8}
{'epoch': 45, 'hard_negative_stats': {'hn_rows': 0, 'targeted_samples': 8, 'avg_hn_per_targeted': 0.0, 'pairs_epoch_total': 128}}
{'epoch': 45, 'bt_pair_loss': 0.0008937108159443596, 'pairs': 128}
{'epoch': 45, 'eval_top1_acc': 0.375, 'eval_recall_at_K': 0.75, 'eval_samples': 8, 'K': 3}
{'epoch': 45, 'confusor_coverage': {'wrong_samples': 5, 'covered': 0, 'covered_ratio': 0.0}}
{'epoch': 45, 'progress_report': {'loss_name': 'bt_pair_loss', 'loss': 0.0008937108159443596, 'loss_delta': -0.0004820860322070075, 'top1': 0.375, 'top1_delta': 0.0, 'recall_at_K': 0.75, 'recall_delta': 0.0, 'aligned_loss_vs_metrics': False}}
{'epoch': 45, 'eval_manifest': 'results/rm_bt_sanity_e50_n8_baseonly/eval_subset_manifest.json', 'eval_records': 8}
{'epoch': 46, 'hard_negative_stats': {'hn_rows': 0, 'targeted_samples': 8, 'avg_hn_per_targeted': 0.0, 'pairs_epoch_total': 128}}
{'epoch': 46, 'bt_pair_loss': 0.0009854044910753146, 'pairs': 128}
{'epoch': 46, 'eval_top1_acc': 0.375, 'eval_recall_at_K': 0.75, 'eval_samples': 8, 'K': 3}
{'epoch': 46, 'confusor_coverage': {'wrong_samples': 5, 'covered': 0, 'covered_ratio': 0.0}}
{'epoch': 46, 'progress_report': {'loss_name': 'bt_pair_loss', 'loss': 0.0009854044910753146, 'loss_delta': 9.169367513095494e-05, 'top1': 0.375, 'top1_delta': 0.0, 'recall_at_K': 0.75, 'recall_delta': 0.0, 'aligned_loss_vs_metrics': False}}
{'epoch': 46, 'eval_manifest': 'results/rm_bt_sanity_e50_n8_baseonly/eval_subset_manifest.json', 'eval_records': 8}
{'epoch': 47, 'hard_negative_stats': {'hn_rows': 0, 'targeted_samples': 8, 'avg_hn_per_targeted': 0.0, 'pairs_epoch_total': 128}}
{'epoch': 47, 'bt_pair_loss': 0.00042996419870178215, 'pairs': 128}
{'epoch': 47, 'eval_top1_acc': 0.375, 'eval_recall_at_K': 0.75, 'eval_samples': 8, 'K': 3}
{'epoch': 47, 'confusor_coverage': {'wrong_samples': 5, 'covered': 0, 'covered_ratio': 0.0}}
{'epoch': 47, 'progress_report': {'loss_name': 'bt_pair_loss', 'loss': 0.00042996419870178215, 'loss_delta': -0.0005554402923735324, 'top1': 0.375, 'top1_delta': 0.0, 'recall_at_K': 0.75, 'recall_delta': 0.0, 'aligned_loss_vs_metrics': False}}
{'epoch': 47, 'eval_manifest': 'results/rm_bt_sanity_e50_n8_baseonly/eval_subset_manifest.json', 'eval_records': 8}
{'epoch': 48, 'hard_negative_stats': {'hn_rows': 0, 'targeted_samples': 8, 'avg_hn_per_targeted': 0.0, 'pairs_epoch_total': 128}}
{'epoch': 48, 'bt_pair_loss': 0.0005532600080186967, 'pairs': 128}
{'epoch': 48, 'eval_top1_acc': 0.375, 'eval_recall_at_K': 0.75, 'eval_samples': 8, 'K': 3}
{'epoch': 48, 'confusor_coverage': {'wrong_samples': 5, 'covered': 0, 'covered_ratio': 0.0}}
{'epoch': 48, 'progress_report': {'loss_name': 'bt_pair_loss', 'loss': 0.0005532600080186967, 'loss_delta': 0.00012329580931691453, 'top1': 0.375, 'top1_delta': 0.0, 'recall_at_K': 0.75, 'recall_delta': 0.0, 'aligned_loss_vs_metrics': False}}
{'epoch': 48, 'eval_manifest': 'results/rm_bt_sanity_e50_n8_baseonly/eval_subset_manifest.json', 'eval_records': 8}
{'epoch': 49, 'hard_negative_stats': {'hn_rows': 0, 'targeted_samples': 8, 'avg_hn_per_targeted': 0.0, 'pairs_epoch_total': 128}}
{'epoch': 49, 'bt_pair_loss': 0.0007697706969338469, 'pairs': 128}
{'epoch': 49, 'eval_top1_acc': 0.375, 'eval_recall_at_K': 0.75, 'eval_samples': 8, 'K': 3}
{'epoch': 49, 'confusor_coverage': {'wrong_samples': 5, 'covered': 0, 'covered_ratio': 0.0}}
{'epoch': 49, 'progress_report': {'loss_name': 'bt_pair_loss', 'loss': 0.0007697706969338469, 'loss_delta': 0.00021651068891515024, 'top1': 0.375, 'top1_delta': 0.0, 'recall_at_K': 0.75, 'recall_delta': 0.0, 'aligned_loss_vs_metrics': False}}
{'epoch': 49, 'eval_manifest': 'results/rm_bt_sanity_e50_n8_baseonly/eval_subset_manifest.json', 'eval_records': 8}

Training completed!
/opt/anaconda3/lib/python3.12/site-packages/peft/utils/save_and_load.py:236: UserWarning: Could not find a config file in  - will assume that the vocabulary was not modified.
  warnings.warn(

Saved:
  - LoRA adapters: results/rm_bt_sanity_e50_n8_baseonly/adapters/
  - Embeddings + V-head: results/rm_bt_sanity_e50_n8_baseonly/heads.pt
