===== RUN START Mon Oct  6 04:08:51 CST 2025 =====

Device: mps

============================================================
Applying LoRA to Reward Model
============================================================
LoRA config:
  - Rank (r): 8
  - Alpha: 16
  - Dropout: 0.1
  - Target modules: ['c_attn', 'c_proj']

Parameter counts:
  - LoRA adapters:  45,056
  - Embeddings:     521,472
  - V-head:         257
  - Total trainable: 566,785 / 4,243,969 (13.36%)
  - Reduction vs full FT: 86.64%
============================================================

Training data:
  - Samples: 24
  - Reward range: [-0.31, -0.11]
  - Reward mean±std: -0.20 ± 0.05

IS divergence (diagnostics):
  - Absolute IS (sum over F×N): {'min': 11118.80078125, 'median': 20502.876953125, 'mean': 19601.33524576823, 'p95': 25541.0125, 'p99': 29170.2640625, 'max': 30233.09765625}
  - Per-bin IS (mean over F×N) — Training target: {'min': 0.112361057250192, 'median': 0.20719185247104774, 'mean': 0.1980813214536585, 'p95': 0.2581047384696229, 'p99': 0.29478014534237434, 'max': 0.30552061174916123}

Numeric diagnostics (first 5 samples):
{'path': 'clip_000.npy', 'F': 346, 'N': 286, 'is_final': 19272.56, 'ratio_final_p99': 2.72}
{'path': 'clip_001.npy', 'F': 346, 'N': 286, 'is_final': 23218.67, 'ratio_final_p99': 3.22}
{'path': 'clip_002.npy', 'F': 346, 'N': 286, 'is_final': 25138.29, 'ratio_final_p99': 3.18}
{'path': 'clip_000.npy', 'F': 346, 'N': 286, 'is_final': 11631.24, 'ratio_final_p99': 2.03}
{'path': 'clip_001.npy', 'F': 346, 'N': 286, 'is_final': 21264.02, 'ratio_final_p99': 3.01}
Saved numeric diagnostics JSONL: results/rm_lora_mps_localizer_100ep_perbin_rerun/numeric_diagnostics.jsonl
Optimizer:
  - LoRA LR:       0.0001
  - Embedding LR:  0.0001
  - V-head LR:     0.001

============================================================
Training
============================================================
{'epoch': 0, 'loss': 0.09176015853881836, 'mae': 0.24714350700378418, 'correlation': 0.19359548389911652}
{'epoch': 1, 'loss': 0.06540387868881226, 'mae': 0.20645050704479218, 'correlation': -0.3703714609146118}
{'epoch': 2, 'loss': 0.08640869706869125, 'mae': 0.24263744056224823, 'correlation': -0.39885005354881287}
{'epoch': 3, 'loss': 0.0937923863530159, 'mae': 0.24511325359344482, 'correlation': 0.30772972106933594}
{'epoch': 4, 'loss': 0.12490725517272949, 'mae': 0.28763440251350403, 'correlation': 0.05188125744462013}
{'epoch': 5, 'loss': 0.11589112132787704, 'mae': 0.231065571308136, 'correlation': 0.08853113651275635}
{'epoch': 6, 'loss': 0.11255871504545212, 'mae': 0.2712147831916809, 'correlation': 0.16194304823875427}
{'epoch': 7, 'loss': 0.07119844108819962, 'mae': 0.2038792371749878, 'correlation': 0.14845973253250122}
{'epoch': 8, 'loss': 0.08190657198429108, 'mae': 0.2405046671628952, 'correlation': -0.12128258496522903}
{'epoch': 9, 'loss': 0.19525980949401855, 'mae': 0.3517264425754547, 'correlation': -0.11329827457666397}
{'epoch': 10, 'loss': 0.14958392083644867, 'mae': 0.3252559006214142, 'correlation': -0.02242167480289936}
{'epoch': 11, 'loss': 0.1159970834851265, 'mae': 0.2859302759170532, 'correlation': 0.08696282655000687}
{'epoch': 12, 'loss': 0.06596671789884567, 'mae': 0.19380342960357666, 'correlation': 0.1320059448480606}
{'epoch': 13, 'loss': 0.06645438075065613, 'mae': 0.19634564220905304, 'correlation': -0.1062747910618782}
{'epoch': 14, 'loss': 0.05159473419189453, 'mae': 0.17606373131275177, 'correlation': -0.3602249026298523}
{'epoch': 15, 'loss': 0.1422618180513382, 'mae': 0.30233892798423767, 'correlation': -0.024673238396644592}
{'epoch': 16, 'loss': 0.07139752805233002, 'mae': 0.22674508392810822, 'correlation': 0.1575963795185089}
{'epoch': 17, 'loss': 0.11810656636953354, 'mae': 0.2901860177516937, 'correlation': -0.016124285757541656}
{'epoch': 18, 'loss': 0.11059018969535828, 'mae': 0.2819391191005707, 'correlation': -0.2578096091747284}
{'epoch': 19, 'loss': 0.11913865059614182, 'mae': 0.27950915694236755, 'correlation': 0.15791621804237366}
{'epoch': 20, 'loss': 0.058345600962638855, 'mae': 0.18059329688549042, 'correlation': 0.001637959503568709}
{'epoch': 21, 'loss': 0.10843261331319809, 'mae': 0.2705192267894745, 'correlation': 0.3767623007297516}
{'epoch': 22, 'loss': 0.05492594838142395, 'mae': 0.17876122891902924, 'correlation': -0.101573146879673}
{'epoch': 23, 'loss': 0.12960664927959442, 'mae': 0.263393372297287, 'correlation': 0.04172039404511452}
{'epoch': 24, 'loss': 0.08757675439119339, 'mae': 0.24080418050289154, 'correlation': -0.005759970284998417}
{'epoch': 25, 'loss': 0.07042005658149719, 'mae': 0.22128243744373322, 'correlation': -0.2683943808078766}
{'epoch': 26, 'loss': 0.09143368154764175, 'mae': 0.2539733648300171, 'correlation': 0.02316533401608467}
{'epoch': 27, 'loss': 0.05321415141224861, 'mae': 0.19192714989185333, 'correlation': 0.17729343473911285}
{'epoch': 28, 'loss': 0.07791158556938171, 'mae': 0.23957669734954834, 'correlation': -0.1695021688938141}
{'epoch': 29, 'loss': 0.06349099427461624, 'mae': 0.2130206823348999, 'correlation': 0.046903472393751144}
{'epoch': 30, 'loss': 0.06091687083244324, 'mae': 0.18941490352153778, 'correlation': -0.003593341913074255}
{'epoch': 31, 'loss': 0.05326347425580025, 'mae': 0.19541914761066437, 'correlation': 0.2298513948917389}
{'epoch': 32, 'loss': 0.04822757467627525, 'mae': 0.18528242409229279, 'correlation': -0.12459736317396164}
{'epoch': 33, 'loss': 0.08597349375486374, 'mae': 0.23094868659973145, 'correlation': -0.22208218276500702}
{'epoch': 34, 'loss': 0.044606178998947144, 'mae': 0.17409932613372803, 'correlation': -0.06333877891302109}
{'epoch': 35, 'loss': 0.04059062525629997, 'mae': 0.16150307655334473, 'correlation': 0.061481550335884094}
{'epoch': 36, 'loss': 0.05315111577510834, 'mae': 0.17556893825531006, 'correlation': 0.02390420436859131}
{'epoch': 37, 'loss': 0.05786855146288872, 'mae': 0.17713795602321625, 'correlation': 0.07249785959720612}
{'epoch': 38, 'loss': 0.05959853157401085, 'mae': 0.20043914020061493, 'correlation': 0.37123748660087585}
{'epoch': 39, 'loss': 0.04651937261223793, 'mae': 0.1518206149339676, 'correlation': 0.05174728482961655}
{'epoch': 40, 'loss': 0.05987478792667389, 'mae': 0.18023693561553955, 'correlation': 0.18494991958141327}
{'epoch': 41, 'loss': 0.08861144632101059, 'mae': 0.23098497092723846, 'correlation': 0.2079276293516159}
{'epoch': 42, 'loss': 0.07125566154718399, 'mae': 0.21882128715515137, 'correlation': -0.1735549420118332}
{'epoch': 43, 'loss': 0.05569790303707123, 'mae': 0.1994887739419937, 'correlation': 0.03486361727118492}
{'epoch': 44, 'loss': 0.0894184485077858, 'mae': 0.23120860755443573, 'correlation': -0.36606886982917786}
{'epoch': 45, 'loss': 0.06218245252966881, 'mae': 0.20233549177646637, 'correlation': 0.10162092745304108}
{'epoch': 46, 'loss': 0.04814133420586586, 'mae': 0.17056012153625488, 'correlation': 0.2758001685142517}
{'epoch': 47, 'loss': 0.04114314541220665, 'mae': 0.16624118387699127, 'correlation': -0.045285414904356}
{'epoch': 48, 'loss': 0.04846413433551788, 'mae': 0.16054576635360718, 'correlation': 0.25501903891563416}
{'epoch': 49, 'loss': 0.03688698261976242, 'mae': 0.17021770775318146, 'correlation': 0.1523955911397934}
{'epoch': 50, 'loss': 0.05085252597928047, 'mae': 0.18975836038589478, 'correlation': -0.06281328201293945}
{'epoch': 51, 'loss': 0.07358456403017044, 'mae': 0.22605793178081512, 'correlation': -0.19205990433692932}
{'epoch': 52, 'loss': 0.039064254611730576, 'mae': 0.1681070774793625, 'correlation': 0.13136133551597595}
{'epoch': 53, 'loss': 0.03126482293009758, 'mae': 0.14553306996822357, 'correlation': -0.06332666426897049}
{'epoch': 54, 'loss': 0.05224086716771126, 'mae': 0.19454103708267212, 'correlation': -0.013301460072398186}
{'epoch': 55, 'loss': 0.04320067539811134, 'mae': 0.15788710117340088, 'correlation': -0.15389488637447357}
{'epoch': 56, 'loss': 0.047883015125989914, 'mae': 0.18185250461101532, 'correlation': 0.06473786383867264}
{'epoch': 57, 'loss': 0.03211323916912079, 'mae': 0.13812801241874695, 'correlation': 0.43889424204826355}
{'epoch': 58, 'loss': 0.025435471907258034, 'mae': 0.1343594193458557, 'correlation': 0.32717809081077576}
{'epoch': 59, 'loss': 0.02596241794526577, 'mae': 0.12815362215042114, 'correlation': 0.45814990997314453}
{'epoch': 60, 'loss': 0.067840076982975, 'mae': 0.22146177291870117, 'correlation': -0.3585258424282074}
{'epoch': 61, 'loss': 0.026186363771557808, 'mae': 0.1281416267156601, 'correlation': -0.045959483832120895}
{'epoch': 62, 'loss': 0.046699583530426025, 'mae': 0.17128455638885498, 'correlation': 0.09154924005270004}
{'epoch': 63, 'loss': 0.03570689633488655, 'mae': 0.1547345519065857, 'correlation': -0.028781041502952576}
{'epoch': 64, 'loss': 0.04531513527035713, 'mae': 0.16951395571231842, 'correlation': -0.05776682496070862}
{'epoch': 65, 'loss': 0.04104725271463394, 'mae': 0.17301465570926666, 'correlation': 0.044598765671253204}
{'epoch': 66, 'loss': 0.033153533935546875, 'mae': 0.14701806008815765, 'correlation': -0.2820107936859131}
{'epoch': 67, 'loss': 0.036824095994234085, 'mae': 0.1683998703956604, 'correlation': 0.0006759962416253984}
{'epoch': 68, 'loss': 0.040256354957818985, 'mae': 0.15031598508358002, 'correlation': 0.07876989990472794}
{'epoch': 69, 'loss': 0.02588491700589657, 'mae': 0.12952008843421936, 'correlation': -0.02377115748822689}
{'epoch': 70, 'loss': 0.05654485151171684, 'mae': 0.20350895822048187, 'correlation': -0.15587639808654785}
{'epoch': 71, 'loss': 0.05062652751803398, 'mae': 0.18117952346801758, 'correlation': -0.018643571063876152}
{'epoch': 72, 'loss': 0.03412305563688278, 'mae': 0.16251587867736816, 'correlation': 0.07061073184013367}
{'epoch': 73, 'loss': 0.030807027593255043, 'mae': 0.14805519580841064, 'correlation': 0.26657459139823914}
{'epoch': 74, 'loss': 0.04103140905499458, 'mae': 0.15079432725906372, 'correlation': -0.39135676622390747}
{'epoch': 75, 'loss': 0.027784312143921852, 'mae': 0.14679470658302307, 'correlation': 0.0566142275929451}
{'epoch': 76, 'loss': 0.04128379747271538, 'mae': 0.15858536958694458, 'correlation': -0.08084746450185776}
{'epoch': 77, 'loss': 0.054972950369119644, 'mae': 0.19857287406921387, 'correlation': 0.19906964898109436}
{'epoch': 78, 'loss': 0.06264680624008179, 'mae': 0.2122025489807129, 'correlation': -0.11721804738044739}
{'epoch': 79, 'loss': 0.06532222032546997, 'mae': 0.21211488544940948, 'correlation': -0.0710967630147934}
{'epoch': 80, 'loss': 0.02385890670120716, 'mae': 0.11013147979974747, 'correlation': 0.11856704950332642}
{'epoch': 81, 'loss': 0.02904694341123104, 'mae': 0.1406526118516922, 'correlation': -0.4324043095111847}
{'epoch': 82, 'loss': 0.01752697117626667, 'mae': 0.11435206979513168, 'correlation': 0.5641876459121704}
{'epoch': 83, 'loss': 0.046578820794820786, 'mae': 0.17854683101177216, 'correlation': 0.08408146351575851}
{'epoch': 84, 'loss': 0.0409555584192276, 'mae': 0.15857310593128204, 'correlation': 0.13207443058490753}
{'epoch': 85, 'loss': 0.03380453959107399, 'mae': 0.14704513549804688, 'correlation': 0.4229109287261963}
{'epoch': 86, 'loss': 0.013065547682344913, 'mae': 0.08387839794158936, 'correlation': 0.386872798204422}
{'epoch': 87, 'loss': 0.029727743938565254, 'mae': 0.1486552208662033, 'correlation': 0.02088087424635887}
{'epoch': 88, 'loss': 0.023191481828689575, 'mae': 0.13260240852832794, 'correlation': 0.009495396167039871}
{'epoch': 89, 'loss': 0.021141214296221733, 'mae': 0.10690698772668839, 'correlation': -0.042920514941215515}
{'epoch': 90, 'loss': 0.033131349831819534, 'mae': 0.1425415426492691, 'correlation': 0.17816276848316193}
{'epoch': 91, 'loss': 0.06790869683027267, 'mae': 0.21652257442474365, 'correlation': -0.05128573998808861}
{'epoch': 92, 'loss': 0.04100331664085388, 'mae': 0.17648909986019135, 'correlation': -0.33558911085128784}
{'epoch': 93, 'loss': 0.027347242459654808, 'mae': 0.13884025812149048, 'correlation': 0.2814943492412567}
{'epoch': 94, 'loss': 0.027289291843771935, 'mae': 0.13863146305084229, 'correlation': -0.12387707829475403}
{'epoch': 95, 'loss': 0.025937894359230995, 'mae': 0.127970889210701, 'correlation': -0.4310317039489746}
{'epoch': 96, 'loss': 0.030650682747364044, 'mae': 0.1402103155851364, 'correlation': -0.12678630650043488}
{'epoch': 97, 'loss': 0.03291155770421028, 'mae': 0.15359032154083252, 'correlation': -0.13406911492347717}
{'epoch': 98, 'loss': 0.039272841066122055, 'mae': 0.16886311769485474, 'correlation': -0.0069563789293169975}
{'epoch': 99, 'loss': 0.029642274603247643, 'mae': 0.15166564285755157, 'correlation': -0.13123373687267303}

Training completed!
  - Best loss: 0.0131
  - Best correlation: 0.5642

Saved:
  - LoRA adapters: rm_lora_mps_localizer_100ep_perbin_rerun_adapters/
  - Embeddings + V-head: rm_lora_mps_localizer_100ep_perbin_rerun_heads.pt

============================================================
Embedding Quality Analysis
============================================================
Direction token embeddings:
  - Similarity range: [-0.154, 1.000]
  - Mean off-diagonal: -0.002

Interpretation:
  - Random embeddings: ~0.0
  - Learned structure: >0.3 for nearby angles
============================================================

