2025-10-25 15:56:41,203 - __main__ - INFO - ============================================================
2025-10-25 15:56:41,203 - __main__ - INFO - TRANSFER FUNCTION ESTIMATION FROM NOISE DATA
2025-10-25 15:56:41,203 - __main__ - INFO - ============================================================
2025-10-25 15:56:41,203 - __main__ - INFO - Input directory: /Users/sbplab/LDV-data-processed/white_noise_irregularbox_data_no_edge_sync_vad_normalized
2025-10-25 15:56:41,203 - __main__ - INFO - Output path: /Users/sbplab/LDV-data-processed/h_matrix_normalized_irregularbox_ldv.pth
2025-10-25 15:56:41,203 - __main__ - INFO - Frequency range: 300.0-3000.0 Hz
2025-10-25 15:56:41,203 - __main__ - INFO - Files per angle: 3
2025-10-25 15:56:41,203 - __main__ - INFO - Time pooling: geometric
2025-10-25 15:56:41,203 - __main__ - INFO - Starting transfer function estimation...
2025-10-25 15:56:41,203 - nmf_localizer.core.data_processor - INFO - Using unified data root for both X and Y: /Users/sbplab/LDV-data-processed/white_noise_irregularbox_data_no_edge_sync_vad_normalized
2025-10-25 15:56:41,203 - nmf_localizer.core.data_processor - INFO - Using STFT-unified transfer function estimation
2025-10-25 15:56:41,203 - nmf_localizer.core.stft_unified_processor - INFO - STFT-Unified: Processing 37 angle pairs
2025-10-25 15:56:41,203 - nmf_localizer.core.stft_unified_processor - INFO - STFT parameters (unified):
2025-10-25 15:56:41,203 - nmf_localizer.core.stft_unified_processor - INFO -   n_fft (nperseg): 2048
2025-10-25 15:56:41,204 - nmf_localizer.core.stft_unified_processor - INFO -   hop_length: 512
2025-10-25 15:56:41,204 - nmf_localizer.core.stft_unified_processor - INFO -   overlap: 1536
2025-10-25 15:56:41,204 - nmf_localizer.core.stft_unified_processor - INFO -   window: hann
Processing angles with STFT: 0it [00:00, ?it/s]2025-10-25 15:56:41,217 - nmf_localizer.core.stft_unified_processor - INFO - Processing angle 0° with 3 file pairs (STFT method)
2025-10-25 15:56:41,229 - nmf_localizer.core.stft_unified_processor - INFO - STFT frequency array: 1025 bins, range 0.0 - 8000.0 Hz
2025-10-25 15:56:41,262 - nmf_localizer.core.stft_unified_processor - INFO - Angle 0°: TF shape (1025,), mean magnitude: 1.0000
2025-10-25 15:56:41,262 - nmf_localizer.core.stft_unified_processor - INFO -   STFT coherence: 1.000
2025-10-25 15:56:41,262 - nmf_localizer.core.stft_unified_processor - INFO - Processing angle 5° with 3 file pairs (STFT method)
2025-10-25 15:56:41,297 - nmf_localizer.core.stft_unified_processor - INFO - Angle 5°: TF shape (1025,), mean magnitude: 1.0000
2025-10-25 15:56:41,297 - nmf_localizer.core.stft_unified_processor - INFO -   STFT coherence: 1.000
2025-10-25 15:56:41,297 - nmf_localizer.core.stft_unified_processor - INFO - Processing angle 10° with 3 file pairs (STFT method)
2025-10-25 15:56:41,335 - nmf_localizer.core.stft_unified_processor - INFO - Angle 10°: TF shape (1025,), mean magnitude: 1.0000
2025-10-25 15:56:41,335 - nmf_localizer.core.stft_unified_processor - INFO -   STFT coherence: 1.000
Processing angles with STFT: 3it [00:00, 25.31it/s]2025-10-25 15:56:41,335 - nmf_localizer.core.stft_unified_processor - INFO - Processing angle 15° with 3 file pairs (STFT method)
2025-10-25 15:56:41,373 - nmf_localizer.core.stft_unified_processor - INFO - Angle 15°: TF shape (1025,), mean magnitude: 1.0000
2025-10-25 15:56:41,373 - nmf_localizer.core.stft_unified_processor - INFO -   STFT coherence: 1.000
2025-10-25 15:56:41,374 - nmf_localizer.core.stft_unified_processor - INFO - Processing angle 20° with 3 file pairs (STFT method)
2025-10-25 15:56:41,410 - nmf_localizer.core.stft_unified_processor - INFO - Angle 20°: TF shape (1025,), mean magnitude: 1.0000
2025-10-25 15:56:41,411 - nmf_localizer.core.stft_unified_processor - INFO -   STFT coherence: 1.000
2025-10-25 15:56:41,411 - nmf_localizer.core.stft_unified_processor - INFO - Processing angle 25° with 3 file pairs (STFT method)
2025-10-25 15:56:41,447 - nmf_localizer.core.stft_unified_processor - INFO - Angle 25°: TF shape (1025,), mean magnitude: 1.0000
2025-10-25 15:56:41,447 - nmf_localizer.core.stft_unified_processor - INFO -   STFT coherence: 1.000
Processing angles with STFT: 6it [00:00, 26.11it/s]2025-10-25 15:56:41,447 - nmf_localizer.core.stft_unified_processor - INFO - Processing angle 30° with 3 file pairs (STFT method)
2025-10-25 15:56:41,484 - nmf_localizer.core.stft_unified_processor - INFO - Angle 30°: TF shape (1025,), mean magnitude: 1.0000
2025-10-25 15:56:41,484 - nmf_localizer.core.stft_unified_processor - INFO -   STFT coherence: 1.000
2025-10-25 15:56:41,484 - nmf_localizer.core.stft_unified_processor - INFO - Processing angle 35° with 3 file pairs (STFT method)
2025-10-25 15:56:41,521 - nmf_localizer.core.stft_unified_processor - INFO - Angle 35°: TF shape (1025,), mean magnitude: 1.0000
2025-10-25 15:56:41,521 - nmf_localizer.core.stft_unified_processor - INFO -   STFT coherence: 1.000
2025-10-25 15:56:41,522 - nmf_localizer.core.stft_unified_processor - INFO - Processing angle 40° with 3 file pairs (STFT method)
2025-10-25 15:56:41,557 - nmf_localizer.core.stft_unified_processor - INFO - Angle 40°: TF shape (1025,), mean magnitude: 1.0000
2025-10-25 15:56:41,558 - nmf_localizer.core.stft_unified_processor - INFO -   STFT coherence: 1.000
Processing angles with STFT: 9it [00:00, 26.58it/s]2025-10-25 15:56:41,558 - nmf_localizer.core.stft_unified_processor - INFO - Processing angle 45° with 3 file pairs (STFT method)
2025-10-25 15:56:41,595 - nmf_localizer.core.stft_unified_processor - INFO - Angle 45°: TF shape (1025,), mean magnitude: 1.0000
2025-10-25 15:56:41,595 - nmf_localizer.core.stft_unified_processor - INFO -   STFT coherence: 1.000
2025-10-25 15:56:41,595 - nmf_localizer.core.stft_unified_processor - INFO - Processing angle 50° with 3 file pairs (STFT method)
2025-10-25 15:56:41,630 - nmf_localizer.core.stft_unified_processor - INFO - Angle 50°: TF shape (1025,), mean magnitude: 1.0000
2025-10-25 15:56:41,631 - nmf_localizer.core.stft_unified_processor - INFO -   STFT coherence: 1.000
2025-10-25 15:56:41,631 - nmf_localizer.core.stft_unified_processor - INFO - Processing angle 55° with 3 file pairs (STFT method)
2025-10-25 15:56:41,668 - nmf_localizer.core.stft_unified_processor - INFO - Angle 55°: TF shape (1025,), mean magnitude: 1.0000
2025-10-25 15:56:41,668 - nmf_localizer.core.stft_unified_processor - INFO -   STFT coherence: 1.000
Processing angles with STFT: 12it [00:00, 26.83it/s]2025-10-25 15:56:41,668 - nmf_localizer.core.stft_unified_processor - INFO - Processing angle 60° with 3 file pairs (STFT method)
2025-10-25 15:56:41,705 - nmf_localizer.core.stft_unified_processor - INFO - Angle 60°: TF shape (1025,), mean magnitude: 1.0000
2025-10-25 15:56:41,705 - nmf_localizer.core.stft_unified_processor - INFO -   STFT coherence: 1.000
2025-10-25 15:56:41,705 - nmf_localizer.core.stft_unified_processor - INFO - Processing angle 65° with 3 file pairs (STFT method)
2025-10-25 15:56:41,742 - nmf_localizer.core.stft_unified_processor - INFO - Angle 65°: TF shape (1025,), mean magnitude: 1.0000
2025-10-25 15:56:41,742 - nmf_localizer.core.stft_unified_processor - INFO -   STFT coherence: 1.000
2025-10-25 15:56:41,742 - nmf_localizer.core.stft_unified_processor - INFO - Processing angle 70° with 3 file pairs (STFT method)
2025-10-25 15:56:41,780 - nmf_localizer.core.stft_unified_processor - INFO - Angle 70°: TF shape (1025,), mean magnitude: 1.0000
2025-10-25 15:56:41,780 - nmf_localizer.core.stft_unified_processor - INFO -   STFT coherence: 1.000
Processing angles with STFT: 15it [00:00, 26.82it/s]2025-10-25 15:56:41,780 - nmf_localizer.core.stft_unified_processor - INFO - Processing angle 75° with 3 file pairs (STFT method)
2025-10-25 15:56:41,817 - nmf_localizer.core.stft_unified_processor - INFO - Angle 75°: TF shape (1025,), mean magnitude: 1.0000
2025-10-25 15:56:41,817 - nmf_localizer.core.stft_unified_processor - INFO -   STFT coherence: 1.000
2025-10-25 15:56:41,817 - nmf_localizer.core.stft_unified_processor - INFO - Processing angle 80° with 3 file pairs (STFT method)
2025-10-25 15:56:41,853 - nmf_localizer.core.stft_unified_processor - INFO - Angle 80°: TF shape (1025,), mean magnitude: 1.0000
2025-10-25 15:56:41,853 - nmf_localizer.core.stft_unified_processor - INFO -   STFT coherence: 1.000
2025-10-25 15:56:41,854 - nmf_localizer.core.stft_unified_processor - INFO - Processing angle 85° with 3 file pairs (STFT method)
2025-10-25 15:56:41,892 - nmf_localizer.core.stft_unified_processor - INFO - Angle 85°: TF shape (1025,), mean magnitude: 1.0000
2025-10-25 15:56:41,892 - nmf_localizer.core.stft_unified_processor - INFO -   STFT coherence: 1.000
Processing angles with STFT: 18it [00:00, 26.81it/s]2025-10-25 15:56:41,892 - nmf_localizer.core.stft_unified_processor - INFO - Processing angle 90° with 3 file pairs (STFT method)
2025-10-25 15:56:41,929 - nmf_localizer.core.stft_unified_processor - INFO - Angle 90°: TF shape (1025,), mean magnitude: 1.0000
2025-10-25 15:56:41,929 - nmf_localizer.core.stft_unified_processor - INFO -   STFT coherence: 1.000
2025-10-25 15:56:41,930 - nmf_localizer.core.stft_unified_processor - INFO - Processing angle 95° with 3 file pairs (STFT method)
2025-10-25 15:56:41,968 - nmf_localizer.core.stft_unified_processor - INFO - Angle 95°: TF shape (1025,), mean magnitude: 1.0000
2025-10-25 15:56:41,968 - nmf_localizer.core.stft_unified_processor - INFO -   STFT coherence: 1.000
2025-10-25 15:56:41,968 - nmf_localizer.core.stft_unified_processor - INFO - Processing angle 100° with 3 file pairs (STFT method)
2025-10-25 15:56:42,006 - nmf_localizer.core.stft_unified_processor - INFO - Angle 100°: TF shape (1025,), mean magnitude: 1.0000
2025-10-25 15:56:42,006 - nmf_localizer.core.stft_unified_processor - INFO -   STFT coherence: 1.000
Processing angles with STFT: 21it [00:00, 26.65it/s]2025-10-25 15:56:42,006 - nmf_localizer.core.stft_unified_processor - INFO - Processing angle 105° with 3 file pairs (STFT method)
2025-10-25 15:56:42,041 - nmf_localizer.core.stft_unified_processor - INFO - Angle 105°: TF shape (1025,), mean magnitude: 1.0000
2025-10-25 15:56:42,041 - nmf_localizer.core.stft_unified_processor - INFO -   STFT coherence: 1.000
2025-10-25 15:56:42,041 - nmf_localizer.core.stft_unified_processor - INFO - Processing angle 110° with 3 file pairs (STFT method)
2025-10-25 15:56:42,077 - nmf_localizer.core.stft_unified_processor - INFO - Angle 110°: TF shape (1025,), mean magnitude: 1.0000
2025-10-25 15:56:42,077 - nmf_localizer.core.stft_unified_processor - INFO -   STFT coherence: 1.000
2025-10-25 15:56:42,077 - nmf_localizer.core.stft_unified_processor - INFO - Processing angle 115° with 3 file pairs (STFT method)
2025-10-25 15:56:42,112 - nmf_localizer.core.stft_unified_processor - INFO - Angle 115°: TF shape (1025,), mean magnitude: 1.0000
2025-10-25 15:56:42,112 - nmf_localizer.core.stft_unified_processor - INFO -   STFT coherence: 1.000
Processing angles with STFT: 24it [00:00, 27.10it/s]2025-10-25 15:56:42,113 - nmf_localizer.core.stft_unified_processor - INFO - Processing angle 120° with 3 file pairs (STFT method)
2025-10-25 15:56:42,149 - nmf_localizer.core.stft_unified_processor - INFO - Angle 120°: TF shape (1025,), mean magnitude: 1.0000
2025-10-25 15:56:42,150 - nmf_localizer.core.stft_unified_processor - INFO -   STFT coherence: 1.000
2025-10-25 15:56:42,150 - nmf_localizer.core.stft_unified_processor - INFO - Processing angle 125° with 3 file pairs (STFT method)
2025-10-25 15:56:42,187 - nmf_localizer.core.stft_unified_processor - INFO - Angle 125°: TF shape (1025,), mean magnitude: 1.0000
2025-10-25 15:56:42,188 - nmf_localizer.core.stft_unified_processor - INFO -   STFT coherence: 1.000
2025-10-25 15:56:42,188 - nmf_localizer.core.stft_unified_processor - INFO - Processing angle 130° with 3 file pairs (STFT method)
2025-10-25 15:56:42,224 - nmf_localizer.core.stft_unified_processor - INFO - Angle 130°: TF shape (1025,), mean magnitude: 1.0000
2025-10-25 15:56:42,224 - nmf_localizer.core.stft_unified_processor - INFO -   STFT coherence: 1.000
Processing angles with STFT: 27it [00:01, 27.01it/s]2025-10-25 15:56:42,224 - nmf_localizer.core.stft_unified_processor - INFO - Processing angle 135° with 3 file pairs (STFT method)
2025-10-25 15:56:42,260 - nmf_localizer.core.stft_unified_processor - INFO - Angle 135°: TF shape (1025,), mean magnitude: 1.0000
2025-10-25 15:56:42,261 - nmf_localizer.core.stft_unified_processor - INFO -   STFT coherence: 1.000
2025-10-25 15:56:42,261 - nmf_localizer.core.stft_unified_processor - INFO - Processing angle 140° with 3 file pairs (STFT method)
2025-10-25 15:56:42,300 - nmf_localizer.core.stft_unified_processor - INFO - Angle 140°: TF shape (1025,), mean magnitude: 1.0000
2025-10-25 15:56:42,300 - nmf_localizer.core.stft_unified_processor - INFO -   STFT coherence: 1.000
2025-10-25 15:56:42,300 - nmf_localizer.core.stft_unified_processor - INFO - Processing angle 145° with 3 file pairs (STFT method)
2025-10-25 15:56:42,339 - nmf_localizer.core.stft_unified_processor - INFO - Angle 145°: TF shape (1025,), mean magnitude: 1.0000
2025-10-25 15:56:42,339 - nmf_localizer.core.stft_unified_processor - INFO -   STFT coherence: 1.000
Processing angles with STFT: 30it [00:01, 26.75it/s]2025-10-25 15:56:42,339 - nmf_localizer.core.stft_unified_processor - INFO - Processing angle 150° with 3 file pairs (STFT method)
2025-10-25 15:56:42,378 - nmf_localizer.core.stft_unified_processor - INFO - Angle 150°: TF shape (1025,), mean magnitude: 1.0000
2025-10-25 15:56:42,378 - nmf_localizer.core.stft_unified_processor - INFO -   STFT coherence: 1.000
2025-10-25 15:56:42,379 - nmf_localizer.core.stft_unified_processor - INFO - Processing angle 155° with 3 file pairs (STFT method)
2025-10-25 15:56:42,416 - nmf_localizer.core.stft_unified_processor - INFO - Angle 155°: TF shape (1025,), mean magnitude: 1.0000
2025-10-25 15:56:42,416 - nmf_localizer.core.stft_unified_processor - INFO -   STFT coherence: 1.000
2025-10-25 15:56:42,417 - nmf_localizer.core.stft_unified_processor - INFO - Processing angle 160° with 3 file pairs (STFT method)
2025-10-25 15:56:42,454 - nmf_localizer.core.stft_unified_processor - INFO - Angle 160°: TF shape (1025,), mean magnitude: 1.0000
2025-10-25 15:56:42,454 - nmf_localizer.core.stft_unified_processor - INFO -   STFT coherence: 1.000
Processing angles with STFT: 33it [00:01, 26.53it/s]2025-10-25 15:56:42,454 - nmf_localizer.core.stft_unified_processor - INFO - Processing angle 165° with 3 file pairs (STFT method)
2025-10-25 15:56:42,491 - nmf_localizer.core.stft_unified_processor - INFO - Angle 165°: TF shape (1025,), mean magnitude: 1.0000
2025-10-25 15:56:42,491 - nmf_localizer.core.stft_unified_processor - INFO -   STFT coherence: 1.000
2025-10-25 15:56:42,491 - nmf_localizer.core.stft_unified_processor - INFO - Processing angle 170° with 3 file pairs (STFT method)
2025-10-25 15:56:42,530 - nmf_localizer.core.stft_unified_processor - INFO - Angle 170°: TF shape (1025,), mean magnitude: 1.0000
2025-10-25 15:56:42,530 - nmf_localizer.core.stft_unified_processor - INFO -   STFT coherence: 1.000
2025-10-25 15:56:42,530 - nmf_localizer.core.stft_unified_processor - INFO - Processing angle 175° with 3 file pairs (STFT method)
2025-10-25 15:56:42,568 - nmf_localizer.core.stft_unified_processor - INFO - Angle 175°: TF shape (1025,), mean magnitude: 1.0000
2025-10-25 15:56:42,568 - nmf_localizer.core.stft_unified_processor - INFO -   STFT coherence: 1.000
Processing angles with STFT: 36it [00:01, 26.45it/s]2025-10-25 15:56:42,568 - nmf_localizer.core.stft_unified_processor - INFO - Processing angle 180° with 3 file pairs (STFT method)
2025-10-25 15:56:42,606 - nmf_localizer.core.stft_unified_processor - INFO - Angle 180°: TF shape (1025,), mean magnitude: 1.0000
2025-10-25 15:56:42,606 - nmf_localizer.core.stft_unified_processor - INFO -   STFT coherence: 1.000
Processing angles with STFT: 37it [00:01, 26.63it/s]
2025-10-25 15:56:42,607 - nmf_localizer.core.stft_unified_processor - INFO - Raw H shape (STFT): torch.Size([1025, 37])
2025-10-25 15:56:42,607 - nmf_localizer.core.stft_unified_processor - INFO - STFT-unified transfer function estimation complete:
2025-10-25 15:56:42,607 - nmf_localizer.core.stft_unified_processor - INFO -   H shape: torch.Size([346, 37]) (freq × directions)
2025-10-25 15:56:42,607 - nmf_localizer.core.stft_unified_processor - INFO -   Method: stft_unified (consistent STFT processing)
2025-10-25 15:56:42,607 - nmf_localizer.core.stft_unified_processor - INFO -   Frequency range: 300.0-3000.0 Hz
2025-10-25 15:56:42,607 - nmf_localizer.core.stft_unified_processor - INFO -   H statistics: min=1.0000, max=1.0000, mean=1.0000
2025-10-25 15:56:42,607 - nmf_localizer.core.stft_unified_processor - INFO - STFT-unified coherence statistics:
2025-10-25 15:56:42,607 - nmf_localizer.core.stft_unified_processor - INFO -   Mean: 1.000
2025-10-25 15:56:42,607 - nmf_localizer.core.stft_unified_processor - INFO -   Range: 1.000 - 1.000
2025-10-25 15:56:42,607 - nmf_localizer.core.stft_unified_processor - INFO -   Std: 0.000
2025-10-25 15:56:42,607 - nmf_localizer.core.stft_unified_processor - INFO - ✓ Good coherence achieved with STFT-unified processing
2025-10-25 15:56:42,608 - __main__ - INFO - Raw transfer functions estimated: torch.Size([346, 37])
2025-10-25 15:56:42,608 - __main__ - INFO - Angles: [0.0, 5.0, 10.0, 15.0, 20.0, 25.0, 30.0, 35.0, 40.0, 45.0, 50.0, 55.0, 60.0, 65.0, 70.0, 75.0, 80.0, 85.0, 90.0, 95.0, 100.0, 105.0, 110.0, 115.0, 120.0, 125.0, 130.0, 135.0, 140.0, 145.0, 150.0, 155.0, 160.0, 165.0, 170.0, 175.0, 180.0]
2025-10-25 15:56:42,608 - __main__ - INFO - Applying transfer function processing pipeline...
2025-10-25 15:56:42,608 - nmf_localizer.core.transfer_functions - INFO - Applied frequency limit 300.0-3000.0Hz: 346 → 346 freq bins
2025-10-25 15:56:42,608 - nmf_localizer.core.transfer_functions - INFO - Actual frequency range: 304.7 - 3000.0 Hz
2025-10-25 15:56:42,610 - nmf_localizer.core.transfer_functions - INFO - Transfer function separability:
2025-10-25 15:56:42,610 - nmf_localizer.core.transfer_functions - INFO -   Mean correlation: 1.000
2025-10-25 15:56:42,610 - nmf_localizer.core.transfer_functions - INFO -   Condition number: 17063170.000
2025-10-25 15:56:42,610 - nmf_localizer.core.transfer_functions - INFO -   Mean freq range: 0.000
2025-10-25 15:56:42,610 - nmf_localizer.core.transfer_functions - INFO - Transfer function processing complete:
2025-10-25 15:56:42,610 - nmf_localizer.core.transfer_functions - INFO -   Shape: torch.Size([346, 37]) → torch.Size([346, 37])
2025-10-25 15:56:42,610 - nmf_localizer.core.transfer_functions - INFO -   Steps: frequency_limiting
2025-10-25 15:56:42,610 - __main__ - INFO - Saving transfer functions to: /Users/sbplab/LDV-data-processed/h_matrix_normalized_irregularbox_ldv.pth
2025-10-25 15:56:42,612 - nmf_localizer.core.transfer_functions - INFO - Saved transfer functions to: /Users/sbplab/LDV-data-processed/h_matrix_normalized_irregularbox_ldv.pth
2025-10-25 15:56:42,612 - __main__ - INFO - ============================================================
2025-10-25 15:56:42,612 - __main__ - INFO - TRANSFER FUNCTION ESTIMATION COMPLETE
2025-10-25 15:56:42,612 - __main__ - INFO - ============================================================
2025-10-25 15:56:42,612 - __main__ - INFO - Final shape: torch.Size([346, 37])
2025-10-25 15:56:42,612 - __main__ - INFO - Number of directions: 37
2025-10-25 15:56:42,612 - __main__ - INFO - Angle range: 0.0° - 180.0°
2025-10-25 15:56:42,612 - __main__ - INFO - Mean correlation: 1.000
2025-10-25 15:56:42,612 - __main__ - INFO - Condition number: 17063170.00
2025-10-25 15:56:42,612 - __main__ - INFO - Transfer functions saved to: /Users/sbplab/LDV-data-processed/h_matrix_normalized_irregularbox_ldv.pth
2025-10-25 15:56:42,612 - __main__ - INFO - 
You can now use these transfer functions in experiments:
2025-10-25 15:56:42,612 - __main__ - INFO -   pipeline.run_full_experiment(tf_path='/Users/sbplab/LDV-data-processed/h_matrix_normalized_irregularbox_ldv.pth', speech_data_root='...', ...)
