================================================================================
Transformer Routed Soft-OMP with Real LDV Data
================================================================================
Output directory: results/omp_transformer_abslogits_cpu_30ep_20251025_235013

================================================================================
STEP 1: Data Loading and Preprocessing
================================================================================
Loading H matrix from: /Users/sbplab/LDV-data-processed/h_matrix_box_ldv_correct.pth
Loading W matrix from: doa_normalized_config_c_corrected/models/usm.pth
Raw data loaded:
  H shape: torch.Size([346, 37]), range: [0.000677, 0.148538]
  W shape: torch.Size([346, 50]), range: [0.000000, 0.210976]
  Angles: 37 total, [0.0, 5.0, 10.0, 15.0, 20.0, 25.0, 30.0, 35.0, 40.0, 45.0, 50.0, 55.0, 60.0, 65.0, 70.0, 75.0, 80.0, 85.0, 90.0, 95.0, 100.0, 105.0, 110.0, 115.0, 120.0, 125.0, 130.0, 135.0, 140.0, 145.0, 150.0, 155.0, 160.0, 165.0, 170.0, 175.0, 180.0]

=== Atom Reduction via K-means ===
Input: W shape torch.Size([346, 50]) (346 freq bins × 50 atoms)
Target: 8 clusters
K-means completed:
  Centroids shape: torch.Size([346, 8])
  Cluster sizes: [1, 3, 3, 1, 1, 1, 1, 39]
  Reconstruction error: 1.6212 (162.12%)

=== Using Full Frequency Resolution (NO PCA) ===
H shape: torch.Size([346, 37])
W shape: torch.Size([346, 8])
Rationale: PCA may discard low-variance but high-discriminability features
           Greedy achieves 83.8% with F=346; test if Transformer needs full info too

=== Building Dictionary ===
Dictionary built:
  Shape: torch.Size([346, 296]) (F=346, P=296)
  Mutual coherence μ_max: 0.9954
  Mutual coherence μ_mean: 0.4474
  Index mapping: 296 entries

=== Loading LDV Samples with DoADataset ===
Dataset root: /Users/sbplab/LDV-data-processed/white_noise_box_data_no_edge_sync_vad_normalized
DoADataset created:
  Total samples: 111
  Angles: [0.0, 5.0, 10.0, 15.0, 20.0, 25.0, 30.0, 35.0, 40.0, 45.0, 50.0, 55.0, 60.0, 65.0, 70.0, 75.0, 80.0, 85.0, 90.0, 95.0, 100.0, 105.0, 110.0, 115.0, 120.0, 125.0, 130.0, 135.0, 140.0, 145.0, 150.0, 155.0, 160.0, 165.0, 170.0, 175.0, 180.0]
  STFT: fs=16000, n_fft=2048, freq_band=[300, 3000]Hz
  Using scipy.signal.stft with DC offset removal

Loaded samples:
  Y_samples: torch.Size([111, 346])
  Labels: torch.Size([111]), unique angles: 37
  Metadata: 111 entries
Dataset fingerprint (MD5): 713c0635878a04b32f4ee30208904d11
  Computed from 111 .npy files

================================================================================
STEP 2: Model Initialization
================================================================================

=== Parameter Reduction Strategy ===
  Input frequency dimension F: 346
  Transformer embedding dimension d: 64
  Ratio d/F: 0.185
  Token projection size: 2 × (346 × 64) = 44,288 parameters
  (vs naive F×F: 2 × (346 × 346) = 239,432 parameters)
  Parameter reduction: 81.5%

Model architecture:
  F (input freq dim): 346
  d_model (embedding dim): 64
  E (experts/angles): 37
  M (atoms/expert): 8
  P (total atoms): 296
  nhead: 2
  nlayers: 1
  Total parameters: 102,595
  Trainable parameters: 102,595

================================================================================
STEP 3: Training
================================================================================
Epoch   1/30: loss=1.8078 rec=0.0016 mono=0.0000 class=3.6125 acc=0.027 tau_e=0.500 tau_a=0.200 eta=0.492
Epoch   2/30: loss=1.8037 rec=0.0015 mono=0.0000 class=3.6043
Epoch   3/30: loss=1.8070 rec=0.0015 mono=0.0000 class=3.6109
Epoch   4/30: loss=1.8092 rec=0.0016 mono=0.0000 class=3.6153
Epoch   5/30: loss=1.8033 rec=0.0015 mono=0.0000 class=3.6035
Epoch   6/30: loss=1.8024 rec=0.0016 mono=0.0000 class=3.6017
Epoch   7/30: loss=1.8008 rec=0.0014 mono=0.0000 class=3.5986
Epoch   8/30: loss=1.8062 rec=0.0015 mono=0.0000 class=3.6095
Epoch   9/30: loss=1.8089 rec=0.0015 mono=0.0000 class=3.6148
Epoch  10/30: loss=1.8004 rec=0.0015 mono=0.0000 class=3.5978 acc=0.054 tau_e=0.500 tau_a=0.200 eta=0.542
Epoch  11/30: loss=1.8049 rec=0.0015 mono=0.0000 class=3.6069
Epoch  12/30: loss=1.8080 rec=0.0015 mono=0.0000 class=3.6131
Epoch  13/30: loss=1.8094 rec=0.0015 mono=0.0000 class=3.6159
Epoch  14/30: loss=1.8069 rec=0.0015 mono=0.0000 class=3.6107
Epoch  15/30: loss=1.8061 rec=0.0015 mono=0.0000 class=3.6093
Epoch  16/30: loss=1.8037 rec=0.0015 mono=0.0000 class=3.6044
Epoch  17/30: loss=1.8051 rec=0.0015 mono=0.0000 class=3.6072
Epoch  18/30: loss=1.8024 rec=0.0015 mono=0.0000 class=3.6018
Epoch  19/30: loss=1.8056 rec=0.0014 mono=0.0000 class=3.6082
Epoch  20/30: loss=1.8066 rec=0.0015 mono=0.0000 class=3.6104 acc=0.054 tau_e=0.500 tau_a=0.200 eta=0.579
Epoch  21/30: loss=1.8086 rec=0.0015 mono=0.0000 class=3.6142
Epoch  22/30: loss=1.8047 rec=0.0014 mono=0.0000 class=3.6065
Epoch  23/30: loss=1.8003 rec=0.0015 mono=0.0000 class=3.5976
Epoch  24/30: loss=1.8098 rec=0.0014 mono=0.0000 class=3.6167
Epoch  25/30: loss=1.8097 rec=0.0014 mono=0.0000 class=3.6167
Epoch  26/30: loss=1.8045 rec=0.0015 mono=0.0000 class=3.6061
Epoch  27/30: loss=1.8007 rec=0.0014 mono=0.0000 class=3.5987
Epoch  28/30: loss=1.8053 rec=0.0014 mono=0.0000 class=3.6078
Epoch  29/30: loss=1.8069 rec=0.0014 mono=0.0000 class=3.6109
Epoch  30/30: loss=1.8060 rec=0.0014 mono=0.0000 class=3.6091 acc=0.054 tau_e=0.500 tau_a=0.200 eta=0.623

================================================================================
STEP 4: Final Evaluation
================================================================================

Final Results (Best model from epoch 10):
  Overall accuracy: 0.054 (5.4%)
  Baseline (commit b573aa6): 0.838 (83.8%)

Per-angle accuracy:
  Angle   0°: 0.000 (  0.0%) - 3 samples
  Angle   5°: 0.000 (  0.0%) - 3 samples
  Angle  10°: 0.000 (  0.0%) - 3 samples
  Angle  15°: 0.000 (  0.0%) - 3 samples
  Angle  20°: 0.000 (  0.0%) - 3 samples
  Angle  25°: 0.000 (  0.0%) - 3 samples
  Angle  30°: 0.000 (  0.0%) - 3 samples
  Angle  35°: 0.000 (  0.0%) - 3 samples
  Angle  40°: 0.000 (  0.0%) - 3 samples
  Angle  45°: 0.000 (  0.0%) - 3 samples
  Angle  50°: 0.000 (  0.0%) - 3 samples
  Angle  55°: 0.000 (  0.0%) - 3 samples
  Angle  60°: 0.000 (  0.0%) - 3 samples
  Angle  65°: 0.000 (  0.0%) - 3 samples
  Angle  70°: 0.000 (  0.0%) - 3 samples
  Angle  75°: 0.000 (  0.0%) - 3 samples
  Angle  80°: 0.000 (  0.0%) - 3 samples
  Angle  85°: 0.000 (  0.0%) - 3 samples
  Angle  90°: 0.000 (  0.0%) - 3 samples
  Angle  95°: 0.000 (  0.0%) - 3 samples
  Angle 100°: 0.000 (  0.0%) - 3 samples
  Angle 105°: 0.000 (  0.0%) - 3 samples
  Angle 110°: 0.000 (  0.0%) - 3 samples
  Angle 115°: 0.000 (  0.0%) - 3 samples
  Angle 120°: 0.000 (  0.0%) - 3 samples
  Angle 125°: 0.000 (  0.0%) - 3 samples
  Angle 130°: 0.000 (  0.0%) - 3 samples
  Angle 135°: 0.000 (  0.0%) - 3 samples
  Angle 140°: 0.000 (  0.0%) - 3 samples
  Angle 145°: 0.000 (  0.0%) - 3 samples
  Angle 150°: 0.000 (  0.0%) - 3 samples
  Angle 155°: 0.000 (  0.0%) - 3 samples
  Angle 160°: 0.000 (  0.0%) - 3 samples
  Angle 165°: 1.000 (100.0%) - 3 samples
  Angle 170°: 0.000 (  0.0%) - 3 samples
  Angle 175°: 1.000 (100.0%) - 3 samples
  Angle 180°: 0.000 (  0.0%) - 3 samples

Problematic angles from baseline:
   15°: 0.000 (STILL PROBLEMATIC)
   35°: 0.000 (STILL PROBLEMATIC)
   50°: 0.000 (STILL PROBLEMATIC)
   70°: 0.000 (STILL PROBLEMATIC)
  105°: 0.000 (STILL PROBLEMATIC)
  120°: 0.000 (STILL PROBLEMATIC)

================================================================================
STEP 5: Visualization
================================================================================
Saved figure: results/omp_transformer_abslogits_cpu_30ep_20251025_235013/results.png

================================================================================
STEP 6: Saving Results
================================================================================
All results saved to: results/omp_transformer_abslogits_cpu_30ep_20251025_235013

================================================================================
DONE
================================================================================

/Users/sbplab/.matplotlib is not a writable directory
Matplotlib created a temporary cache directory at /var/folders/qn/5145q64554qf0r2sm6g4xt4h0000gn/T/matplotlib-mg_zvwzg because there was an issue with the default path (/Users/sbplab/.matplotlib); it is highly recommended to set the MPLCONFIGDIR environment variable to a writable directory, in particular to speed up the import of Matplotlib and to better support multiprocessing.
Matplotlib is building the font cache; this may take a moment.
/opt/anaconda3/envs/trl-training/lib/python3.11/site-packages/joblib/externals/loky/backend/context.py:131: UserWarning: Could not find the number of physical cores for the following reason:
invalid literal for int() with base 10: ''
Returning the number of logical cores instead. You can silence this warning by setting LOKY_MAX_CPU_COUNT to the number of cores you want to use.
  warnings.warn(
  File "/opt/anaconda3/envs/trl-training/lib/python3.11/site-packages/joblib/externals/loky/backend/context.py", line 249, in _count_physical_cores
    cpu_count_physical = _count_physical_cores_darwin()
                         ^^^^^^^^^^^^^^^^^^^^^^^^^^^^^^
  File "/opt/anaconda3/envs/trl-training/lib/python3.11/site-packages/joblib/externals/loky/backend/context.py", line 318, in _count_physical_cores_darwin
    return int(cpu_info)
           ^^^^^^^^^^^^^
/Users/sbplab/jiawei/pg-ltr-frame-byol-worktree/worktrees/development-workspace/scripts/omp-transformer-ldv.py:435: UserWarning: Converting a tensor with requires_grad=True to a scalar may lead to unexpected behavior.
Consider using tensor.detach() first. (Triggered internally at /Users/runner/work/pytorch/pytorch/pytorch/torch/csrc/autograd/generated/python_variable_methods.cpp:836.)
  res_curve.append(float(torch.norm(r)))

