===== RUN START Mon Oct  6 03:13:27 CST 2025 =====

Device: mps

============================================================
Applying LoRA to Reward Model
============================================================
LoRA config:
  - Rank (r): 8
  - Alpha: 16
  - Dropout: 0.1
  - Target modules: ['c_attn', 'c_proj']

Parameter counts:
  - LoRA adapters:  45,056
  - Embeddings:     521,472
  - V-head:         257
  - Total trainable: 566,785 / 4,243,969 (13.36%)
  - Reduction vs full FT: 86.64%
============================================================

Training data:
  - Samples: 24
  - Reward range: [-33600.01, -14650.47]
  - Reward mean±std: -22829.55 ± 4897.63

IS divergence (final) stats:
  - final (after K selections): {'min': 14650.470703125, 'median': 23532.228515625, 'mean': 22829.547973632812, 'p95': 28884.25947265625, 'p99': 32531.695410156248, 'max': 33600.01171875}

Numeric diagnostics (first 5 samples):
{'path': 'clip_000.npy', 'F': 346, 'N': 286, 'is_final': 22172.8, 'ratio_final_p99': 2.91}
{'path': 'clip_001.npy', 'F': 346, 'N': 286, 'is_final': 26237.96, 'ratio_final_p99': 3.46}
{'path': 'clip_002.npy', 'F': 346, 'N': 286, 'is_final': 28194.54, 'ratio_final_p99': 3.42}
{'path': 'clip_000.npy', 'F': 346, 'N': 286, 'is_final': 14945.79, 'ratio_final_p99': 2.21}
{'path': 'clip_001.npy', 'F': 346, 'N': 286, 'is_final': 24322.87, 'ratio_final_p99': 3.27}
Saved numeric diagnostics JSONL: results/rm_lora_mps_localizer_100ep/numeric_diagnostics.jsonl
Optimizer:
  - LoRA LR:       0.0001
  - Embedding LR:  0.0001
  - V-head LR:     0.001

============================================================
Training
============================================================
{'epoch': 0, 'loss': 545167488.0, 'mae': 22829.396484375, 'correlation': 0.1992884874343872}
{'epoch': 1, 'loss': 545160576.0, 'mae': 22829.212890625, 'correlation': -0.38540664315223694}
{'epoch': 2, 'loss': 545142336.0, 'mae': 22828.810546875, 'correlation': -0.41357937455177307}
{'epoch': 3, 'loss': 545127104.0, 'mae': 22828.515625, 'correlation': 0.28600063920021057}
{'epoch': 4, 'loss': 545112640.0, 'mae': 22828.1875, 'correlation': 0.07947596907615662}
{'epoch': 5, 'loss': 545100288.0, 'mae': 22827.919921875, 'correlation': 0.12262077629566193}
{'epoch': 6, 'loss': 545085632.0, 'mae': 22827.603515625, 'correlation': 0.18950128555297852}
{'epoch': 7, 'loss': 545071872.0, 'mae': 22827.291015625, 'correlation': 0.09129545092582703}
{'epoch': 8, 'loss': 545058816.0, 'mae': 22827.0, 'correlation': 0.002309755189344287}
{'epoch': 9, 'loss': 545035392.0, 'mae': 22826.474609375, 'correlation': -0.1986086368560791}
{'epoch': 10, 'loss': 545018368.0, 'mae': 22826.103515625, 'correlation': -0.15873920917510986}
{'epoch': 11, 'loss': 545003392.0, 'mae': 22825.791015625, 'correlation': 0.07232921570539474}
{'epoch': 12, 'loss': 544985664.0, 'mae': 22825.40625, 'correlation': 0.14503495395183563}
{'epoch': 13, 'loss': 544967424.0, 'mae': 22824.994140625, 'correlation': -0.09083004295825958}
{'epoch': 14, 'loss': 544947264.0, 'mae': 22824.537109375, 'correlation': -0.3602215647697449}
{'epoch': 15, 'loss': 544936896.0, 'mae': 22824.333984375, 'correlation': 0.04770500212907791}
{'epoch': 16, 'loss': 544912192.0, 'mae': 22823.8046875, 'correlation': 0.26510873436927795}
{'epoch': 17, 'loss': 544897920.0, 'mae': 22823.474609375, 'correlation': -0.06488699465990067}
{'epoch': 18, 'loss': 544877504.0, 'mae': 22823.021484375, 'correlation': -0.11170760542154312}
{'epoch': 19, 'loss': 544861888.0, 'mae': 22822.681640625, 'correlation': -0.07669372111558914}
{'epoch': 20, 'loss': 544842688.0, 'mae': 22822.25, 'correlation': -0.29372623562812805}
{'epoch': 21, 'loss': 544825728.0, 'mae': 22821.890625, 'correlation': -0.07174021750688553}
{'epoch': 22, 'loss': 544811456.0, 'mae': 22821.5703125, 'correlation': -0.1547718644142151}
{'epoch': 23, 'loss': 544790592.0, 'mae': 22821.134765625, 'correlation': 0.10196894407272339}
{'epoch': 24, 'loss': 544780288.0, 'mae': 22820.880859375, 'correlation': -0.24625590443611145}
{'epoch': 25, 'loss': 544761408.0, 'mae': 22820.462890625, 'correlation': -0.320688396692276}
{'epoch': 26, 'loss': 544745152.0, 'mae': 22820.140625, 'correlation': 0.11299333721399307}
{'epoch': 27, 'loss': 544727104.0, 'mae': 22819.763671875, 'correlation': 0.35064616799354553}
{'epoch': 28, 'loss': 544719296.0, 'mae': 22819.568359375, 'correlation': 0.06491240113973618}
{'epoch': 29, 'loss': 544699712.0, 'mae': 22819.119140625, 'correlation': -0.22302189469337463}
{'epoch': 30, 'loss': 544680000.0, 'mae': 22818.708984375, 'correlation': 0.06842585653066635}
{'epoch': 31, 'loss': 544662720.0, 'mae': 22818.291015625, 'correlation': -0.36295798420906067}
{'epoch': 32, 'loss': 544654784.0, 'mae': 22818.166015625, 'correlation': 0.17941898107528687}
{'epoch': 33, 'loss': 544641728.0, 'mae': 22817.859375, 'correlation': -0.06361687183380127}
{'epoch': 34, 'loss': 544616640.0, 'mae': 22817.306640625, 'correlation': -0.07257133722305298}
{'epoch': 35, 'loss': 544616896.0, 'mae': 22817.322265625, 'correlation': 0.016609322279691696}
{'epoch': 36, 'loss': 544588352.0, 'mae': 22816.701171875, 'correlation': 0.07425659149885178}
{'epoch': 37, 'loss': 544583488.0, 'mae': 22816.572265625, 'correlation': -0.1418367326259613}
{'epoch': 38, 'loss': 544563456.0, 'mae': 22816.146484375, 'correlation': -0.0492226742208004}
{'epoch': 39, 'loss': 544551104.0, 'mae': 22815.8828125, 'correlation': 0.08441948145627975}
{'epoch': 40, 'loss': 544534528.0, 'mae': 22815.521484375, 'correlation': 0.05145050585269928}
{'epoch': 41, 'loss': 544528896.0, 'mae': 22815.388671875, 'correlation': -0.021051621064543724}
{'epoch': 42, 'loss': 544510656.0, 'mae': 22814.9765625, 'correlation': -0.15024234354496002}
{'epoch': 43, 'loss': 544495040.0, 'mae': 22814.677734375, 'correlation': 0.3749261796474457}
{'epoch': 44, 'loss': 544494400.0, 'mae': 22814.583984375, 'correlation': -0.398988276720047}
{'epoch': 45, 'loss': 544474304.0, 'mae': 22814.1953125, 'correlation': 0.01180208195000887}
{'epoch': 46, 'loss': 544450432.0, 'mae': 22813.689453125, 'correlation': 0.1522250771522522}
{'epoch': 47, 'loss': 544433024.0, 'mae': 22813.294921875, 'correlation': 0.032462816685438156}
{'epoch': 48, 'loss': 544433216.0, 'mae': 22813.3046875, 'correlation': 0.11867355555295944}
{'epoch': 49, 'loss': 544419904.0, 'mae': 22813.0078125, 'correlation': 0.026574498042464256}
{'epoch': 50, 'loss': 544407232.0, 'mae': 22812.748046875, 'correlation': 0.2759753167629242}
{'epoch': 51, 'loss': 544388416.0, 'mae': 22812.34375, 'correlation': 0.25046131014823914}
{'epoch': 52, 'loss': 544373824.0, 'mae': 22812.0078125, 'correlation': 0.16628682613372803}
{'epoch': 53, 'loss': 544363584.0, 'mae': 22811.744140625, 'correlation': -0.2342085987329483}
{'epoch': 54, 'loss': 544351104.0, 'mae': 22811.529296875, 'correlation': 0.24216507375240326}
{'epoch': 55, 'loss': 544333888.0, 'mae': 22811.09375, 'correlation': -0.24517230689525604}
{'epoch': 56, 'loss': 544318720.0, 'mae': 22810.8203125, 'correlation': 0.38726744055747986}
{'epoch': 57, 'loss': 544311488.0, 'mae': 22810.646484375, 'correlation': 0.17176732420921326}
{'epoch': 58, 'loss': 544294528.0, 'mae': 22810.259765625, 'correlation': 0.0511091873049736}
{'epoch': 59, 'loss': 544284928.0, 'mae': 22810.076171875, 'correlation': 0.24957874417304993}
{'epoch': 60, 'loss': 544274368.0, 'mae': 22809.78125, 'correlation': -0.23757462203502655}
{'epoch': 61, 'loss': 544255296.0, 'mae': 22809.416015625, 'correlation': 0.2406863272190094}
{'epoch': 62, 'loss': 544238080.0, 'mae': 22809.017578125, 'correlation': 0.002428714418783784}
{'epoch': 63, 'loss': 544231680.0, 'mae': 22808.853515625, 'correlation': -0.17719332873821259}
{'epoch': 64, 'loss': 544218944.0, 'mae': 22808.583984375, 'correlation': -0.11263883858919144}
{'epoch': 65, 'loss': 544209280.0, 'mae': 22808.400390625, 'correlation': 0.13799072802066803}
{'epoch': 66, 'loss': 544191744.0, 'mae': 22808.017578125, 'correlation': 0.11778011173009872}
{'epoch': 67, 'loss': 544169664.0, 'mae': 22807.5, 'correlation': -0.14688830077648163}
{'epoch': 68, 'loss': 544167104.0, 'mae': 22807.462890625, 'correlation': 0.02986972965300083}
{'epoch': 69, 'loss': 544150784.0, 'mae': 22807.130859375, 'correlation': 0.1702464073896408}
{'epoch': 70, 'loss': 544138944.0, 'mae': 22806.837890625, 'correlation': -0.02272390015423298}
{'epoch': 71, 'loss': 544120768.0, 'mae': 22806.447265625, 'correlation': 0.019314996898174286}
{'epoch': 72, 'loss': 544114624.0, 'mae': 22806.265625, 'correlation': -0.33449479937553406}
{'epoch': 73, 'loss': 544097344.0, 'mae': 22805.931640625, 'correlation': 0.008264648728072643}
{'epoch': 74, 'loss': 544087488.0, 'mae': 22805.720703125, 'correlation': 0.040607817471027374}
{'epoch': 75, 'loss': 544067904.0, 'mae': 22805.3125, 'correlation': 0.20506146550178528}
{'epoch': 76, 'loss': 544063296.0, 'mae': 22805.224609375, 'correlation': 0.3201914429664612}
{'epoch': 77, 'loss': 544041792.0, 'mae': 22804.736328125, 'correlation': 0.24632254242897034}
{'epoch': 78, 'loss': 544035008.0, 'mae': 22804.568359375, 'correlation': 0.03968707099556923}
{'epoch': 79, 'loss': 544024832.0, 'mae': 22804.328125, 'correlation': -0.0689254105091095}
{'epoch': 80, 'loss': 544003776.0, 'mae': 22803.875, 'correlation': -0.025438040494918823}
{'epoch': 81, 'loss': 544008448.0, 'mae': 22803.953125, 'correlation': -0.14885012805461884}
{'epoch': 82, 'loss': 543977728.0, 'mae': 22803.349609375, 'correlation': 0.2900245785713196}
{'epoch': 83, 'loss': 543980288.0, 'mae': 22803.3515625, 'correlation': -0.10377851873636246}
{'epoch': 84, 'loss': 543946752.0, 'mae': 22802.65625, 'correlation': 0.27184584736824036}
{'epoch': 85, 'loss': 543931456.0, 'mae': 22802.326171875, 'correlation': 0.1953391283750534}
{'epoch': 86, 'loss': 543913792.0, 'mae': 22801.9765625, 'correlation': 0.430350124835968}
{'epoch': 87, 'loss': 543928128.0, 'mae': 22802.203125, 'correlation': -0.09086263179779053}
{'epoch': 88, 'loss': 543897664.0, 'mae': 22801.587890625, 'correlation': 0.258880078792572}
{'epoch': 89, 'loss': 543886208.0, 'mae': 22801.318359375, 'correlation': 0.10513904690742493}
{'epoch': 90, 'loss': 543861760.0, 'mae': 22800.822265625, 'correlation': 0.3425016403198242}
{'epoch': 91, 'loss': 543852992.0, 'mae': 22800.5625, 'correlation': -0.0760025605559349}
{'epoch': 92, 'loss': 543854720.0, 'mae': 22800.5859375, 'correlation': -0.16788031160831451}
{'epoch': 93, 'loss': 543831360.0, 'mae': 22800.1171875, 'correlation': 0.12380577623844147}
{'epoch': 94, 'loss': 543831872.0, 'mae': 22800.0703125, 'correlation': -0.2869068384170532}
{'epoch': 95, 'loss': 543808960.0, 'mae': 22799.662109375, 'correlation': 0.45790207386016846}
{'epoch': 96, 'loss': 543806656.0, 'mae': 22799.505859375, 'correlation': -0.2573474049568176}
{'epoch': 97, 'loss': 543790656.0, 'mae': 22799.197265625, 'correlation': -0.05819687992334366}
{'epoch': 98, 'loss': 543770432.0, 'mae': 22798.744140625, 'correlation': -0.13497242331504822}
{'epoch': 99, 'loss': 543767104.0, 'mae': 22798.658203125, 'correlation': -0.21642760932445526}

Training completed!
  - Best loss: 543767104.0000
  - Best correlation: 0.4579

Saved:
  - LoRA adapters: rm_lora_mps_localizer_100ep_adapters/
  - Embeddings + V-head: rm_lora_mps_localizer_100ep_heads.pt

============================================================
Embedding Quality Analysis
============================================================
Direction token embeddings:
  - Similarity range: [-0.154, 1.000]
  - Mean off-diagonal: -0.002

Interpretation:
  - Random embeddings: ~0.0
  - Learned structure: >0.3 for nearby angles
============================================================

