--- Chunk 1/24 (5 epochs towards 120) ---
================================================================================
DT-Min Trainer (hierarchical pointer)
================================================================================
Traj dir: results/dt_traj_kmeans_v3
Out dir: results/dt_min_kmeans_v3
D: F=346, E=37, M=8, P=296
[Teacher loader] Missing keys: []
[Teacher loader] Unexpected keys: []
Epoch 1/5: loss=9.5350
Epoch 2/5: loss=9.4116
Epoch 3/5: loss=9.3067
Epoch 4/5: loss=7.3731
Epoch 5/5: loss=7.3180
Final train step-acc: expert=0.095, atom=0.216
Teacher-forced step match: 0.000
Angle acc — DT-min t=0: 0.027; DT-min t=K-1: 0.027; teacher qk t=0: 0.9459459459459459; g(y): 1.000
--- Chunk 2/24 (5 epochs towards 120) ---
================================================================================
DT-Min Trainer (hierarchical pointer)
================================================================================
Traj dir: results/dt_traj_kmeans_v3
Out dir: results/dt_min_kmeans_v3
D: F=346, E=37, M=8, P=296
[Teacher loader] Missing keys: []
[Teacher loader] Unexpected keys: []
[Resume] Loaded checkpoint from results/dt_min_kmeans_v3/ckpt_latest.pth
Epoch 1/5: loss=9.1011
Epoch 2/5: loss=9.0577
Epoch 3/5: loss=9.0182
Epoch 4/5: loss=7.1261
Epoch 5/5: loss=7.1484
Final train step-acc: expert=0.086, atom=0.242
Teacher-forced step match: 0.018
Angle acc — DT-min t=0: 0.027; DT-min t=K-1: 0.027; teacher qk t=0: 0.9459459459459459; g(y): 1.000
--- Chunk 3/24 (5 epochs towards 120) ---
================================================================================
DT-Min Trainer (hierarchical pointer)
================================================================================
Traj dir: results/dt_traj_kmeans_v3
Out dir: results/dt_min_kmeans_v3
D: F=346, E=37, M=8, P=296
[Teacher loader] Missing keys: []
[Teacher loader] Unexpected keys: []
[Resume] Loaded checkpoint from results/dt_min_kmeans_v3/ckpt_latest.pth
Epoch 1/5: loss=9.0673
Epoch 2/5: loss=8.8197
Epoch 3/5: loss=8.7285
Epoch 4/5: loss=6.8545
Epoch 5/5: loss=6.7704
Final train step-acc: expert=0.147, atom=0.309
Teacher-forced step match: 0.089
Angle acc — DT-min t=0: 0.054; DT-min t=K-1: 0.054; teacher qk t=0: 0.9459459459459459; g(y): 1.000
--- Chunk 4/24 (5 epochs towards 120) ---
================================================================================
DT-Min Trainer (hierarchical pointer)
================================================================================
Traj dir: results/dt_traj_kmeans_v3
Out dir: results/dt_min_kmeans_v3
D: F=346, E=37, M=8, P=296
[Teacher loader] Missing keys: []
[Teacher loader] Unexpected keys: []
[Resume] Loaded checkpoint from results/dt_min_kmeans_v3/ckpt_latest.pth
Epoch 1/5: loss=8.3710
Epoch 2/5: loss=8.3151
Epoch 3/5: loss=8.1712
Epoch 4/5: loss=6.4082
Epoch 5/5: loss=6.3442
Final train step-acc: expert=0.197, atom=0.404
Teacher-forced step match: 0.161
Angle acc — DT-min t=0: 0.081; DT-min t=K-1: 0.081; teacher qk t=0: 0.9459459459459459; g(y): 1.000
--- Chunk 5/24 (5 epochs towards 120) ---
================================================================================
DT-Min Trainer (hierarchical pointer)
================================================================================
Traj dir: results/dt_traj_kmeans_v3
Out dir: results/dt_min_kmeans_v3
D: F=346, E=37, M=8, P=296
[Teacher loader] Missing keys: []
[Teacher loader] Unexpected keys: []
[Resume] Loaded checkpoint from results/dt_min_kmeans_v3/ckpt_latest.pth
Epoch 1/5: loss=7.8880
Epoch 2/5: loss=7.8339
Epoch 3/5: loss=7.7806
Epoch 4/5: loss=6.1352
Epoch 5/5: loss=6.0751
Final train step-acc: expert=0.224, atom=0.431
Teacher-forced step match: 0.174
Angle acc — DT-min t=0: 0.108; DT-min t=K-1: 0.081; teacher qk t=0: 0.9459459459459459; g(y): 1.000
--- Chunk 6/24 (5 epochs towards 120) ---
================================================================================
DT-Min Trainer (hierarchical pointer)
================================================================================
Traj dir: results/dt_traj_kmeans_v3
Out dir: results/dt_min_kmeans_v3
D: F=346, E=37, M=8, P=296
[Teacher loader] Missing keys: []
[Teacher loader] Unexpected keys: []
[Resume] Loaded checkpoint from results/dt_min_kmeans_v3/ckpt_latest.pth
Epoch 1/5: loss=7.5275
Epoch 2/5: loss=7.4834
Epoch 3/5: loss=7.4625
Epoch 4/5: loss=5.9154
Epoch 5/5: loss=5.8227
Final train step-acc: expert=0.201, atom=0.474
Teacher-forced step match: 0.165
Angle acc — DT-min t=0: 0.108; DT-min t=K-1: 0.054; teacher qk t=0: 0.9459459459459459; g(y): 1.000
--- Chunk 7/24 (5 epochs towards 120) ---
================================================================================
DT-Min Trainer (hierarchical pointer)
================================================================================
Traj dir: results/dt_traj_kmeans_v3
Out dir: results/dt_min_kmeans_v3
D: F=346, E=37, M=8, P=296
[Teacher loader] Missing keys: []
[Teacher loader] Unexpected keys: []
[Resume] Loaded checkpoint from results/dt_min_kmeans_v3/ckpt_latest.pth
Epoch 1/5: loss=7.2320
Epoch 2/5: loss=7.1770
Epoch 3/5: loss=7.1364
Epoch 4/5: loss=5.6249
Epoch 5/5: loss=5.5820
Final train step-acc: expert=0.215, atom=0.620
Teacher-forced step match: 0.165
Angle acc — DT-min t=0: 0.081; DT-min t=K-1: 0.054; teacher qk t=0: 0.9459459459459459; g(y): 1.000
--- Chunk 8/24 (5 epochs towards 120) ---
================================================================================
DT-Min Trainer (hierarchical pointer)
================================================================================
Traj dir: results/dt_traj_kmeans_v3
Out dir: results/dt_min_kmeans_v3
D: F=346, E=37, M=8, P=296
[Teacher loader] Missing keys: []
[Teacher loader] Unexpected keys: []
[Resume] Loaded checkpoint from results/dt_min_kmeans_v3/ckpt_latest.pth
Epoch 1/5: loss=6.9642
Epoch 2/5: loss=6.8932
Epoch 3/5: loss=6.7917
Epoch 4/5: loss=5.3638
Epoch 5/5: loss=5.2945
Final train step-acc: expert=0.255, atom=0.683
Teacher-forced step match: 0.201
Angle acc — DT-min t=0: 0.108; DT-min t=K-1: 0.081; teacher qk t=0: 0.9459459459459459; g(y): 1.000
--- Chunk 9/24 (5 epochs towards 120) ---
================================================================================
DT-Min Trainer (hierarchical pointer)
================================================================================
Traj dir: results/dt_traj_kmeans_v3
Out dir: results/dt_min_kmeans_v3
D: F=346, E=37, M=8, P=296
[Teacher loader] Missing keys: []
[Teacher loader] Unexpected keys: []
[Resume] Loaded checkpoint from results/dt_min_kmeans_v3/ckpt_latest.pth
Epoch 1/5: loss=6.5640
Epoch 2/5: loss=6.4845
Epoch 3/5: loss=6.3826
Epoch 4/5: loss=5.0111
Epoch 5/5: loss=4.9662
Final train step-acc: expert=0.314, atom=0.743
Teacher-forced step match: 0.242
Angle acc — DT-min t=0: 0.135; DT-min t=K-1: 0.108; teacher qk t=0: 0.9459459459459459; g(y): 1.000
--- Chunk 10/24 (5 epochs towards 120) ---
================================================================================
DT-Min Trainer (hierarchical pointer)
================================================================================
Traj dir: results/dt_traj_kmeans_v3
Out dir: results/dt_min_kmeans_v3
D: F=346, E=37, M=8, P=296
[Teacher loader] Missing keys: []
[Teacher loader] Unexpected keys: []
[Resume] Loaded checkpoint from results/dt_min_kmeans_v3/ckpt_latest.pth
Epoch 1/5: loss=6.1830
Epoch 2/5: loss=6.1722
Epoch 3/5: loss=6.0584
Epoch 4/5: loss=4.7819
Epoch 5/5: loss=4.7289
Final train step-acc: expert=0.387, atom=0.793
Teacher-forced step match: 0.338
Angle acc — DT-min t=0: 0.189; DT-min t=K-1: 0.216; teacher qk t=0: 0.9459459459459459; g(y): 1.000
--- Chunk 11/24 (5 epochs towards 120) ---
================================================================================
DT-Min Trainer (hierarchical pointer)
================================================================================
Traj dir: results/dt_traj_kmeans_v3
Out dir: results/dt_min_kmeans_v3
D: F=346, E=37, M=8, P=296
[Teacher loader] Missing keys: []
[Teacher loader] Unexpected keys: []
[Resume] Loaded checkpoint from results/dt_min_kmeans_v3/ckpt_latest.pth
Epoch 1/5: loss=5.7741
Epoch 2/5: loss=5.7001
Epoch 3/5: loss=5.5529
Epoch 4/5: loss=4.3788
Epoch 5/5: loss=4.3501
Final train step-acc: expert=0.399, atom=0.806
Teacher-forced step match: 0.354
Angle acc — DT-min t=0: 0.243; DT-min t=K-1: 0.216; teacher qk t=0: 0.9459459459459459; g(y): 1.000
--- Chunk 12/24 (5 epochs towards 120) ---
================================================================================
DT-Min Trainer (hierarchical pointer)
================================================================================
Traj dir: results/dt_traj_kmeans_v3
Out dir: results/dt_min_kmeans_v3
D: F=346, E=37, M=8, P=296
[Teacher loader] Missing keys: []
[Teacher loader] Unexpected keys: []
[Resume] Loaded checkpoint from results/dt_min_kmeans_v3/ckpt_latest.pth
Epoch 1/5: loss=5.3945
Epoch 2/5: loss=5.2232
Epoch 3/5: loss=5.1144
Epoch 4/5: loss=4.0639
Epoch 5/5: loss=3.9960
Final train step-acc: expert=0.500, atom=0.808
Teacher-forced step match: 0.461
Angle acc — DT-min t=0: 0.297; DT-min t=K-1: 0.243; teacher qk t=0: 0.9459459459459459; g(y): 1.000
--- Chunk 13/24 (5 epochs towards 120) ---
================================================================================
DT-Min Trainer (hierarchical pointer)
================================================================================
Traj dir: results/dt_traj_kmeans_v3
Out dir: results/dt_min_kmeans_v3
D: F=346, E=37, M=8, P=296
[Teacher loader] Missing keys: []
[Teacher loader] Unexpected keys: []
[Resume] Loaded checkpoint from results/dt_min_kmeans_v3/ckpt_latest.pth
Epoch 1/5: loss=5.1100
Epoch 2/5: loss=5.2059
Epoch 3/5: loss=5.0021
Epoch 4/5: loss=3.9283
Epoch 5/5: loss=3.8513
Final train step-acc: expert=0.545, atom=0.763
Teacher-forced step match: 0.450
Angle acc — DT-min t=0: 0.324; DT-min t=K-1: 0.297; teacher qk t=0: 0.9459459459459459; g(y): 1.000
--- Chunk 14/24 (5 epochs towards 120) ---
================================================================================
DT-Min Trainer (hierarchical pointer)
================================================================================
Traj dir: results/dt_traj_kmeans_v3
Out dir: results/dt_min_kmeans_v3
D: F=346, E=37, M=8, P=296
[Teacher loader] Missing keys: []
[Teacher loader] Unexpected keys: []
[Resume] Loaded checkpoint from results/dt_min_kmeans_v3/ckpt_latest.pth
Epoch 1/5: loss=4.7048
Epoch 2/5: loss=4.9396
Epoch 3/5: loss=4.9033
Epoch 4/5: loss=3.7675
Epoch 5/5: loss=3.9179
Final train step-acc: expert=0.491, atom=0.794
Teacher-forced step match: 0.426
Angle acc — DT-min t=0: 0.324; DT-min t=K-1: 0.270; teacher qk t=0: 0.9459459459459459; g(y): 1.000
--- Chunk 15/24 (5 epochs towards 120) ---
================================================================================
DT-Min Trainer (hierarchical pointer)
================================================================================
Traj dir: results/dt_traj_kmeans_v3
Out dir: results/dt_min_kmeans_v3
D: F=346, E=37, M=8, P=296
[Teacher loader] Missing keys: []
[Teacher loader] Unexpected keys: []
[Resume] Loaded checkpoint from results/dt_min_kmeans_v3/ckpt_latest.pth
Epoch 1/5: loss=4.7446
Epoch 2/5: loss=4.5700
Epoch 3/5: loss=4.4808
Epoch 4/5: loss=3.5621
Epoch 5/5: loss=3.5928
Final train step-acc: expert=0.595, atom=0.844
Teacher-forced step match: 0.554
Angle acc — DT-min t=0: 0.351; DT-min t=K-1: 0.351; teacher qk t=0: 0.9459459459459459; g(y): 1.000
--- Chunk 16/24 (5 epochs towards 120) ---
================================================================================
DT-Min Trainer (hierarchical pointer)
================================================================================
Traj dir: results/dt_traj_kmeans_v3
Out dir: results/dt_min_kmeans_v3
D: F=346, E=37, M=8, P=296
[Teacher loader] Missing keys: []
[Teacher loader] Unexpected keys: []
[Resume] Loaded checkpoint from results/dt_min_kmeans_v3/ckpt_latest.pth
Epoch 1/5: loss=4.3933
Epoch 2/5: loss=4.2628
Epoch 3/5: loss=4.1810
Epoch 4/5: loss=3.3115
Epoch 5/5: loss=3.2518
Final train step-acc: expert=0.611, atom=0.895
Teacher-forced step match: 0.578
Angle acc — DT-min t=0: 0.369; DT-min t=K-1: 0.351; teacher qk t=0: 0.9459459459459459; g(y): 1.000
--- Chunk 17/24 (5 epochs towards 120) ---
================================================================================
DT-Min Trainer (hierarchical pointer)
================================================================================
Traj dir: results/dt_traj_kmeans_v3
Out dir: results/dt_min_kmeans_v3
D: F=346, E=37, M=8, P=296
[Teacher loader] Missing keys: []
[Teacher loader] Unexpected keys: []
[Resume] Loaded checkpoint from results/dt_min_kmeans_v3/ckpt_latest.pth
Epoch 1/5: loss=4.1085
Epoch 2/5: loss=4.0246
Epoch 3/5: loss=3.9617
Epoch 4/5: loss=3.1824
Epoch 5/5: loss=3.1114
Final train step-acc: expert=0.592, atom=0.889
Teacher-forced step match: 0.554
Angle acc — DT-min t=0: 0.405; DT-min t=K-1: 0.324; teacher qk t=0: 0.9459459459459459; g(y): 1.000
--- Chunk 18/24 (5 epochs towards 120) ---
================================================================================
DT-Min Trainer (hierarchical pointer)
================================================================================
Traj dir: results/dt_traj_kmeans_v3
Out dir: results/dt_min_kmeans_v3
D: F=346, E=37, M=8, P=296
[Teacher loader] Missing keys: []
[Teacher loader] Unexpected keys: []
[Resume] Loaded checkpoint from results/dt_min_kmeans_v3/ckpt_latest.pth
Epoch 1/5: loss=3.8684
Epoch 2/5: loss=3.8173
Epoch 3/5: loss=3.7249
Epoch 4/5: loss=2.9978
Epoch 5/5: loss=2.9318
Final train step-acc: expert=0.658, atom=0.922
Teacher-forced step match: 0.635
Angle acc — DT-min t=0: 0.486; DT-min t=K-1: 0.378; teacher qk t=0: 0.9459459459459459; g(y): 1.000
--- Chunk 19/24 (5 epochs towards 120) ---
================================================================================
DT-Min Trainer (hierarchical pointer)
================================================================================
Traj dir: results/dt_traj_kmeans_v3
Out dir: results/dt_min_kmeans_v3
D: F=346, E=37, M=8, P=296
[Teacher loader] Missing keys: []
[Teacher loader] Unexpected keys: []
[Resume] Loaded checkpoint from results/dt_min_kmeans_v3/ckpt_latest.pth
Epoch 1/5: loss=3.6512
Epoch 2/5: loss=3.6011
Epoch 3/5: loss=3.5396
Epoch 4/5: loss=2.8357
Epoch 5/5: loss=2.7922
Final train step-acc: expert=0.677, atom=0.914
Teacher-forced step match: 0.647
Angle acc — DT-min t=0: 0.514; DT-min t=K-1: 0.405; teacher qk t=0: 0.9459459459459459; g(y): 1.000
--- Chunk 20/24 (5 epochs towards 120) ---
================================================================================
DT-Min Trainer (hierarchical pointer)
================================================================================
Traj dir: results/dt_traj_kmeans_v3
Out dir: results/dt_min_kmeans_v3
D: F=346, E=37, M=8, P=296
[Teacher loader] Missing keys: []
[Teacher loader] Unexpected keys: []
[Resume] Loaded checkpoint from results/dt_min_kmeans_v3/ckpt_latest.pth
Epoch 1/5: loss=3.4477
Epoch 2/5: loss=3.3930
Epoch 3/5: loss=3.3411
Epoch 4/5: loss=2.8311
Epoch 5/5: loss=2.7619
Final train step-acc: expert=0.664, atom=0.898
Teacher-forced step match: 0.632
Angle acc — DT-min t=0: 0.514; DT-min t=K-1: 0.378; teacher qk t=0: 0.9459459459459459; g(y): 1.000
--- Chunk 21/24 (5 epochs towards 120) ---
================================================================================
DT-Min Trainer (hierarchical pointer)
================================================================================
Traj dir: results/dt_traj_kmeans_v3
Out dir: results/dt_min_kmeans_v3
D: F=346, E=37, M=8, P=296
[Teacher loader] Missing keys: []
[Teacher loader] Unexpected keys: []
[Resume] Loaded checkpoint from results/dt_min_kmeans_v3/ckpt_latest.pth
Epoch 1/5: loss=3.3956
Epoch 2/5: loss=3.2871
Epoch 3/5: loss=3.1876
Epoch 4/5: loss=2.5854
Epoch 5/5: loss=2.5425
Final train step-acc: expert=0.716, atom=0.946
Teacher-forced step match: 0.706
Angle acc — DT-min t=0: 0.541; DT-min t=K-1: 0.405; teacher qk t=0: 0.9459459459459459; g(y): 1.000
--- Chunk 22/24 (5 epochs towards 120) ---
================================================================================
DT-Min Trainer (hierarchical pointer)
================================================================================
Traj dir: results/dt_traj_kmeans_v3
Out dir: results/dt_min_kmeans_v3
D: F=346, E=37, M=8, P=296
[Teacher loader] Missing keys: []
[Teacher loader] Unexpected keys: []
[Resume] Loaded checkpoint from results/dt_min_kmeans_v3/ckpt_latest.pth
Epoch 1/5: loss=3.2012
Epoch 2/5: loss=5.2122
Epoch 3/5: loss=4.0953
Epoch 4/5: loss=2.9338
Epoch 5/5: loss=2.8297
Final train step-acc: expert=0.628, atom=0.887
Teacher-forced step match: 0.611
Angle acc — DT-min t=0: 0.459; DT-min t=K-1: 0.351; teacher qk t=0: 0.9459459459459459; g(y): 1.000
--- Chunk 23/24 (5 epochs towards 120) ---
================================================================================
DT-Min Trainer (hierarchical pointer)
================================================================================
Traj dir: results/dt_traj_kmeans_v3
Out dir: results/dt_min_kmeans_v3
D: F=346, E=37, M=8, P=296
[Teacher loader] Missing keys: []
[Teacher loader] Unexpected keys: []
[Resume] Loaded checkpoint from results/dt_min_kmeans_v3/ckpt_latest.pth
Epoch 1/5: loss=3.6975
Epoch 2/5: loss=3.4883
Epoch 3/5: loss=3.2822
Epoch 4/5: loss=2.5101
Epoch 5/5: loss=2.4541
Final train step-acc: expert=0.709, atom=0.947
Teacher-forced step match: 0.701
Angle acc — DT-min t=0: 0.514; DT-min t=K-1: 0.405; teacher qk t=0: 0.9459459459459459; g(y): 1.000
--- Chunk 24/24 (5 epochs towards 120) ---
================================================================================
DT-Min Trainer (hierarchical pointer)
================================================================================
Traj dir: results/dt_traj_kmeans_v3
Out dir: results/dt_min_kmeans_v3
D: F=346, E=37, M=8, P=296
[Teacher loader] Missing keys: []
[Teacher loader] Unexpected keys: []
[Resume] Loaded checkpoint from results/dt_min_kmeans_v3/ckpt_latest.pth
Epoch 1/5: loss=3.3312
Epoch 2/5: loss=3.3281
Epoch 3/5: loss=3.1726
Epoch 4/5: loss=2.4402
Epoch 5/5: loss=2.3827
Final train step-acc: expert=0.731, atom=0.949
Teacher-forced step match: 0.724
Angle acc — DT-min t=0: 0.541; DT-min t=K-1: 0.405; teacher qk t=0: 0.9459459459459459; g(y): 1.000
