[WAV Export] /Users/sbplab/LDV-data-processed/speech260_original_data_no_edge
Using writer backend: soundfile
Root: /Users/sbplab/LDV-data-processed/speech260_original_data_no_edge
Sample rate: 48000
Amplitude mode: auto
Done. Converted=0, skipped=260, errors=0

[WAV Export] /Users/sbplab/LDV-data-processed/speech260_box_data_no_edge
Using writer backend: soundfile
Root: /Users/sbplab/LDV-data-processed/speech260_box_data_no_edge
Sample rate: 48000
Amplitude mode: auto
Done. Converted=0, skipped=9620, errors=0

[WAV Export] /Users/sbplab/LDV-data-processed/speech260_irregularbox_data_no_edge
Using writer backend: soundfile
Root: /Users/sbplab/LDV-data-processed/speech260_irregularbox_data_no_edge
Sample rate: 48000
Amplitude mode: auto
Done. Converted=0, skipped=9620, errors=0

[WAV Export] /Users/sbplab/LDV-data-processed/speech260_original_data_no_edge_sync_vad
Using writer backend: soundfile
Root: /Users/sbplab/LDV-data-processed/speech260_original_data_no_edge_sync_vad
Sample rate: 48000
Amplitude mode: auto
Converted 200 files...
Converted 400 files...
Converted 600 files...
Converted 800 files...
Converted 1000 files...
Converted 1200 files...
Converted 1400 files...
Converted 1600 files...
Converted 1800 files...
Converted 2000 files...
Converted 2200 files...
Converted 2400 files...
Converted 2600 files...
Converted 2800 files...
Converted 3000 files...
Converted 3200 files...
Converted 3400 files...
Converted 3600 files...
Converted 3800 files...
Converted 4000 files...
Converted 4200 files...
Converted 4400 files...
Converted 4600 files...
Converted 4800 files...
Converted 5000 files...
Converted 5200 files...
Converted 5400 files...
Converted 5600 files...
Converted 5800 files...
Converted 6000 files...
Converted 6200 files...
Converted 6400 files...
Converted 6600 files...
Converted 6800 files...
Converted 7000 files...
Converted 7200 files...
Converted 7400 files...
Converted 7600 files...
Converted 7800 files...
Converted 8000 files...
Converted 8200 files...
Converted 8400 files...
Converted 8600 files...
Converted 8800 files...
Converted 9000 files...
Converted 9200 files...
Converted 9400 files...
Converted 9600 files...
Done. Converted=9620, skipped=0, errors=0

[WAV Export] /Users/sbplab/LDV-data-processed/speech260_box_data_no_edge_sync_vad
Using writer backend: soundfile
Root: /Users/sbplab/LDV-data-processed/speech260_box_data_no_edge_sync_vad
Sample rate: 48000
Amplitude mode: auto
Converted 200 files...
Converted 400 files...
Converted 600 files...
Converted 800 files...
Converted 1000 files...
Converted 1200 files...
Converted 1400 files...
Converted 1600 files...
Converted 1800 files...
Converted 2000 files...
Converted 2200 files...
Converted 2400 files...
Converted 2600 files...
Converted 2800 files...
Converted 3000 files...
Converted 3200 files...
Converted 3400 files...
Converted 3600 files...
Converted 3800 files...
Converted 4000 files...
Converted 4200 files...
Converted 4400 files...
Converted 4600 files...
Converted 4800 files...
Converted 5000 files...
Converted 5200 files...
Converted 5400 files...
Converted 5600 files...
Converted 5800 files...
Converted 6000 files...
Converted 6200 files...
Converted 6400 files...
Converted 6600 files...
Converted 6800 files...
Converted 7000 files...
Converted 7200 files...
Converted 7400 files...
Converted 7600 files...
Converted 7800 files...
Converted 8000 files...
Converted 8200 files...
Converted 8400 files...
Converted 8600 files...
Converted 8800 files...
Converted 9000 files...
Converted 9200 files...
Converted 9400 files...
Converted 9600 files...
Done. Converted=9620, skipped=0, errors=0

[WAV Export] /Users/sbplab/LDV-data-processed/speech260_irregularbox_data_no_edge_sync_vad
Using writer backend: soundfile
Root: /Users/sbplab/LDV-data-processed/speech260_irregularbox_data_no_edge_sync_vad
Sample rate: 48000
Amplitude mode: auto
Converted 200 files...
Converted 400 files...
Converted 600 files...
Converted 800 files...
Converted 1000 files...
Converted 1200 files...
Converted 1400 files...
Converted 1600 files...
Converted 1800 files...
Converted 2000 files...
Converted 2200 files...
Converted 2400 files...
Converted 2600 files...
Converted 2800 files...
Converted 3000 files...
Converted 3200 files...
Converted 3400 files...
Converted 3600 files...
Converted 3800 files...
Converted 4000 files...
Converted 4200 files...
Converted 4400 files...
Converted 4600 files...
Converted 4800 files...
Converted 5000 files...
Converted 5200 files...
Converted 5400 files...
Converted 5600 files...
Converted 5800 files...
Converted 6000 files...
Converted 6200 files...
Converted 6400 files...
Converted 6600 files...
Converted 6800 files...
Converted 7000 files...
Converted 7200 files...
Converted 7400 files...
Converted 7600 files...
Converted 7800 files...
Converted 8000 files...
Converted 8200 files...
Converted 8400 files...
Converted 8600 files...
Converted 8800 files...
Converted 9000 files...
Converted 9200 files...
Converted 9400 files...
Converted 9600 files...
Done. Converted=9620, skipped=0, errors=0

[WAV Export] /Users/sbplab/LDV-data-processed/speech260_original_data_no_edge_sync_vad_normalized
Using writer backend: soundfile
Root: /Users/sbplab/LDV-data-processed/speech260_original_data_no_edge_sync_vad_normalized
Sample rate: 48000
Amplitude mode: auto
Converted 200 files...
Converted 400 files...
Converted 600 files...
Converted 800 files...
Converted 1000 files...
Converted 1200 files...
Converted 1400 files...
Converted 1600 files...
Converted 1800 files...
Converted 2000 files...
Converted 2200 files...
Converted 2400 files...
Converted 2600 files...
Converted 2800 files...
Converted 3000 files...
Converted 3200 files...
Converted 3400 files...
Converted 3600 files...
Converted 3800 files...
Converted 4000 files...
Converted 4200 files...
Converted 4400 files...
Converted 4600 files...
Converted 4800 files...
Converted 5000 files...
Converted 5200 files...
Converted 5400 files...
Converted 5600 files...
Converted 5800 files...
Converted 6000 files...
Converted 6200 files...
Converted 6400 files...
Converted 6600 files...
Converted 6800 files...
Converted 7000 files...
Converted 7200 files...
Converted 7400 files...
Converted 7600 files...
Converted 7800 files...
Converted 8000 files...
Converted 8200 files...
Converted 8400 files...
Converted 8600 files...
Converted 8800 files...
Converted 9000 files...
Converted 9200 files...
Converted 9400 files...
Converted 9600 files...
Done. Converted=9620, skipped=0, errors=0

[WAV Export] /Users/sbplab/LDV-data-processed/speech260_box_data_no_edge_sync_vad_normalized
Using writer backend: soundfile
Root: /Users/sbplab/LDV-data-processed/speech260_box_data_no_edge_sync_vad_normalized
Sample rate: 48000
Amplitude mode: auto
Converted 200 files...
Converted 400 files...
Converted 600 files...
Converted 800 files...
Converted 1000 files...
Converted 1200 files...
Converted 1400 files...
Converted 1600 files...
Converted 1800 files...
Converted 2000 files...
Converted 2200 files...
Converted 2400 files...
Converted 2600 files...
Converted 2800 files...
Converted 3000 files...
Converted 3200 files...
Converted 3400 files...
Converted 3600 files...
Converted 3800 files...
Converted 4000 files...
Converted 4200 files...
Converted 4400 files...
Converted 4600 files...
Converted 4800 files...
Converted 5000 files...
Converted 5200 files...
Converted 5400 files...
Converted 5600 files...
Converted 5800 files...
Converted 6000 files...
Converted 6200 files...
Converted 6400 files...
Converted 6600 files...
Converted 6800 files...
Converted 7000 files...
Converted 7200 files...
Converted 7400 files...
Converted 7600 files...
Converted 7800 files...
Converted 8000 files...
Converted 8200 files...
Converted 8400 files...
Converted 8600 files...
Converted 8800 files...
Converted 9000 files...
Converted 9200 files...
Converted 9400 files...
Converted 9600 files...
Done. Converted=9620, skipped=0, errors=0

[WAV Export] /Users/sbplab/LDV-data-processed/speech260_irregularbox_data_no_edge_sync_vad_normalized
Using writer backend: soundfile
Root: /Users/sbplab/LDV-data-processed/speech260_irregularbox_data_no_edge_sync_vad_normalized
Sample rate: 48000
Amplitude mode: auto
Converted 200 files...
Converted 400 files...
Converted 600 files...
Converted 800 files...
Converted 1000 files...
Converted 1200 files...
Converted 1400 files...
Converted 1600 files...
Converted 1800 files...
Converted 2000 files...
Converted 2200 files...
Converted 2400 files...
Converted 2600 files...
Converted 2800 files...
Converted 3000 files...
Converted 3200 files...
Converted 3400 files...
Converted 3600 files...
Converted 3800 files...
Converted 4000 files...
Converted 4200 files...
Converted 4400 files...
Converted 4600 files...
Converted 4800 files...
Converted 5000 files...
Converted 5200 files...
Converted 5400 files...
Converted 5600 files...
Converted 5800 files...
Converted 6000 files...
Converted 6200 files...
Converted 6400 files...
Converted 6600 files...
Converted 6800 files...
Converted 7000 files...
Converted 7200 files...
Converted 7400 files...
Converted 7600 files...
Converted 7800 files...
Converted 8000 files...
Converted 8200 files...
Converted 8400 files...
Converted 8600 files...
Converted 8800 files...
Converted 9000 files...
Converted 9200 files...
Converted 9400 files...
Converted 9600 files...
Done. Converted=9620, skipped=0, errors=0

