Output directory: results/greedy_doadataset_20251025_215642
Device: cpu

Loading H from: /Users/sbplab/LDV-data-processed/h_matrix_box_ldv_correct.pth
  H shape: torch.Size([346, 37])
Loading W from: doa_normalized_config_c_corrected/models/usm.pth
  W shape: torch.Size([346, 50])

Dimensions: F=346, E=37, M=50, P=1850

Building dictionary...
  D shape: torch.Size([346, 1850])
  Mutual coherence: μ_max=0.9977, μ_mean=0.2978

Creating DoADataset from: /Users/sbplab/LDV-data-processed/white_noise_box_data_no_edge_sync_vad_normalized
  Dataset size: 111 samples

Creating TrainableRoutedSoftOMP...
  Model parameters: 478867

============================================================
Evaluating with greedy selection (train_mode=False)...
============================================================
  Processed 20/111 samples, acc=85.0%
  Processed 40/111 samples, acc=77.5%
  Processed 60/111 samples, acc=80.0%
  Processed 80/111 samples, acc=77.5%
  Processed 100/111 samples, acc=82.0%

============================================================
Evaluation Results:
============================================================
Overall Accuracy: 83.8% (93/111)
Expected (b573aa6): 83.8%

Problematic angles (<50% acc): [15, 35, 50, 70, 105, 120]
Perfect angles (100% acc): [0, 5, 10, 20, 25, 30, 40, 45, 55, 60, 65, 75, 80, 85, 90, 95, 100, 110, 115, 125, 130, 135, 140, 145, 150, 155, 160, 165, 170, 175, 180]

Results saved to: results/greedy_doadataset_20251025_215642/results.json
============================================================
SUCCESS: Greedy evaluation complete!
✅ Accuracy matches b573aa6 baseline (~83.8%)
============================================================

