
Device: mps

============================================================
Applying LoRA to Reward Model
============================================================
LoRA config:
  - Rank (r): 8
  - Alpha: 16
  - Dropout: 0.1
  - Target modules: ['c_attn', 'c_proj']
W1021 01:02:16.086000 63261 site-packages/torch/distributed/elastic/multiprocessing/redirects.py:29] NOTE: Redirects are currently not supported in Windows or MacOs.
/opt/anaconda3/lib/python3.12/site-packages/peft/tuners/lora/layer.py:1768: UserWarning: fan_in_fan_out is set to False but the target module is `Conv1D`. Setting fan_in_fan_out to True.
  warnings.warn(

Parameter counts:
  - LoRA adapters:  45,056
  - Embeddings:     521,472
  - V-head:         257
  - Total trainable: 566,785 / 4,243,969 (13.36%)
  - Reduction vs full FT: 86.64%
============================================================

Training data:
  - Samples: 32
  - Directions/sample (avg): 17.0
  - Points total: 0 (~0.0/sample)
Saved numeric diagnostics JSONL: results/rm_omp_listwise_tau020_perbin_e5_n32/numeric_diagnostics.jsonl
{'teacher_softmax_summary': {'samples': 32, 'teacher_p_max_p50': 0.14672703067683246, 'teacher_p_max_p90': 0.1536000794361364, 'teacher_p_max_p95': 0.159812821723558, 'teacher_entropy_p50': 2.7589665330641875, 'teacher_entropy_p90': 2.77032044881795, 'teacher_entropy_p95': 2.7722612728891307, 'teacher_margin_logit_p50': 0.6109119793241646, 'teacher_margin_logit_p90': 0.7226319223467002, 'teacher_margin_logit_p95': 0.7745760145688361, 'deltais_range_over_tau_p50': 135621.7788063513, 'deltais_range_over_tau_p90': 168729.01241625933, 'deltais_range_over_tau_p95': 191657.33554128866, 'sat_frac_pmax_gt_0.9': 0.0}}
Optimizer:
  - LoRA LR:       0.0001
  - Embedding LR:  0.0001
  - V-head LR:     0.001

============================================================
Training
============================================================
{'epoch': 0, 'listwise_ce': 2.8336280211806297, 'samples': 32}
{'epoch': 0, 'q_softmax_summary': {'samples': 32, 'q_max_p50': 0.0601140595972538, 'q_max_p90': 0.060614196211099626, 'q_max_p95': 0.060838681645691395, 'q_entropy_p50': 2.833148717880249, 'q_entropy_p90': 2.8331817388534546, 'q_entropy_p95': 2.8331847906112673, 'q_margin_logit_p50': 0.003924647346138954, 'q_margin_logit_p90': 0.011290354281663898, 'q_margin_logit_p95': 0.014781559817492962}}
{'epoch': 0, 'eval_top1_acc': 0.0625, 'eval_recall_at_K': 0.21875, 'eval_samples': 32, 'K': 3}
{'epoch': 0, 'eval_manifest': 'results/rm_omp_listwise_tau020_perbin_e5_n32/eval_subset_manifest.json', 'eval_records': 32}
{'epoch': 1, 'listwise_ce': 2.83265271037817, 'samples': 32}
{'epoch': 1, 'q_softmax_summary': {'samples': 32, 'q_max_p50': 0.06036177836358547, 'q_max_p90': 0.06087612025439739, 'q_max_p95': 0.06091344952583313, 'q_entropy_p50': 2.833134651184082, 'q_entropy_p90': 2.8331634044647216, 'q_entropy_p95': 2.8331727623939513, 'q_margin_logit_p50': 0.005944812670350075, 'q_margin_logit_p90': 0.014542860724031931, 'q_margin_logit_p95': 0.019682384282350536}}
{'epoch': 1, 'eval_top1_acc': 0.0625, 'eval_recall_at_K': 0.1875, 'eval_samples': 32, 'K': 3}
{'epoch': 1, 'eval_manifest': 'results/rm_omp_listwise_tau020_perbin_e5_n32/eval_subset_manifest.json', 'eval_records': 32}
{'epoch': 2, 'listwise_ce': 2.8319613337516785, 'samples': 32}
{'epoch': 2, 'q_softmax_summary': {'samples': 32, 'q_max_p50': 0.060942135751247406, 'q_max_p90': 0.061937115341424945, 'q_max_p95': 0.06221288964152336, 'q_entropy_p50': 2.833006739616394, 'q_entropy_p90': 2.8330681324005127, 'q_entropy_p95': 2.833108735084534, 'q_margin_logit_p50': 0.003689838107675314, 'q_margin_logit_p90': 0.019107675179839138, 'q_margin_logit_p95': 0.020523575879633427}}
{'epoch': 2, 'eval_top1_acc': 0.09375, 'eval_recall_at_K': 0.21875, 'eval_samples': 32, 'K': 3}
{'epoch': 2, 'eval_manifest': 'results/rm_omp_listwise_tau020_perbin_e5_n32/eval_subset_manifest.json', 'eval_records': 32}
{'epoch': 3, 'listwise_ce': 2.829740270972252, 'samples': 32}
{'epoch': 3, 'q_softmax_summary': {'samples': 32, 'q_max_p50': 0.06321526318788528, 'q_max_p90': 0.06643524914979934, 'q_max_p95': 0.06699172407388687, 'q_entropy_p50': 2.832443594932556, 'q_entropy_p90': 2.832827019691467, 'q_entropy_p95': 2.832848107814789, 'q_margin_logit_p50': 0.01290990598499775, 'q_margin_logit_p90': 0.04613746628165247, 'q_margin_logit_p95': 0.0517109677195549}}
{'epoch': 3, 'eval_top1_acc': 0.09375, 'eval_recall_at_K': 0.25, 'eval_samples': 32, 'K': 3}
{'epoch': 3, 'eval_manifest': 'results/rm_omp_listwise_tau020_perbin_e5_n32/eval_subset_manifest.json', 'eval_records': 32}
{'epoch': 4, 'listwise_ce': 2.827272206544876, 'samples': 32}
{'epoch': 4, 'q_softmax_summary': {'samples': 32, 'q_max_p50': 0.06896326318383217, 'q_max_p90': 0.07619050815701485, 'q_max_p95': 0.07751788757741451, 'q_entropy_p50': 2.829168200492859, 'q_entropy_p90': 2.8305294036865236, 'q_entropy_p95': 2.8307881355285645, 'q_margin_logit_p50': 0.0427427738904953, 'q_margin_logit_p90': 0.07839447855949404, 'q_margin_logit_p95': 0.09691522717475891}}
{'epoch': 4, 'eval_top1_acc': 0.0625, 'eval_recall_at_K': 0.1875, 'eval_samples': 32, 'K': 3}
{'epoch': 4, 'eval_manifest': 'results/rm_omp_listwise_tau020_perbin_e5_n32/eval_subset_manifest.json', 'eval_records': 32}

Training completed!
/opt/anaconda3/lib/python3.12/site-packages/peft/utils/save_and_load.py:236: UserWarning: Could not find a config file in  - will assume that the vocabulary was not modified.
  warnings.warn(

Saved:
  - LoRA adapters: rm_omp_listwise_tau020_perbin_e5_n32_adapters/
  - Embeddings + V-head: rm_omp_listwise_tau020_perbin_e5_n32_heads.pt

============================================================
Embedding Quality Analysis
============================================================
Direction token embeddings:
  - Similarity range: [-0.277, 1.000]
  - Mean off-diagonal: 0.003

Interpretation:
  - Random embeddings: ~0.0
  - Learned structure: >0.3 for nearby angles
============================================================
