2025-11-24 23:05:31,889 INFO ================================================================================
2025-11-24 23:05:31,889 INFO DTMin Training Configuration
2025-11-24 23:05:31,889 INFO ================================================================================
2025-11-24 23:05:31,889 INFO Dataset loaded: N=285 K=5 d_model=128 shards=['full', 'low', 'mid', 'high', 'weak_0_50', 'weak_140_170', 'strong_edges']
2025-11-24 23:05:31,889 INFO Coverage: angles=37, missing=[]
2025-11-24 23:05:31,889 INFO Training mode: BC
2025-11-24 23:05:31,889 INFO Supervision: label_mode='teacher' (TRUE DTMin - trajectory imitation)
2025-11-24 23:05:31,889 INFO Atom loss: DISABLED (WARNING: Breaks hierarchical learning!)
2025-11-24 23:05:31,889 INFO ================================================================================
2025-11-24 23:05:32,704 INFO Epoch 1/120 | train_loss=3.3917 | val_loss=3.1060 | voted=0.000 | expert=0.188 | atom=0.033 | joint=0.000
2025-11-24 23:05:32,805 INFO Epoch 2/120 | train_loss=3.1155 | val_loss=3.0294 | voted=0.016 | expert=0.215 | atom=0.033 | joint=0.000
2025-11-24 23:05:32,904 INFO Epoch 3/120 | train_loss=3.0550 | val_loss=2.9547 | voted=0.056 | expert=0.218 | atom=0.033 | joint=0.004
2025-11-24 23:05:33,002 INFO Epoch 4/120 | train_loss=2.9241 | val_loss=2.9043 | voted=0.000 | expert=0.217 | atom=0.048 | joint=0.000
2025-11-24 23:05:33,100 INFO Epoch 5/120 | train_loss=2.8902 | val_loss=2.8540 | voted=0.020 | expert=0.236 | atom=0.040 | joint=0.004
2025-11-24 23:05:33,199 INFO Epoch 6/120 | train_loss=2.8330 | val_loss=2.7931 | voted=0.036 | expert=0.248 | atom=0.044 | joint=0.012
2025-11-24 23:05:33,297 INFO Epoch 7/120 | train_loss=2.7444 | val_loss=2.7428 | voted=0.020 | expert=0.265 | atom=0.037 | joint=0.008
2025-11-24 23:05:33,396 INFO Epoch 8/120 | train_loss=2.6659 | val_loss=2.7043 | voted=0.071 | expert=0.285 | atom=0.033 | joint=0.008
2025-11-24 23:05:33,494 INFO Epoch 9/120 | train_loss=2.5152 | val_loss=2.6235 | voted=0.071 | expert=0.305 | atom=0.049 | joint=0.012
2025-11-24 23:05:33,592 INFO Epoch 10/120 | train_loss=2.4979 | val_loss=2.5502 | voted=0.056 | expert=0.322 | atom=0.037 | joint=0.012
2025-11-24 23:05:33,690 INFO Epoch 11/120 | train_loss=2.3754 | val_loss=2.4742 | voted=0.076 | expert=0.343 | atom=0.034 | joint=0.016
2025-11-24 23:05:33,787 INFO Epoch 12/120 | train_loss=2.3089 | val_loss=2.4223 | voted=0.056 | expert=0.339 | atom=0.041 | joint=0.012
2025-11-24 23:05:33,884 INFO Epoch 13/120 | train_loss=2.1930 | val_loss=2.3330 | voted=0.096 | expert=0.353 | atom=0.041 | joint=0.012
2025-11-24 23:05:33,981 INFO Epoch 14/120 | train_loss=2.1082 | val_loss=2.2558 | voted=0.111 | expert=0.366 | atom=0.041 | joint=0.012
2025-11-24 23:05:34,079 INFO Epoch 15/120 | train_loss=2.0399 | val_loss=2.1949 | voted=0.111 | expert=0.388 | atom=0.037 | joint=0.016
2025-11-24 23:05:34,177 INFO Epoch 16/120 | train_loss=1.9663 | val_loss=2.1023 | voted=0.111 | expert=0.419 | atom=0.037 | joint=0.016
2025-11-24 23:05:34,275 INFO Epoch 17/120 | train_loss=1.8534 | val_loss=2.0239 | voted=0.127 | expert=0.411 | atom=0.033 | joint=0.012
2025-11-24 23:05:34,373 INFO Epoch 18/120 | train_loss=1.7280 | val_loss=1.9772 | voted=0.111 | expert=0.456 | atom=0.026 | joint=0.022
2025-11-24 23:05:34,471 INFO Epoch 19/120 | train_loss=1.7093 | val_loss=1.8884 | voted=0.142 | expert=0.469 | atom=0.026 | joint=0.015
2025-11-24 23:05:34,569 INFO Epoch 20/120 | train_loss=1.5774 | val_loss=1.8232 | voted=0.163 | expert=0.515 | atom=0.027 | joint=0.016
2025-11-24 23:05:34,666 INFO Epoch 21/120 | train_loss=1.5450 | val_loss=1.7529 | voted=0.147 | expert=0.498 | atom=0.033 | joint=0.019
2025-11-24 23:05:34,764 INFO Epoch 22/120 | train_loss=1.4513 | val_loss=1.6566 | voted=0.163 | expert=0.554 | atom=0.033 | joint=0.022
2025-11-24 23:05:34,861 INFO Epoch 23/120 | train_loss=1.3426 | val_loss=1.6134 | voted=0.218 | expert=0.569 | atom=0.029 | joint=0.022
2025-11-24 23:05:34,959 INFO Epoch 24/120 | train_loss=1.3021 | val_loss=1.5412 | voted=0.182 | expert=0.613 | atom=0.036 | joint=0.025
2025-11-24 23:05:35,057 INFO Epoch 25/120 | train_loss=1.2430 | val_loss=1.4817 | voted=0.187 | expert=0.600 | atom=0.029 | joint=0.019
2025-11-24 23:05:35,155 INFO Epoch 26/120 | train_loss=1.1469 | val_loss=1.4134 | voted=0.147 | expert=0.636 | atom=0.029 | joint=0.018
2025-11-24 23:05:35,253 INFO Epoch 27/120 | train_loss=1.1145 | val_loss=1.3893 | voted=0.187 | expert=0.615 | atom=0.033 | joint=0.025
2025-11-24 23:05:35,351 INFO Epoch 28/120 | train_loss=1.0189 | val_loss=1.2891 | voted=0.167 | expert=0.651 | atom=0.040 | joint=0.029
2025-11-24 23:05:35,449 INFO Epoch 29/120 | train_loss=0.9359 | val_loss=1.2651 | voted=0.187 | expert=0.641 | atom=0.018 | joint=0.018
2025-11-24 23:05:35,546 INFO Epoch 30/120 | train_loss=0.9458 | val_loss=1.1843 | voted=0.167 | expert=0.696 | atom=0.017 | joint=0.017
2025-11-24 23:05:35,645 INFO Epoch 31/120 | train_loss=0.8671 | val_loss=1.1717 | voted=0.182 | expert=0.689 | atom=0.017 | joint=0.017
2025-11-24 23:05:35,741 INFO Epoch 32/120 | train_loss=0.8014 | val_loss=1.1085 | voted=0.187 | expert=0.719 | atom=0.021 | joint=0.014
2025-11-24 23:05:35,837 INFO Epoch 33/120 | train_loss=0.7584 | val_loss=1.0559 | voted=0.167 | expert=0.733 | atom=0.040 | joint=0.033
2025-11-24 23:05:35,934 INFO Epoch 34/120 | train_loss=0.7092 | val_loss=1.0138 | voted=0.187 | expert=0.738 | atom=0.013 | joint=0.013
2025-11-24 23:05:36,032 INFO Epoch 35/120 | train_loss=0.6752 | val_loss=0.9684 | voted=0.222 | expert=0.737 | atom=0.021 | joint=0.021
2025-11-24 23:05:36,129 INFO Epoch 36/120 | train_loss=0.6392 | val_loss=0.9308 | voted=0.222 | expert=0.761 | atom=0.022 | joint=0.022
2025-11-24 23:05:36,227 INFO Epoch 37/120 | train_loss=0.5965 | val_loss=0.8989 | voted=0.238 | expert=0.788 | atom=0.033 | joint=0.033
2025-11-24 23:05:36,324 INFO Epoch 38/120 | train_loss=0.5986 | val_loss=0.8740 | voted=0.274 | expert=0.815 | atom=0.026 | joint=0.026
2025-11-24 23:05:36,422 INFO Epoch 39/120 | train_loss=0.5579 | val_loss=0.8334 | voted=0.222 | expert=0.825 | atom=0.025 | joint=0.025
2025-11-24 23:05:36,519 INFO Epoch 40/120 | train_loss=0.5508 | val_loss=0.8024 | voted=0.254 | expert=0.824 | atom=0.022 | joint=0.022
2025-11-24 23:05:36,616 INFO Epoch 41/120 | train_loss=0.5571 | val_loss=0.7732 | voted=0.258 | expert=0.833 | atom=0.022 | joint=0.022
2025-11-24 23:05:36,716 INFO Epoch 42/120 | train_loss=0.4784 | val_loss=0.7538 | voted=0.274 | expert=0.875 | atom=0.025 | joint=0.025
2025-11-24 23:05:36,814 INFO Epoch 43/120 | train_loss=0.4446 | val_loss=0.6973 | voted=0.274 | expert=0.846 | atom=0.022 | joint=0.022
2025-11-24 23:05:36,912 INFO Epoch 44/120 | train_loss=0.4283 | val_loss=0.6691 | voted=0.274 | expert=0.859 | atom=0.025 | joint=0.025
2025-11-24 23:05:37,010 INFO Epoch 45/120 | train_loss=0.3765 | val_loss=0.6633 | voted=0.258 | expert=0.857 | atom=0.025 | joint=0.025
2025-11-24 23:05:37,109 INFO Epoch 46/120 | train_loss=0.3574 | val_loss=0.6199 | voted=0.289 | expert=0.871 | atom=0.025 | joint=0.025
2025-11-24 23:05:37,208 INFO Epoch 47/120 | train_loss=0.3623 | val_loss=0.6056 | voted=0.274 | expert=0.901 | atom=0.018 | joint=0.018
2025-11-24 23:05:37,305 INFO Epoch 48/120 | train_loss=0.3290 | val_loss=0.5826 | voted=0.325 | expert=0.911 | atom=0.025 | joint=0.025
2025-11-24 23:05:37,404 INFO Epoch 49/120 | train_loss=0.3301 | val_loss=0.5722 | voted=0.274 | expert=0.880 | atom=0.025 | joint=0.025
2025-11-24 23:05:37,506 INFO Epoch 50/120 | train_loss=0.2959 | val_loss=0.5363 | voted=0.289 | expert=0.910 | atom=0.029 | joint=0.029
2025-11-24 23:05:37,604 INFO Epoch 51/120 | train_loss=0.3142 | val_loss=0.5260 | voted=0.289 | expert=0.904 | atom=0.029 | joint=0.029
2025-11-24 23:05:37,702 INFO Epoch 52/120 | train_loss=0.2603 | val_loss=0.5162 | voted=0.289 | expert=0.917 | atom=0.029 | joint=0.029
2025-11-24 23:05:37,799 INFO Epoch 53/120 | train_loss=0.2431 | val_loss=0.4886 | voted=0.289 | expert=0.917 | atom=0.029 | joint=0.029
2025-11-24 23:05:37,895 INFO Epoch 54/120 | train_loss=0.2567 | val_loss=0.4937 | voted=0.289 | expert=0.918 | atom=0.029 | joint=0.029
2025-11-24 23:05:37,993 INFO Epoch 55/120 | train_loss=0.2431 | val_loss=0.4658 | voted=0.325 | expert=0.931 | atom=0.029 | joint=0.029
2025-11-24 23:05:38,090 INFO Epoch 56/120 | train_loss=0.2272 | val_loss=0.4643 | voted=0.325 | expert=0.935 | atom=0.025 | joint=0.025
2025-11-24 23:05:38,187 INFO Epoch 57/120 | train_loss=0.2091 | val_loss=0.4519 | voted=0.325 | expert=0.928 | atom=0.017 | joint=0.017
2025-11-24 23:05:38,285 INFO Epoch 58/120 | train_loss=0.2257 | val_loss=0.4401 | voted=0.274 | expert=0.928 | atom=0.022 | joint=0.022
2025-11-24 23:05:38,382 INFO Epoch 59/120 | train_loss=0.2215 | val_loss=0.4455 | voted=0.325 | expert=0.939 | atom=0.029 | joint=0.029
2025-11-24 23:05:38,480 INFO Epoch 60/120 | train_loss=0.2201 | val_loss=0.4443 | voted=0.274 | expert=0.921 | atom=0.022 | joint=0.022
2025-11-24 23:05:38,577 INFO Epoch 61/120 | train_loss=0.1988 | val_loss=0.4182 | voted=0.325 | expert=0.939 | atom=0.021 | joint=0.021
2025-11-24 23:05:38,675 INFO Epoch 62/120 | train_loss=0.1891 | val_loss=0.4139 | voted=0.325 | expert=0.942 | atom=0.025 | joint=0.025
2025-11-24 23:05:38,773 INFO Epoch 63/120 | train_loss=0.1632 | val_loss=0.4023 | voted=0.325 | expert=0.943 | atom=0.021 | joint=0.021
2025-11-24 23:05:38,870 INFO Epoch 64/120 | train_loss=0.1686 | val_loss=0.3981 | voted=0.325 | expert=0.942 | atom=0.018 | joint=0.018
2025-11-24 23:05:38,968 INFO Epoch 65/120 | train_loss=0.1809 | val_loss=0.3870 | voted=0.325 | expert=0.942 | atom=0.025 | joint=0.025
2025-11-24 23:05:39,066 INFO Epoch 66/120 | train_loss=0.1560 | val_loss=0.3881 | voted=0.325 | expert=0.942 | atom=0.029 | joint=0.029
2025-11-24 23:05:39,164 INFO Epoch 67/120 | train_loss=0.1332 | val_loss=0.3796 | voted=0.325 | expert=0.946 | atom=0.021 | joint=0.021
2025-11-24 23:05:39,261 INFO Epoch 68/120 | train_loss=0.1490 | val_loss=0.3716 | voted=0.325 | expert=0.946 | atom=0.021 | joint=0.021
2025-11-24 23:05:39,359 INFO Epoch 69/120 | train_loss=0.1431 | val_loss=0.3701 | voted=0.325 | expert=0.946 | atom=0.029 | joint=0.029
2025-11-24 23:05:39,458 INFO Epoch 70/120 | train_loss=0.1422 | val_loss=0.3762 | voted=0.376 | expert=0.949 | atom=0.025 | joint=0.025
2025-11-24 23:05:39,555 INFO Epoch 71/120 | train_loss=0.1245 | val_loss=0.3731 | voted=0.376 | expert=0.949 | atom=0.025 | joint=0.025
2025-11-24 23:05:39,654 INFO Epoch 72/120 | train_loss=0.1255 | val_loss=0.3678 | voted=0.325 | expert=0.949 | atom=0.025 | joint=0.025
2025-11-24 23:05:39,751 INFO Epoch 73/120 | train_loss=0.1280 | val_loss=0.3573 | voted=0.325 | expert=0.949 | atom=0.021 | joint=0.021
2025-11-24 23:05:39,848 INFO Epoch 74/120 | train_loss=0.1195 | val_loss=0.3592 | voted=0.325 | expert=0.943 | atom=0.032 | joint=0.032
2025-11-24 23:05:39,945 INFO Epoch 75/120 | train_loss=0.1169 | val_loss=0.3545 | voted=0.376 | expert=0.946 | atom=0.018 | joint=0.018
2025-11-24 23:05:40,044 INFO Epoch 76/120 | train_loss=0.1107 | val_loss=0.3687 | voted=0.325 | expert=0.946 | atom=0.021 | joint=0.021
2025-11-24 23:05:40,143 INFO Epoch 77/120 | train_loss=0.1084 | val_loss=0.3567 | voted=0.325 | expert=0.949 | atom=0.025 | joint=0.025
2025-11-24 23:05:40,242 INFO Epoch 78/120 | train_loss=0.1020 | val_loss=0.3661 | voted=0.325 | expert=0.949 | atom=0.021 | joint=0.021
2025-11-24 23:05:40,340 INFO Epoch 79/120 | train_loss=0.0973 | val_loss=0.3505 | voted=0.376 | expert=0.946 | atom=0.022 | joint=0.022
2025-11-24 23:05:40,438 INFO Epoch 80/120 | train_loss=0.0944 | val_loss=0.3551 | voted=0.325 | expert=0.946 | atom=0.021 | joint=0.021
2025-11-24 23:05:40,535 INFO Epoch 81/120 | train_loss=0.0805 | val_loss=0.3590 | voted=0.325 | expert=0.949 | atom=0.025 | joint=0.025
2025-11-24 23:05:40,633 INFO Epoch 82/120 | train_loss=0.0900 | val_loss=0.3526 | voted=0.325 | expert=0.949 | atom=0.018 | joint=0.018
2025-11-24 23:05:40,734 INFO Epoch 83/120 | train_loss=0.0881 | val_loss=0.3646 | voted=0.325 | expert=0.942 | atom=0.025 | joint=0.025
2025-11-24 23:05:40,831 INFO Epoch 84/120 | train_loss=0.0960 | val_loss=0.3433 | voted=0.325 | expert=0.949 | atom=0.011 | joint=0.011
2025-11-24 23:05:40,929 INFO Epoch 85/120 | train_loss=0.0797 | val_loss=0.3522 | voted=0.325 | expert=0.949 | atom=0.018 | joint=0.018
2025-11-24 23:05:41,024 INFO Epoch 86/120 | train_loss=0.0779 | val_loss=0.3676 | voted=0.325 | expert=0.949 | atom=0.018 | joint=0.018
2025-11-24 23:05:41,120 INFO Epoch 87/120 | train_loss=0.0814 | val_loss=0.3585 | voted=0.376 | expert=0.946 | atom=0.025 | joint=0.025
2025-11-24 23:05:41,217 INFO Epoch 88/120 | train_loss=0.0750 | val_loss=0.3551 | voted=0.376 | expert=0.946 | atom=0.025 | joint=0.025
2025-11-24 23:05:41,315 INFO Epoch 89/120 | train_loss=0.0664 | val_loss=0.3580 | voted=0.325 | expert=0.946 | atom=0.025 | joint=0.025
2025-11-24 23:05:41,413 INFO Epoch 90/120 | train_loss=0.0709 | val_loss=0.3484 | voted=0.325 | expert=0.949 | atom=0.025 | joint=0.025
2025-11-24 23:05:41,510 INFO Epoch 91/120 | train_loss=0.0622 | val_loss=0.3492 | voted=0.376 | expert=0.946 | atom=0.022 | joint=0.022
2025-11-24 23:05:41,607 INFO Epoch 92/120 | train_loss=0.0734 | val_loss=0.3502 | voted=0.325 | expert=0.949 | atom=0.022 | joint=0.022
2025-11-24 23:05:41,713 INFO Epoch 93/120 | train_loss=0.0575 | val_loss=0.3409 | voted=0.325 | expert=0.949 | atom=0.025 | joint=0.025
2025-11-24 23:05:41,818 INFO Epoch 94/120 | train_loss=0.0557 | val_loss=0.3355 | voted=0.376 | expert=0.949 | atom=0.022 | joint=0.022
2025-11-24 23:05:41,917 INFO Epoch 95/120 | train_loss=0.0560 | val_loss=0.3393 | voted=0.376 | expert=0.949 | atom=0.022 | joint=0.022
2025-11-24 23:05:42,015 INFO Epoch 96/120 | train_loss=0.0539 | val_loss=0.3362 | voted=0.376 | expert=0.949 | atom=0.019 | joint=0.019
2025-11-24 23:05:42,112 INFO Epoch 97/120 | train_loss=0.0591 | val_loss=0.3480 | voted=0.325 | expert=0.949 | atom=0.021 | joint=0.021
2025-11-24 23:05:42,210 INFO Epoch 98/120 | train_loss=0.0535 | val_loss=0.3474 | voted=0.376 | expert=0.949 | atom=0.025 | joint=0.025
2025-11-24 23:05:42,308 INFO Epoch 99/120 | train_loss=0.0549 | val_loss=0.3487 | voted=0.376 | expert=0.949 | atom=0.029 | joint=0.029
2025-11-24 23:05:42,405 INFO Epoch 100/120 | train_loss=0.0537 | val_loss=0.3417 | voted=0.325 | expert=0.946 | atom=0.022 | joint=0.022
2025-11-24 23:05:42,506 INFO Epoch 101/120 | train_loss=0.0540 | val_loss=0.3388 | voted=0.325 | expert=0.949 | atom=0.032 | joint=0.032
2025-11-24 23:05:42,605 INFO Epoch 102/120 | train_loss=0.0593 | val_loss=0.3418 | voted=0.325 | expert=0.949 | atom=0.032 | joint=0.032
2025-11-24 23:05:42,703 INFO Epoch 103/120 | train_loss=0.0464 | val_loss=0.3466 | voted=0.325 | expert=0.949 | atom=0.022 | joint=0.022
2025-11-24 23:05:42,800 INFO Epoch 104/120 | train_loss=0.0531 | val_loss=0.3559 | voted=0.325 | expert=0.949 | atom=0.022 | joint=0.022
2025-11-24 23:05:42,897 INFO Epoch 105/120 | train_loss=0.0474 | val_loss=0.3412 | voted=0.325 | expert=0.949 | atom=0.022 | joint=0.022
2025-11-24 23:05:43,019 INFO Epoch 106/120 | train_loss=0.0472 | val_loss=0.3451 | voted=0.325 | expert=0.949 | atom=0.025 | joint=0.025
2025-11-24 23:05:43,117 INFO Epoch 107/120 | train_loss=0.0431 | val_loss=0.3494 | voted=0.325 | expert=0.949 | atom=0.022 | joint=0.022
2025-11-24 23:05:43,214 INFO Epoch 108/120 | train_loss=0.0456 | val_loss=0.3459 | voted=0.325 | expert=0.949 | atom=0.022 | joint=0.022
2025-11-24 23:05:43,311 INFO Epoch 109/120 | train_loss=0.0435 | val_loss=0.3513 | voted=0.325 | expert=0.949 | atom=0.022 | joint=0.022
2025-11-24 23:05:43,408 INFO Epoch 110/120 | train_loss=0.0429 | val_loss=0.3521 | voted=0.325 | expert=0.949 | atom=0.025 | joint=0.025
2025-11-24 23:05:43,505 INFO Epoch 111/120 | train_loss=0.0399 | val_loss=0.3488 | voted=0.325 | expert=0.949 | atom=0.025 | joint=0.025
2025-11-24 23:05:43,603 INFO Epoch 112/120 | train_loss=0.0571 | val_loss=0.3570 | voted=0.325 | expert=0.949 | atom=0.025 | joint=0.025
2025-11-24 23:05:43,699 INFO Epoch 113/120 | train_loss=0.0610 | val_loss=0.3738 | voted=0.325 | expert=0.946 | atom=0.018 | joint=0.018
2025-11-24 23:05:43,796 INFO Epoch 114/120 | train_loss=0.0575 | val_loss=0.3736 | voted=0.325 | expert=0.949 | atom=0.022 | joint=0.022
2025-11-24 23:05:43,892 INFO Epoch 115/120 | train_loss=0.0595 | val_loss=0.3324 | voted=0.376 | expert=0.959 | atom=0.018 | joint=0.018
2025-11-24 23:05:43,989 INFO Epoch 116/120 | train_loss=0.0492 | val_loss=0.3645 | voted=0.325 | expert=0.946 | atom=0.025 | joint=0.025
2025-11-24 23:05:44,089 INFO Epoch 117/120 | train_loss=0.0440 | val_loss=0.3554 | voted=0.325 | expert=0.949 | atom=0.025 | joint=0.025
2025-11-24 23:05:44,186 INFO Epoch 118/120 | train_loss=0.0449 | val_loss=0.3413 | voted=0.325 | expert=0.949 | atom=0.018 | joint=0.018
2025-11-24 23:05:44,283 INFO Epoch 119/120 | train_loss=0.0360 | val_loss=0.3495 | voted=0.325 | expert=0.949 | atom=0.021 | joint=0.021
2025-11-24 23:05:44,380 INFO Epoch 120/120 | train_loss=0.0383 | val_loss=0.3513 | voted=0.325 | expert=0.949 | atom=0.021 | joint=0.021
2025-11-24 23:05:44,380 WARNING Voted accuracy 0.325 below expected threshold 0.6
