2025-11-24 23:05:00,992 INFO ================================================================================
2025-11-24 23:05:00,992 INFO DTMin Training Configuration
2025-11-24 23:05:00,992 INFO ================================================================================
2025-11-24 23:05:00,992 INFO Dataset loaded: N=285 K=5 d_model=128 shards=['full', 'low', 'mid', 'high', 'weak_0_50', 'weak_140_170', 'strong_edges']
2025-11-24 23:05:00,992 INFO Coverage: angles=37, missing=[]
2025-11-24 23:05:00,992 INFO Training mode: BC
2025-11-24 23:05:00,992 INFO Supervision: label_mode='teacher' (TRUE DTMin - trajectory imitation)
2025-11-24 23:05:00,992 INFO Atom loss: ENABLED 
2025-11-24 23:05:00,992 INFO ================================================================================
2025-11-24 23:05:01,847 INFO Epoch 1/120 | train_loss=7.1615 | val_loss=6.6312 | voted=0.036 | expert=0.209 | atom=0.133 | joint=0.017
2025-11-24 23:05:01,953 INFO Epoch 2/120 | train_loss=6.5302 | val_loss=6.3453 | voted=0.016 | expert=0.214 | atom=0.213 | joint=0.070
2025-11-24 23:05:02,057 INFO Epoch 3/120 | train_loss=6.3104 | val_loss=6.1447 | voted=0.036 | expert=0.221 | atom=0.214 | joint=0.081
2025-11-24 23:05:02,161 INFO Epoch 4/120 | train_loss=6.0757 | val_loss=5.9752 | voted=0.036 | expert=0.223 | atom=0.237 | joint=0.077
2025-11-24 23:05:02,264 INFO Epoch 5/120 | train_loss=5.8906 | val_loss=5.8121 | voted=0.036 | expert=0.207 | atom=0.285 | joint=0.093
2025-11-24 23:05:02,367 INFO Epoch 6/120 | train_loss=5.7393 | val_loss=5.6183 | voted=0.020 | expert=0.204 | atom=0.339 | joint=0.103
2025-11-24 23:05:02,472 INFO Epoch 7/120 | train_loss=5.4858 | val_loss=5.3974 | voted=0.020 | expert=0.219 | atom=0.395 | joint=0.122
2025-11-24 23:05:02,576 INFO Epoch 8/120 | train_loss=5.2236 | val_loss=5.2194 | voted=0.000 | expert=0.215 | atom=0.410 | joint=0.153
2025-11-24 23:05:02,679 INFO Epoch 9/120 | train_loss=5.0159 | val_loss=5.0336 | voted=0.020 | expert=0.274 | atom=0.424 | joint=0.186
2025-11-24 23:05:02,782 INFO Epoch 10/120 | train_loss=4.8554 | val_loss=4.8451 | voted=0.071 | expert=0.289 | atom=0.446 | joint=0.210
2025-11-24 23:05:02,885 INFO Epoch 11/120 | train_loss=4.6870 | val_loss=4.6845 | voted=0.056 | expert=0.314 | atom=0.478 | joint=0.220
2025-11-24 23:05:02,987 INFO Epoch 12/120 | train_loss=4.4839 | val_loss=4.5147 | voted=0.051 | expert=0.323 | atom=0.495 | joint=0.231
2025-11-24 23:05:03,089 INFO Epoch 13/120 | train_loss=4.3037 | val_loss=4.3540 | voted=0.107 | expert=0.350 | atom=0.535 | joint=0.257
2025-11-24 23:05:03,192 INFO Epoch 14/120 | train_loss=4.1121 | val_loss=4.2088 | voted=0.091 | expert=0.351 | atom=0.559 | joint=0.276
2025-11-24 23:05:03,294 INFO Epoch 15/120 | train_loss=3.9279 | val_loss=4.0619 | voted=0.076 | expert=0.367 | atom=0.590 | joint=0.281
2025-11-24 23:05:03,396 INFO Epoch 16/120 | train_loss=3.8483 | val_loss=3.9086 | voted=0.076 | expert=0.367 | atom=0.620 | joint=0.283
2025-11-24 23:05:03,499 INFO Epoch 17/120 | train_loss=3.6764 | val_loss=3.7800 | voted=0.076 | expert=0.405 | atom=0.640 | joint=0.319
2025-11-24 23:05:03,600 INFO Epoch 18/120 | train_loss=3.4746 | val_loss=3.6694 | voted=0.096 | expert=0.414 | atom=0.672 | joint=0.339
2025-11-24 23:05:03,704 INFO Epoch 19/120 | train_loss=3.4154 | val_loss=3.5561 | voted=0.076 | expert=0.441 | atom=0.682 | joint=0.348
2025-11-24 23:05:03,805 INFO Epoch 20/120 | train_loss=3.2120 | val_loss=3.4344 | voted=0.076 | expert=0.470 | atom=0.680 | joint=0.381
2025-11-24 23:05:03,905 INFO Epoch 21/120 | train_loss=3.1607 | val_loss=3.3353 | voted=0.111 | expert=0.457 | atom=0.699 | joint=0.371
2025-11-24 23:05:04,006 INFO Epoch 22/120 | train_loss=2.9956 | val_loss=3.2205 | voted=0.151 | expert=0.482 | atom=0.703 | joint=0.394
2025-11-24 23:05:04,112 INFO Epoch 23/120 | train_loss=2.8977 | val_loss=3.1013 | voted=0.151 | expert=0.495 | atom=0.732 | joint=0.413
2025-11-24 23:05:04,216 INFO Epoch 24/120 | train_loss=2.7936 | val_loss=3.0201 | voted=0.131 | expert=0.539 | atom=0.738 | joint=0.451
2025-11-24 23:05:04,319 INFO Epoch 25/120 | train_loss=2.6285 | val_loss=2.9556 | voted=0.131 | expert=0.525 | atom=0.748 | joint=0.453
2025-11-24 23:05:04,421 INFO Epoch 26/120 | train_loss=2.5351 | val_loss=2.8380 | voted=0.131 | expert=0.537 | atom=0.775 | joint=0.468
2025-11-24 23:05:04,523 INFO Epoch 27/120 | train_loss=2.4543 | val_loss=2.7818 | voted=0.111 | expert=0.525 | atom=0.787 | joint=0.471
2025-11-24 23:05:04,626 INFO Epoch 28/120 | train_loss=2.3119 | val_loss=2.6565 | voted=0.147 | expert=0.558 | atom=0.784 | joint=0.490
2025-11-24 23:05:04,728 INFO Epoch 29/120 | train_loss=2.2038 | val_loss=2.5702 | voted=0.147 | expert=0.557 | atom=0.798 | joint=0.493
2025-11-24 23:05:04,830 INFO Epoch 30/120 | train_loss=2.1317 | val_loss=2.5128 | voted=0.147 | expert=0.582 | atom=0.797 | joint=0.520
2025-11-24 23:05:04,930 INFO Epoch 31/120 | train_loss=2.0435 | val_loss=2.4294 | voted=0.187 | expert=0.590 | atom=0.827 | joint=0.524
2025-11-24 23:05:05,033 INFO Epoch 32/120 | train_loss=1.9160 | val_loss=2.3819 | voted=0.147 | expert=0.574 | atom=0.812 | joint=0.515
2025-11-24 23:05:05,137 INFO Epoch 33/120 | train_loss=1.8803 | val_loss=2.2866 | voted=0.147 | expert=0.599 | atom=0.844 | joint=0.549
2025-11-24 23:05:05,240 INFO Epoch 34/120 | train_loss=1.8080 | val_loss=2.2119 | voted=0.167 | expert=0.604 | atom=0.849 | joint=0.561
2025-11-24 23:05:05,342 INFO Epoch 35/120 | train_loss=1.7425 | val_loss=2.1587 | voted=0.187 | expert=0.619 | atom=0.873 | joint=0.580
2025-11-24 23:05:05,444 INFO Epoch 36/120 | train_loss=1.6651 | val_loss=2.0909 | voted=0.127 | expert=0.614 | atom=0.857 | joint=0.548
2025-11-24 23:05:05,546 INFO Epoch 37/120 | train_loss=1.6091 | val_loss=2.0101 | voted=0.147 | expert=0.625 | atom=0.875 | joint=0.575
2025-11-24 23:05:05,648 INFO Epoch 38/120 | train_loss=1.5626 | val_loss=2.0062 | voted=0.147 | expert=0.633 | atom=0.869 | joint=0.607
2025-11-24 23:05:05,750 INFO Epoch 39/120 | train_loss=1.4977 | val_loss=1.9003 | voted=0.187 | expert=0.671 | atom=0.900 | joint=0.649
2025-11-24 23:05:05,852 INFO Epoch 40/120 | train_loss=1.4384 | val_loss=1.8659 | voted=0.182 | expert=0.656 | atom=0.900 | joint=0.628
2025-11-24 23:05:05,954 INFO Epoch 41/120 | train_loss=1.4376 | val_loss=1.7790 | voted=0.167 | expert=0.669 | atom=0.900 | joint=0.621
2025-11-24 23:05:06,056 INFO Epoch 42/120 | train_loss=1.3567 | val_loss=1.7240 | voted=0.187 | expert=0.708 | atom=0.916 | joint=0.677
2025-11-24 23:05:06,158 INFO Epoch 43/120 | train_loss=1.1959 | val_loss=1.6544 | voted=0.187 | expert=0.705 | atom=0.915 | joint=0.680
2025-11-24 23:05:06,261 INFO Epoch 44/120 | train_loss=1.1861 | val_loss=1.6233 | voted=0.187 | expert=0.696 | atom=0.925 | joint=0.681
2025-11-24 23:05:06,362 INFO Epoch 45/120 | train_loss=1.1184 | val_loss=1.5656 | voted=0.187 | expert=0.710 | atom=0.933 | joint=0.696
2025-11-24 23:05:06,464 INFO Epoch 46/120 | train_loss=1.0429 | val_loss=1.5275 | voted=0.187 | expert=0.713 | atom=0.926 | joint=0.691
2025-11-24 23:05:06,565 INFO Epoch 47/120 | train_loss=1.0572 | val_loss=1.4521 | voted=0.187 | expert=0.736 | atom=0.939 | joint=0.718
2025-11-24 23:05:06,667 INFO Epoch 48/120 | train_loss=0.9792 | val_loss=1.4135 | voted=0.167 | expert=0.753 | atom=0.931 | joint=0.733
2025-11-24 23:05:06,769 INFO Epoch 49/120 | train_loss=0.9591 | val_loss=1.3449 | voted=0.187 | expert=0.780 | atom=0.937 | joint=0.758
2025-11-24 23:05:06,871 INFO Epoch 50/120 | train_loss=0.8669 | val_loss=1.3190 | voted=0.187 | expert=0.780 | atom=0.956 | joint=0.774
2025-11-24 23:05:06,973 INFO Epoch 51/120 | train_loss=0.8628 | val_loss=1.2766 | voted=0.222 | expert=0.788 | atom=0.956 | joint=0.782
2025-11-24 23:05:07,075 INFO Epoch 52/120 | train_loss=0.8308 | val_loss=1.2570 | voted=0.207 | expert=0.785 | atom=0.948 | joint=0.768
2025-11-24 23:05:07,176 INFO Epoch 53/120 | train_loss=0.7908 | val_loss=1.2163 | voted=0.227 | expert=0.804 | atom=0.959 | joint=0.798
2025-11-24 23:05:07,278 INFO Epoch 54/120 | train_loss=0.7770 | val_loss=1.1776 | voted=0.167 | expert=0.803 | atom=0.959 | joint=0.796
2025-11-24 23:05:07,380 INFO Epoch 55/120 | train_loss=0.7773 | val_loss=1.1374 | voted=0.187 | expert=0.818 | atom=0.966 | joint=0.815
2025-11-24 23:05:07,484 INFO Epoch 56/120 | train_loss=0.6926 | val_loss=1.1056 | voted=0.258 | expert=0.839 | atom=0.959 | joint=0.830
2025-11-24 23:05:07,587 INFO Epoch 57/120 | train_loss=0.6783 | val_loss=1.0469 | voted=0.227 | expert=0.843 | atom=0.973 | joint=0.837
2025-11-24 23:05:07,689 INFO Epoch 58/120 | train_loss=0.7097 | val_loss=1.0397 | voted=0.222 | expert=0.842 | atom=0.959 | joint=0.836
2025-11-24 23:05:07,791 INFO Epoch 59/120 | train_loss=0.6794 | val_loss=1.0309 | voted=0.222 | expert=0.866 | atom=0.969 | joint=0.860
2025-11-24 23:05:07,894 INFO Epoch 60/120 | train_loss=0.6485 | val_loss=0.9854 | voted=0.278 | expert=0.874 | atom=0.973 | joint=0.868
2025-11-24 23:05:08,022 INFO Epoch 61/120 | train_loss=0.5811 | val_loss=0.9553 | voted=0.294 | expert=0.880 | atom=0.973 | joint=0.874
2025-11-24 23:05:08,124 INFO Epoch 62/120 | train_loss=0.5747 | val_loss=0.9449 | voted=0.227 | expert=0.871 | atom=0.973 | joint=0.865
2025-11-24 23:05:08,227 INFO Epoch 63/120 | train_loss=0.5311 | val_loss=0.8978 | voted=0.278 | expert=0.876 | atom=0.973 | joint=0.870
2025-11-24 23:05:08,329 INFO Epoch 64/120 | train_loss=0.5158 | val_loss=0.8857 | voted=0.274 | expert=0.889 | atom=0.976 | joint=0.885
2025-11-24 23:05:08,433 INFO Epoch 65/120 | train_loss=0.5265 | val_loss=0.8590 | voted=0.274 | expert=0.886 | atom=0.976 | joint=0.883
2025-11-24 23:05:08,535 INFO Epoch 66/120 | train_loss=0.4821 | val_loss=0.8658 | voted=0.238 | expert=0.872 | atom=0.973 | joint=0.866
2025-11-24 23:05:08,637 INFO Epoch 67/120 | train_loss=0.4564 | val_loss=0.8100 | voted=0.278 | expert=0.908 | atom=0.973 | joint=0.901
2025-11-24 23:05:08,739 INFO Epoch 68/120 | train_loss=0.4391 | val_loss=0.8004 | voted=0.309 | expert=0.911 | atom=0.973 | joint=0.905
2025-11-24 23:05:08,841 INFO Epoch 69/120 | train_loss=0.4198 | val_loss=0.7693 | voted=0.309 | expert=0.918 | atom=0.976 | joint=0.915
2025-11-24 23:05:08,942 INFO Epoch 70/120 | train_loss=0.3943 | val_loss=0.7709 | voted=0.309 | expert=0.911 | atom=0.976 | joint=0.908
2025-11-24 23:05:09,044 INFO Epoch 71/120 | train_loss=0.3846 | val_loss=0.7609 | voted=0.309 | expert=0.910 | atom=0.976 | joint=0.907
2025-11-24 23:05:09,146 INFO Epoch 72/120 | train_loss=0.3737 | val_loss=0.7302 | voted=0.309 | expert=0.928 | atom=0.976 | joint=0.925
2025-11-24 23:05:09,245 INFO Epoch 73/120 | train_loss=0.4041 | val_loss=0.7361 | voted=0.309 | expert=0.934 | atom=0.976 | joint=0.931
2025-11-24 23:05:09,347 INFO Epoch 74/120 | train_loss=0.3935 | val_loss=0.7069 | voted=0.325 | expert=0.924 | atom=0.976 | joint=0.921
2025-11-24 23:05:09,449 INFO Epoch 75/120 | train_loss=0.3879 | val_loss=0.6866 | voted=0.305 | expert=0.927 | atom=0.976 | joint=0.924
2025-11-24 23:05:09,550 INFO Epoch 76/120 | train_loss=0.3895 | val_loss=0.6758 | voted=0.325 | expert=0.935 | atom=0.976 | joint=0.932
2025-11-24 23:05:09,652 INFO Epoch 77/120 | train_loss=0.3382 | val_loss=0.6801 | voted=0.325 | expert=0.941 | atom=0.980 | joint=0.941
2025-11-24 23:05:09,753 INFO Epoch 78/120 | train_loss=0.3326 | val_loss=0.6577 | voted=0.309 | expert=0.938 | atom=0.980 | joint=0.938
2025-11-24 23:05:09,855 INFO Epoch 79/120 | train_loss=0.3122 | val_loss=0.6491 | voted=0.325 | expert=0.945 | atom=0.980 | joint=0.945
2025-11-24 23:05:09,956 INFO Epoch 80/120 | train_loss=0.3011 | val_loss=0.6276 | voted=0.325 | expert=0.941 | atom=0.980 | joint=0.941
2025-11-24 23:05:10,058 INFO Epoch 81/120 | train_loss=0.2954 | val_loss=0.6231 | voted=0.325 | expert=0.942 | atom=0.980 | joint=0.942
2025-11-24 23:05:10,160 INFO Epoch 82/120 | train_loss=0.2756 | val_loss=0.6204 | voted=0.325 | expert=0.942 | atom=0.980 | joint=0.942
2025-11-24 23:05:10,261 INFO Epoch 83/120 | train_loss=0.2616 | val_loss=0.6163 | voted=0.325 | expert=0.945 | atom=0.980 | joint=0.945
2025-11-24 23:05:10,363 INFO Epoch 84/120 | train_loss=0.2640 | val_loss=0.6085 | voted=0.325 | expert=0.945 | atom=0.980 | joint=0.945
2025-11-24 23:05:10,464 INFO Epoch 85/120 | train_loss=0.2381 | val_loss=0.6114 | voted=0.325 | expert=0.942 | atom=0.976 | joint=0.939
2025-11-24 23:05:10,566 INFO Epoch 86/120 | train_loss=0.2334 | val_loss=0.6105 | voted=0.325 | expert=0.934 | atom=0.980 | joint=0.934
2025-11-24 23:05:10,667 INFO Epoch 87/120 | train_loss=0.2300 | val_loss=0.5935 | voted=0.325 | expert=0.946 | atom=0.980 | joint=0.946
2025-11-24 23:05:10,769 INFO Epoch 88/120 | train_loss=0.2225 | val_loss=0.5921 | voted=0.325 | expert=0.946 | atom=0.980 | joint=0.946
2025-11-24 23:05:10,871 INFO Epoch 89/120 | train_loss=0.2140 | val_loss=0.5823 | voted=0.325 | expert=0.942 | atom=0.980 | joint=0.942
2025-11-24 23:05:10,973 INFO Epoch 90/120 | train_loss=0.2195 | val_loss=0.5841 | voted=0.325 | expert=0.943 | atom=0.980 | joint=0.943
2025-11-24 23:05:11,075 INFO Epoch 91/120 | train_loss=0.2078 | val_loss=0.5806 | voted=0.325 | expert=0.939 | atom=0.980 | joint=0.939
2025-11-24 23:05:11,177 INFO Epoch 92/120 | train_loss=0.2179 | val_loss=0.5725 | voted=0.325 | expert=0.946 | atom=0.980 | joint=0.946
2025-11-24 23:05:11,279 INFO Epoch 93/120 | train_loss=0.1929 | val_loss=0.5569 | voted=0.325 | expert=0.949 | atom=0.980 | joint=0.949
2025-11-24 23:05:11,381 INFO Epoch 94/120 | train_loss=0.1999 | val_loss=0.5619 | voted=0.325 | expert=0.943 | atom=0.980 | joint=0.943
2025-11-24 23:05:11,482 INFO Epoch 95/120 | train_loss=0.1859 | val_loss=0.5498 | voted=0.325 | expert=0.943 | atom=0.980 | joint=0.943
2025-11-24 23:05:11,583 INFO Epoch 96/120 | train_loss=0.1908 | val_loss=0.5475 | voted=0.325 | expert=0.949 | atom=0.980 | joint=0.949
2025-11-24 23:05:11,685 INFO Epoch 97/120 | train_loss=0.1895 | val_loss=0.5379 | voted=0.325 | expert=0.949 | atom=0.980 | joint=0.949
2025-11-24 23:05:11,786 INFO Epoch 98/120 | train_loss=0.1867 | val_loss=0.5457 | voted=0.325 | expert=0.946 | atom=0.980 | joint=0.946
2025-11-24 23:05:11,889 INFO Epoch 99/120 | train_loss=0.1915 | val_loss=0.5457 | voted=0.325 | expert=0.946 | atom=0.980 | joint=0.946
2025-11-24 23:05:11,991 INFO Epoch 100/120 | train_loss=0.1645 | val_loss=0.5375 | voted=0.325 | expert=0.939 | atom=0.980 | joint=0.939
2025-11-24 23:05:12,093 INFO Epoch 101/120 | train_loss=0.1599 | val_loss=0.5217 | voted=0.325 | expert=0.949 | atom=0.980 | joint=0.949
2025-11-24 23:05:12,195 INFO Epoch 102/120 | train_loss=0.1521 | val_loss=0.5270 | voted=0.325 | expert=0.949 | atom=0.980 | joint=0.949
2025-11-24 23:05:12,297 INFO Epoch 103/120 | train_loss=0.1482 | val_loss=0.5321 | voted=0.325 | expert=0.946 | atom=0.980 | joint=0.946
2025-11-24 23:05:12,399 INFO Epoch 104/120 | train_loss=0.1552 | val_loss=0.5324 | voted=0.325 | expert=0.946 | atom=0.980 | joint=0.946
2025-11-24 23:05:12,504 INFO Epoch 105/120 | train_loss=0.1469 | val_loss=0.5312 | voted=0.325 | expert=0.949 | atom=0.980 | joint=0.949
2025-11-24 23:05:12,607 INFO Epoch 106/120 | train_loss=0.1357 | val_loss=0.5414 | voted=0.325 | expert=0.946 | atom=0.980 | joint=0.946
2025-11-24 23:05:12,708 INFO Epoch 107/120 | train_loss=0.1376 | val_loss=0.5310 | voted=0.325 | expert=0.949 | atom=0.980 | joint=0.949
2025-11-24 23:05:12,810 INFO Epoch 108/120 | train_loss=0.1362 | val_loss=0.5257 | voted=0.325 | expert=0.949 | atom=0.980 | joint=0.949
2025-11-24 23:05:12,912 INFO Epoch 109/120 | train_loss=0.1345 | val_loss=0.5240 | voted=0.325 | expert=0.949 | atom=0.980 | joint=0.949
2025-11-24 23:05:13,014 INFO Epoch 110/120 | train_loss=0.1285 | val_loss=0.5225 | voted=0.325 | expert=0.949 | atom=0.980 | joint=0.949
2025-11-24 23:05:13,116 INFO Epoch 111/120 | train_loss=0.1324 | val_loss=0.5192 | voted=0.325 | expert=0.949 | atom=0.980 | joint=0.949
2025-11-24 23:05:13,218 INFO Epoch 112/120 | train_loss=0.1274 | val_loss=0.5129 | voted=0.325 | expert=0.949 | atom=0.980 | joint=0.949
2025-11-24 23:05:13,320 INFO Epoch 113/120 | train_loss=0.1177 | val_loss=0.5235 | voted=0.325 | expert=0.949 | atom=0.980 | joint=0.949
2025-11-24 23:05:13,422 INFO Epoch 114/120 | train_loss=0.1192 | val_loss=0.5204 | voted=0.325 | expert=0.949 | atom=0.980 | joint=0.949
2025-11-24 23:05:13,523 INFO Epoch 115/120 | train_loss=0.1284 | val_loss=0.5140 | voted=0.325 | expert=0.949 | atom=0.980 | joint=0.949
2025-11-24 23:05:13,625 INFO Epoch 116/120 | train_loss=0.1317 | val_loss=0.5139 | voted=0.325 | expert=0.949 | atom=0.980 | joint=0.949
2025-11-24 23:05:13,727 INFO Epoch 117/120 | train_loss=0.1306 | val_loss=0.5124 | voted=0.325 | expert=0.949 | atom=0.980 | joint=0.949
2025-11-24 23:05:13,829 INFO Epoch 118/120 | train_loss=0.1245 | val_loss=0.5183 | voted=0.325 | expert=0.949 | atom=0.980 | joint=0.949
2025-11-24 23:05:13,930 INFO Epoch 119/120 | train_loss=0.1125 | val_loss=0.5224 | voted=0.325 | expert=0.949 | atom=0.980 | joint=0.949
2025-11-24 23:05:14,033 INFO Epoch 120/120 | train_loss=0.1122 | val_loss=0.5122 | voted=0.325 | expert=0.949 | atom=0.980 | joint=0.949
2025-11-24 23:05:14,033 WARNING Voted accuracy 0.325 below expected threshold 0.6
