2025-11-24 13:07:25,621 INFO ================================================================================
2025-11-24 13:07:25,621 INFO DTMin Training Configuration
2025-11-24 13:07:25,621 INFO ================================================================================
2025-11-24 13:07:25,621 INFO Dataset loaded: N=285 K=5 d_model=128 shards=['full', 'low', 'mid', 'high', 'weak_0_50', 'weak_140_170', 'strong_edges']
2025-11-24 13:07:25,621 INFO Coverage: angles=37, missing=[]
2025-11-24 13:07:25,621 INFO Training mode: BC
2025-11-24 13:07:25,621 INFO Supervision: label_mode='teacher' (TRUE DTMin - trajectory imitation)
2025-11-24 13:07:25,621 INFO Atom loss: ENABLED 
2025-11-24 13:07:25,621 INFO ================================================================================
2025-11-24 13:07:26,619 INFO Epoch 1/120 | train_loss=7.1615 | val_loss=6.6312 | voted=0.036 | expert=0.209 | atom=0.133 | joint=0.017
2025-11-24 13:07:26,726 INFO Epoch 2/120 | train_loss=6.5304 | val_loss=6.3455 | voted=0.016 | expert=0.214 | atom=0.213 | joint=0.070
2025-11-24 13:07:26,831 INFO Epoch 3/120 | train_loss=6.3108 | val_loss=6.1451 | voted=0.036 | expert=0.221 | atom=0.211 | joint=0.081
2025-11-24 13:07:26,932 INFO Epoch 4/120 | train_loss=6.0760 | val_loss=5.9757 | voted=0.036 | expert=0.223 | atom=0.237 | joint=0.077
2025-11-24 13:07:27,033 INFO Epoch 5/120 | train_loss=5.8910 | val_loss=5.8127 | voted=0.036 | expert=0.207 | atom=0.285 | joint=0.093
2025-11-24 13:07:27,135 INFO Epoch 6/120 | train_loss=5.7400 | val_loss=5.6191 | voted=0.020 | expert=0.204 | atom=0.339 | joint=0.103
2025-11-24 13:07:27,236 INFO Epoch 7/120 | train_loss=5.4863 | val_loss=5.3985 | voted=0.020 | expert=0.219 | atom=0.395 | joint=0.122
2025-11-24 13:07:27,338 INFO Epoch 8/120 | train_loss=5.2246 | val_loss=5.2207 | voted=0.000 | expert=0.215 | atom=0.410 | joint=0.153
2025-11-24 13:07:27,439 INFO Epoch 9/120 | train_loss=5.0176 | val_loss=5.0354 | voted=0.020 | expert=0.278 | atom=0.424 | joint=0.190
2025-11-24 13:07:27,541 INFO Epoch 10/120 | train_loss=4.8574 | val_loss=4.8476 | voted=0.071 | expert=0.289 | atom=0.443 | joint=0.210
2025-11-24 13:07:27,643 INFO Epoch 11/120 | train_loss=4.6891 | val_loss=4.6869 | voted=0.056 | expert=0.314 | atom=0.475 | joint=0.216
2025-11-24 13:07:27,745 INFO Epoch 12/120 | train_loss=4.4863 | val_loss=4.5173 | voted=0.051 | expert=0.323 | atom=0.495 | joint=0.231
2025-11-24 13:07:27,846 INFO Epoch 13/120 | train_loss=4.3058 | val_loss=4.3572 | voted=0.107 | expert=0.350 | atom=0.532 | joint=0.254
2025-11-24 13:07:27,952 INFO Epoch 14/120 | train_loss=4.1145 | val_loss=4.2118 | voted=0.091 | expert=0.351 | atom=0.559 | joint=0.276
2025-11-24 13:07:28,054 INFO Epoch 15/120 | train_loss=3.9301 | val_loss=4.0655 | voted=0.076 | expert=0.367 | atom=0.590 | joint=0.281
2025-11-24 13:07:28,156 INFO Epoch 16/120 | train_loss=3.8508 | val_loss=3.9117 | voted=0.076 | expert=0.363 | atom=0.620 | joint=0.279
2025-11-24 13:07:28,256 INFO Epoch 17/120 | train_loss=3.6787 | val_loss=3.7832 | voted=0.076 | expert=0.401 | atom=0.640 | joint=0.315
2025-11-24 13:07:28,358 INFO Epoch 18/120 | train_loss=3.4770 | val_loss=3.6721 | voted=0.111 | expert=0.411 | atom=0.668 | joint=0.332
2025-11-24 13:07:28,459 INFO Epoch 19/120 | train_loss=3.4182 | val_loss=3.5581 | voted=0.076 | expert=0.441 | atom=0.678 | joint=0.344
2025-11-24 13:07:28,561 INFO Epoch 20/120 | train_loss=3.2140 | val_loss=3.4383 | voted=0.076 | expert=0.470 | atom=0.684 | joint=0.381
2025-11-24 13:07:28,663 INFO Epoch 21/120 | train_loss=3.1637 | val_loss=3.3382 | voted=0.111 | expert=0.465 | atom=0.699 | joint=0.378
2025-11-24 13:07:28,764 INFO Epoch 22/120 | train_loss=2.9982 | val_loss=3.2230 | voted=0.151 | expert=0.483 | atom=0.703 | joint=0.395
2025-11-24 13:07:28,865 INFO Epoch 23/120 | train_loss=2.9002 | val_loss=3.1048 | voted=0.151 | expert=0.502 | atom=0.732 | joint=0.416
2025-11-24 13:07:28,967 INFO Epoch 24/120 | train_loss=2.7946 | val_loss=3.0232 | voted=0.131 | expert=0.539 | atom=0.738 | joint=0.451
2025-11-24 13:07:29,068 INFO Epoch 25/120 | train_loss=2.6299 | val_loss=2.9579 | voted=0.131 | expert=0.525 | atom=0.751 | joint=0.453
2025-11-24 13:07:29,169 INFO Epoch 26/120 | train_loss=2.5368 | val_loss=2.8406 | voted=0.131 | expert=0.537 | atom=0.775 | joint=0.468
2025-11-24 13:07:29,270 INFO Epoch 27/120 | train_loss=2.4564 | val_loss=2.7844 | voted=0.111 | expert=0.522 | atom=0.780 | joint=0.464
2025-11-24 13:07:29,372 INFO Epoch 28/120 | train_loss=2.3141 | val_loss=2.6593 | voted=0.147 | expert=0.554 | atom=0.784 | joint=0.486
2025-11-24 13:07:29,473 INFO Epoch 29/120 | train_loss=2.2064 | val_loss=2.5734 | voted=0.147 | expert=0.557 | atom=0.798 | joint=0.493
2025-11-24 13:07:29,574 INFO Epoch 30/120 | train_loss=2.1344 | val_loss=2.5168 | voted=0.147 | expert=0.578 | atom=0.797 | joint=0.516
2025-11-24 13:07:29,676 INFO Epoch 31/120 | train_loss=2.0459 | val_loss=2.4328 | voted=0.187 | expert=0.587 | atom=0.823 | joint=0.521
2025-11-24 13:07:29,781 INFO Epoch 32/120 | train_loss=1.9181 | val_loss=2.3854 | voted=0.147 | expert=0.570 | atom=0.812 | joint=0.511
2025-11-24 13:07:29,884 INFO Epoch 33/120 | train_loss=1.8829 | val_loss=2.2897 | voted=0.147 | expert=0.599 | atom=0.844 | joint=0.549
2025-11-24 13:07:29,986 INFO Epoch 34/120 | train_loss=1.8109 | val_loss=2.2159 | voted=0.167 | expert=0.600 | atom=0.845 | joint=0.557
2025-11-24 13:07:30,089 INFO Epoch 35/120 | train_loss=1.7443 | val_loss=2.1622 | voted=0.187 | expert=0.619 | atom=0.870 | joint=0.577
2025-11-24 13:07:30,188 INFO Epoch 36/120 | train_loss=1.6671 | val_loss=2.0941 | voted=0.127 | expert=0.614 | atom=0.857 | joint=0.548
2025-11-24 13:07:30,288 INFO Epoch 37/120 | train_loss=1.6108 | val_loss=2.0140 | voted=0.147 | expert=0.625 | atom=0.875 | joint=0.575
2025-11-24 13:07:30,388 INFO Epoch 38/120 | train_loss=1.5643 | val_loss=2.0092 | voted=0.147 | expert=0.633 | atom=0.869 | joint=0.607
2025-11-24 13:07:30,487 INFO Epoch 39/120 | train_loss=1.4993 | val_loss=1.9041 | voted=0.187 | expert=0.671 | atom=0.896 | joint=0.645
2025-11-24 13:07:30,587 INFO Epoch 40/120 | train_loss=1.4397 | val_loss=1.8693 | voted=0.182 | expert=0.656 | atom=0.897 | joint=0.625
2025-11-24 13:07:30,689 INFO Epoch 41/120 | train_loss=1.4395 | val_loss=1.7819 | voted=0.167 | expert=0.669 | atom=0.900 | joint=0.621
2025-11-24 13:07:30,790 INFO Epoch 42/120 | train_loss=1.3587 | val_loss=1.7278 | voted=0.187 | expert=0.712 | atom=0.909 | joint=0.681
2025-11-24 13:07:30,888 INFO Epoch 43/120 | train_loss=1.1980 | val_loss=1.6578 | voted=0.187 | expert=0.705 | atom=0.911 | joint=0.680
2025-11-24 13:07:30,990 INFO Epoch 44/120 | train_loss=1.1887 | val_loss=1.6266 | voted=0.187 | expert=0.696 | atom=0.925 | joint=0.681
2025-11-24 13:07:31,091 INFO Epoch 45/120 | train_loss=1.1206 | val_loss=1.5697 | voted=0.187 | expert=0.714 | atom=0.933 | joint=0.700
2025-11-24 13:07:31,195 INFO Epoch 46/120 | train_loss=1.0455 | val_loss=1.5316 | voted=0.187 | expert=0.710 | atom=0.926 | joint=0.688
2025-11-24 13:07:31,299 INFO Epoch 47/120 | train_loss=1.0597 | val_loss=1.4566 | voted=0.187 | expert=0.733 | atom=0.939 | joint=0.718
2025-11-24 13:07:31,400 INFO Epoch 48/120 | train_loss=0.9816 | val_loss=1.4183 | voted=0.167 | expert=0.753 | atom=0.931 | joint=0.733
2025-11-24 13:07:31,501 INFO Epoch 49/120 | train_loss=0.9618 | val_loss=1.3494 | voted=0.187 | expert=0.787 | atom=0.937 | joint=0.766
2025-11-24 13:07:31,603 INFO Epoch 50/120 | train_loss=0.8686 | val_loss=1.3227 | voted=0.187 | expert=0.777 | atom=0.956 | joint=0.770
2025-11-24 13:07:31,705 INFO Epoch 51/120 | train_loss=0.8649 | val_loss=1.2810 | voted=0.222 | expert=0.788 | atom=0.956 | joint=0.782
2025-11-24 13:07:31,806 INFO Epoch 52/120 | train_loss=0.8330 | val_loss=1.2610 | voted=0.207 | expert=0.777 | atom=0.956 | joint=0.768
2025-11-24 13:07:31,906 INFO Epoch 53/120 | train_loss=0.7921 | val_loss=1.2202 | voted=0.227 | expert=0.801 | atom=0.959 | joint=0.795
2025-11-24 13:07:32,006 INFO Epoch 54/120 | train_loss=0.7795 | val_loss=1.1808 | voted=0.167 | expert=0.799 | atom=0.959 | joint=0.793
2025-11-24 13:07:32,108 INFO Epoch 55/120 | train_loss=0.7787 | val_loss=1.1410 | voted=0.187 | expert=0.818 | atom=0.966 | joint=0.815
2025-11-24 13:07:32,209 INFO Epoch 56/120 | train_loss=0.6946 | val_loss=1.1099 | voted=0.258 | expert=0.839 | atom=0.959 | joint=0.830
2025-11-24 13:07:32,309 INFO Epoch 57/120 | train_loss=0.6798 | val_loss=1.0514 | voted=0.227 | expert=0.843 | atom=0.973 | joint=0.837
2025-11-24 13:07:32,408 INFO Epoch 58/120 | train_loss=0.7122 | val_loss=1.0439 | voted=0.222 | expert=0.842 | atom=0.959 | joint=0.836
2025-11-24 13:07:32,509 INFO Epoch 59/120 | train_loss=0.6815 | val_loss=1.0349 | voted=0.207 | expert=0.863 | atom=0.962 | joint=0.857
2025-11-24 13:07:32,611 INFO Epoch 60/120 | train_loss=0.6506 | val_loss=0.9889 | voted=0.278 | expert=0.870 | atom=0.973 | joint=0.864
2025-11-24 13:07:32,712 INFO Epoch 61/120 | train_loss=0.5835 | val_loss=0.9584 | voted=0.294 | expert=0.880 | atom=0.973 | joint=0.874
2025-11-24 13:07:32,813 INFO Epoch 62/120 | train_loss=0.5765 | val_loss=0.9484 | voted=0.227 | expert=0.871 | atom=0.973 | joint=0.865
2025-11-24 13:07:32,915 INFO Epoch 63/120 | train_loss=0.5326 | val_loss=0.9009 | voted=0.278 | expert=0.876 | atom=0.973 | joint=0.870
2025-11-24 13:07:33,017 INFO Epoch 64/120 | train_loss=0.5171 | val_loss=0.8891 | voted=0.274 | expert=0.889 | atom=0.976 | joint=0.885
2025-11-24 13:07:33,118 INFO Epoch 65/120 | train_loss=0.5283 | val_loss=0.8619 | voted=0.274 | expert=0.886 | atom=0.976 | joint=0.883
2025-11-24 13:07:33,218 INFO Epoch 66/120 | train_loss=0.4837 | val_loss=0.8694 | voted=0.238 | expert=0.872 | atom=0.973 | joint=0.866
2025-11-24 13:07:33,319 INFO Epoch 67/120 | train_loss=0.4578 | val_loss=0.8132 | voted=0.278 | expert=0.908 | atom=0.973 | joint=0.901
2025-11-24 13:07:33,417 INFO Epoch 68/120 | train_loss=0.4403 | val_loss=0.8040 | voted=0.309 | expert=0.911 | atom=0.973 | joint=0.905
2025-11-24 13:07:33,518 INFO Epoch 69/120 | train_loss=0.4207 | val_loss=0.7725 | voted=0.309 | expert=0.918 | atom=0.976 | joint=0.915
2025-11-24 13:07:33,618 INFO Epoch 70/120 | train_loss=0.3950 | val_loss=0.7744 | voted=0.325 | expert=0.914 | atom=0.976 | joint=0.911
2025-11-24 13:07:33,719 INFO Epoch 71/120 | train_loss=0.3854 | val_loss=0.7640 | voted=0.309 | expert=0.910 | atom=0.976 | joint=0.907
2025-11-24 13:07:33,820 INFO Epoch 72/120 | train_loss=0.3747 | val_loss=0.7323 | voted=0.309 | expert=0.928 | atom=0.976 | joint=0.925
2025-11-24 13:07:33,921 INFO Epoch 73/120 | train_loss=0.4051 | val_loss=0.7389 | voted=0.309 | expert=0.927 | atom=0.976 | joint=0.924
2025-11-24 13:07:34,023 INFO Epoch 74/120 | train_loss=0.3935 | val_loss=0.7090 | voted=0.309 | expert=0.921 | atom=0.976 | joint=0.918
2025-11-24 13:07:34,122 INFO Epoch 75/120 | train_loss=0.3885 | val_loss=0.6890 | voted=0.305 | expert=0.927 | atom=0.976 | joint=0.924
2025-11-24 13:07:34,224 INFO Epoch 76/120 | train_loss=0.3898 | val_loss=0.6780 | voted=0.325 | expert=0.935 | atom=0.976 | joint=0.932
2025-11-24 13:07:34,325 INFO Epoch 77/120 | train_loss=0.3392 | val_loss=0.6821 | voted=0.325 | expert=0.941 | atom=0.980 | joint=0.941
2025-11-24 13:07:34,426 INFO Epoch 78/120 | train_loss=0.3337 | val_loss=0.6590 | voted=0.309 | expert=0.938 | atom=0.980 | joint=0.938
2025-11-24 13:07:34,527 INFO Epoch 79/120 | train_loss=0.3130 | val_loss=0.6509 | voted=0.325 | expert=0.945 | atom=0.980 | joint=0.945
2025-11-24 13:07:34,628 INFO Epoch 80/120 | train_loss=0.3017 | val_loss=0.6292 | voted=0.325 | expert=0.941 | atom=0.980 | joint=0.941
2025-11-24 13:07:34,730 INFO Epoch 81/120 | train_loss=0.2969 | val_loss=0.6251 | voted=0.325 | expert=0.942 | atom=0.980 | joint=0.942
2025-11-24 13:07:34,831 INFO Epoch 82/120 | train_loss=0.2765 | val_loss=0.6219 | voted=0.325 | expert=0.942 | atom=0.980 | joint=0.942
2025-11-24 13:07:34,932 INFO Epoch 83/120 | train_loss=0.2626 | val_loss=0.6179 | voted=0.325 | expert=0.945 | atom=0.980 | joint=0.945
2025-11-24 13:07:35,034 INFO Epoch 84/120 | train_loss=0.2645 | val_loss=0.6101 | voted=0.325 | expert=0.945 | atom=0.980 | joint=0.945
2025-11-24 13:07:35,135 INFO Epoch 85/120 | train_loss=0.2390 | val_loss=0.6131 | voted=0.325 | expert=0.942 | atom=0.976 | joint=0.939
2025-11-24 13:07:35,236 INFO Epoch 86/120 | train_loss=0.2343 | val_loss=0.6117 | voted=0.325 | expert=0.934 | atom=0.980 | joint=0.934
2025-11-24 13:07:35,337 INFO Epoch 87/120 | train_loss=0.2308 | val_loss=0.5952 | voted=0.325 | expert=0.942 | atom=0.980 | joint=0.942
2025-11-24 13:07:35,438 INFO Epoch 88/120 | train_loss=0.2231 | val_loss=0.5933 | voted=0.325 | expert=0.946 | atom=0.980 | joint=0.946
2025-11-24 13:07:35,539 INFO Epoch 89/120 | train_loss=0.2146 | val_loss=0.5836 | voted=0.325 | expert=0.942 | atom=0.980 | joint=0.942
2025-11-24 13:07:35,638 INFO Epoch 90/120 | train_loss=0.2206 | val_loss=0.5852 | voted=0.325 | expert=0.943 | atom=0.980 | joint=0.943
2025-11-24 13:07:35,739 INFO Epoch 91/120 | train_loss=0.2086 | val_loss=0.5825 | voted=0.325 | expert=0.939 | atom=0.980 | joint=0.939
2025-11-24 13:07:35,840 INFO Epoch 92/120 | train_loss=0.2185 | val_loss=0.5738 | voted=0.325 | expert=0.946 | atom=0.980 | joint=0.946
2025-11-24 13:07:35,941 INFO Epoch 93/120 | train_loss=0.1934 | val_loss=0.5577 | voted=0.325 | expert=0.949 | atom=0.980 | joint=0.949
2025-11-24 13:07:36,042 INFO Epoch 94/120 | train_loss=0.2002 | val_loss=0.5633 | voted=0.325 | expert=0.943 | atom=0.980 | joint=0.943
2025-11-24 13:07:36,143 INFO Epoch 95/120 | train_loss=0.1865 | val_loss=0.5508 | voted=0.325 | expert=0.943 | atom=0.980 | joint=0.943
2025-11-24 13:07:36,244 INFO Epoch 96/120 | train_loss=0.1908 | val_loss=0.5481 | voted=0.325 | expert=0.949 | atom=0.980 | joint=0.949
2025-11-24 13:07:36,346 INFO Epoch 97/120 | train_loss=0.1898 | val_loss=0.5388 | voted=0.325 | expert=0.949 | atom=0.980 | joint=0.949
2025-11-24 13:07:36,447 INFO Epoch 98/120 | train_loss=0.1870 | val_loss=0.5469 | voted=0.325 | expert=0.946 | atom=0.980 | joint=0.946
2025-11-24 13:07:36,549 INFO Epoch 99/120 | train_loss=0.1921 | val_loss=0.5465 | voted=0.325 | expert=0.946 | atom=0.980 | joint=0.946
2025-11-24 13:07:36,650 INFO Epoch 100/120 | train_loss=0.1650 | val_loss=0.5386 | voted=0.325 | expert=0.939 | atom=0.980 | joint=0.939
2025-11-24 13:07:36,752 INFO Epoch 101/120 | train_loss=0.1601 | val_loss=0.5223 | voted=0.325 | expert=0.949 | atom=0.980 | joint=0.949
2025-11-24 13:07:36,852 INFO Epoch 102/120 | train_loss=0.1524 | val_loss=0.5274 | voted=0.325 | expert=0.949 | atom=0.980 | joint=0.949
2025-11-24 13:07:36,954 INFO Epoch 103/120 | train_loss=0.1485 | val_loss=0.5328 | voted=0.325 | expert=0.946 | atom=0.980 | joint=0.946
2025-11-24 13:07:37,055 INFO Epoch 104/120 | train_loss=0.1554 | val_loss=0.5332 | voted=0.325 | expert=0.946 | atom=0.980 | joint=0.946
2025-11-24 13:07:37,156 INFO Epoch 105/120 | train_loss=0.1474 | val_loss=0.5323 | voted=0.325 | expert=0.949 | atom=0.980 | joint=0.949
2025-11-24 13:07:37,256 INFO Epoch 106/120 | train_loss=0.1360 | val_loss=0.5421 | voted=0.325 | expert=0.946 | atom=0.980 | joint=0.946
2025-11-24 13:07:37,356 INFO Epoch 107/120 | train_loss=0.1379 | val_loss=0.5315 | voted=0.325 | expert=0.949 | atom=0.980 | joint=0.949
2025-11-24 13:07:37,457 INFO Epoch 108/120 | train_loss=0.1365 | val_loss=0.5265 | voted=0.325 | expert=0.949 | atom=0.980 | joint=0.949
2025-11-24 13:07:37,558 INFO Epoch 109/120 | train_loss=0.1347 | val_loss=0.5249 | voted=0.325 | expert=0.949 | atom=0.980 | joint=0.949
2025-11-24 13:07:37,658 INFO Epoch 110/120 | train_loss=0.1287 | val_loss=0.5232 | voted=0.325 | expert=0.949 | atom=0.980 | joint=0.949
2025-11-24 13:07:37,758 INFO Epoch 111/120 | train_loss=0.1330 | val_loss=0.5202 | voted=0.325 | expert=0.949 | atom=0.980 | joint=0.949
2025-11-24 13:07:37,859 INFO Epoch 112/120 | train_loss=0.1278 | val_loss=0.5140 | voted=0.325 | expert=0.949 | atom=0.980 | joint=0.949
2025-11-24 13:07:37,964 INFO Epoch 113/120 | train_loss=0.1179 | val_loss=0.5242 | voted=0.325 | expert=0.949 | atom=0.980 | joint=0.949
2025-11-24 13:07:38,065 INFO Epoch 114/120 | train_loss=0.1197 | val_loss=0.5212 | voted=0.325 | expert=0.949 | atom=0.980 | joint=0.949
2025-11-24 13:07:38,167 INFO Epoch 115/120 | train_loss=0.1288 | val_loss=0.5149 | voted=0.325 | expert=0.949 | atom=0.980 | joint=0.949
2025-11-24 13:07:38,268 INFO Epoch 116/120 | train_loss=0.1323 | val_loss=0.5148 | voted=0.325 | expert=0.949 | atom=0.980 | joint=0.949
2025-11-24 13:07:38,370 INFO Epoch 117/120 | train_loss=0.1310 | val_loss=0.5138 | voted=0.325 | expert=0.949 | atom=0.980 | joint=0.949
2025-11-24 13:07:38,471 INFO Epoch 118/120 | train_loss=0.1249 | val_loss=0.5197 | voted=0.325 | expert=0.949 | atom=0.980 | joint=0.949
2025-11-24 13:07:38,573 INFO Epoch 119/120 | train_loss=0.1127 | val_loss=0.5240 | voted=0.325 | expert=0.949 | atom=0.980 | joint=0.949
2025-11-24 13:07:38,675 INFO Epoch 120/120 | train_loss=0.1129 | val_loss=0.5137 | voted=0.325 | expert=0.949 | atom=0.980 | joint=0.949
2025-11-24 13:07:38,675 WARNING Voted accuracy 0.325 below expected threshold 0.6
