===== RUN START Mon Oct  6 02:23:47 CST 2025 =====

Device: mps

============================================================
Applying LoRA to Reward Model
============================================================
LoRA config:
  - Rank (r): 8
  - Alpha: 16
  - Dropout: 0.1
  - Target modules: ['c_attn', 'c_proj']

Parameter counts:
  - LoRA adapters:  45,056
  - Embeddings:     521,472
  - V-head:         257
  - Total trainable: 566,785 / 4,243,969 (13.36%)
  - Reduction vs full FT: 86.64%
============================================================

Training data:
  - Samples: 24
  - Reward range: [-118614.71, -87478.81]
  - Reward mean±std: -102820.55 ± 7701.91

IS divergence (absolute) stats:
  - prev (before any selection): {'min': 39932.359375, 'median': 47107.9765625, 'mean': 46768.5556640625, 'p95': 51433.11953125, 'p99': 53063.98640625, 'max': 53548.1328125}
  - final (after K selections): {'min': 128098.59375, 'median': 149775.7109375, 'mean': 149589.10546875, 'p95': 163749.2625, 'p99': 165603.84015625, 'max': 166103.375}
  - per-step ΔIS abs: {'min': -55536.0390625, 'median': -32637.001953125, 'mean': -34273.5166015625, 'p95': -21995.169921875, 'p99': -21425.198125, 'max': -21117.8125}
  - per-step ΔIS rel: {'min': -1.1589908599853516, 'median': -0.366765633225441, 'mean': -0.5049274443752236, 'p95': -0.17426200285553933, 'p99': -0.16410078540444373, 'max': -0.16358132660388947} (clipped by eps when prev≈0)

Numeric diagnostics (first 5 samples):
{'path': 'clip_000.npy', 'F': 346, 'N': 286, 'is_prev': 46871.37, 'is_final': 149062.38, 'baseline_k': 2, 'ratio_base_p99': 3.53, 'ratio_final_p99': 0.65}
{'path': 'clip_001.npy', 'F': 346, 'N': 286, 'is_prev': 46902.93, 'is_final': 150833.16, 'baseline_k': 2, 'ratio_base_p99': 3.57, 'ratio_final_p99': 0.68}
{'path': 'clip_002.npy', 'F': 346, 'N': 286, 'is_prev': 47313.02, 'is_final': 149639.7, 'baseline_k': 2, 'ratio_base_p99': 3.53, 'ratio_final_p99': 0.78}
{'path': 'clip_000.npy', 'F': 346, 'N': 286, 'is_prev': 40379.18, 'is_final': 131123.7, 'baseline_k': 2, 'ratio_base_p99': 4.2, 'ratio_final_p99': 0.71}
{'path': 'clip_001.npy', 'F': 346, 'N': 286, 'is_prev': 39932.36, 'is_final': 131249.81, 'baseline_k': 2, 'ratio_base_p99': 4.42, 'ratio_final_p99': 0.86}
Saved numeric diagnostics JSONL: results/rm_lora_mps_abs_100ep_k2/numeric_diagnostics.jsonl
Optimizer:
  - LoRA LR:       0.0001
  - Embedding LR:  0.0001
  - V-head LR:     0.001

============================================================
Training
============================================================
{'epoch': 0, 'loss': 10631352320.0, 'mae': 102820.3984375, 'correlation': 0.1826535165309906}
{'epoch': 1, 'loss': 10631316480.0, 'mae': 102820.2109375, 'correlation': -0.4169805347919464}
{'epoch': 2, 'loss': 10631234560.0, 'mae': 102819.8125, 'correlation': -0.3582094609737396}
{'epoch': 3, 'loss': 10631173120.0, 'mae': 102819.5234375, 'correlation': -0.06138407438993454}
{'epoch': 4, 'loss': 10631102464.0, 'mae': 102819.1875, 'correlation': 0.40803253650665283}
{'epoch': 5, 'loss': 10631049216.0, 'mae': 102818.9140625, 'correlation': 0.12493805587291718}
{'epoch': 6, 'loss': 10630983680.0, 'mae': 102818.6015625, 'correlation': 0.1962980180978775}
{'epoch': 7, 'loss': 10630921216.0, 'mae': 102818.2890625, 'correlation': -0.20988509058952332}
{'epoch': 8, 'loss': 10630860800.0, 'mae': 102818.0, 'correlation': 0.1195228174328804}
{'epoch': 9, 'loss': 10630751232.0, 'mae': 102817.4765625, 'correlation': 0.19781607389450073}
{'epoch': 10, 'loss': 10630677504.0, 'mae': 102817.1015625, 'correlation': -0.11038290709257126}
{'epoch': 11, 'loss': 10630610944.0, 'mae': 102816.7890625, 'correlation': 0.4038351774215698}
{'epoch': 12, 'loss': 10630533120.0, 'mae': 102816.40625, 'correlation': -0.06236032396554947}
{'epoch': 13, 'loss': 10630446080.0, 'mae': 102815.9921875, 'correlation': 0.2074919492006302}
{'epoch': 14, 'loss': 10630355968.0, 'mae': 102815.5390625, 'correlation': -0.5544658303260803}
{'epoch': 15, 'loss': 10630311936.0, 'mae': 102815.3359375, 'correlation': -0.05771729350090027}
{'epoch': 16, 'loss': 10630204416.0, 'mae': 102814.8125, 'correlation': -0.08596321940422058}
{'epoch': 17, 'loss': 10630135808.0, 'mae': 102814.46875, 'correlation': -0.1494356095790863}
{'epoch': 18, 'loss': 10630042624.0, 'mae': 102814.0234375, 'correlation': -0.30150943994522095}
{'epoch': 19, 'loss': 10629974016.0, 'mae': 102813.6796875, 'correlation': -0.25424185395240784}
{'epoch': 20, 'loss': 10629882880.0, 'mae': 102813.25, 'correlation': -0.07511826604604721}
{'epoch': 21, 'loss': 10629809152.0, 'mae': 102812.8828125, 'correlation': 0.16083504259586334}
{'epoch': 22, 'loss': 10629743616.0, 'mae': 102812.5625, 'correlation': -0.009888901375234127}
{'epoch': 23, 'loss': 10629651456.0, 'mae': 102812.125, 'correlation': 0.3102807104587555}
{'epoch': 24, 'loss': 10629602304.0, 'mae': 102811.875, 'correlation': -0.07517272979021072}
{'epoch': 25, 'loss': 10629518336.0, 'mae': 102811.46875, 'correlation': -0.27375563979148865}
{'epoch': 26, 'loss': 10629448704.0, 'mae': 102811.1484375, 'correlation': -0.012041309848427773}
{'epoch': 27, 'loss': 10629370880.0, 'mae': 102810.7578125, 'correlation': 0.18638041615486145}
{'epoch': 28, 'loss': 10629331968.0, 'mae': 102810.5625, 'correlation': -0.08652619272470474}
{'epoch': 29, 'loss': 10629239808.0, 'mae': 102810.1015625, 'correlation': -0.156390979886055}
{'epoch': 30, 'loss': 10629153792.0, 'mae': 102809.7109375, 'correlation': 0.16864821314811707}
{'epoch': 31, 'loss': 10629069824.0, 'mae': 102809.2890625, 'correlation': -0.2287728190422058}
{'epoch': 32, 'loss': 10629042176.0, 'mae': 102809.1640625, 'correlation': 0.15304790437221527}
{'epoch': 33, 'loss': 10628977664.0, 'mae': 102808.8515625, 'correlation': 0.1976723074913025}
{'epoch': 34, 'loss': 10628867072.0, 'mae': 102808.3046875, 'correlation': -0.026365304365754128}
{'epoch': 35, 'loss': 10628871168.0, 'mae': 102808.3125, 'correlation': -0.27566084265708923}
{'epoch': 36, 'loss': 10628742144.0, 'mae': 102807.6875, 'correlation': 0.05722736567258835}
{'epoch': 37, 'loss': 10628715520.0, 'mae': 102807.5625, 'correlation': 0.016388608142733574}
{'epoch': 38, 'loss': 10628627456.0, 'mae': 102807.1484375, 'correlation': 0.019276324659585953}
{'epoch': 39, 'loss': 10628574208.0, 'mae': 102806.875, 'correlation': -0.031148485839366913}
{'epoch': 40, 'loss': 10628497408.0, 'mae': 102806.5234375, 'correlation': 0.17693385481834412}
{'epoch': 41, 'loss': 10628470784.0, 'mae': 102806.375, 'correlation': 0.13673198223114014}
{'epoch': 42, 'loss': 10628387840.0, 'mae': 102805.9765625, 'correlation': -0.08337652683258057}
{'epoch': 43, 'loss': 10628324352.0, 'mae': 102805.6640625, 'correlation': 0.1743467152118683}
{'epoch': 44, 'loss': 10628310016.0, 'mae': 102805.5703125, 'correlation': -0.3912212550640106}
{'epoch': 45, 'loss': 10628228096.0, 'mae': 102805.1875, 'correlation': -0.24554039537906647}
{'epoch': 46, 'loss': 10628123648.0, 'mae': 102804.6875, 'correlation': -0.1037621945142746}
{'epoch': 47, 'loss': 10628039680.0, 'mae': 102804.2890625, 'correlation': 0.09505578130483627}
{'epoch': 48, 'loss': 10628043776.0, 'mae': 102804.2890625, 'correlation': -0.07473919540643692}
{'epoch': 49, 'loss': 10627981312.0, 'mae': 102804.0, 'correlation': 0.072933129966259}
{'epoch': 50, 'loss': 10627929088.0, 'mae': 102803.7265625, 'correlation': 0.06391315162181854}
{'epoch': 51, 'loss': 10627849216.0, 'mae': 102803.3359375, 'correlation': -0.18693146109580994}
{'epoch': 52, 'loss': 10627776512.0, 'mae': 102803.0, 'correlation': 0.0781894326210022}
{'epoch': 53, 'loss': 10627724288.0, 'mae': 102802.7265625, 'correlation': -0.4147522747516632}
{'epoch': 54, 'loss': 10627681280.0, 'mae': 102802.5234375, 'correlation': -0.31304261088371277}
{'epoch': 55, 'loss': 10627588096.0, 'mae': 102802.0859375, 'correlation': -0.002181875752285123}
{'epoch': 56, 'loss': 10627533824.0, 'mae': 102801.8125, 'correlation': -0.20644260942935944}
{'epoch': 57, 'loss': 10627496960.0, 'mae': 102801.6328125, 'correlation': -0.06016458570957184}
{'epoch': 58, 'loss': 10627415040.0, 'mae': 102801.25, 'correlation': 0.22835750877857208}
{'epoch': 59, 'loss': 10627377152.0, 'mae': 102801.0703125, 'correlation': 0.24764831364154816}
{'epoch': 60, 'loss': 10627321856.0, 'mae': 102800.7734375, 'correlation': -0.4088372588157654}
{'epoch': 61, 'loss': 10627244032.0, 'mae': 102800.40625, 'correlation': -0.0818234235048294}
{'epoch': 62, 'loss': 10627161088.0, 'mae': 102800.0, 'correlation': -0.07664264738559723}
{'epoch': 63, 'loss': 10627128320.0, 'mae': 102799.84375, 'correlation': -0.1047591120004654}
{'epoch': 64, 'loss': 10627072000.0, 'mae': 102799.5859375, 'correlation': 0.0011633782414719462}
{'epoch': 65, 'loss': 10627032064.0, 'mae': 102799.3984375, 'correlation': 0.3810040354728699}
{'epoch': 66, 'loss': 10626956288.0, 'mae': 102799.0, 'correlation': 0.004926812369376421}
{'epoch': 67, 'loss': 10626850816.0, 'mae': 102798.4921875, 'correlation': -0.22626252472400665}
{'epoch': 68, 'loss': 10626842624.0, 'mae': 102798.4609375, 'correlation': -0.06945426762104034}
{'epoch': 69, 'loss': 10626771968.0, 'mae': 102798.125, 'correlation': 0.08195649832487106}
{'epoch': 70, 'loss': 10626712576.0, 'mae': 102797.8359375, 'correlation': 0.07477753609418869}
{'epoch': 71, 'loss': 10626634752.0, 'mae': 102797.4375, 'correlation': -0.19296960532665253}
{'epoch': 72, 'loss': 10626593792.0, 'mae': 102797.2578125, 'correlation': 0.11826852709054947}
{'epoch': 73, 'loss': 10626524160.0, 'mae': 102796.9140625, 'correlation': 0.1411101371049881}
{'epoch': 74, 'loss': 10626481152.0, 'mae': 102796.7109375, 'correlation': 0.1667041778564453}
{'epoch': 75, 'loss': 10626397184.0, 'mae': 102796.3046875, 'correlation': 0.10952991247177124}
{'epoch': 76, 'loss': 10626378752.0, 'mae': 102796.2109375, 'correlation': 0.3167141079902649}
{'epoch': 77, 'loss': 10626278400.0, 'mae': 102795.7265625, 'correlation': 0.32239097356796265}
{'epoch': 78, 'loss': 10626248704.0, 'mae': 102795.5546875, 'correlation': -0.32610365748405457}
{'epoch': 79, 'loss': 10626198528.0, 'mae': 102795.3125, 'correlation': -0.07018732279539108}
{'epoch': 80, 'loss': 10626103296.0, 'mae': 102794.8515625, 'correlation': 0.006110770627856255}
{'epoch': 81, 'loss': 10626120704.0, 'mae': 102794.9375, 'correlation': -0.12146632373332977}
{'epoch': 82, 'loss': 10625991680.0, 'mae': 102794.3359375, 'correlation': 0.3264584541320801}
{'epoch': 83, 'loss': 10625994752.0, 'mae': 102794.3359375, 'correlation': 0.05746360868215561}
{'epoch': 84, 'loss': 10625851392.0, 'mae': 102793.6484375, 'correlation': 0.06473510712385178}
{'epoch': 85, 'loss': 10625782784.0, 'mae': 102793.3125, 'correlation': 0.0518140010535717}
{'epoch': 86, 'loss': 10625712128.0, 'mae': 102792.9609375, 'correlation': 0.13634178042411804}
{'epoch': 87, 'loss': 10625756160.0, 'mae': 102793.1875, 'correlation': 0.20822197198867798}
{'epoch': 88, 'loss': 10625630208.0, 'mae': 102792.5703125, 'correlation': 0.24542582035064697}
{'epoch': 89, 'loss': 10625577984.0, 'mae': 102792.3046875, 'correlation': -0.2321615219116211}
{'epoch': 90, 'loss': 10625477632.0, 'mae': 102791.8125, 'correlation': -0.1257283240556717}
{'epoch': 91, 'loss': 10625422336.0, 'mae': 102791.5390625, 'correlation': -0.13894248008728027}
{'epoch': 92, 'loss': 10625429504.0, 'mae': 102791.5625, 'correlation': -0.2714208960533142}
{'epoch': 93, 'loss': 10625330176.0, 'mae': 102791.09375, 'correlation': -0.09995762258768082}
{'epoch': 94, 'loss': 10625321984.0, 'mae': 102791.0546875, 'correlation': -0.08183641731739044}
{'epoch': 95, 'loss': 10625232896.0, 'mae': 102790.6484375, 'correlation': 0.31780990958213806}
{'epoch': 96, 'loss': 10625207296.0, 'mae': 102790.4765625, 'correlation': -0.28412488102912903}
{'epoch': 97, 'loss': 10625141760.0, 'mae': 102790.1796875, 'correlation': -0.0828591138124466}
{'epoch': 98, 'loss': 10625044480.0, 'mae': 102789.71875, 'correlation': 0.21601267158985138}
{'epoch': 99, 'loss': 10625033216.0, 'mae': 102789.6484375, 'correlation': -0.32067635655403137}

Training completed!
  - Best loss: 10625033216.0000
  - Best correlation: 0.4080

Saved:
  - LoRA adapters: rm_lora_mps_abs_100ep_k2_adapters/
  - Embeddings + V-head: rm_lora_mps_abs_100ep_k2_heads.pt

============================================================
Embedding Quality Analysis
============================================================
Direction token embeddings:
  - Similarity range: [-0.154, 1.000]
  - Mean off-diagonal: -0.002

Interpretation:
  - Random embeddings: ~0.0
  - Learned structure: >0.3 for nearby angles
============================================================

