===== RUN START Mon Oct  6 03:47:03 CST 2025 =====

Device: mps

============================================================
Applying LoRA to Reward Model
============================================================
LoRA config:
  - Rank (r): 8
  - Alpha: 16
  - Dropout: 0.1
  - Target modules: ['c_attn', 'c_proj']

Parameter counts:
  - LoRA adapters:  45,056
  - Embeddings:     521,472
  - V-head:         257
  - Total trainable: 566,785 / 4,243,969 (13.36%)
  - Reduction vs full FT: 86.64%
============================================================

Training data:
  - Samples: 24
  - Reward range: [-0.31, -0.11]
  - Reward mean±std: -0.20 ± 0.05

IS divergence (final) stats:
  - final (after K selections): {'min': 11118.80078125, 'median': 20502.876953125, 'mean': 19601.33524576823, 'p95': 25541.0125, 'p99': 29170.2640625, 'max': 30233.09765625}

Numeric diagnostics (first 5 samples):
{'path': 'clip_000.npy', 'F': 346, 'N': 286, 'is_final': 19272.56, 'ratio_final_p99': 2.72}
{'path': 'clip_001.npy', 'F': 346, 'N': 286, 'is_final': 23218.67, 'ratio_final_p99': 3.22}
{'path': 'clip_002.npy', 'F': 346, 'N': 286, 'is_final': 25138.29, 'ratio_final_p99': 3.18}
{'path': 'clip_000.npy', 'F': 346, 'N': 286, 'is_final': 11631.24, 'ratio_final_p99': 2.03}
{'path': 'clip_001.npy', 'F': 346, 'N': 286, 'is_final': 21264.02, 'ratio_final_p99': 3.01}
Saved numeric diagnostics JSONL: results/rm_lora_mps_localizer_100ep_perbin/numeric_diagnostics.jsonl
Optimizer:
  - LoRA LR:       0.0001
  - Embedding LR:  0.0001
  - V-head LR:     0.001

============================================================
Training
============================================================
{'epoch': 0, 'loss': 0.09176015853881836, 'mae': 0.24714350700378418, 'correlation': 0.19359548389911652}
{'epoch': 1, 'loss': 0.06540381908416748, 'mae': 0.2064504474401474, 'correlation': -0.37037143111228943}
{'epoch': 2, 'loss': 0.08640871196985245, 'mae': 0.24263744056224823, 'correlation': -0.39885014295578003}
{'epoch': 3, 'loss': 0.0937923863530159, 'mae': 0.24511323869228363, 'correlation': 0.3077297508716583}
{'epoch': 4, 'loss': 0.12490712851285934, 'mae': 0.2876342535018921, 'correlation': 0.051881093531847}
{'epoch': 5, 'loss': 0.11589112877845764, 'mae': 0.23106558620929718, 'correlation': 0.08853093534708023}
{'epoch': 6, 'loss': 0.11255866289138794, 'mae': 0.27121469378471375, 'correlation': 0.16194278001785278}
{'epoch': 7, 'loss': 0.07119840383529663, 'mae': 0.2038792222738266, 'correlation': 0.14845982193946838}
{'epoch': 8, 'loss': 0.08190657198429108, 'mae': 0.24050460755825043, 'correlation': -0.121282659471035}
{'epoch': 9, 'loss': 0.1952596753835678, 'mae': 0.35172632336616516, 'correlation': -0.1132984459400177}
{'epoch': 10, 'loss': 0.14958380162715912, 'mae': 0.32525572180747986, 'correlation': -0.022421197965741158}
{'epoch': 11, 'loss': 0.11599686741828918, 'mae': 0.28593000769615173, 'correlation': 0.08696272224187851}
{'epoch': 12, 'loss': 0.06596658378839493, 'mae': 0.19380314648151398, 'correlation': 0.13200652599334717}
{'epoch': 13, 'loss': 0.06645434349775314, 'mae': 0.1963455229997635, 'correlation': -0.10627489537000656}
{'epoch': 14, 'loss': 0.051594655960798264, 'mae': 0.17606371641159058, 'correlation': -0.36022481322288513}
{'epoch': 15, 'loss': 0.14226211607456207, 'mae': 0.3023392856121063, 'correlation': -0.024673262611031532}
{'epoch': 16, 'loss': 0.07139771431684494, 'mae': 0.2267453670501709, 'correlation': 0.15759597718715668}
{'epoch': 17, 'loss': 0.11810678988695145, 'mae': 0.2901863157749176, 'correlation': -0.016123898327350616}
{'epoch': 18, 'loss': 0.11059042066335678, 'mae': 0.2819393575191498, 'correlation': -0.25780966877937317}
{'epoch': 19, 'loss': 0.11913889646530151, 'mae': 0.2795095443725586, 'correlation': 0.15791627764701843}
{'epoch': 20, 'loss': 0.058345675468444824, 'mae': 0.18059349060058594, 'correlation': 0.0016373448306694627}
{'epoch': 21, 'loss': 0.10843261331319809, 'mae': 0.2705192267894745, 'correlation': 0.37676241993904114}
{'epoch': 22, 'loss': 0.05492592230439186, 'mae': 0.17876112461090088, 'correlation': -0.1015734151005745}
{'epoch': 23, 'loss': 0.12960666418075562, 'mae': 0.26339343190193176, 'correlation': 0.041720546782016754}
{'epoch': 24, 'loss': 0.08757686614990234, 'mae': 0.24080438911914825, 'correlation': -0.005759919062256813}
{'epoch': 25, 'loss': 0.0704200342297554, 'mae': 0.22128240764141083, 'correlation': -0.2683943808078766}
{'epoch': 26, 'loss': 0.09143368154764175, 'mae': 0.2539732754230499, 'correlation': 0.02316499873995781}
{'epoch': 27, 'loss': 0.05321422219276428, 'mae': 0.19192731380462646, 'correlation': 0.17729370296001434}
{'epoch': 28, 'loss': 0.07791167497634888, 'mae': 0.2395767718553543, 'correlation': -0.1695021539926529}
{'epoch': 29, 'loss': 0.06349106132984161, 'mae': 0.21302074193954468, 'correlation': 0.04690326377749443}
{'epoch': 30, 'loss': 0.06091683730483055, 'mae': 0.1894151121377945, 'correlation': -0.0035929884761571884}
{'epoch': 31, 'loss': 0.05326355621218681, 'mae': 0.1954193115234375, 'correlation': 0.22985155880451202}
{'epoch': 32, 'loss': 0.048227593302726746, 'mae': 0.18528242409229279, 'correlation': -0.12459768354892731}
{'epoch': 33, 'loss': 0.08597349375486374, 'mae': 0.23094868659973145, 'correlation': -0.22208209335803986}
{'epoch': 34, 'loss': 0.0446062795817852, 'mae': 0.17409951984882355, 'correlation': -0.06333865225315094}
{'epoch': 35, 'loss': 0.04059070348739624, 'mae': 0.1615033894777298, 'correlation': 0.06148107722401619}
{'epoch': 36, 'loss': 0.05315135046839714, 'mae': 0.17556963860988617, 'correlation': 0.023904046043753624}
{'epoch': 37, 'loss': 0.05786854028701782, 'mae': 0.17713773250579834, 'correlation': 0.0724974200129509}
{'epoch': 38, 'loss': 0.05959852412343025, 'mae': 0.20043911039829254, 'correlation': 0.3712376654148102}
{'epoch': 39, 'loss': 0.046519532799720764, 'mae': 0.15182095766067505, 'correlation': 0.0517471618950367}
{'epoch': 40, 'loss': 0.05987469479441643, 'mae': 0.1802363246679306, 'correlation': 0.18495051562786102}
{'epoch': 41, 'loss': 0.08861195296049118, 'mae': 0.23098601400852203, 'correlation': 0.20792734622955322}
{'epoch': 42, 'loss': 0.07125619053840637, 'mae': 0.21882212162017822, 'correlation': -0.17355501651763916}
{'epoch': 43, 'loss': 0.05569789931178093, 'mae': 0.19948871433734894, 'correlation': 0.03486344590783119}
{'epoch': 44, 'loss': 0.0894184485077858, 'mae': 0.23120860755443573, 'correlation': -0.36606842279434204}
{'epoch': 45, 'loss': 0.062182605266571045, 'mae': 0.2023356705904007, 'correlation': 0.10162042826414108}
{'epoch': 46, 'loss': 0.04814170300960541, 'mae': 0.1705600768327713, 'correlation': 0.2758001387119293}
{'epoch': 47, 'loss': 0.04114329442381859, 'mae': 0.16624073684215546, 'correlation': -0.045285239815711975}
{'epoch': 48, 'loss': 0.048464152961969376, 'mae': 0.16054598987102509, 'correlation': 0.2550184428691864}
{'epoch': 49, 'loss': 0.03688709810376167, 'mae': 0.17021794617176056, 'correlation': 0.15239578485488892}
{'epoch': 50, 'loss': 0.050852831453084946, 'mae': 0.18975865840911865, 'correlation': -0.06281343102455139}
{'epoch': 51, 'loss': 0.07358454912900925, 'mae': 0.22605741024017334, 'correlation': -0.19206072390079498}
{'epoch': 52, 'loss': 0.0390641875565052, 'mae': 0.1681073158979416, 'correlation': 0.13136127591133118}
{'epoch': 53, 'loss': 0.03126487508416176, 'mae': 0.14553311467170715, 'correlation': -0.06332661211490631}
{'epoch': 54, 'loss': 0.05224013701081276, 'mae': 0.19453954696655273, 'correlation': -0.013301963917911053}
{'epoch': 55, 'loss': 0.04320087656378746, 'mae': 0.15788806974887848, 'correlation': -0.15389420092105865}
{'epoch': 56, 'loss': 0.04788364842534065, 'mae': 0.18185395002365112, 'correlation': 0.06473875790834427}
{'epoch': 57, 'loss': 0.03211301192641258, 'mae': 0.1381276547908783, 'correlation': 0.4388939142227173}
{'epoch': 58, 'loss': 0.02543550543487072, 'mae': 0.13435953855514526, 'correlation': 0.32717737555503845}
{'epoch': 59, 'loss': 0.025962544605135918, 'mae': 0.1281542032957077, 'correlation': 0.45814985036849976}
{'epoch': 60, 'loss': 0.06784002482891083, 'mae': 0.22146207094192505, 'correlation': -0.35852622985839844}
{'epoch': 61, 'loss': 0.026186451315879822, 'mae': 0.1281421184539795, 'correlation': -0.04596206545829773}
{'epoch': 62, 'loss': 0.04669973626732826, 'mae': 0.17128466069698334, 'correlation': 0.09154840558767319}
{'epoch': 63, 'loss': 0.035706859081983566, 'mae': 0.1547340601682663, 'correlation': -0.028783094137907028}
{'epoch': 64, 'loss': 0.045314401388168335, 'mae': 0.16951201856136322, 'correlation': -0.05776875466108322}
{'epoch': 65, 'loss': 0.04104694724082947, 'mae': 0.17301444709300995, 'correlation': 0.04459808021783829}
{'epoch': 66, 'loss': 0.03315384313464165, 'mae': 0.14701871573925018, 'correlation': -0.2820075452327728}
{'epoch': 67, 'loss': 0.03682417422533035, 'mae': 0.16840052604675293, 'correlation': 0.00067715352633968}
{'epoch': 68, 'loss': 0.040256306529045105, 'mae': 0.1503162682056427, 'correlation': 0.0787697359919548}
{'epoch': 69, 'loss': 0.025884991511702538, 'mae': 0.12952013313770294, 'correlation': -0.02377353422343731}
{'epoch': 70, 'loss': 0.056544989347457886, 'mae': 0.20350919663906097, 'correlation': -0.1558770388364792}
{'epoch': 71, 'loss': 0.050626546144485474, 'mae': 0.18117983639240265, 'correlation': -0.01864803023636341}
{'epoch': 72, 'loss': 0.03412260115146637, 'mae': 0.1625145524740219, 'correlation': 0.0706120952963829}
{'epoch': 73, 'loss': 0.0308064091950655, 'mae': 0.14805392920970917, 'correlation': 0.2665736675262451}
{'epoch': 74, 'loss': 0.04103079438209534, 'mae': 0.15079225599765778, 'correlation': -0.3913523256778717}
{'epoch': 75, 'loss': 0.027784204110503197, 'mae': 0.1467936486005783, 'correlation': 0.05661507323384285}
{'epoch': 76, 'loss': 0.041283708065748215, 'mae': 0.15858541429042816, 'correlation': -0.08084789663553238}
{'epoch': 77, 'loss': 0.05497078225016594, 'mae': 0.1985681653022766, 'correlation': 0.19906802475452423}
{'epoch': 78, 'loss': 0.06264155358076096, 'mae': 0.2121916562318802, 'correlation': -0.11721731722354889}
{'epoch': 79, 'loss': 0.06531689316034317, 'mae': 0.2121044248342514, 'correlation': -0.07109948247671127}
{'epoch': 80, 'loss': 0.02385604940354824, 'mae': 0.11012602597475052, 'correlation': 0.11856643855571747}
{'epoch': 81, 'loss': 0.02904639206826687, 'mae': 0.14065362513065338, 'correlation': -0.4324049949645996}
{'epoch': 82, 'loss': 0.01752641797065735, 'mae': 0.1143498346209526, 'correlation': 0.5641867518424988}
{'epoch': 83, 'loss': 0.04656992480158806, 'mae': 0.17852966487407684, 'correlation': 0.08408021926879883}
{'epoch': 84, 'loss': 0.040942948311567307, 'mae': 0.15853627026081085, 'correlation': 0.13207615911960602}
{'epoch': 85, 'loss': 0.033786043524742126, 'mae': 0.14700151979923248, 'correlation': 0.4229079782962799}
{'epoch': 86, 'loss': 0.013065983541309834, 'mae': 0.08388533443212509, 'correlation': 0.38687804341316223}
{'epoch': 87, 'loss': 0.029727017506957054, 'mae': 0.14865384995937347, 'correlation': 0.020882248878479004}
{'epoch': 88, 'loss': 0.02318366803228855, 'mae': 0.1325933039188385, 'correlation': 0.009500582702457905}
{'epoch': 89, 'loss': 0.021117666736245155, 'mae': 0.10682506114244461, 'correlation': -0.04293185845017433}
{'epoch': 90, 'loss': 0.033116962760686874, 'mae': 0.14253652095794678, 'correlation': 0.17815695703029633}
{'epoch': 91, 'loss': 0.06798452883958817, 'mae': 0.21663720905780792, 'correlation': -0.05126923695206642}
{'epoch': 92, 'loss': 0.04104730486869812, 'mae': 0.17657576501369476, 'correlation': -0.335589736700058}
{'epoch': 93, 'loss': 0.027381466701626778, 'mae': 0.13893330097198486, 'correlation': 0.2814803123474121}
{'epoch': 94, 'loss': 0.027311669662594795, 'mae': 0.13869749009609222, 'correlation': -0.12384252995252609}
{'epoch': 95, 'loss': 0.02594333328306675, 'mae': 0.1279798150062561, 'correlation': -0.4310428500175476}
{'epoch': 96, 'loss': 0.030635759234428406, 'mae': 0.1401730328798294, 'correlation': -0.12676940858364105}
{'epoch': 97, 'loss': 0.032902225852012634, 'mae': 0.15356959402561188, 'correlation': -0.13398970663547516}
{'epoch': 98, 'loss': 0.03927149996161461, 'mae': 0.1688656359910965, 'correlation': -0.006991887465119362}
{'epoch': 99, 'loss': 0.02964800037443638, 'mae': 0.15168823301792145, 'correlation': -0.1312623918056488}

Training completed!
  - Best loss: 0.0131
  - Best correlation: 0.5642

Saved:
  - LoRA adapters: rm_lora_mps_localizer_100ep_perbin_adapters/
  - Embeddings + V-head: rm_lora_mps_localizer_100ep_perbin_heads.pt

============================================================
Embedding Quality Analysis
============================================================
Direction token embeddings:
  - Similarity range: [-0.154, 1.000]
  - Mean off-diagonal: -0.002

Interpretation:
  - Random embeddings: ~0.0
  - Learned structure: >0.3 for nearby angles
============================================================

