/opt/anaconda3/envs/trl-training/lib/python3.11/site-packages/peft/tuners/lora/layer.py:2174: UserWarning: fan_in_fan_out is set to False but the target module is `Conv1D`. Setting fan_in_fan_out to True.
  warnings.warn(
Traceback (most recent call last):
  File "/opt/anaconda3/envs/trl-training/lib/python3.11/site-packages/huggingface_hub/utils/_http.py", line 407, in hf_raise_for_status
    response.raise_for_status()
  File "/opt/anaconda3/envs/trl-training/lib/python3.11/site-packages/requests/models.py", line 1026, in raise_for_status
    raise HTTPError(http_error_msg, response=self)
requests.exceptions.HTTPError: 404 Client Error: Not Found for url: https://huggingface.co/rm_lora_K2_is30_100ep_24samples_adapters/resolve/main/adapter_config.json

The above exception was the direct cause of the following exception:

Traceback (most recent call last):
  File "/opt/anaconda3/envs/trl-training/lib/python3.11/site-packages/peft/config.py", line 262, in _get_peft_type
    config_file = hf_hub_download(
                  ^^^^^^^^^^^^^^^^
  File "/opt/anaconda3/envs/trl-training/lib/python3.11/site-packages/huggingface_hub/utils/_validators.py", line 114, in _inner_fn
    return fn(*args, **kwargs)
           ^^^^^^^^^^^^^^^^^^^
  File "/opt/anaconda3/envs/trl-training/lib/python3.11/site-packages/huggingface_hub/file_download.py", line 1010, in hf_hub_download
    return _hf_hub_download_to_cache_dir(
           ^^^^^^^^^^^^^^^^^^^^^^^^^^^^^^
  File "/opt/anaconda3/envs/trl-training/lib/python3.11/site-packages/huggingface_hub/file_download.py", line 1117, in _hf_hub_download_to_cache_dir
    _raise_on_head_call_error(head_call_error, force_download, local_files_only)
  File "/opt/anaconda3/envs/trl-training/lib/python3.11/site-packages/huggingface_hub/file_download.py", line 1658, in _raise_on_head_call_error
    raise head_call_error
  File "/opt/anaconda3/envs/trl-training/lib/python3.11/site-packages/huggingface_hub/file_download.py", line 1546, in _get_metadata_or_catch_error
    metadata = get_hf_file_metadata(
               ^^^^^^^^^^^^^^^^^^^^^
  File "/opt/anaconda3/envs/trl-training/lib/python3.11/site-packages/huggingface_hub/utils/_validators.py", line 114, in _inner_fn
    return fn(*args, **kwargs)
           ^^^^^^^^^^^^^^^^^^^
  File "/opt/anaconda3/envs/trl-training/lib/python3.11/site-packages/huggingface_hub/file_download.py", line 1463, in get_hf_file_metadata
    r = _request_wrapper(
        ^^^^^^^^^^^^^^^^^
  File "/opt/anaconda3/envs/trl-training/lib/python3.11/site-packages/huggingface_hub/file_download.py", line 286, in _request_wrapper
    response = _request_wrapper(
               ^^^^^^^^^^^^^^^^^
  File "/opt/anaconda3/envs/trl-training/lib/python3.11/site-packages/huggingface_hub/file_download.py", line 310, in _request_wrapper
    hf_raise_for_status(response)
  File "/opt/anaconda3/envs/trl-training/lib/python3.11/site-packages/huggingface_hub/utils/_http.py", line 457, in hf_raise_for_status
    raise _format(RepositoryNotFoundError, message, response) from e
huggingface_hub.errors.RepositoryNotFoundError: 404 Client Error. (Request ID: Root=1-68e3bdc4-045df01216348d952e8daff5;c7502a89-b33b-40ce-9a8a-3b525c81a2f8)

Repository Not Found for url: https://huggingface.co/rm_lora_K2_is30_100ep_24samples_adapters/resolve/main/adapter_config.json.
Please make sure you specified the correct `repo_id` and `repo_type`.
If you are trying to access a private or gated repo, make sure you are authenticated. For more details, see https://huggingface.co/docs/huggingface_hub/authentication

During handling of the above exception, another exception occurred:

Traceback (most recent call last):
  File "/Users/sbplab/jiawei/pg-ltr-frame-byol-worktree/worktrees/development-workspace/scripts/train_sft_policy_with_rm.py", line 258, in <module>
    main()
  File "/Users/sbplab/jiawei/pg-ltr-frame-byol-worktree/worktrees/development-workspace/scripts/train_sft_policy_with_rm.py", line 127, in main
    rm_model.pretrained_model = PeftModel.from_pretrained(rm_model.pretrained_model, args.rm_adapters)
                                ^^^^^^^^^^^^^^^^^^^^^^^^^^^^^^^^^^^^^^^^^^^^^^^^^^^^^^^^^^^^^^^^^^^^^^
  File "/opt/anaconda3/envs/trl-training/lib/python3.11/site-packages/peft/peft_model.py", line 440, in from_pretrained
    PeftConfig._get_peft_type(
  File "/opt/anaconda3/envs/trl-training/lib/python3.11/site-packages/peft/config.py", line 268, in _get_peft_type
    raise ValueError(f"Can't find '{CONFIG_NAME}' at '{model_id}'")
ValueError: Can't find 'adapter_config.json' at 'rm_lora_K2_is30_100ep_24samples_adapters'

ERROR conda.cli.main_run:execute(125): `conda run python scripts/train_sft_policy_with_rm.py --data-root /Users/sbplab/jiawei/datasets/test_nmf_output_no_edge_with_original/white_noise_original_data_no_edge_sync_vad_normalized --rm-adapters rm_lora_K2_is30_100ep_24samples_adapters --rm-heads rm_lora_K2_is30_100ep_24samples_heads.pt --K 2 --epochs 2 --batch-size 6 --device auto --use-lora --out sft_policy_rm_greedy_smoke` failed. (See above for error)
Device: mps
Applied LoRA to policy: r=8 alpha=16 dropout=0.1 targets=['c_attn', 'c_proj']

/opt/anaconda3/envs/trl-training/lib/python3.11/site-packages/peft/tuners/lora/layer.py:2174: UserWarning: fan_in_fan_out is set to False but the target module is `Conv1D`. Setting fan_in_fan_out to True.
  warnings.warn(
`loss_type=None` was set in the config but it is unrecognized. Using the default loss: `ForCausalLMLoss`.
/opt/anaconda3/envs/trl-training/lib/python3.11/site-packages/peft/utils/save_and_load.py:286: UserWarning: Could not find a config file in  - will assume that the vocabulary was not modified.
  warnings.warn(

Device: mps
Applied LoRA to policy: r=8 alpha=16 dropout=0.1 targets=['c_attn', 'c_proj']
Built teacher sequences via RM-greedy for 51 samples
Optimizer with 566,528 trainables; lr=0.0001
{'epoch': 0, 'loss': 7.668884754180908}
{'epoch': 1, 'loss': 7.610632419586182}
Saved SFT policy:
  - adapters: sft_policy_rm_greedy_smoke_policy_adapters
  - embeddings: sft_policy_rm_greedy_smoke_policy_heads.pt

