================================================================================
DTMinPointerV2: Atom-Sequence Input Decision Transformer
================================================================================
Trajectory dir: results/dt_traj_g_full
Output dir: results/dt_v2_smoke
Device: cpu

Subset filter: Using 9 samples from angles [0, 5, 10]
Dictionary: F=346, E=37, M=8, P=296
Sequence length per step: 298 (RTG + R + 296 atoms)
Total sequence per episode: K×(2+P) = 6×298 = 1788 tokens

================================================================================
Train/Test Split
================================================================================
Total samples: 9
Train samples: 6 (66.7%)
Test samples:  3 (33.3%)
Train steps: 36
Test steps:  18

================================================================================
Model Architecture
================================================================================
Embedding dim: 128
Attention heads: 2
Encoder layers: 1
Sequence length: 1788 tokens
Causal mask shape: torch.Size([1788, 1788])

================================================================================
Training Start
================================================================================
Epoch 1/1
  Train loss: 5.7114 | Train E-acc: 0.167 | Train A-acc: 0.167
  Test loss:  5.6820 | Test E-acc:  0.167 | Test A-acc:  0.167
  Best: epoch 1, test loss 5.6820

================================================================================
Training Complete
================================================================================
Best model: epoch 1, test loss 5.6820
Checkpoints saved to results/dt_v2_smoke

