W1022 10:09:12.319000 33009 site-packages/torch/distributed/elastic/multiprocessing/redirects.py:29] NOTE: Redirects are currently not supported in Windows or MacOs.

Device: mps

============================================================
Applying LoRA to Reward Model
============================================================
LoRA config:
  - Rank (r): 8
  - Alpha: 16
  - Dropout: 0.1
  - Target modules: ['c_attn', 'c_proj']
/opt/anaconda3/lib/python3.12/site-packages/peft/tuners/lora/layer.py:2174: UserWarning: fan_in_fan_out is set to False but the target module is `Conv1D`. Setting fan_in_fan_out to True.
  warnings.warn(
Training data:
  - Samples: 32
  - Directions/sample (avg): 17.0
  - Pairs total: 4352 (~136.0/sample)
Saved numeric diagnostics JSONL: results/rm_bt_teacher_allpairs_e50_n32_bs32_acc4_lse_t1.0_refactor_rerun/numeric_diagnostics.jsonl
Optimizer:
  - LoRA LR:       0.0001
  - Embedding LR:  0.0001
  - V-head LR:     0.001

Pooling:
  - Type:          lse
  - Temperature τ: 1.0

============================================================
Training
============================================================
{'training_pairs': 'results/rm_bt_teacher_allpairs_e50_n32_bs32_acc4_lse_t1.0_refactor_rerun/training_pairs.json', 'base_rows': 4352, 'hn_rows': 0, 'total': 4352}
{'epoch': 0, 'bt_pair_loss': 0.6928684273186851, 'pairs': 0}
{'epoch': 0, 'eval_top1_acc': 0.09375, 'eval_recall_at_K': 1.0, 'eval_samples': 32, 'K': 3}
{'epoch': 0, 'progress_report': {'loss_name': 'bt_pair_loss', 'loss': 0.6928684273186851, 'loss_delta': 0.0, 'top1': 0.09375, 'top1_delta': 0.0, 'recall_at_K': 1.0, 'recall_delta': 0.0, 'aligned_loss_vs_metrics': None}}
{'epoch': 0, 'eval_manifest': 'results/rm_bt_teacher_allpairs_e50_n32_bs32_acc4_lse_t1.0_refactor_rerun/eval_subset_manifest.json', 'eval_records': 32}
{'epoch': 1, 'bt_pair_loss': 0.702242673977333, 'pairs': 0}
{'epoch': 1, 'eval_top1_acc': 0.09375, 'eval_recall_at_K': 1.0, 'eval_samples': 32, 'K': 3}
{'epoch': 1, 'progress_report': {'loss_name': 'bt_pair_loss', 'loss': 0.702242673977333, 'loss_delta': 0.009374246658647833, 'top1': 0.09375, 'top1_delta': 0.0, 'recall_at_K': 1.0, 'recall_delta': 0.0, 'aligned_loss_vs_metrics': False}}
{'epoch': 1, 'eval_manifest': 'results/rm_bt_teacher_allpairs_e50_n32_bs32_acc4_lse_t1.0_refactor_rerun/eval_subset_manifest.json', 'eval_records': 32}
{'epoch': 2, 'bt_pair_loss': 0.6738617683158201, 'pairs': 0}
{'epoch': 2, 'eval_top1_acc': 0.09375, 'eval_recall_at_K': 1.0, 'eval_samples': 32, 'K': 3}
{'epoch': 2, 'progress_report': {'loss_name': 'bt_pair_loss', 'loss': 0.6738617683158201, 'loss_delta': -0.028380905661512856, 'top1': 0.09375, 'top1_delta': 0.0, 'recall_at_K': 1.0, 'recall_delta': 0.0, 'aligned_loss_vs_metrics': False}}
{'epoch': 2, 'eval_manifest': 'results/rm_bt_teacher_allpairs_e50_n32_bs32_acc4_lse_t1.0_refactor_rerun/eval_subset_manifest.json', 'eval_records': 32}
{'epoch': 3, 'bt_pair_loss': 0.6506289508851135, 'pairs': 0}
{'epoch': 3, 'eval_top1_acc': 0.09375, 'eval_recall_at_K': 1.0, 'eval_samples': 32, 'K': 3}
{'epoch': 3, 'progress_report': {'loss_name': 'bt_pair_loss', 'loss': 0.6506289508851135, 'loss_delta': -0.023232817430706598, 'top1': 0.09375, 'top1_delta': 0.0, 'recall_at_K': 1.0, 'recall_delta': 0.0, 'aligned_loss_vs_metrics': False}}
{'epoch': 3, 'eval_manifest': 'results/rm_bt_teacher_allpairs_e50_n32_bs32_acc4_lse_t1.0_refactor_rerun/eval_subset_manifest.json', 'eval_records': 32}
{'epoch': 4, 'bt_pair_loss': 0.6419068831293022, 'pairs': 0}
{'epoch': 4, 'eval_top1_acc': 0.09375, 'eval_recall_at_K': 1.0, 'eval_samples': 32, 'K': 3}
{'epoch': 4, 'progress_report': {'loss_name': 'bt_pair_loss', 'loss': 0.6419068831293022, 'loss_delta': -0.008722067755811302, 'top1': 0.09375, 'top1_delta': 0.0, 'recall_at_K': 1.0, 'recall_delta': 0.0, 'aligned_loss_vs_metrics': False}}
{'epoch': 4, 'eval_manifest': 'results/rm_bt_teacher_allpairs_e50_n32_bs32_acc4_lse_t1.0_refactor_rerun/eval_subset_manifest.json', 'eval_records': 32}
{'epoch': 5, 'bt_pair_loss': 0.6410219971747959, 'pairs': 0}
{'epoch': 5, 'eval_top1_acc': 0.09375, 'eval_recall_at_K': 1.0, 'eval_samples': 32, 'K': 3}
{'epoch': 5, 'progress_report': {'loss_name': 'bt_pair_loss', 'loss': 0.6410219971747959, 'loss_delta': -0.0008848859545063092, 'top1': 0.09375, 'top1_delta': 0.0, 'recall_at_K': 1.0, 'recall_delta': 0.0, 'aligned_loss_vs_metrics': False}}
{'epoch': 5, 'eval_manifest': 'results/rm_bt_teacher_allpairs_e50_n32_bs32_acc4_lse_t1.0_refactor_rerun/eval_subset_manifest.json', 'eval_records': 32}
{'epoch': 6, 'bt_pair_loss': 0.6449084621580208, 'pairs': 0}
{'epoch': 6, 'eval_top1_acc': 0.09375, 'eval_recall_at_K': 1.0, 'eval_samples': 32, 'K': 3}
{'epoch': 6, 'progress_report': {'loss_name': 'bt_pair_loss', 'loss': 0.6449084621580208, 'loss_delta': 0.0038864649832248688, 'top1': 0.09375, 'top1_delta': 0.0, 'recall_at_K': 1.0, 'recall_delta': 0.0, 'aligned_loss_vs_metrics': False}}
{'epoch': 6, 'eval_manifest': 'results/rm_bt_teacher_allpairs_e50_n32_bs32_acc4_lse_t1.0_refactor_rerun/eval_subset_manifest.json', 'eval_records': 32}
{'epoch': 7, 'bt_pair_loss': 0.6450748000951374, 'pairs': 0}
{'epoch': 7, 'eval_top1_acc': 0.09375, 'eval_recall_at_K': 1.0, 'eval_samples': 32, 'K': 3}
{'epoch': 7, 'progress_report': {'loss_name': 'bt_pair_loss', 'loss': 0.6450748000951374, 'loss_delta': 0.00016633793711662292, 'top1': 0.09375, 'top1_delta': 0.0, 'recall_at_K': 1.0, 'recall_delta': 0.0, 'aligned_loss_vs_metrics': False}}
{'epoch': 7, 'eval_manifest': 'results/rm_bt_teacher_allpairs_e50_n32_bs32_acc4_lse_t1.0_refactor_rerun/eval_subset_manifest.json', 'eval_records': 32}
{'epoch': 8, 'bt_pair_loss': 0.6465450288618312, 'pairs': 0}
{'epoch': 8, 'eval_top1_acc': 0.09375, 'eval_recall_at_K': 1.0, 'eval_samples': 32, 'K': 3}
{'epoch': 8, 'progress_report': {'loss_name': 'bt_pair_loss', 'loss': 0.6465450288618312, 'loss_delta': 0.0014702287666937819, 'top1': 0.09375, 'top1_delta': 0.0, 'recall_at_K': 1.0, 'recall_delta': 0.0, 'aligned_loss_vs_metrics': False}}
{'epoch': 8, 'eval_manifest': 'results/rm_bt_teacher_allpairs_e50_n32_bs32_acc4_lse_t1.0_refactor_rerun/eval_subset_manifest.json', 'eval_records': 32}
{'epoch': 9, 'bt_pair_loss': 0.6452332936665591, 'pairs': 0}
{'epoch': 9, 'eval_top1_acc': 0.09375, 'eval_recall_at_K': 1.0, 'eval_samples': 32, 'K': 3}
{'epoch': 9, 'progress_report': {'loss_name': 'bt_pair_loss', 'loss': 0.6452332936665591, 'loss_delta': -0.0013117351952720568, 'top1': 0.09375, 'top1_delta': 0.0, 'recall_at_K': 1.0, 'recall_delta': 0.0, 'aligned_loss_vs_metrics': False}}
{'epoch': 9, 'eval_manifest': 'results/rm_bt_teacher_allpairs_e50_n32_bs32_acc4_lse_t1.0_refactor_rerun/eval_subset_manifest.json', 'eval_records': 32}
{'epoch': 10, 'bt_pair_loss': 0.6451976010028053, 'pairs': 0}
{'epoch': 10, 'eval_top1_acc': 0.09375, 'eval_recall_at_K': 1.0, 'eval_samples': 32, 'K': 3}
{'epoch': 10, 'progress_report': {'loss_name': 'bt_pair_loss', 'loss': 0.6451976010028053, 'loss_delta': -3.5692663753805753e-05, 'top1': 0.09375, 'top1_delta': 0.0, 'recall_at_K': 1.0, 'recall_delta': 0.0, 'aligned_loss_vs_metrics': False}}
{'epoch': 10, 'eval_manifest': 'results/rm_bt_teacher_allpairs_e50_n32_bs32_acc4_lse_t1.0_refactor_rerun/eval_subset_manifest.json', 'eval_records': 32}
{'epoch': 11, 'bt_pair_loss': 0.645115178078413, 'pairs': 0}
{'epoch': 11, 'eval_top1_acc': 0.09375, 'eval_recall_at_K': 1.0, 'eval_samples': 32, 'K': 3}
{'epoch': 11, 'progress_report': {'loss_name': 'bt_pair_loss', 'loss': 0.645115178078413, 'loss_delta': -8.242292439231136e-05, 'top1': 0.09375, 'top1_delta': 0.0, 'recall_at_K': 1.0, 'recall_delta': 0.0, 'aligned_loss_vs_metrics': False}}
{'epoch': 11, 'eval_manifest': 'results/rm_bt_teacher_allpairs_e50_n32_bs32_acc4_lse_t1.0_refactor_rerun/eval_subset_manifest.json', 'eval_records': 32}
{'epoch': 12, 'bt_pair_loss': 0.6470465375220075, 'pairs': 0}
{'epoch': 12, 'eval_top1_acc': 0.09375, 'eval_recall_at_K': 1.0, 'eval_samples': 32, 'K': 3}
{'epoch': 12, 'progress_report': {'loss_name': 'bt_pair_loss', 'loss': 0.6470465375220075, 'loss_delta': 0.0019313594435944603, 'top1': 0.09375, 'top1_delta': 0.0, 'recall_at_K': 1.0, 'recall_delta': 0.0, 'aligned_loss_vs_metrics': False}}
{'epoch': 12, 'eval_manifest': 'results/rm_bt_teacher_allpairs_e50_n32_bs32_acc4_lse_t1.0_refactor_rerun/eval_subset_manifest.json', 'eval_records': 32}
{'epoch': 13, 'bt_pair_loss': 0.6468448084505165, 'pairs': 0}
{'epoch': 13, 'eval_top1_acc': 0.09375, 'eval_recall_at_K': 1.0, 'eval_samples': 32, 'K': 3}
{'epoch': 13, 'progress_report': {'loss_name': 'bt_pair_loss', 'loss': 0.6468448084505165, 'loss_delta': -0.00020172907149096364, 'top1': 0.09375, 'top1_delta': 0.0, 'recall_at_K': 1.0, 'recall_delta': 0.0, 'aligned_loss_vs_metrics': False}}
{'epoch': 13, 'eval_manifest': 'results/rm_bt_teacher_allpairs_e50_n32_bs32_acc4_lse_t1.0_refactor_rerun/eval_subset_manifest.json', 'eval_records': 32}
{'epoch': 14, 'bt_pair_loss': 0.6469022844205884, 'pairs': 0}
{'epoch': 14, 'eval_top1_acc': 0.09375, 'eval_recall_at_K': 1.0, 'eval_samples': 32, 'K': 3}
{'epoch': 14, 'progress_report': {'loss_name': 'bt_pair_loss', 'loss': 0.6469022844205884, 'loss_delta': 5.747597007188521e-05, 'top1': 0.09375, 'top1_delta': 0.0, 'recall_at_K': 1.0, 'recall_delta': 0.0, 'aligned_loss_vs_metrics': False}}
{'epoch': 14, 'eval_manifest': 'results/rm_bt_teacher_allpairs_e50_n32_bs32_acc4_lse_t1.0_refactor_rerun/eval_subset_manifest.json', 'eval_records': 32}
{'epoch': 15, 'bt_pair_loss': 0.6457894979154363, 'pairs': 0}
{'epoch': 15, 'eval_top1_acc': 0.09375, 'eval_recall_at_K': 1.0, 'eval_samples': 32, 'K': 3}
{'epoch': 15, 'progress_report': {'loss_name': 'bt_pair_loss', 'loss': 0.6457894979154363, 'loss_delta': -0.001112786505152119, 'top1': 0.09375, 'top1_delta': 0.0, 'recall_at_K': 1.0, 'recall_delta': 0.0, 'aligned_loss_vs_metrics': False}}
{'epoch': 15, 'eval_manifest': 'results/rm_bt_teacher_allpairs_e50_n32_bs32_acc4_lse_t1.0_refactor_rerun/eval_subset_manifest.json', 'eval_records': 32}
{'epoch': 16, 'bt_pair_loss': 0.6443118135280469, 'pairs': 0}
{'epoch': 16, 'eval_top1_acc': 0.09375, 'eval_recall_at_K': 1.0, 'eval_samples': 32, 'K': 3}
{'epoch': 16, 'progress_report': {'loss_name': 'bt_pair_loss', 'loss': 0.6443118135280469, 'loss_delta': -0.0014776843873893775, 'top1': 0.09375, 'top1_delta': 0.0, 'recall_at_K': 1.0, 'recall_delta': 0.0, 'aligned_loss_vs_metrics': False}}
{'epoch': 16, 'eval_manifest': 'results/rm_bt_teacher_allpairs_e50_n32_bs32_acc4_lse_t1.0_refactor_rerun/eval_subset_manifest.json', 'eval_records': 32}
{'epoch': 17, 'bt_pair_loss': 0.6435821420129608, 'pairs': 0}
{'epoch': 17, 'eval_top1_acc': 0.09375, 'eval_recall_at_K': 1.0, 'eval_samples': 32, 'K': 3}
{'epoch': 17, 'progress_report': {'loss_name': 'bt_pair_loss', 'loss': 0.6435821420129608, 'loss_delta': -0.0007296715150860722, 'top1': 0.09375, 'top1_delta': 0.0, 'recall_at_K': 1.0, 'recall_delta': 0.0, 'aligned_loss_vs_metrics': False}}
{'epoch': 17, 'eval_manifest': 'results/rm_bt_teacher_allpairs_e50_n32_bs32_acc4_lse_t1.0_refactor_rerun/eval_subset_manifest.json', 'eval_records': 32}
{'epoch': 18, 'bt_pair_loss': 0.6430951470837873, 'pairs': 0}
{'epoch': 18, 'eval_top1_acc': 0.09375, 'eval_recall_at_K': 1.0, 'eval_samples': 32, 'K': 3}
{'epoch': 18, 'progress_report': {'loss_name': 'bt_pair_loss', 'loss': 0.6430951470837873, 'loss_delta': -0.00048699492917347875, 'top1': 0.09375, 'top1_delta': 0.0, 'recall_at_K': 1.0, 'recall_delta': 0.0, 'aligned_loss_vs_metrics': False}}
{'epoch': 18, 'eval_manifest': 'results/rm_bt_teacher_allpairs_e50_n32_bs32_acc4_lse_t1.0_refactor_rerun/eval_subset_manifest.json', 'eval_records': 32}
{'epoch': 19, 'bt_pair_loss': 0.641330392264268, 'pairs': 0}
{'epoch': 19, 'eval_top1_acc': 0.09375, 'eval_recall_at_K': 1.0, 'eval_samples': 32, 'K': 3}
{'epoch': 19, 'progress_report': {'loss_name': 'bt_pair_loss', 'loss': 0.641330392264268, 'loss_delta': -0.0017647548195193208, 'top1': 0.09375, 'top1_delta': 0.0, 'recall_at_K': 1.0, 'recall_delta': 0.0, 'aligned_loss_vs_metrics': False}}
{'epoch': 19, 'eval_manifest': 'results/rm_bt_teacher_allpairs_e50_n32_bs32_acc4_lse_t1.0_refactor_rerun/eval_subset_manifest.json', 'eval_records': 32}
{'epoch': 20, 'bt_pair_loss': 0.6413321977152544, 'pairs': 0}
{'epoch': 20, 'eval_top1_acc': 0.09375, 'eval_recall_at_K': 1.0, 'eval_samples': 32, 'K': 3}
{'epoch': 20, 'progress_report': {'loss_name': 'bt_pair_loss', 'loss': 0.6413321977152544, 'loss_delta': 1.805450986380741e-06, 'top1': 0.09375, 'top1_delta': 0.0, 'recall_at_K': 1.0, 'recall_delta': 0.0, 'aligned_loss_vs_metrics': False}}
{'epoch': 20, 'eval_manifest': 'results/rm_bt_teacher_allpairs_e50_n32_bs32_acc4_lse_t1.0_refactor_rerun/eval_subset_manifest.json', 'eval_records': 32}
{'epoch': 21, 'bt_pair_loss': 0.6387823438819717, 'pairs': 0}
{'epoch': 21, 'eval_top1_acc': 0.09375, 'eval_recall_at_K': 1.0, 'eval_samples': 32, 'K': 3}
{'epoch': 21, 'progress_report': {'loss_name': 'bt_pair_loss', 'loss': 0.6387823438819717, 'loss_delta': -0.002549853833282656, 'top1': 0.09375, 'top1_delta': 0.0, 'recall_at_K': 1.0, 'recall_delta': 0.0, 'aligned_loss_vs_metrics': False}}
{'epoch': 21, 'eval_manifest': 'results/rm_bt_teacher_allpairs_e50_n32_bs32_acc4_lse_t1.0_refactor_rerun/eval_subset_manifest.json', 'eval_records': 32}
{'epoch': 22, 'bt_pair_loss': 0.6373389983440146, 'pairs': 0}
{'epoch': 22, 'eval_top1_acc': 0.09375, 'eval_recall_at_K': 1.0, 'eval_samples': 32, 'K': 3}
{'epoch': 22, 'progress_report': {'loss_name': 'bt_pair_loss', 'loss': 0.6373389983440146, 'loss_delta': -0.001443345537957108, 'top1': 0.09375, 'top1_delta': 0.0, 'recall_at_K': 1.0, 'recall_delta': 0.0, 'aligned_loss_vs_metrics': False}}
{'epoch': 22, 'eval_manifest': 'results/rm_bt_teacher_allpairs_e50_n32_bs32_acc4_lse_t1.0_refactor_rerun/eval_subset_manifest.json', 'eval_records': 32}
{'epoch': 23, 'bt_pair_loss': 0.6392261600669693, 'pairs': 0}
{'epoch': 23, 'eval_top1_acc': 0.09375, 'eval_recall_at_K': 1.0, 'eval_samples': 32, 'K': 3}
{'epoch': 23, 'progress_report': {'loss_name': 'bt_pair_loss', 'loss': 0.6392261600669693, 'loss_delta': 0.0018871617229546667, 'top1': 0.09375, 'top1_delta': 0.0, 'recall_at_K': 1.0, 'recall_delta': 0.0, 'aligned_loss_vs_metrics': False}}
{'epoch': 23, 'eval_manifest': 'results/rm_bt_teacher_allpairs_e50_n32_bs32_acc4_lse_t1.0_refactor_rerun/eval_subset_manifest.json', 'eval_records': 32}
{'epoch': 24, 'bt_pair_loss': 0.6348498211625744, 'pairs': 0}
{'epoch': 24, 'eval_top1_acc': 0.09375, 'eval_recall_at_K': 1.0, 'eval_samples': 32, 'K': 3}
{'epoch': 24, 'progress_report': {'loss_name': 'bt_pair_loss', 'loss': 0.6348498211625744, 'loss_delta': -0.0043763389043949275, 'top1': 0.09375, 'top1_delta': 0.0, 'recall_at_K': 1.0, 'recall_delta': 0.0, 'aligned_loss_vs_metrics': False}}
{'epoch': 24, 'eval_manifest': 'results/rm_bt_teacher_allpairs_e50_n32_bs32_acc4_lse_t1.0_refactor_rerun/eval_subset_manifest.json', 'eval_records': 32}
{'epoch': 25, 'bt_pair_loss': 0.6327228313859772, 'pairs': 0}
{'epoch': 25, 'eval_top1_acc': 0.09375, 'eval_recall_at_K': 1.0, 'eval_samples': 32, 'K': 3}
{'epoch': 25, 'progress_report': {'loss_name': 'bt_pair_loss', 'loss': 0.6327228313859772, 'loss_delta': -0.002126989776597199, 'top1': 0.09375, 'top1_delta': 0.0, 'recall_at_K': 1.0, 'recall_delta': 0.0, 'aligned_loss_vs_metrics': False}}
{'epoch': 25, 'eval_manifest': 'results/rm_bt_teacher_allpairs_e50_n32_bs32_acc4_lse_t1.0_refactor_rerun/eval_subset_manifest.json', 'eval_records': 32}
{'epoch': 26, 'bt_pair_loss': 0.6322226210990373, 'pairs': 0}
{'epoch': 26, 'eval_top1_acc': 0.09375, 'eval_recall_at_K': 1.0, 'eval_samples': 32, 'K': 3}
{'epoch': 26, 'progress_report': {'loss_name': 'bt_pair_loss', 'loss': 0.6322226210990373, 'loss_delta': -0.0005002102869399172, 'top1': 0.09375, 'top1_delta': 0.0, 'recall_at_K': 1.0, 'recall_delta': 0.0, 'aligned_loss_vs_metrics': False}}
{'epoch': 26, 'eval_manifest': 'results/rm_bt_teacher_allpairs_e50_n32_bs32_acc4_lse_t1.0_refactor_rerun/eval_subset_manifest.json', 'eval_records': 32}
{'epoch': 27, 'bt_pair_loss': 0.6288747386459042, 'pairs': 0}
{'epoch': 27, 'eval_top1_acc': 0.09375, 'eval_recall_at_K': 1.0, 'eval_samples': 32, 'K': 3}
{'epoch': 27, 'progress_report': {'loss_name': 'bt_pair_loss', 'loss': 0.6288747386459042, 'loss_delta': -0.003347882453133111, 'top1': 0.09375, 'top1_delta': 0.0, 'recall_at_K': 1.0, 'recall_delta': 0.0, 'aligned_loss_vs_metrics': False}}
{'epoch': 27, 'eval_manifest': 'results/rm_bt_teacher_allpairs_e50_n32_bs32_acc4_lse_t1.0_refactor_rerun/eval_subset_manifest.json', 'eval_records': 32}
{'epoch': 28, 'bt_pair_loss': 0.6310806011452395, 'pairs': 0}
{'epoch': 28, 'eval_top1_acc': 0.09375, 'eval_recall_at_K': 1.0, 'eval_samples': 32, 'K': 3}
{'epoch': 28, 'progress_report': {'loss_name': 'bt_pair_loss', 'loss': 0.6310806011452395, 'loss_delta': 0.002205862499335298, 'top1': 0.09375, 'top1_delta': 0.0, 'recall_at_K': 1.0, 'recall_delta': 0.0, 'aligned_loss_vs_metrics': False}}
{'epoch': 28, 'eval_manifest': 'results/rm_bt_teacher_allpairs_e50_n32_bs32_acc4_lse_t1.0_refactor_rerun/eval_subset_manifest.json', 'eval_records': 32}
{'epoch': 29, 'bt_pair_loss': 0.6328639271943008, 'pairs': 0}
{'epoch': 29, 'eval_top1_acc': 0.09375, 'eval_recall_at_K': 1.0, 'eval_samples': 32, 'K': 3}
{'epoch': 29, 'progress_report': {'loss_name': 'bt_pair_loss', 'loss': 0.6328639271943008, 'loss_delta': 0.0017833260490613956, 'top1': 0.09375, 'top1_delta': 0.0, 'recall_at_K': 1.0, 'recall_delta': 0.0, 'aligned_loss_vs_metrics': False}}
{'epoch': 29, 'eval_manifest': 'results/rm_bt_teacher_allpairs_e50_n32_bs32_acc4_lse_t1.0_refactor_rerun/eval_subset_manifest.json', 'eval_records': 32}
{'epoch': 30, 'bt_pair_loss': 0.627634127788684, 'pairs': 0}
{'epoch': 30, 'eval_top1_acc': 0.09375, 'eval_recall_at_K': 1.0, 'eval_samples': 32, 'K': 3}
{'epoch': 30, 'progress_report': {'loss_name': 'bt_pair_loss', 'loss': 0.627634127788684, 'loss_delta': -0.005229799405616853, 'top1': 0.09375, 'top1_delta': 0.0, 'recall_at_K': 1.0, 'recall_delta': 0.0, 'aligned_loss_vs_metrics': False}}
{'epoch': 30, 'eval_manifest': 'results/rm_bt_teacher_allpairs_e50_n32_bs32_acc4_lse_t1.0_refactor_rerun/eval_subset_manifest.json', 'eval_records': 32}
{'epoch': 31, 'bt_pair_loss': 0.6240679141791428, 'pairs': 0}
{'epoch': 31, 'eval_top1_acc': 0.09375, 'eval_recall_at_K': 1.0, 'eval_samples': 32, 'K': 3}
{'epoch': 31, 'progress_report': {'loss_name': 'bt_pair_loss', 'loss': 0.6240679141791428, 'loss_delta': -0.0035662136095412356, 'top1': 0.09375, 'top1_delta': 0.0, 'recall_at_K': 1.0, 'recall_delta': 0.0, 'aligned_loss_vs_metrics': False}}
{'epoch': 31, 'eval_manifest': 'results/rm_bt_teacher_allpairs_e50_n32_bs32_acc4_lse_t1.0_refactor_rerun/eval_subset_manifest.json', 'eval_records': 32}
{'epoch': 32, 'bt_pair_loss': 0.623448949526338, 'pairs': 0}
{'epoch': 32, 'eval_top1_acc': 0.09375, 'eval_recall_at_K': 1.0, 'eval_samples': 32, 'K': 3}
{'epoch': 32, 'progress_report': {'loss_name': 'bt_pair_loss', 'loss': 0.623448949526338, 'loss_delta': -0.0006189646528047543, 'top1': 0.09375, 'top1_delta': 0.0, 'recall_at_K': 1.0, 'recall_delta': 0.0, 'aligned_loss_vs_metrics': False}}
{'epoch': 32, 'eval_manifest': 'results/rm_bt_teacher_allpairs_e50_n32_bs32_acc4_lse_t1.0_refactor_rerun/eval_subset_manifest.json', 'eval_records': 32}
{'epoch': 33, 'bt_pair_loss': 0.620828193557613, 'pairs': 0}
{'epoch': 33, 'eval_top1_acc': 0.09375, 'eval_recall_at_K': 1.0, 'eval_samples': 32, 'K': 3}
{'epoch': 33, 'progress_report': {'loss_name': 'bt_pair_loss', 'loss': 0.620828193557613, 'loss_delta': -0.0026207559687250193, 'top1': 0.09375, 'top1_delta': 0.0, 'recall_at_K': 1.0, 'recall_delta': 0.0, 'aligned_loss_vs_metrics': False}}
{'epoch': 33, 'eval_manifest': 'results/rm_bt_teacher_allpairs_e50_n32_bs32_acc4_lse_t1.0_refactor_rerun/eval_subset_manifest.json', 'eval_records': 32}
{'epoch': 34, 'bt_pair_loss': 0.6242059392525869, 'pairs': 0}
{'epoch': 34, 'eval_top1_acc': 0.09375, 'eval_recall_at_K': 1.0, 'eval_samples': 32, 'K': 3}
{'epoch': 34, 'progress_report': {'loss_name': 'bt_pair_loss', 'loss': 0.6242059392525869, 'loss_delta': 0.003377745694973955, 'top1': 0.09375, 'top1_delta': 0.0, 'recall_at_K': 1.0, 'recall_delta': 0.0, 'aligned_loss_vs_metrics': False}}
{'epoch': 34, 'eval_manifest': 'results/rm_bt_teacher_allpairs_e50_n32_bs32_acc4_lse_t1.0_refactor_rerun/eval_subset_manifest.json', 'eval_records': 32}
{'epoch': 35, 'bt_pair_loss': 0.619647337233319, 'pairs': 0}
{'epoch': 35, 'eval_top1_acc': 0.09375, 'eval_recall_at_K': 1.0, 'eval_samples': 32, 'K': 3}
{'epoch': 35, 'progress_report': {'loss_name': 'bt_pair_loss', 'loss': 0.619647337233319, 'loss_delta': -0.004558602019267943, 'top1': 0.09375, 'top1_delta': 0.0, 'recall_at_K': 1.0, 'recall_delta': 0.0, 'aligned_loss_vs_metrics': False}}
{'epoch': 35, 'eval_manifest': 'results/rm_bt_teacher_allpairs_e50_n32_bs32_acc4_lse_t1.0_refactor_rerun/eval_subset_manifest.json', 'eval_records': 32}
{'epoch': 36, 'bt_pair_loss': 0.6207631322390893, 'pairs': 0}
{'epoch': 36, 'eval_top1_acc': 0.09375, 'eval_recall_at_K': 1.0, 'eval_samples': 32, 'K': 3}
{'epoch': 36, 'progress_report': {'loss_name': 'bt_pair_loss', 'loss': 0.6207631322390893, 'loss_delta': 0.0011157950057703037, 'top1': 0.09375, 'top1_delta': 0.0, 'recall_at_K': 1.0, 'recall_delta': 0.0, 'aligned_loss_vs_metrics': False}}
{'epoch': 36, 'eval_manifest': 'results/rm_bt_teacher_allpairs_e50_n32_bs32_acc4_lse_t1.0_refactor_rerun/eval_subset_manifest.json', 'eval_records': 32}
{'epoch': 37, 'bt_pair_loss': 0.621468223631382, 'pairs': 0}
{'epoch': 37, 'eval_top1_acc': 0.09375, 'eval_recall_at_K': 1.0, 'eval_samples': 32, 'K': 3}
{'epoch': 37, 'progress_report': {'loss_name': 'bt_pair_loss', 'loss': 0.621468223631382, 'loss_delta': 0.0007050913922926894, 'top1': 0.09375, 'top1_delta': 0.0, 'recall_at_K': 1.0, 'recall_delta': 0.0, 'aligned_loss_vs_metrics': False}}
{'epoch': 37, 'eval_manifest': 'results/rm_bt_teacher_allpairs_e50_n32_bs32_acc4_lse_t1.0_refactor_rerun/eval_subset_manifest.json', 'eval_records': 32}
{'epoch': 38, 'bt_pair_loss': 0.6167534955722445, 'pairs': 0}
{'epoch': 38, 'eval_top1_acc': 0.09375, 'eval_recall_at_K': 1.0, 'eval_samples': 32, 'K': 3}
{'epoch': 38, 'progress_report': {'loss_name': 'bt_pair_loss', 'loss': 0.6167534955722445, 'loss_delta': -0.00471472805913753, 'top1': 0.09375, 'top1_delta': 0.0, 'recall_at_K': 1.0, 'recall_delta': 0.0, 'aligned_loss_vs_metrics': False}}
{'epoch': 38, 'eval_manifest': 'results/rm_bt_teacher_allpairs_e50_n32_bs32_acc4_lse_t1.0_refactor_rerun/eval_subset_manifest.json', 'eval_records': 32}
{'epoch': 39, 'bt_pair_loss': 0.6175566905123346, 'pairs': 0}
{'epoch': 39, 'eval_top1_acc': 0.09375, 'eval_recall_at_K': 1.0, 'eval_samples': 32, 'K': 3}
{'epoch': 39, 'progress_report': {'loss_name': 'bt_pair_loss', 'loss': 0.6175566905123346, 'loss_delta': 0.0008031949400901794, 'top1': 0.09375, 'top1_delta': 0.0, 'recall_at_K': 1.0, 'recall_delta': 0.0, 'aligned_loss_vs_metrics': False}}
{'epoch': 39, 'eval_manifest': 'results/rm_bt_teacher_allpairs_e50_n32_bs32_acc4_lse_t1.0_refactor_rerun/eval_subset_manifest.json', 'eval_records': 32}
{'epoch': 40, 'bt_pair_loss': 0.6169282837825663, 'pairs': 0}
{'epoch': 40, 'eval_top1_acc': 0.09375, 'eval_recall_at_K': 1.0, 'eval_samples': 32, 'K': 3}
{'epoch': 40, 'progress_report': {'loss_name': 'bt_pair_loss', 'loss': 0.6169282837825663, 'loss_delta': -0.0006284067297683826, 'top1': 0.09375, 'top1_delta': 0.0, 'recall_at_K': 1.0, 'recall_delta': 0.0, 'aligned_loss_vs_metrics': False}}
{'epoch': 40, 'eval_manifest': 'results/rm_bt_teacher_allpairs_e50_n32_bs32_acc4_lse_t1.0_refactor_rerun/eval_subset_manifest.json', 'eval_records': 32}
{'epoch': 41, 'bt_pair_loss': 0.6146666539065978, 'pairs': 0}
{'epoch': 41, 'eval_top1_acc': 0.09375, 'eval_recall_at_K': 1.0, 'eval_samples': 32, 'K': 3}
{'epoch': 41, 'progress_report': {'loss_name': 'bt_pair_loss', 'loss': 0.6146666539065978, 'loss_delta': -0.0022616298759684517, 'top1': 0.09375, 'top1_delta': 0.0, 'recall_at_K': 1.0, 'recall_delta': 0.0, 'aligned_loss_vs_metrics': False}}
{'epoch': 41, 'eval_manifest': 'results/rm_bt_teacher_allpairs_e50_n32_bs32_acc4_lse_t1.0_refactor_rerun/eval_subset_manifest.json', 'eval_records': 32}
{'epoch': 42, 'bt_pair_loss': 0.616856057635125, 'pairs': 0}
{'epoch': 42, 'eval_top1_acc': 0.09375, 'eval_recall_at_K': 1.0, 'eval_samples': 32, 'K': 3}
{'epoch': 42, 'progress_report': {'loss_name': 'bt_pair_loss', 'loss': 0.616856057635125, 'loss_delta': 0.0021894037285271617, 'top1': 0.09375, 'top1_delta': 0.0, 'recall_at_K': 1.0, 'recall_delta': 0.0, 'aligned_loss_vs_metrics': False}}
{'epoch': 42, 'eval_manifest': 'results/rm_bt_teacher_allpairs_e50_n32_bs32_acc4_lse_t1.0_refactor_rerun/eval_subset_manifest.json', 'eval_records': 32}
{'epoch': 43, 'bt_pair_loss': 0.6161408249069663, 'pairs': 0}
{'epoch': 43, 'eval_top1_acc': 0.09375, 'eval_recall_at_K': 1.0, 'eval_samples': 32, 'K': 3}
{'epoch': 43, 'progress_report': {'loss_name': 'bt_pair_loss', 'loss': 0.6161408249069663, 'loss_delta': -0.0007152327281586546, 'top1': 0.09375, 'top1_delta': 0.0, 'recall_at_K': 1.0, 'recall_delta': 0.0, 'aligned_loss_vs_metrics': False}}
{'epoch': 43, 'eval_manifest': 'results/rm_bt_teacher_allpairs_e50_n32_bs32_acc4_lse_t1.0_refactor_rerun/eval_subset_manifest.json', 'eval_records': 32}
{'epoch': 44, 'bt_pair_loss': 0.6134755725369734, 'pairs': 0}
{'epoch': 44, 'eval_top1_acc': 0.09375, 'eval_recall_at_K': 1.0, 'eval_samples': 32, 'K': 3}
{'epoch': 44, 'progress_report': {'loss_name': 'bt_pair_loss', 'loss': 0.6134755725369734, 'loss_delta': -0.002665252369992932, 'top1': 0.09375, 'top1_delta': 0.0, 'recall_at_K': 1.0, 'recall_delta': 0.0, 'aligned_loss_vs_metrics': False}}
{'epoch': 44, 'eval_manifest': 'results/rm_bt_teacher_allpairs_e50_n32_bs32_acc4_lse_t1.0_refactor_rerun/eval_subset_manifest.json', 'eval_records': 32}
{'epoch': 45, 'bt_pair_loss': 0.6162252651856226, 'pairs': 0}
{'epoch': 45, 'eval_top1_acc': 0.09375, 'eval_recall_at_K': 1.0, 'eval_samples': 32, 'K': 3}
{'epoch': 45, 'progress_report': {'loss_name': 'bt_pair_loss', 'loss': 0.6162252651856226, 'loss_delta': 0.0027496926486492157, 'top1': 0.09375, 'top1_delta': 0.0, 'recall_at_K': 1.0, 'recall_delta': 0.0, 'aligned_loss_vs_metrics': False}}
{'epoch': 45, 'eval_manifest': 'results/rm_bt_teacher_allpairs_e50_n32_bs32_acc4_lse_t1.0_refactor_rerun/eval_subset_manifest.json', 'eval_records': 32}
{'epoch': 46, 'bt_pair_loss': 0.6133092295597581, 'pairs': 0}
{'epoch': 46, 'eval_top1_acc': 0.09375, 'eval_recall_at_K': 1.0, 'eval_samples': 32, 'K': 3}
{'epoch': 46, 'progress_report': {'loss_name': 'bt_pair_loss', 'loss': 0.6133092295597581, 'loss_delta': -0.0029160356258645104, 'top1': 0.09375, 'top1_delta': 0.0, 'recall_at_K': 1.0, 'recall_delta': 0.0, 'aligned_loss_vs_metrics': False}}
{'epoch': 46, 'eval_manifest': 'results/rm_bt_teacher_allpairs_e50_n32_bs32_acc4_lse_t1.0_refactor_rerun/eval_subset_manifest.json', 'eval_records': 32}
{'epoch': 47, 'bt_pair_loss': 0.6138393995078171, 'pairs': 0}
{'epoch': 47, 'eval_top1_acc': 0.09375, 'eval_recall_at_K': 1.0, 'eval_samples': 32, 'K': 3}
{'epoch': 47, 'progress_report': {'loss_name': 'bt_pair_loss', 'loss': 0.6138393995078171, 'loss_delta': 0.0005301699480589894, 'top1': 0.09375, 'top1_delta': 0.0, 'recall_at_K': 1.0, 'recall_delta': 0.0, 'aligned_loss_vs_metrics': False}}
{'epoch': 47, 'eval_manifest': 'results/rm_bt_teacher_allpairs_e50_n32_bs32_acc4_lse_t1.0_refactor_rerun/eval_subset_manifest.json', 'eval_records': 32}
{'epoch': 48, 'bt_pair_loss': 0.6128082097891498, 'pairs': 0}
{'epoch': 48, 'eval_top1_acc': 0.09375, 'eval_recall_at_K': 1.0, 'eval_samples': 32, 'K': 3}
{'epoch': 48, 'progress_report': {'loss_name': 'bt_pair_loss', 'loss': 0.6128082097891498, 'loss_delta': -0.0010311897186672248, 'top1': 0.09375, 'top1_delta': 0.0, 'recall_at_K': 1.0, 'recall_delta': 0.0, 'aligned_loss_vs_metrics': False}}
{'epoch': 48, 'eval_manifest': 'results/rm_bt_teacher_allpairs_e50_n32_bs32_acc4_lse_t1.0_refactor_rerun/eval_subset_manifest.json', 'eval_records': 32}
{'epoch': 49, 'bt_pair_loss': 0.6132716773187413, 'pairs': 0}
{'epoch': 49, 'eval_top1_acc': 0.09375, 'eval_recall_at_K': 1.0, 'eval_samples': 32, 'K': 3}
{'epoch': 49, 'progress_report': {'loss_name': 'bt_pair_loss', 'loss': 0.6132716773187413, 'loss_delta': 0.00046346752959147697, 'top1': 0.09375, 'top1_delta': 0.0, 'recall_at_K': 1.0, 'recall_delta': 0.0, 'aligned_loss_vs_metrics': False}}
{'epoch': 49, 'eval_manifest': 'results/rm_bt_teacher_allpairs_e50_n32_bs32_acc4_lse_t1.0_refactor_rerun/eval_subset_manifest.json', 'eval_records': 32}

Training completed!
/opt/anaconda3/lib/python3.12/site-packages/peft/utils/save_and_load.py:286: UserWarning: Could not find a config file in  - will assume that the vocabulary was not modified.
  warnings.warn(

Saved:
  - LoRA adapters: results/rm_bt_teacher_allpairs_e50_n32_bs32_acc4_lse_t1.0_refactor_rerun/adapters/
  - Embeddings + V-head: results/rm_bt_teacher_allpairs_e50_n32_bs32_acc4_lse_t1.0_refactor_rerun/heads.pt
