================================================================================
Transformer Routed Soft-OMP with Real LDV Data
================================================================================
Output directory: results/omp_ldv_37angles_20251025_210602

================================================================================
STEP 1: Data Loading and Preprocessing
================================================================================
Loading H matrix from: /Users/sbplab/LDV-data-processed/h_matrix_box_ldv_correct.pth
Loading W matrix from: doa_normalized_config_c_corrected/models/usm.pth
Raw data loaded:
  H shape: torch.Size([346, 37]), range: [0.000677, 0.148538]
  W shape: torch.Size([346, 50]), range: [0.000000, 0.210976]
  Angles: 37 total, [0.0, 5.0, 10.0, 15.0, 20.0, 25.0, 30.0, 35.0, 40.0, 45.0, 50.0, 55.0, 60.0, 65.0, 70.0, 75.0, 80.0, 85.0, 90.0, 95.0, 100.0, 105.0, 110.0, 115.0, 120.0, 125.0, 130.0, 135.0, 140.0, 145.0, 150.0, 155.0, 160.0, 165.0, 170.0, 175.0, 180.0]

=== Atom Reduction via K-means ===
Input: W shape torch.Size([346, 50]) (346 freq bins × 50 atoms)
Target: 8 clusters
K-means completed:
  Centroids shape: torch.Size([346, 8])
  Cluster sizes: [1, 3, 3, 1, 1, 1, 1, 39]
  Reconstruction error: 1.6212 (162.12%)

=== Frequency Reduction via PCA ===
Input: H torch.Size([346, 37]), W torch.Size([346, 8])
Joint matrix [H|W]: (346, 45)
Target: 45 frequency components
PCA completed:
  H_pca shape: torch.Size([45, 37])
  W_pca shape: torch.Size([45, 8])
  Variance explained: 1.0000 (100.00%)
  Top 5 components: [0.24525501 0.11410239 0.11065816 0.0976554  0.09101415]

=== Building Dictionary ===
Dictionary built:
  Shape: torch.Size([45, 296]) (F=45, P=296)
  Mutual coherence μ_max: 0.9995
  Mutual coherence μ_mean: 0.6306
  Index mapping: 296 entries

=== Loading LDV Samples ===
Dataset root: /Users/sbplab/LDV-data-processed/white_noise_box_data_no_edge_sync_vad_normalized
STFT parameters (matching H matrix):
  fs: 16000, n_fft: 2048, hop_length: 512
  noverlap: 1536
  Frequency band: [300, 3000] Hz
Found 37 angle directories
  Angle   0° (index  0): 3 clips loaded
  Angle  10° (index  2): 3 clips loaded
  Angle 100° (index 20): 3 clips loaded
  Angle 105° (index 21): 3 clips loaded
  Angle 110° (index 22): 3 clips loaded
  Angle 115° (index 23): 3 clips loaded
  Angle 120° (index 24): 3 clips loaded
  Angle 125° (index 25): 3 clips loaded
  Angle 130° (index 26): 3 clips loaded
  Angle 135° (index 27): 3 clips loaded
  Angle 140° (index 28): 3 clips loaded
  Angle 145° (index 29): 3 clips loaded
  Angle  15° (index  3): 3 clips loaded
  Angle 150° (index 30): 3 clips loaded
  Angle 155° (index 31): 3 clips loaded
  Angle 160° (index 32): 3 clips loaded
  Angle 165° (index 33): 3 clips loaded
  Angle 170° (index 34): 3 clips loaded
  Angle 175° (index 35): 3 clips loaded
  Angle 180° (index 36): 3 clips loaded
  Angle  20° (index  4): 3 clips loaded
  Angle  25° (index  5): 3 clips loaded
  Angle  30° (index  6): 3 clips loaded
  Angle  35° (index  7): 3 clips loaded
  Angle  40° (index  8): 3 clips loaded
  Angle  45° (index  9): 3 clips loaded
  Angle   5° (index  1): 3 clips loaded
  Angle  50° (index 10): 3 clips loaded
  Angle  55° (index 11): 3 clips loaded
  Angle  60° (index 12): 3 clips loaded
  Angle  65° (index 13): 3 clips loaded
  Angle  70° (index 14): 3 clips loaded
  Angle  75° (index 15): 3 clips loaded
  Angle  80° (index 16): 3 clips loaded
  Angle  85° (index 17): 3 clips loaded
  Angle  90° (index 18): 3 clips loaded
  Angle  95° (index 19): 3 clips loaded

Loaded samples:
  Y_samples: torch.Size([111, 45])
  Labels: torch.Size([111]), unique angles: 37
  Metadata: 111 entries
Dataset fingerprint (MD5): 713c0635878a04b32f4ee30208904d11
  Computed from 111 .npy files

================================================================================
STEP 2: Model Initialization
================================================================================
/opt/anaconda3/envs/trl-training/lib/python3.11/site-packages/torch/nn/modules/transformer.py:392: UserWarning: enable_nested_tensor is True, but self.use_nested_tensor is False because encoder_layer.self_attn.num_heads is odd
  warnings.warn(
Model architecture:
  F (freq dim): 45
  E (experts/angles): 37
  M (atoms/expert): 8
  P (total atoms): 296
  d_model: 45
  nhead: 3
  nlayers: 1
  Total parameters: 33,078
  Trainable parameters: 33,078

================================================================================
STEP 3: Training
================================================================================
/Users/sbplab/jiawei/pg-ltr-frame-byol-worktree/worktrees/development-workspace/scripts/omp-transformer-ldv.py:529: UserWarning: Converting a tensor with requires_grad=True to a scalar may lead to unexpected behavior.
Consider using tensor.detach() first. (Triggered internally at /Users/runner/work/pytorch/pytorch/pytorch/torch/csrc/autograd/generated/python_variable_methods.cpp:836.)
  res_curve.append(float(torch.norm(r)))
Epoch   1/2: loss=1.8252 rec=0.0195 mono=0.0000 class=3.6113 acc=0.027 tau_e=0.500 tau_a=0.200 eta=0.500
Epoch   2/2: loss=1.8262 rec=0.0195 mono=0.0000 class=3.6134

================================================================================
STEP 4: Final Evaluation
================================================================================

Final Results (Best model from epoch 1):
  Overall accuracy: 0.027 (2.7%)
  Baseline (commit b573aa6): 0.838 (83.8%)

Per-angle accuracy:
  Angle   0°: 0.000 (  0.0%) - 3 samples
  Angle   5°: 0.000 (  0.0%) - 3 samples
  Angle  10°: 0.000 (  0.0%) - 3 samples
  Angle  15°: 0.000 (  0.0%) - 3 samples
  Angle  20°: 0.000 (  0.0%) - 3 samples
  Angle  25°: 0.000 (  0.0%) - 3 samples
  Angle  30°: 0.000 (  0.0%) - 3 samples
  Angle  35°: 0.000 (  0.0%) - 3 samples
  Angle  40°: 0.000 (  0.0%) - 3 samples
  Angle  45°: 0.000 (  0.0%) - 3 samples
  Angle  50°: 0.000 (  0.0%) - 3 samples
  Angle  55°: 0.000 (  0.0%) - 3 samples
  Angle  60°: 0.000 (  0.0%) - 3 samples
  Angle  65°: 0.000 (  0.0%) - 3 samples
  Angle  70°: 0.000 (  0.0%) - 3 samples
  Angle  75°: 0.000 (  0.0%) - 3 samples
  Angle  80°: 0.000 (  0.0%) - 3 samples
  Angle  85°: 0.000 (  0.0%) - 3 samples
  Angle  90°: 0.000 (  0.0%) - 3 samples
  Angle  95°: 0.000 (  0.0%) - 3 samples
  Angle 100°: 0.000 (  0.0%) - 3 samples
  Angle 105°: 0.000 (  0.0%) - 3 samples
  Angle 110°: 0.000 (  0.0%) - 3 samples
  Angle 115°: 0.000 (  0.0%) - 3 samples
  Angle 120°: 0.000 (  0.0%) - 3 samples
  Angle 125°: 0.000 (  0.0%) - 3 samples
  Angle 130°: 0.000 (  0.0%) - 3 samples
  Angle 135°: 0.000 (  0.0%) - 3 samples
  Angle 140°: 1.000 (100.0%) - 3 samples
  Angle 145°: 0.000 (  0.0%) - 3 samples
  Angle 150°: 0.000 (  0.0%) - 3 samples
  Angle 155°: 0.000 (  0.0%) - 3 samples
  Angle 160°: 0.000 (  0.0%) - 3 samples
  Angle 165°: 0.000 (  0.0%) - 3 samples
  Angle 170°: 0.000 (  0.0%) - 3 samples
  Angle 175°: 0.000 (  0.0%) - 3 samples
  Angle 180°: 0.000 (  0.0%) - 3 samples

Problematic angles from baseline:
   15°: 0.000 (STILL PROBLEMATIC)
   35°: 0.000 (STILL PROBLEMATIC)
   50°: 0.000 (STILL PROBLEMATIC)
   70°: 0.000 (STILL PROBLEMATIC)
  105°: 0.000 (STILL PROBLEMATIC)
  120°: 0.000 (STILL PROBLEMATIC)

================================================================================
STEP 5: Visualization
================================================================================
Saved figure: results/omp_ldv_37angles_20251025_210602/results.png

================================================================================
STEP 6: Saving Results
================================================================================
All results saved to: results/omp_ldv_37angles_20251025_210602

================================================================================
DONE
================================================================================
