
Device: mps

============================================================
Applying LoRA to Reward Model
============================================================
LoRA config:
  - Rank (r): 16
  - Alpha: 32
  - Dropout: 0.1
  - Target modules: ['c_attn', 'c_proj']
W1020 23:10:00.837000 28417 site-packages/torch/distributed/elastic/multiprocessing/redirects.py:29] NOTE: Redirects are currently not supported in Windows or MacOs.
/opt/anaconda3/lib/python3.12/site-packages/peft/tuners/lora/layer.py:1768: UserWarning: fan_in_fan_out is set to False but the target module is `Conv1D`. Setting fan_in_fan_out to True.
  warnings.warn(

Parameter counts:
  - LoRA adapters:  90,112
  - Embeddings:     521,472
  - V-head:         257
  - Total trainable: 611,841 / 4,289,025 (14.27%)
  - Reduction vs full FT: 85.73%
============================================================

Training data:
  - Samples: 32
  - Directions/sample (avg): 17.0
  - Points total: 0 (~0.0/sample)
Saved numeric diagnostics JSONL: results/rm_omp_listwise_tau100_lorar16_e5_n32/numeric_diagnostics.jsonl
Optimizer:
  - LoRA LR:       0.0001
  - Embedding LR:  0.0001
  - V-head LR:     0.001

============================================================
Training
============================================================
{'epoch': 0, 'listwise_ce': 2.838425561785698, 'samples': 32}
{'epoch': 0, 'eval_top1_acc': 0.0625, 'eval_recall_at_K': 0.21875, 'eval_samples': 32, 'K': 3}
{'epoch': 0, 'eval_manifest': 'results/rm_omp_listwise_tau100_lorar16_e5_n32/eval_subset_manifest.json', 'eval_records': 32}
{'epoch': 1, 'listwise_ce': 2.831632949411869, 'samples': 32}
{'epoch': 1, 'eval_top1_acc': 0.0625, 'eval_recall_at_K': 0.125, 'eval_samples': 32, 'K': 3}
{'epoch': 1, 'eval_manifest': 'results/rm_omp_listwise_tau100_lorar16_e5_n32/eval_subset_manifest.json', 'eval_records': 32}
{'epoch': 2, 'listwise_ce': 2.824770323932171, 'samples': 32}
{'epoch': 2, 'eval_top1_acc': 0.0625, 'eval_recall_at_K': 0.1875, 'eval_samples': 32, 'K': 3}
{'epoch': 2, 'eval_manifest': 'results/rm_omp_listwise_tau100_lorar16_e5_n32/eval_subset_manifest.json', 'eval_records': 32}
{'epoch': 3, 'listwise_ce': 2.813320577144623, 'samples': 32}
{'epoch': 3, 'eval_top1_acc': 0.0625, 'eval_recall_at_K': 0.1875, 'eval_samples': 32, 'K': 3}
{'epoch': 3, 'eval_manifest': 'results/rm_omp_listwise_tau100_lorar16_e5_n32/eval_subset_manifest.json', 'eval_records': 32}
{'epoch': 4, 'listwise_ce': 2.744982361793518, 'samples': 32}
{'epoch': 4, 'eval_top1_acc': 0.03125, 'eval_recall_at_K': 0.15625, 'eval_samples': 32, 'K': 3}
{'epoch': 4, 'eval_manifest': 'results/rm_omp_listwise_tau100_lorar16_e5_n32/eval_subset_manifest.json', 'eval_records': 32}

Training completed!
/opt/anaconda3/lib/python3.12/site-packages/peft/utils/save_and_load.py:236: UserWarning: Could not find a config file in  - will assume that the vocabulary was not modified.
  warnings.warn(

Saved:
  - LoRA adapters: rm_omp_listwise_tau100_lorar16_e5_n32_adapters/
  - Embeddings + V-head: rm_omp_listwise_tau100_lorar16_e5_n32_heads.pt

============================================================
Embedding Quality Analysis
============================================================
Direction token embeddings:
  - Similarity range: [-0.151, 1.000]
  - Mean off-diagonal: 0.027

Interpretation:
  - Random embeddings: ~0.0
  - Learned structure: >0.3 for nearby angles
============================================================
